
ROM used:   538/8192 (7%)
            538/8192 (7%) including unused fragments

            0.5 Average locations per line
            4.7 Average locations per statement

RAM used:   52/368 (14%) at main() level
            66/368 (18%) worst case

Stack used: 6 worst case (5 in main + 1 for interrupts)
Stack size: 8

Lines Stmts  %   Files
----- ----- ---  -----
   89    31  27  serie_leds.c
  620     0   0  C:\Program Files (x86)\PICC\devices\16f876a.h
  456    84  73  C:\Program Files (x86)\PICC\drivers\LCD.c
----- -----
 1165   115 Total

Page ROM  %  RAM   Vol Diff  Functions:
---- --- --- ---   --- ----  ----------
0     20   4    1             @delay_ms1
 Inline         3   596  5.9  lcd_read_byte
0      6   1    0    59  4.2  lcd_read_nibble
0     17   3    1   179  3.3  lcd_send_nibble
0     66  12    3   460  4.7  lcd_send_byte
0     62  12    6   814  7.2  lcd_init
0     18   3    4   208  6.3  lcd_gotoxy
0     44   8    1   354  4.7  lcd_putc
0     14   3    3   131  3.5  inicbuff
0     40   7    2   354  5.1  serial_isr
0     50   9    1   231  3.9  MAIN
0      8   1    0             @const658
0     88  16    4             @PSTRINGC7_630
0     24   4    2             @PSTRINGR_630
 Inline         0             @cinit1

Program metrics:
    Functions               10
    Statements              115
    Comments                242
    Volume (V)              5363
    Difficulty (D)          48.0
    Effort to implement (E) 257251
    Time to implement (T)   3 hours, 58 minutes
    Est Delivered Bugs (B)  1
    Cyclomatic Complexity   15
    Maintainability (MI)    147

 Segment     Used  Free
-----------  ----  ----
00000-00003     4  0  
00004-00050    77  0  
00051-007FF   457  1510  
00800-00FFF     0  2048  
01000-017FF     0  2048  
01800-01FFF     0  2048  



