
ROM used:   1154/8192 (14%)
            1154/8192 (14%) including unused fragments

            1.3 Average locations per line
            5.4 Average locations per statement

RAM used:   36/368 (10%) at main() level
            39/368 (11%) worst case

Stack used: 2 worst case (0 in main + 2 for interrupts)
Stack size: 8

Lines Stmts  %   Files
----- ----- ---  -----
  226   215 100  Mux.c
  639     0   0  C:\Program Files (x86)\PICC\devices\16F877.h
----- -----
  865   215 Total

Page ROM  %  RAM   Vol Diff  Functions:
---- --- --- ---   --- ----  ----------
0      9   1    1    70  2.6  isr_ext
0    383  33    1  2213  5.4  isr_Timer0
0     21   2    3             @DIV88
0     84   7    1  1022  4.4  isr_timer1
0    594  51    1  2953  6.9  MAIN
 Inline         0             @cinit1

Program metrics:
    Functions               4
    Statements              215
    Comments                111
    Volume (V)              7702
    Difficulty (D)          19.9
    Effort to implement (E) 153620
    Time to implement (T)   2 hours, 22 minutes
    Est Delivered Bugs (B)  1
    Cyclomatic Complexity   36
    Maintainability (MI)    113

 Segment     Used  Free
-----------  ----  ----
00000-00003     4  0  
00004-0003E    59  0  
0003F-007FF  1091  894  
00800-00FFF     0  2048  
01000-017FF     0  2048  
01800-01FFF     0  2048  



