CCS PCM C Compiler, Version 5.015, 5967               07-ago-25 14:49

               Filename:   C:\Users\Electronica\Documents\Digitales-6to\4SR04.X\build\default\production\4-Sr04s.lst

               ROM used:   937 words (11%)
                           Largest free fragment is 2048
               RAM used:   38 (10%) at main() level
                           61 (17%) worst case
               Stack used: 7 locations (5 in main + 2 for interrupts)
               Stack size: 8

*
0000:  MOVLW  03
0001:  MOVWF  0A
0002:  GOTO   31A
0003:  NOP
0004:  MOVWF  7F
0005:  SWAPF  03,W
0006:  CLRF   03
0007:  MOVWF  21
0008:  MOVF   0A,W
0009:  MOVWF  20
000A:  CLRF   0A
000B:  MOVF   04,W
000C:  MOVWF  22
000D:  MOVF   77,W
000E:  MOVWF  23
000F:  MOVF   78,W
0010:  MOVWF  24
0011:  MOVF   79,W
0012:  MOVWF  25
0013:  MOVF   7A,W
0014:  MOVWF  26
0015:  BSF    03.6
0016:  MOVF   0D,W
0017:  BCF    03.6
0018:  MOVWF  27
0019:  BSF    03.6
001A:  MOVF   0F,W
001B:  BCF    03.6
001C:  MOVWF  28
001D:  BSF    03.6
001E:  MOVF   0C,W
001F:  BCF    03.6
0020:  MOVWF  29
0021:  BSF    03.6
0022:  MOVF   0E,W
0023:  BCF    03.6
0024:  MOVWF  2A
0025:  BCF    03.7
0026:  BCF    03.5
0027:  BTFSS  0B.3
0028:  GOTO   02B
0029:  BTFSC  0B.0
002A:  GOTO   04C
002B:  MOVF   22,W
002C:  MOVWF  04
002D:  MOVF   23,W
002E:  MOVWF  77
002F:  MOVF   24,W
0030:  MOVWF  78
0031:  MOVF   25,W
0032:  MOVWF  79
0033:  MOVF   26,W
0034:  MOVWF  7A
0035:  MOVF   27,W
0036:  BSF    03.6
0037:  MOVWF  0D
0038:  BCF    03.6
0039:  MOVF   28,W
003A:  BSF    03.6
003B:  MOVWF  0F
003C:  BCF    03.6
003D:  MOVF   29,W
003E:  BSF    03.6
003F:  MOVWF  0C
0040:  BCF    03.6
0041:  MOVF   2A,W
0042:  BSF    03.6
0043:  MOVWF  0E
0044:  BCF    03.6
0045:  MOVF   20,W
0046:  MOVWF  0A
0047:  SWAPF  21,W
0048:  MOVWF  03
0049:  SWAPF  7F,F
004A:  SWAPF  7F,W
004B:  RETFIE
004C:  BCF    0A.3
004D:  BCF    0A.4
004E:  GOTO   074
.................... #include <16F876A.h> 
.................... //////////// Standard Header file for the PIC16F876A device //////////////// 
.................... /////////////////////////////////////////////////////////////////////////// 
.................... ////        (C) Copyright 1996, 2013 Custom Computer Services          //// 
.................... //// This source code may only be used by licensed users of the CCS C  //// 
.................... //// compiler.  This source code may only be distributed to other      //// 
.................... //// licensed users of the CCS C compiler.  No other use, reproduction //// 
.................... //// or distribution is permitted without written permission.          //// 
.................... //// Derivative programs created using this software in object code    //// 
.................... //// form are not restricted in any way.                               //// 
.................... /////////////////////////////////////////////////////////////////////////// 
.................... #device PIC16F876A 
004F:  CLRF   78
0050:  CLRF   79
0051:  CLRF   77
0052:  CLRF   7A
0053:  MOVF   56,W
0054:  BTFSS  03.2
0055:  GOTO   059
0056:  MOVF   55,W
0057:  BTFSC  03.2
0058:  GOTO   073
0059:  MOVLW  10
005A:  MOVWF  57
005B:  BCF    03.0
005C:  RLF    53,F
005D:  RLF    54,F
005E:  RLF    77,F
005F:  RLF    7A,F
0060:  MOVF   56,W
0061:  SUBWF  7A,W
0062:  BTFSS  03.2
0063:  GOTO   066
0064:  MOVF   55,W
0065:  SUBWF  77,W
0066:  BTFSS  03.0
0067:  GOTO   06F
0068:  MOVF   55,W
0069:  SUBWF  77,F
006A:  BTFSS  03.0
006B:  DECF   7A,F
006C:  MOVF   56,W
006D:  SUBWF  7A,F
006E:  BSF    03.0
006F:  RLF    78,F
0070:  RLF    79,F
0071:  DECFSZ 57,F
0072:  GOTO   05B
0073:  RETURN
*
0107:  BSF    0A.0
0108:  BCF    0A.1
0109:  BCF    0A.2
010A:  ADDWF  02,F
010B:  GOTO   088
010C:  GOTO   0A7
010D:  GOTO   0C6
010E:  GOTO   0E5
010F:  DATA 8C,29
0110:  DATA D2,18
0111:  DATA 3A,10
0112:  DATA 25,36
0113:  DATA 75,10
0114:  DATA 53,29
0115:  DATA 32,1D
0116:  DATA A0,12
0117:  DATA EC,3A
0118:  DATA 8A,29
0119:  DATA D2,19
011A:  DATA 3A,10
011B:  DATA 25,36
011C:  DATA 75,10
011D:  DATA 53,29
011E:  DATA 34,1D
011F:  DATA A0,12
0120:  DATA EC,3A
0121:  DATA 0A,00
*
0260:  MOVF   0B,W
0261:  MOVWF  41
0262:  BCF    0B.7
0263:  BSF    03.5
0264:  BSF    03.6
0265:  BSF    0C.7
0266:  BSF    0C.0
0267:  NOP
0268:  NOP
0269:  BCF    03.5
026A:  BCF    03.6
026B:  BTFSC  41.7
026C:  BSF    0B.7
026D:  BTFSC  03.0
026E:  GOTO   297
026F:  BSF    03.6
0270:  MOVF   0C,W
0271:  ANDLW  7F
0272:  BCF    03.6
0273:  MOVWF  41
0274:  BSF    03.6
0275:  MOVF   0D,W
0276:  BCF    03.6
0277:  MOVWF  42
0278:  BSF    03.6
0279:  MOVF   0F,W
027A:  BCF    03.6
027B:  MOVWF  43
027C:  MOVF   41,W
027D:  MOVWF  49
027E:  CALL   234
027F:  MOVF   42,W
0280:  BSF    03.6
0281:  MOVWF  0D
0282:  BCF    03.6
0283:  MOVF   43,W
0284:  BSF    03.6
0285:  MOVWF  0F
0286:  BCF    03.6
0287:  MOVF   0B,W
0288:  MOVWF  44
0289:  BCF    0B.7
028A:  BSF    03.5
028B:  BSF    03.6
028C:  BSF    0C.7
028D:  BSF    0C.0
028E:  NOP
028F:  NOP
0290:  BCF    03.5
0291:  BCF    03.6
0292:  BTFSC  44.7
0293:  BSF    0B.7
0294:  DECFSZ 40,F
0295:  GOTO   297
0296:  GOTO   2B6
0297:  BSF    03.6
0298:  RLF    0C,W
0299:  RLF    0E,W
029A:  ANDLW  7F
029B:  BCF    03.6
029C:  MOVWF  41
029D:  BSF    03.6
029E:  MOVF   0D,W
029F:  BCF    03.6
02A0:  MOVWF  42
02A1:  BSF    03.6
02A2:  MOVF   0F,W
02A3:  BCF    03.6
02A4:  MOVWF  43
02A5:  MOVF   41,W
02A6:  MOVWF  49
02A7:  CALL   234
02A8:  MOVF   42,W
02A9:  BSF    03.6
02AA:  MOVWF  0D
02AB:  BCF    03.6
02AC:  MOVF   43,W
02AD:  BSF    03.6
02AE:  MOVWF  0F
02AF:  INCF   0D,F
02B0:  BTFSC  03.2
02B1:  INCF   0F,F
02B2:  BCF    03.0
02B3:  BCF    03.6
02B4:  DECFSZ 40,F
02B5:  GOTO   260
02B6:  RETURN
02B7:  CLRF   48
02B8:  MOVF   04,W
02B9:  MOVWF  47
02BA:  BCF    48.0
02BB:  BTFSC  03.7
02BC:  BSF    48.0
02BD:  SWAPF  41,W
02BE:  IORLW  F0
02BF:  MOVWF  43
02C0:  ADDWF  43,F
02C1:  ADDLW  E2
02C2:  MOVWF  44
02C3:  ADDLW  32
02C4:  MOVWF  46
02C5:  MOVF   41,W
02C6:  ANDLW  0F
02C7:  ADDWF  44,F
02C8:  ADDWF  44,F
02C9:  ADDWF  46,F
02CA:  ADDLW  E9
02CB:  MOVWF  45
02CC:  ADDWF  45,F
02CD:  ADDWF  45,F
02CE:  SWAPF  40,W
02CF:  ANDLW  0F
02D0:  ADDWF  45,F
02D1:  ADDWF  46,F
02D2:  RLF    45,F
02D3:  RLF    46,F
02D4:  COMF   46,F
02D5:  RLF    46,F
02D6:  MOVF   40,W
02D7:  ANDLW  0F
02D8:  ADDWF  46,F
02D9:  RLF    43,F
02DA:  MOVLW  07
02DB:  MOVWF  42
02DC:  MOVLW  0A
02DD:  ADDWF  46,F
02DE:  DECF   45,F
02DF:  BTFSS  03.0
02E0:  GOTO   2DD
02E1:  ADDWF  45,F
02E2:  DECF   44,F
02E3:  BTFSS  03.0
02E4:  GOTO   2E1
02E5:  ADDWF  44,F
02E6:  DECF   43,F
02E7:  BTFSS  03.0
02E8:  GOTO   2E5
02E9:  ADDWF  43,F
02EA:  DECF   42,F
02EB:  BTFSS  03.0
02EC:  GOTO   2E9
02ED:  MOVLW  42
02EE:  MOVWF  04
02EF:  BCF    03.7
02F0:  MOVLW  07
02F1:  ANDWF  47,W
02F2:  BCF    47.6
02F3:  ADDWF  04,F
02F4:  MOVLW  46
02F5:  SUBWF  04,W
02F6:  BTFSC  03.2
02F7:  BSF    47.6
02F8:  MOVF   00,W
02F9:  MOVWF  77
02FA:  BTFSS  03.2
02FB:  GOTO   304
02FC:  BTFSC  47.6
02FD:  GOTO   304
02FE:  BTFSC  47.4
02FF:  GOTO   316
0300:  BTFSC  47.3
0301:  GOTO   304
0302:  MOVLW  20
0303:  GOTO   307
0304:  BSF    47.3
0305:  BCF    47.4
0306:  MOVLW  30
0307:  ADDWF  77,F
0308:  CLRF   41
0309:  MOVF   04,W
030A:  MOVWF  40
030B:  BCF    41.0
030C:  BTFSC  03.7
030D:  BSF    41.0
030E:  MOVF   77,W
030F:  MOVWF  49
0310:  CALL   234
0311:  MOVF   40,W
0312:  MOVWF  04
0313:  BCF    03.7
0314:  BTFSC  41.0
0315:  BSF    03.7
0316:  INCF   04,F
0317:  BTFSS  47.6
0318:  GOTO   2F4
0319:  RETURN
*
03A1:  BSF    0A.0
03A2:  BSF    0A.1
03A3:  BCF    0A.2
03A4:  ADDWF  02,F
03A5:  GOTO   34E
03A6:  GOTO   350
03A7:  GOTO   352
03A8:  GOTO   354
....................  
.................... #list 
....................  
.................... #fuses XT,NOWDT,PUT,NOWRT,NOLVP 
.................... #use delay(clock= 4000000) 
*
0122:  MOVLW  4A
0123:  MOVWF  04
0124:  BCF    03.7
0125:  MOVF   00,W
0126:  BTFSC  03.2
0127:  GOTO   136
0128:  MOVLW  01
0129:  MOVWF  78
012A:  CLRF   77
012B:  DECFSZ 77,F
012C:  GOTO   12B
012D:  DECFSZ 78,F
012E:  GOTO   12A
012F:  MOVLW  4A
0130:  MOVWF  77
0131:  DECFSZ 77,F
0132:  GOTO   131
0133:  GOTO   134
0134:  DECFSZ 00,F
0135:  GOTO   128
0136:  RETURN
.................... #use standard_io(B) 
.................... #use standard_io(C) 
....................  
.................... #define LCD_DATA_PORT getenv("SFR:PORTC") 
.................... #include<lcd.c> 
.................... /////////////////////////////////////////////////////////////////////////////// 
.................... ////                             LCD.C                                     //// 
.................... ////                 Driver for common LCD modules                         //// 
.................... ////                                                                       //// 
.................... ////  lcd_init()   Must be called before any other function.               //// 
.................... ////                                                                       //// 
.................... ////  lcd_putc(c)  Will display c on the next position of the LCD.         //// 
.................... ////                 \a  Set cursor position to upper left                 //// 
.................... ////                 \f  Clear display, set cursor to upper left           //// 
.................... ////                 \n  Go to start of second line                        //// 
.................... ////                 \b  Move back one position                            //// 
.................... ////              If LCD_EXTENDED_NEWLINE is defined, the \n character     //// 
.................... ////              will erase all remanining characters on the current      //// 
.................... ////              line, and move the cursor to the beginning of the next   //// 
.................... ////              line.                                                    //// 
.................... ////              If LCD_EXTENDED_NEWLINE is defined, the \r character     //// 
.................... ////              will move the cursor to the start of the current         //// 
.................... ////              line.                                                    //// 
.................... ////                                                                       //// 
.................... ////  lcd_gotoxy(x,y) Set write position on LCD (upper left is 1,1)        //// 
.................... ////                                                                       //// 
.................... ////  lcd_getc(x,y)   Returns character at position x,y on LCD             //// 
.................... ////                                                                       //// 
.................... ////  lcd_cursor_on(int1 on)   Turn the cursor on (on=TRUE) or off         //// 
.................... ////              (on=FALSE).                                              //// 
.................... ////                                                                       //// 
.................... ////  lcd_set_cgram_char(w, *p)   Write a custom character to the CGRAM.   //// 
.................... ////                                                                       //// 
.................... ////                                                                       //// 
.................... ////  CONFIGURATION                                                        //// 
.................... ////  The LCD can be configured in one of two ways: a.) port access or     //// 
.................... ////  b.) pin access.  Port access requires the entire 7 bit interface     //// 
.................... ////  connected to one GPIO port, and the data bits (D4:D7 of the LCD)     //// 
.................... ////  connected to sequential pins on the GPIO.  Pin access                //// 
.................... ////  has no requirements, all 7 bits of the control interface can         //// 
.................... ////  can be connected to any GPIO using several ports.                    //// 
.................... ////                                                                       //// 
.................... ////  To use port access, #define LCD_DATA_PORT to the SFR location of     //// 
.................... ////  of the GPIO port that holds the interface, -AND- edit LCD_PIN_MAP    //// 
.................... ////  of this file to configure the pin order.  If you are using a         //// 
.................... ////  baseline PIC (PCB), then LCD_OUTPUT_MAP and LCD_INPUT_MAP also must  //// 
.................... ////  be defined.                                                          //// 
.................... ////                                                                       //// 
.................... ////  Example of port access:                                              //// 
.................... ////     #define LCD_DATA_PORT getenv("SFR:PORTD")                         //// 
.................... ////                                                                       //// 
.................... ////  To use pin access, the following pins must be defined:               //// 
.................... ////     LCD_ENABLE_PIN                                                    //// 
.................... ////     LCD_RS_PIN                                                        //// 
.................... ////     LCD_RW_PIN                                                        //// 
.................... ////     LCD_DATA4                                                         //// 
.................... ////     LCD_DATA5                                                         //// 
.................... ////     LCD_DATA6                                                         //// 
.................... ////     LCD_DATA7                                                         //// 
.................... ////                                                                       //// 
.................... ////  Example of pin access:                                               //// 
.................... ////     #define LCD_ENABLE_PIN  PIN_E0                                    //// 
.................... ////     #define LCD_RS_PIN      PIN_E1                                    //// 
.................... ////     #define LCD_RW_PIN      PIN_E2                                    //// 
.................... ////     #define LCD_DATA4       PIN_D4                                    //// 
.................... ////     #define LCD_DATA5       PIN_D5                                    //// 
.................... ////     #define LCD_DATA6       PIN_D6                                    //// 
.................... ////     #define LCD_DATA7       PIN_D7                                    //// 
.................... ////                                                                       //// 
.................... /////////////////////////////////////////////////////////////////////////////// 
.................... ////        (C) Copyright 1996,2010 Custom Computer Services           //// 
.................... //// This source code may only be used by licensed users of the CCS C  //// 
.................... //// compiler.  This source code may only be distributed to other      //// 
.................... //// licensed users of the CCS C compiler.  No other use, reproduction //// 
.................... //// or distribution is permitted without written permission.          //// 
.................... //// Derivative programs created using this software in object code    //// 
.................... //// form are not restricted in any way.                               //// 
.................... /////////////////////////////////////////////////////////////////////////// 
....................  
.................... #ifndef __LCD_C__ 
.................... #define __LCD_C__ 
....................  
.................... // define the pinout. 
.................... // only required if port access is being used. 
.................... typedef struct   
.................... {                            // This structure is overlayed 
....................    int1 enable;           // on to an I/O port to gain 
....................    int1 rs;               // access to the LCD pins. 
....................    int1 rw;               // The bits are allocated from 
....................    int1 unused;           // low order up.  ENABLE will 
....................    unsigned int     data : 4;         // be LSB pin of that port. 
....................   #if defined(__PCD__)       // The port used will be LCD_DATA_PORT. 
....................    unsigned int    reserved: 8; 
....................   #endif 
.................... } LCD_PIN_MAP; 
....................  
.................... // this is to improve compatability with previous LCD drivers that accepted 
.................... // a define labeled 'use_portb_lcd' that configured the LCD onto port B. 
.................... #if ((defined(use_portb_lcd)) && (use_portb_lcd==TRUE)) 
....................  #define LCD_DATA_PORT getenv("SFR:PORTB") 
.................... #endif 
....................  
.................... #if defined(__PCB__) 
....................    // these definitions only need to be modified for baseline PICs. 
....................    // all other PICs use LCD_PIN_MAP or individual LCD_xxx pin definitions. 
.................... /*                                    EN, RS,   RW,   UNUSED,  DATA  */ 
....................  const LCD_PIN_MAP LCD_OUTPUT_MAP =  {0,  0,    0,    0,       0}; 
....................  const LCD_PIN_MAP LCD_INPUT_MAP =   {0,  0,    0,    0,       0xF}; 
.................... #endif 
....................  
.................... ////////////////////// END CONFIGURATION /////////////////////////////////// 
....................  
.................... #ifndef LCD_ENABLE_PIN 
....................    #define lcd_output_enable(x) lcdlat.enable=x 
....................    #define lcd_enable_tris()   lcdtris.enable=0 
.................... #else 
....................    #define lcd_output_enable(x) output_bit(LCD_ENABLE_PIN, x) 
....................    #define lcd_enable_tris()  output_drive(LCD_ENABLE_PIN) 
.................... #endif 
....................  
.................... #ifndef LCD_RS_PIN 
....................    #define lcd_output_rs(x) lcdlat.rs=x 
....................    #define lcd_rs_tris()   lcdtris.rs=0 
.................... #else 
....................    #define lcd_output_rs(x) output_bit(LCD_RS_PIN, x) 
....................    #define lcd_rs_tris()  output_drive(LCD_RS_PIN) 
.................... #endif 
....................  
.................... #ifndef LCD_RW_PIN 
....................    #define lcd_output_rw(x) lcdlat.rw=x 
....................    #define lcd_rw_tris()   lcdtris.rw=0 
.................... #else 
....................    #define lcd_output_rw(x) output_bit(LCD_RW_PIN, x) 
....................    #define lcd_rw_tris()  output_drive(LCD_RW_PIN) 
.................... #endif 
....................  
.................... // original version of this library incorrectly labeled LCD_DATA0 as LCD_DATA4, 
.................... // LCD_DATA1 as LCD_DATA5, and so on.  this block of code makes the driver 
.................... // compatible with any code written for the original library 
.................... #if (defined(LCD_DATA0) && defined(LCD_DATA1) && defined(LCD_DATA2) && defined(LCD_DATA3) && !defined(LCD_DATA4) && !defined(LCD_DATA5) && !defined(LCD_DATA6) && !defined(LCD_DATA7)) 
....................    #define  LCD_DATA4    LCD_DATA0 
....................    #define  LCD_DATA5    LCD_DATA1 
....................    #define  LCD_DATA6    LCD_DATA2 
....................    #define  LCD_DATA7    LCD_DATA3 
.................... #endif 
....................  
.................... #ifndef LCD_DATA4 
.................... #ifndef LCD_DATA_PORT 
....................    #if defined(__PCB__) 
....................       #define LCD_DATA_PORT      0x06     //portb 
....................       #define set_tris_lcd(x)   set_tris_b(x) 
....................    #else 
....................      #if defined(PIN_D0) 
....................       #define LCD_DATA_PORT      getenv("SFR:PORTD")     //portd 
....................      #else 
....................       #define LCD_DATA_PORT      getenv("SFR:PORTB")     //portb 
....................      #endif 
....................    #endif    
.................... #endif 
....................  
.................... #if defined(__PCB__) 
....................    LCD_PIN_MAP lcd, lcdlat; 
....................    #byte lcd = LCD_DATA_PORT 
....................    #byte lcdlat = LCD_DATA_PORT 
.................... #elif defined(__PCM__) 
....................    LCD_PIN_MAP lcd, lcdlat, lcdtris; 
....................    #byte lcd = LCD_DATA_PORT 
....................    #byte lcdlat = LCD_DATA_PORT 
....................    #byte lcdtris = LCD_DATA_PORT+0x80 
.................... #elif defined(__PCH__) 
....................    LCD_PIN_MAP lcd, lcdlat, lcdtris; 
....................    #byte lcd = LCD_DATA_PORT 
....................    #byte lcdlat = LCD_DATA_PORT+9 
....................    #byte lcdtris = LCD_DATA_PORT+0x12 
.................... #elif defined(__PCD__) 
....................    LCD_PIN_MAP lcd, lcdlat, lcdtris; 
....................    #word lcd = LCD_DATA_PORT 
....................    #word lcdlat = LCD_DATA_PORT+2 
....................    #word lcdtris = LCD_DATA_PORT-0x02 
.................... #endif 
.................... #endif   //LCD_DATA4 not defined 
....................  
.................... #ifndef LCD_TYPE 
....................    #define LCD_TYPE 2           // 0=5x7, 1=5x10, 2=2 lines 
.................... #endif 
....................  
.................... #ifndef LCD_LINE_TWO 
....................    #define LCD_LINE_TWO 0x40    // LCD RAM address for the second line 
.................... #endif 
....................  
.................... #ifndef LCD_LINE_LENGTH 
....................    #define LCD_LINE_LENGTH 20 
.................... #endif 
....................  
.................... unsigned int8 lcd_read_nibble(void); 
....................  
.................... unsigned int8 lcd_read_byte(void) 
.................... { 
....................    unsigned int8 low,high; 
....................  
....................  #if defined(__PCB__) 
....................    set_tris_lcd(LCD_INPUT_MAP); 
....................  #else 
....................   #if (defined(LCD_DATA4) && defined(LCD_DATA5) && defined(LCD_DATA6) && defined(LCD_DATA7)) 
....................    output_float(LCD_DATA4); 
....................    output_float(LCD_DATA5); 
....................    output_float(LCD_DATA6); 
....................    output_float(LCD_DATA7); 
....................   #else 
....................    lcdtris.data = 0xF; 
*
014F:  MOVLW  0F
0150:  BSF    03.5
0151:  ANDWF  07,W
0152:  IORLW  F0
0153:  MOVWF  07
....................   #endif 
....................  #endif 
....................          
....................    lcd_output_rw(1); 
0154:  BCF    03.5
0155:  BSF    07.2
....................    delay_cycles(1); 
0156:  NOP
....................    lcd_output_enable(1); 
0157:  BSF    07.0
....................    delay_cycles(1); 
0158:  NOP
....................    high = lcd_read_nibble(); 
0159:  CALL   143
015A:  MOVF   78,W
015B:  MOVWF  51
....................        
....................    lcd_output_enable(0); 
015C:  BCF    07.0
....................    delay_cycles(1); 
015D:  NOP
....................    lcd_output_enable(1); 
015E:  BSF    07.0
....................    delay_us(1); 
015F:  NOP
....................    low = lcd_read_nibble(); 
0160:  CALL   143
0161:  MOVF   78,W
0162:  MOVWF  50
....................        
....................    lcd_output_enable(0); 
0163:  BCF    07.0
....................  
....................  #if defined(__PCB__) 
....................    set_tris_lcd(LCD_OUTPUT_MAP); 
....................  #else 
....................   #if (defined(LCD_DATA4) && defined(LCD_DATA5) && defined(LCD_DATA6) && defined(LCD_DATA7)) 
....................    output_drive(LCD_DATA4); 
....................    output_drive(LCD_DATA5); 
....................    output_drive(LCD_DATA6); 
....................    output_drive(LCD_DATA7); 
....................   #else 
....................    lcdtris.data = 0x0; 
0164:  MOVLW  0F
0165:  BSF    03.5
0166:  ANDWF  07,W
0167:  MOVWF  07
....................   #endif 
....................  #endif 
....................  
....................    return( (high<<4) | low); 
0168:  BCF    03.5
0169:  SWAPF  51,W
016A:  MOVWF  77
016B:  MOVLW  F0
016C:  ANDWF  77,F
016D:  MOVF   77,W
016E:  IORWF  50,W
016F:  MOVWF  78
.................... } 
....................  
.................... unsigned int8 lcd_read_nibble(void) 
.................... { 
....................   #if (defined(LCD_DATA4) && defined(LCD_DATA5) && defined(LCD_DATA6) && defined(LCD_DATA7)) 
....................    unsigned int8 n = 0x00; 
....................  
....................    /* Read the data port */ 
....................    n |= input(LCD_DATA4); 
....................    n |= input(LCD_DATA5) << 1; 
....................    n |= input(LCD_DATA6) << 2; 
....................    n |= input(LCD_DATA7) << 3; 
....................     
....................    return(n); 
....................   #else 
....................    return(lcd.data); 
*
0143:  MOVF   07,W
0144:  MOVWF  77
0145:  SWAPF  07,W
0146:  ANDLW  0F
0147:  MOVWF  78
....................   #endif 
0148:  RETURN
.................... } 
....................  
.................... void lcd_send_nibble(unsigned int8 n) 
.................... { 
....................   #if (defined(LCD_DATA4) && defined(LCD_DATA5) && defined(LCD_DATA6) && defined(LCD_DATA7)) 
....................    /* Write to the data port */ 
....................    output_bit(LCD_DATA4, bit_test(n, 0)); 
....................    output_bit(LCD_DATA5, bit_test(n, 1)); 
....................    output_bit(LCD_DATA6, bit_test(n, 2)); 
....................    output_bit(LCD_DATA7, bit_test(n, 3)); 
....................   #else       
....................    lcdlat.data = n; 
*
0137:  SWAPF  51,W
0138:  ANDLW  F0
0139:  MOVWF  77
013A:  MOVLW  0F
013B:  ANDWF  07,W
013C:  IORWF  77,W
013D:  MOVWF  07
....................   #endif 
....................        
....................    delay_cycles(1); 
013E:  NOP
....................    lcd_output_enable(1); 
013F:  BSF    07.0
....................    delay_us(2); 
0140:  GOTO   141
....................    lcd_output_enable(0); 
0141:  BCF    07.0
0142:  RETURN
.................... } 
....................  
.................... void lcd_send_byte(unsigned int8 address, unsigned int8 n) 
.................... { 
....................   #if defined(__PCB__) 
....................    set_tris_lcd(LCD_OUTPUT_MAP); 
....................   #else 
....................    lcd_enable_tris(); 
*
0149:  BSF    03.5
014A:  BCF    07.0
....................    lcd_rs_tris(); 
014B:  BCF    07.1
....................    lcd_rw_tris(); 
014C:  BCF    07.2
....................   #endif 
....................  
....................    lcd_output_rs(0); 
014D:  BCF    03.5
014E:  BCF    07.1
....................    while ( bit_test(lcd_read_byte(),7) ) ; 
*
0170:  MOVF   78,W
0171:  MOVWF  50
0172:  BTFSC  50.7
0173:  GOTO   14F
....................    lcd_output_rs(address); 
0174:  BTFSS  4E.0
0175:  BCF    07.1
0176:  BTFSC  4E.0
0177:  BSF    07.1
....................    delay_cycles(1); 
0178:  NOP
....................    lcd_output_rw(0); 
0179:  BCF    07.2
....................    delay_cycles(1); 
017A:  NOP
....................    lcd_output_enable(0); 
017B:  BCF    07.0
....................    lcd_send_nibble(n >> 4); 
017C:  SWAPF  4F,W
017D:  MOVWF  50
017E:  MOVLW  0F
017F:  ANDWF  50,F
0180:  MOVF   50,W
0181:  MOVWF  51
0182:  CALL   137
....................    lcd_send_nibble(n & 0xf); 
0183:  MOVF   4F,W
0184:  ANDLW  0F
0185:  MOVWF  50
0186:  MOVWF  51
0187:  CALL   137
0188:  RETURN
.................... } 
....................  
.................... #if defined(LCD_EXTENDED_NEWLINE) 
.................... unsigned int8 g_LcdX, g_LcdY; 
.................... #endif 
....................  
.................... void lcd_init(void)  
.................... { 
....................    unsigned int8 i; 
....................    unsigned int8 LCD_INIT_STRING[4] = {0x20 | (LCD_TYPE << 2), 0xc, 1, 6}; 
0189:  MOVLW  28
018A:  MOVWF  41
018B:  MOVLW  0C
018C:  MOVWF  42
018D:  MOVLW  01
018E:  MOVWF  43
018F:  MOVLW  06
0190:  MOVWF  44
....................                              // These bytes need to be sent to the LCD 
....................                              // to start it up. 
....................     
....................  
....................    lcd_output_enable(0); 
0191:  BCF    07.0
....................    lcd_output_rs(0); 
0192:  BCF    07.1
....................    lcd_output_rw(0); 
0193:  BCF    07.2
....................  
....................  #if defined(__PCB__) 
....................    set_tris_lcd(LCD_OUTPUT_MAP); 
....................  #else 
....................   #if (defined(LCD_DATA4) && defined(LCD_DATA5) && defined(LCD_DATA6) && defined(LCD_DATA7)) 
....................    output_drive(LCD_DATA4); 
....................    output_drive(LCD_DATA5); 
....................    output_drive(LCD_DATA6); 
....................    output_drive(LCD_DATA7); 
....................   #else 
....................    lcdtris.data = 0x0; 
0194:  MOVLW  0F
0195:  BSF    03.5
0196:  ANDWF  07,W
0197:  MOVWF  07
....................   #endif 
....................    lcd_enable_tris(); 
0198:  BCF    07.0
....................    lcd_rs_tris(); 
0199:  BCF    07.1
....................    lcd_rw_tris(); 
019A:  BCF    07.2
....................  #endif 
....................      
....................    delay_ms(15); 
019B:  MOVLW  0F
019C:  BCF    03.5
019D:  MOVWF  4A
019E:  CALL   122
....................    for(i=1;i<=3;++i) 
019F:  MOVLW  01
01A0:  MOVWF  40
01A1:  MOVF   40,W
01A2:  SUBLW  03
01A3:  BTFSS  03.0
01A4:  GOTO   1AD
....................    { 
....................        lcd_send_nibble(3); 
01A5:  MOVLW  03
01A6:  MOVWF  51
01A7:  CALL   137
....................        delay_ms(5); 
01A8:  MOVLW  05
01A9:  MOVWF  4A
01AA:  CALL   122
01AB:  INCF   40,F
01AC:  GOTO   1A1
....................    } 
....................     
....................    lcd_send_nibble(2); 
01AD:  MOVLW  02
01AE:  MOVWF  51
01AF:  CALL   137
....................    delay_ms(5); 
01B0:  MOVLW  05
01B1:  MOVWF  4A
01B2:  CALL   122
....................    for(i=0;i<=3;++i) 
01B3:  CLRF   40
01B4:  MOVF   40,W
01B5:  SUBLW  03
01B6:  BTFSS  03.0
01B7:  GOTO   1C4
....................       lcd_send_byte(0,LCD_INIT_STRING[i]); 
01B8:  MOVLW  41
01B9:  ADDWF  40,W
01BA:  MOVWF  04
01BB:  BCF    03.7
01BC:  MOVF   00,W
01BD:  MOVWF  45
01BE:  CLRF   4E
01BF:  MOVF   45,W
01C0:  MOVWF  4F
01C1:  CALL   149
....................  
....................   #if defined(LCD_EXTENDED_NEWLINE) 
01C2:  INCF   40,F
01C3:  GOTO   1B4
01C4:  BCF    0A.3
01C5:  BCF    0A.4
01C6:  GOTO   332 (RETURN)
....................    g_LcdX = 0; 
....................    g_LcdY = 0; 
....................   #endif 
.................... } 
....................  
.................... void lcd_gotoxy(unsigned int8 x, unsigned int8 y) 
.................... { 
....................    unsigned int8 address; 
....................     
....................    if(y!=1) 
*
0222:  DECFSZ 4B,W
0223:  GOTO   225
0224:  GOTO   228
....................       address=LCD_LINE_TWO; 
0225:  MOVLW  40
0226:  MOVWF  4C
0227:  GOTO   229
....................    else 
....................       address=0; 
0228:  CLRF   4C
....................       
....................    address+=x-1; 
0229:  MOVLW  01
022A:  SUBWF  4A,W
022B:  ADDWF  4C,F
....................    lcd_send_byte(0,0x80|address); 
022C:  MOVF   4C,W
022D:  IORLW  80
022E:  MOVWF  4D
022F:  CLRF   4E
0230:  MOVF   4D,W
0231:  MOVWF  4F
0232:  CALL   149
....................  
....................   #if defined(LCD_EXTENDED_NEWLINE) 
0233:  RETURN
....................    g_LcdX = x - 1; 
....................    g_LcdY = y - 1; 
....................   #endif 
.................... } 
....................  
.................... void lcd_putc(char c) 
.................... { 
....................    switch (c) 
0234:  MOVF   49,W
0235:  XORLW  07
0236:  BTFSC  03.2
0237:  GOTO   242
0238:  XORLW  0B
0239:  BTFSC  03.2
023A:  GOTO   247
023B:  XORLW  06
023C:  BTFSC  03.2
023D:  GOTO   24F
023E:  XORLW  02
023F:  BTFSC  03.2
0240:  GOTO   255
0241:  GOTO   25A
....................    { 
....................       case '\a'   :  lcd_gotoxy(1,1);     break; 
0242:  MOVLW  01
0243:  MOVWF  4A
0244:  MOVWF  4B
0245:  CALL   222
0246:  GOTO   25F
....................  
....................       case '\f'   :  lcd_send_byte(0,1); 
0247:  CLRF   4E
0248:  MOVLW  01
0249:  MOVWF  4F
024A:  CALL   149
....................                      delay_ms(2); 
024B:  MOVLW  02
024C:  MOVWF  4A
024D:  CALL   122
....................                     #if defined(LCD_EXTENDED_NEWLINE) 
....................                      g_LcdX = 0; 
....................                      g_LcdY = 0; 
....................                     #endif 
....................                      break; 
024E:  GOTO   25F
....................  
....................      #if defined(LCD_EXTENDED_NEWLINE) 
....................       case '\r'   :  lcd_gotoxy(1, g_LcdY+1);   break; 
....................       case '\n'   : 
....................          while (g_LcdX++ < LCD_LINE_LENGTH) 
....................          { 
....................             lcd_send_byte(1, ' '); 
....................          } 
....................          lcd_gotoxy(1, g_LcdY+2); 
....................          break; 
....................      #else 
....................       case '\n'   : lcd_gotoxy(1,2);        break; 
024F:  MOVLW  01
0250:  MOVWF  4A
0251:  MOVLW  02
0252:  MOVWF  4B
0253:  CALL   222
0254:  GOTO   25F
....................      #endif 
....................       
....................       case '\b'   : lcd_send_byte(0,0x10);  break; 
0255:  CLRF   4E
0256:  MOVLW  10
0257:  MOVWF  4F
0258:  CALL   149
0259:  GOTO   25F
....................       
....................      #if defined(LCD_EXTENDED_NEWLINE) 
....................       default     :  
....................          if (g_LcdX < LCD_LINE_LENGTH) 
....................          { 
....................             lcd_send_byte(1, c); 
....................             g_LcdX++; 
....................          } 
....................          break; 
....................      #else 
....................       default     : lcd_send_byte(1,c);     break; 
025A:  MOVLW  01
025B:  MOVWF  4E
025C:  MOVF   49,W
025D:  MOVWF  4F
025E:  CALL   149
....................      #endif 
....................    } 
025F:  RETURN
.................... } 
....................   
.................... char lcd_getc(unsigned int8 x, unsigned int8 y) 
.................... { 
....................    char value; 
....................  
....................    lcd_gotoxy(x,y); 
....................    while ( bit_test(lcd_read_byte(),7) ); // wait until busy flag is low 
....................    lcd_output_rs(1); 
....................    value = lcd_read_byte(); 
....................    lcd_output_rs(0); 
....................     
....................    return(value); 
.................... } 
....................  
.................... // write a custom character to the ram 
.................... // which is 0-7 and specifies which character array we are modifying. 
.................... // ptr points to an array of 8 bytes, where each byte is the next row of 
.................... //    pixels.  only bits 0-4 are used.  the last row is the cursor row, and 
.................... //    usually you will want to leave this byte 0x00. 
.................... void lcd_set_cgram_char(unsigned int8 which, unsigned int8 *ptr) 
.................... { 
....................    unsigned int i; 
....................  
....................    which <<= 3; 
....................    which &= 0x38; 
....................  
....................    lcd_send_byte(0, 0x40 | which);  //set cgram address 
....................  
....................    for(i=0; i<8; i++) 
....................    { 
....................       lcd_send_byte(1, *ptr++); 
....................    } 
....................    
....................    #if defined(LCD_EXTENDED_NEWLINE) 
....................     lcd_gotoxy(g_LcdX+1, g_LcdY+1);  //set ddram address 
....................    #endif 
.................... } 
....................  
.................... void lcd_cursor_on(int1 on) 
.................... { 
....................    if (on) 
....................    { 
....................       lcd_send_byte(0,0x0F);           //turn LCD cursor ON 
....................    } 
....................    else 
....................    { 
....................       lcd_send_byte(0,0x0C);           //turn LCD cursor OFF 
....................    } 
.................... } 
....................  
.................... #endif 
....................  
....................  
.................... #define TRIG1 PIN_B0 
.................... #define TRIG2 PIN_B1 
.................... #define TRIG3 PIN_B2 
.................... #define TRIG4 PIN_B3 
....................  
.................... int16 duration, oldDistance1, oldDistance2, oldDistance3, oldDistance4, distance1, distance2, distance3, distance4; 
.................... int1 flagdisp = 1, check = 1; 
.................... int i = 0; 
....................  
.................... #INT_RB 
....................  
.................... RB_isr() { 
....................     duration = get_timer1(); 
*
0074:  MOVF   0F,W
0075:  MOVWF  7A
0076:  MOVF   0E,W
0077:  MOVWF  77
0078:  MOVF   0F,W
0079:  SUBWF  7A,W
007A:  BTFSS  03.2
007B:  GOTO   074
007C:  MOVF   77,W
007D:  MOVWF  2C
007E:  MOVF   7A,W
007F:  MOVWF  2D
....................     disable_interrupts(INT_RB); 
0080:  BCF    0B.3
....................     check = 1; 
0081:  BSF    3E.1
....................     switch (i) { 
0082:  MOVF   3F,W
0083:  ADDLW  FC
0084:  BTFSC  03.0
0085:  GOTO   103
0086:  ADDLW  04
0087:  GOTO   107
....................         case 0: 
....................             distance1 = (duration / 58) - 5; 
0088:  MOVF   2D,W
0089:  MOVWF  54
008A:  MOVF   2C,W
008B:  MOVWF  53
008C:  CLRF   56
008D:  MOVLW  3A
008E:  MOVWF  55
008F:  CALL   04F
0090:  MOVLW  05
0091:  SUBWF  78,W
0092:  MOVWF  36
0093:  MOVF   79,W
0094:  MOVWF  37
0095:  MOVLW  00
0096:  BTFSS  03.0
0097:  MOVLW  01
0098:  SUBWF  37,F
....................             if (distance1 != oldDistance1) { 
0099:  MOVF   2E,W
009A:  SUBWF  36,W
009B:  BTFSS  03.2
009C:  GOTO   0A1
009D:  MOVF   2F,W
009E:  SUBWF  37,W
009F:  BTFSC  03.2
00A0:  GOTO   0A6
....................                 flagdisp = 1; 
00A1:  BSF    3E.0
....................                 oldDistance1 = distance1; 
00A2:  MOVF   37,W
00A3:  MOVWF  2F
00A4:  MOVF   36,W
00A5:  MOVWF  2E
....................             } 
....................             break; 
00A6:  GOTO   103
....................         case 1: 
....................             distance2 = (duration / 58) - 5; 
00A7:  MOVF   2D,W
00A8:  MOVWF  54
00A9:  MOVF   2C,W
00AA:  MOVWF  53
00AB:  CLRF   56
00AC:  MOVLW  3A
00AD:  MOVWF  55
00AE:  CALL   04F
00AF:  MOVLW  05
00B0:  SUBWF  78,W
00B1:  MOVWF  38
00B2:  MOVF   79,W
00B3:  MOVWF  39
00B4:  MOVLW  00
00B5:  BTFSS  03.0
00B6:  MOVLW  01
00B7:  SUBWF  39,F
....................             if (distance2 != oldDistance2) { 
00B8:  MOVF   30,W
00B9:  SUBWF  38,W
00BA:  BTFSS  03.2
00BB:  GOTO   0C0
00BC:  MOVF   31,W
00BD:  SUBWF  39,W
00BE:  BTFSC  03.2
00BF:  GOTO   0C5
....................                 flagdisp = 1; 
00C0:  BSF    3E.0
....................                 oldDistance2 = distance2; 
00C1:  MOVF   39,W
00C2:  MOVWF  31
00C3:  MOVF   38,W
00C4:  MOVWF  30
....................             } 
....................             break; 
00C5:  GOTO   103
....................         case 2: 
....................             distance3 = (duration / 58) - 5; 
00C6:  MOVF   2D,W
00C7:  MOVWF  54
00C8:  MOVF   2C,W
00C9:  MOVWF  53
00CA:  CLRF   56
00CB:  MOVLW  3A
00CC:  MOVWF  55
00CD:  CALL   04F
00CE:  MOVLW  05
00CF:  SUBWF  78,W
00D0:  MOVWF  3A
00D1:  MOVF   79,W
00D2:  MOVWF  3B
00D3:  MOVLW  00
00D4:  BTFSS  03.0
00D5:  MOVLW  01
00D6:  SUBWF  3B,F
....................             if (distance3 != oldDistance3) { 
00D7:  MOVF   32,W
00D8:  SUBWF  3A,W
00D9:  BTFSS  03.2
00DA:  GOTO   0DF
00DB:  MOVF   33,W
00DC:  SUBWF  3B,W
00DD:  BTFSC  03.2
00DE:  GOTO   0E4
....................                 flagdisp = 1; 
00DF:  BSF    3E.0
....................                 oldDistance3 = distance3; 
00E0:  MOVF   3B,W
00E1:  MOVWF  33
00E2:  MOVF   3A,W
00E3:  MOVWF  32
....................             } 
....................             break; 
00E4:  GOTO   103
....................         case 3: 
....................             distance4 = (duration / 58) - 5; 
00E5:  MOVF   2D,W
00E6:  MOVWF  54
00E7:  MOVF   2C,W
00E8:  MOVWF  53
00E9:  CLRF   56
00EA:  MOVLW  3A
00EB:  MOVWF  55
00EC:  CALL   04F
00ED:  MOVLW  05
00EE:  SUBWF  78,W
00EF:  MOVWF  3C
00F0:  MOVF   79,W
00F1:  MOVWF  3D
00F2:  MOVLW  00
00F3:  BTFSS  03.0
00F4:  MOVLW  01
00F5:  SUBWF  3D,F
....................             if (distance4 != oldDistance4) { 
00F6:  MOVF   34,W
00F7:  SUBWF  3C,W
00F8:  BTFSS  03.2
00F9:  GOTO   0FE
00FA:  MOVF   35,W
00FB:  SUBWF  3D,W
00FC:  BTFSC  03.2
00FD:  GOTO   103
....................                 flagdisp = 1; 
00FE:  BSF    3E.0
....................                 oldDistance4 = distance4; 
00FF:  MOVF   3D,W
0100:  MOVWF  35
0101:  MOVF   3C,W
0102:  MOVWF  34
....................             } 
....................             break; 
....................     } 
0103:  BCF    0B.0
0104:  BCF    0A.3
0105:  BCF    0A.4
0106:  GOTO   02B
.................... } 
....................  
.................... void sr04dist1() { 
....................     i = 0; 
*
020C:  CLRF   3F
....................     enable_interrupts(INT_RB); 
020D:  BSF    0B.3
....................     output_high(TRIG1); 
020E:  BSF    03.5
020F:  BCF    06.0
0210:  BCF    03.5
0211:  BSF    06.0
....................     delay_us(10); 
0212:  MOVLW  02
0213:  MOVWF  77
0214:  DECFSZ 77,F
0215:  GOTO   214
0216:  GOTO   217
0217:  NOP
....................     output_low(TRIG1); 
0218:  BSF    03.5
0219:  BCF    06.0
021A:  BCF    03.5
021B:  BCF    06.0
....................     set_timer1(0); 
021C:  CLRF   0E
021D:  CLRF   0F
021E:  CLRF   0E
021F:  BCF    0A.3
0220:  BCF    0A.4
0221:  GOTO   355 (RETURN)
.................... } 
....................  
.................... void sr04dist2() { 
....................     i = 1; 
*
01C7:  MOVLW  01
01C8:  MOVWF  3F
....................     enable_interrupts(INT_RB); 
01C9:  BSF    0B.3
....................     output_high(TRIG2); 
01CA:  BSF    03.5
01CB:  BCF    06.1
01CC:  BCF    03.5
01CD:  BSF    06.1
....................     delay_us(10); 
01CE:  MOVLW  02
01CF:  MOVWF  77
01D0:  DECFSZ 77,F
01D1:  GOTO   1D0
01D2:  GOTO   1D3
01D3:  NOP
....................     output_low(TRIG2); 
01D4:  BSF    03.5
01D5:  BCF    06.1
01D6:  BCF    03.5
01D7:  BCF    06.1
....................     set_timer1(0); 
01D8:  CLRF   0E
01D9:  CLRF   0F
01DA:  CLRF   0E
01DB:  BCF    0A.3
01DC:  BCF    0A.4
01DD:  GOTO   355 (RETURN)
.................... } 
....................  
.................... void sr04dist3() { 
....................     i = 2; 
01DE:  MOVLW  02
01DF:  MOVWF  3F
....................     enable_interrupts(INT_RB); 
01E0:  BSF    0B.3
....................     output_high(TRIG3); 
01E1:  BSF    03.5
01E2:  BCF    06.2
01E3:  BCF    03.5
01E4:  BSF    06.2
....................     delay_us(10); 
01E5:  MOVLW  02
01E6:  MOVWF  77
01E7:  DECFSZ 77,F
01E8:  GOTO   1E7
01E9:  GOTO   1EA
01EA:  NOP
....................     output_low(TRIG3); 
01EB:  BSF    03.5
01EC:  BCF    06.2
01ED:  BCF    03.5
01EE:  BCF    06.2
....................     set_timer1(0); 
01EF:  CLRF   0E
01F0:  CLRF   0F
01F1:  CLRF   0E
01F2:  BCF    0A.3
01F3:  BCF    0A.4
01F4:  GOTO   355 (RETURN)
.................... } 
....................  
.................... void sr04dist4() { 
....................     i = 3; 
01F5:  MOVLW  03
01F6:  MOVWF  3F
....................     enable_interrupts(INT_RB); 
01F7:  BSF    0B.3
....................     output_high(TRIG4); 
01F8:  BSF    03.5
01F9:  BCF    06.3
01FA:  BCF    03.5
01FB:  BSF    06.3
....................     delay_us(10); 
01FC:  MOVLW  02
01FD:  MOVWF  77
01FE:  DECFSZ 77,F
01FF:  GOTO   1FE
0200:  GOTO   201
0201:  NOP
....................     output_low(TRIG4); 
0202:  BSF    03.5
0203:  BCF    06.3
0204:  BCF    03.5
0205:  BCF    06.3
....................     set_timer1(0); 
0206:  CLRF   0E
0207:  CLRF   0F
0208:  CLRF   0E
0209:  BCF    0A.3
020A:  BCF    0A.4
020B:  GOTO   355 (RETURN)
.................... } 
....................  
.................... void main() { 
*
031A:  MOVF   03,W
031B:  ANDLW  1F
031C:  MOVWF  03
031D:  MOVLW  FF
031E:  MOVWF  2B
031F:  BSF    3E.0
0320:  BSF    3E.1
0321:  CLRF   3F
0322:  BSF    03.5
0323:  BSF    1F.0
0324:  BSF    1F.1
0325:  BSF    1F.2
0326:  BCF    1F.3
0327:  MOVLW  07
0328:  MOVWF  1C
0329:  BCF    03.7
....................     enable_interrupts(GLOBAL); 
032A:  MOVLW  C0
032B:  BCF    03.5
032C:  IORWF  0B,F
....................     setup_timer_1(T1_INTERNAL | T1_DIV_BY_1); 
032D:  MOVLW  85
032E:  MOVWF  10
....................     clear_interrupt(INT_RB); 
032F:  BCF    0B.0
....................     enable_interrupts(INT_RB); 
0330:  BSF    0B.3
....................  
....................     lcd_init(); 
0331:  GOTO   189
....................     while (1) { 
....................         delay_ms(10); 
0332:  MOVLW  0A
0333:  MOVWF  4A
0334:  CALL   122
....................         if (check == 1 || duration >= 25289) { 
0335:  BTFSC  3E.1
0336:  GOTO   342
0337:  MOVF   2D,W
0338:  SUBLW  61
0339:  BTFSC  03.0
033A:  GOTO   355
033B:  XORLW  FF
033C:  BTFSS  03.2
033D:  GOTO   342
033E:  MOVF   2C,W
033F:  SUBLW  C8
0340:  BTFSC  03.0
0341:  GOTO   355
....................             check = 0; 
0342:  BCF    3E.1
....................             i++; 
0343:  INCF   3F,F
....................             if(i >= 4){ 
0344:  MOVF   3F,W
0345:  SUBLW  03
0346:  BTFSS  03.0
....................                 i = 0; 
0347:  CLRF   3F
....................             } 
....................             switch(i){ 
0348:  MOVF   3F,W
0349:  ADDLW  FC
034A:  BTFSC  03.0
034B:  GOTO   355
034C:  ADDLW  04
034D:  GOTO   3A1
....................                 case 0: 
....................                     sr04dist2(); 
034E:  GOTO   1C7
....................                     break; 
034F:  GOTO   355
....................                 case 1:  
....................                     sr04dist3(); 
0350:  GOTO   1DE
....................                     break; 
0351:  GOTO   355
....................                 case 2:  
....................                     sr04dist4(); 
0352:  GOTO   1F5
....................                     break; 
0353:  GOTO   355
....................                 case 3:  
....................                     sr04dist1(); 
0354:  GOTO   20C
....................                     break; 
....................             } 
....................         } 
....................         if (flagdisp == 1) { 
0355:  BTFSS  3E.0
0356:  GOTO   39F
....................             flagdisp = 0; 
0357:  BCF    3E.0
....................             printf(lcd_putc, "\fSR1: %lu SR2: %lu\nSR3: %lu SR4: %lu\n", distance1, distance2, distance3, distance4); 
0358:  MOVLW  0F
0359:  BSF    03.6
035A:  MOVWF  0D
035B:  MOVLW  01
035C:  MOVWF  0F
035D:  BCF    03.0
035E:  MOVLW  06
035F:  BCF    03.6
0360:  MOVWF  40
0361:  CALL   260
0362:  MOVLW  10
0363:  MOVWF  04
0364:  MOVF   37,W
0365:  MOVWF  41
0366:  MOVF   36,W
0367:  MOVWF  40
0368:  CALL   2B7
0369:  MOVLW  13
036A:  BSF    03.6
036B:  MOVWF  0D
036C:  MOVLW  01
036D:  MOVWF  0F
036E:  BSF    03.0
036F:  MOVLW  06
0370:  BCF    03.6
0371:  MOVWF  40
0372:  CALL   260
0373:  MOVLW  10
0374:  MOVWF  04
0375:  MOVF   39,W
0376:  MOVWF  41
0377:  MOVF   38,W
0378:  MOVWF  40
0379:  CALL   2B7
037A:  MOVLW  18
037B:  BSF    03.6
037C:  MOVWF  0D
037D:  MOVLW  01
037E:  MOVWF  0F
037F:  BCF    03.0
0380:  MOVLW  06
0381:  BCF    03.6
0382:  MOVWF  40
0383:  CALL   260
0384:  MOVLW  10
0385:  MOVWF  04
0386:  MOVF   3B,W
0387:  MOVWF  41
0388:  MOVF   3A,W
0389:  MOVWF  40
038A:  CALL   2B7
038B:  MOVLW  1C
038C:  BSF    03.6
038D:  MOVWF  0D
038E:  MOVLW  01
038F:  MOVWF  0F
0390:  BSF    03.0
0391:  MOVLW  06
0392:  BCF    03.6
0393:  MOVWF  40
0394:  CALL   260
0395:  MOVLW  10
0396:  MOVWF  04
0397:  MOVF   3D,W
0398:  MOVWF  41
0399:  MOVF   3C,W
039A:  MOVWF  40
039B:  CALL   2B7
039C:  MOVLW  0A
039D:  MOVWF  49
039E:  CALL   234
....................         } 
039F:  GOTO   332
....................     } 
.................... } 
....................  
03A0:  SLEEP

Configuration Fuses:
   Word  1: 3F71   XT NOWDT PUT BROWNOUT NOLVP NOCPD NOWRT NODEBUG NOPROTECT
