
ROM used:   1252/8192 (15%)
            1252/8192 (15%) including unused fragments

            1.0 Average locations per line
            6.2 Average locations per statement

RAM used:   39/368 (11%) at main() level
            66/368 (18%) worst case

Stack used: 7 worst case (5 in main + 2 for interrupts)
Stack size: 8

Lines Stmts  %   Files
----- ----- ---  -----
  137   103  51  4-Sr04s.c
  620     0   0  ..\..\..\..\..\Program Files (x86)\PICC\devices\16F876A.h
  456   100  49  ..\..\..\..\..\Program Files (x86)\PICC\drivers\lcd.c
----- -----
 1213   203 Total

Page ROM  %  RAM   Vol Diff  Functions:
---- --- --- ---   --- ----  ----------
0     21   2    1             @delay_ms1
 Inline         3   760  4.5  lcd_read_byte
0     57   5    2   262  3.7  lcd_read_nibble
0     55   4    1   399  2.4  lcd_send_nibble
0    150  12    3   415  3.7  lcd_send_byte
0    104   8    6   852  6.2  lcd_init
0     18   1    4   208  6.3  lcd_gotoxy
0     44   4    1   354  4.7  lcd_putc
0    210  17    4  1514  8.0  RB_isr
0      8   1    0             @goto10663
0     37   3    5             @DIV1616
0      8   1    0             @goto10710
0     28   2    0   134  1.8  sr04dist1
0     29   2    0   134  1.8  sr04dist2
0     29   2    0   134  1.8  sr04dist3
0     29   2    0   134  1.8  sr04dist4
0    135  11    1   671  6.1  MAIN
0      8   1    0             @goto10759
0     17   1    0             @const669
0     87   7    5             @PSTRINGCN7_626
0     99   8    9             @PRINTF_LU_626
 Inline         0             @cinit1

Program metrics:
    Functions               13
    Statements              203
    Comments                215
    Volume (V)              9522
    Difficulty (D)          51.2
    Effort to implement (E) 487896
    Time to implement (T)   7 hours, 32 minutes
    Est Delivered Bugs (B)  2
    Cyclomatic Complexity   29
    Maintainability (MI)    93

 Segment     Used  Free
-----------  ----  ----
00000-00003     4  0  
00004-0004E    75  0  
0004F-007FF  1173  796  
00800-00FFF     0  2048  
01000-017FF     0  2048  
01800-01FFF     0  2048  



