
ROM used:   3074/4096 (75%)
            3472/4096 (85%) including unused fragments

            2.1 Average locations per line
            9.7 Average locations per statement

RAM used:   43/191 (23%) at main() level
            60/191 (31%) worst case

Stack used: 7 worst case (6 in main + 1 for interrupts)
Stack size: 8

Lines Stmts  %   Files
----- ----- ---  -----
  244   193  61  Servo Gradual.c
  620     0   0  C:\Program Files (x86)\PICC\devices\16F873A.h
  456    84  26  C:\Program Files (x86)\PICC\drivers\lcd.c
  135    40  13  C:\Program Files (x86)\PICC\drivers\kbd.c
----- -----
 1455   317 Total

Page ROM  %  RAM   Vol Diff  Functions:
---- --- --- ---   --- ----  ----------
0     19   1    1             @delay_ms1
0     15   0    1             @delay_us1
 Inline         3   596  5.9  lcd_read_byte
0      6   0    0    59  4.2  lcd_read_nibble
0     17   1    1   179  3.3  lcd_send_nibble
0     66   2    3   460  4.7  lcd_send_byte
0     60   2    6   814  7.2  lcd_init
0     18   1    4   208  6.3  lcd_gotoxy
0     44   1    1   354  4.7  lcd_putc
0     16   1    0             @const640
0      2   0    0     3  0.0  kbd_init
0    101   3    3  4540 10.2  kbd_getc
0     37   1    2             @MUL88
1    889  29    4  5138  9.9  cambiar_temp
0      5   0    0             @const669
0     86   3    4             @PSTRINGC7_627
0      9   0    0             @const671
0      5   0    0             @const675
0      9   0    0             @const676
0     29   1    2             @ITOF
0    117   4   13             @MULFF
0    202   7   14             @DIVFF
0     31   1    4             @SFTOI
0      9   0    0             @const690
0     87   3    5             @PSTRINGCN7_627
0     88   3    8             @PRINTF_LU_627
0      9   0    0             @const695
0      5   0    0             @const696
0     21   1    3             @DIV88
0     53   2    2             @PRINTF_U_627
0      5   0    0             @const703
0      5   0    0             @const704
0      5   0    0             @const705
0     18   1    0    94  1.7  isr_timer1
0     23   1    1   228  3.2  isr_timer0
1    535  17    4  2065  8.9  MAIN
0     10   0    0             @const712
0      5   0    0             @const713
0      5   0    0             @const714
0    319  10   16             @ADDFF
 Inline         0             @cinit1

Program metrics:
    Functions               13
    Statements              317
    Comments                261
    Volume (V)              20470
    Difficulty (D)          66.7
    Effort to implement (E) 1364895
    Time to implement (T)   21 hours, 4 minutes
    Est Delivered Bugs (B)  4
    Cyclomatic Complexity   41
    Maintainability (MI)    111

 Segment     Used  Free
-----------  ----  ----
00000-00003     4  0  
00004-00058    85  0  
00059-007FF  1561  398  
00800-00FFF  1424  624  



