Z:\6 Electronica\Martin\Digitales 6to\Servo+temp+teclado+disp.X\Servo-temp-teclado-disp.c:22:1:  Warning#214  Operator precedance rules may not be as intended, use () to clarify
Z:\6 Electronica\Martin\Digitales 6to\Servo+temp+teclado+disp.X\Servo-temp-teclado-disp.c:33:1:  Warning#214  Operator precedance rules may not be as intended, use () to clarify
Z:\6 Electronica\Martin\Digitales 6to\Servo+temp+teclado+disp.X\Servo-temp-teclado-disp.c:33:1:  Warning#214  Operator precedance rules may not be as intended, use () to clarify
Z:\6 Electronica\Martin\Digitales 6to\Servo+temp+teclado+disp.X\Servo-temp-teclado-disp.c:38:1:  Warning#214  Operator precedance rules may not be as intended, use () to clarify
Z:\6 Electronica\Martin\Digitales 6to\Servo+temp+teclado+disp.X\Servo-temp-teclado-disp.c:38:1:  Warning#214  Operator precedance rules may not be as intended, use () to clarify
Z:\6 Electronica\Martin\Digitales 6to\Servo+temp+teclado+disp.X\Servo-temp-teclado-disp.c:38:1:  Warning#214  Operator precedance rules may not be as intended, use () to clarify
Z:\6 Electronica\Martin\Digitales 6to\Servo+temp+teclado+disp.X\Servo-temp-teclado-disp.c:54:1:  Warning#214  Operator precedance rules may not be as intended, use () to clarify
Z:\6 Electronica\Martin\Digitales 6to\Servo+temp+teclado+disp.X\Servo-temp-teclado-disp.c:54:1:  Warning#214  Operator precedance rules may not be as intended, use () to clarify
Z:\6 Electronica\Martin\Digitales 6to\Servo+temp+teclado+disp.X\Servo-temp-teclado-disp.c:69:1:  Warning#214  Operator precedance rules may not be as intended, use () to clarify
Z:\6 Electronica\Martin\Digitales 6to\Servo+temp+teclado+disp.X\Servo-temp-teclado-disp.c:80:1:  Warning#214  Operator precedance rules may not be as intended, use () to clarify
Z:\6 Electronica\Martin\Digitales 6to\Servo+temp+teclado+disp.X\Servo-temp-teclado-disp.c:80:1:  Warning#214  Operator precedance rules may not be as intended, use () to clarify
Z:\6 Electronica\Martin\Digitales 6to\Servo+temp+teclado+disp.X\Servo-temp-teclado-disp.c:85:1:  Warning#214  Operator precedance rules may not be as intended, use () to clarify
Z:\6 Electronica\Martin\Digitales 6to\Servo+temp+teclado+disp.X\Servo-temp-teclado-disp.c:85:1:  Warning#214  Operator precedance rules may not be as intended, use () to clarify
Z:\6 Electronica\Martin\Digitales 6to\Servo+temp+teclado+disp.X\Servo-temp-teclado-disp.c:85:1:  Warning#214  Operator precedance rules may not be as intended, use () to clarify
Z:\6 Electronica\Martin\Digitales 6to\Servo+temp+teclado+disp.X\Servo-temp-teclado-disp.c:101:1:  Warning#214  Operator precedance rules may not be as intended, use () to clarify
Z:\6 Electronica\Martin\Digitales 6to\Servo+temp+teclado+disp.X\Servo-temp-teclado-disp.c:101:1:  Warning#214  Operator precedance rules may not be as intended, use () to clarify
Z:\6 Electronica\Martin\Digitales 6to\Servo+temp+teclado+disp.X\Servo-temp-teclado-disp.c:12:7:  Warning#202  Variable never used:   cont
      Memory usage:   ROM=63%      RAM=23% - 30%
      0 Errors,  17 Warnings.
Build Successful.
