
ROM used:   2581/4096 (63%)
            2934/4096 (72%) including unused fragments

            1.8 Average locations per line
            8.4 Average locations per statement

RAM used:   43/191 (23%) at main() level
            58/191 (30%) worst case

Stack used: 7 worst case (6 in main + 1 for interrupts)
Stack size: 8

Lines Stmts  %   Files
----- ----- ---  -----
  235   184  60  Servo-temp-teclado-disp.c
  620     0   0  C:\Program Files (x86)\PICC\devices\16F873A.h
  456    84  27  C:\Program Files (x86)\PICC\drivers\lcd.c
  135    40  13  C:\Program Files (x86)\PICC\drivers\kbd.c
----- -----
 1446   308 Total

Page ROM  %  RAM   Vol Diff  Functions:
---- --- --- ---   --- ----  ----------
0     19   1    1             @delay_ms1
0     15   1    1             @delay_us1
 Inline         3   596  5.9  lcd_read_byte
0      6   0    0    59  4.2  lcd_read_nibble
0     17   1    1   179  3.3  lcd_send_nibble
0     66   3    3   460  4.7  lcd_send_byte
0     60   2    6   814  7.2  lcd_init
0     18   1    4   208  6.3  lcd_gotoxy
0     44   2    1   354  4.7  lcd_putc
0     16   1    0             @const640
0      2   0    0     3  0.0  kbd_init
0    101   4    3  4540 10.2  kbd_getc
0     37   1    2             @MUL88
1    886  34    4  5079  9.9  cambiar_temp
0      5   0    0             @const668
0     86   3    4             @PSTRINGC7_627
0      9   0    0             @const670
0      5   0    0             @const674
0      9   0    0             @const675
0     29   1    2             @ITOF
0    117   5   13             @MULFF
0    202   8   14             @DIVFF
0     31   1    4             @SFTOI
0      9   0    0             @const689
0     87   3    5             @PSTRINGCN7_627
0     88   3    8             @PRINTF_LU_627
0      9   0    0             @const694
0      5   0    0             @const695
0     21   1    3             @DIV88
0     53   2    2             @PRINTF_U_627
0      5   0    0             @const702
0      5   0    0             @const703
0      5   0    0             @const704
0     18   1    0    94  1.7  isr_timer1
0     23   1    1   228  3.2  isr_timer0
0    364  14    4  1668  6.8  MAIN
0     10   0    0             @const711
0      5   0    0             @const712
0      5   0    0             @const713
 Inline         0             @cinit1

Program metrics:
    Functions               13
    Statements              308
    Comments                261
    Volume (V)              19863
    Difficulty (D)          64.7
    Effort to implement (E) 1284784
    Time to implement (T)   19 hours, 50 minutes
    Est Delivered Bugs (B)  4
    Cyclomatic Complexity   38
    Maintainability (MI)    112

 Segment     Used  Free
-----------  ----  ----
00000-00003     4  0  
00004-00058    85  0  
00059-007FF  1606  353  
00800-00FFF   886  1162  



