
ROM used:   1534/8192 (19%)
            1534/8192 (19%) including unused fragments

            1.1 Average locations per line
            6.4 Average locations per statement

RAM used:   34/368 (9%) at main() level
            51/368 (14%) worst case

Stack used: 7 worst case (6 in main + 1 for interrupts)
Stack size: 8

Lines Stmts  %   Files
----- ----- ---  -----
  169   114  48  Evaluacion-Martin.c
  620     0   0  ..\..\..\..\..\..\Program Files (x86)\PICC\devices\16F876A.h
  456    84  35  ..\..\..\..\..\..\Program Files (x86)\PICC\drivers\lcd.c
  135    40  17  ..\..\..\..\..\..\Program Files (x86)\PICC\drivers\kbd.c
----- -----
 1380   238 Total

Page ROM  %  RAM   Vol Diff  Functions:
---- --- --- ---   --- ----  ----------
0     21   1    1             @delay_ms1
0     74   5    1             @I2C_WRITE_1
 Inline         3   596  5.9  lcd_read_byte
0      6   0    0    59  4.2  lcd_read_nibble
0     12   1    1   179  3.3  lcd_send_nibble
0     64   4    3   460  4.7  lcd_send_byte
0     62   4    6   814  7.2  lcd_init
0     18   1    4   208  6.3  lcd_gotoxy
0     44   3    1   354  4.7  lcd_putc
0     16   1    0             @const645
0      3   0    0     3  0.0  kbd_init
0    101   7    3  4540 10.2  kbd_getc
0     37   2    2             @MUL88
0     13   1    0    78  1.6  TIMER1
0    192  13    9   578  3.6  envio_de_pwm
0    221  14    2  1736  7.8  cambiar_rpm
0      5   0    0             @const676
0     86   6    4             @PSTRINGC7_632
0      5   0    0             @const678
0    274  18    2  1428  9.7  MAIN
0     13   1    0             @const687
0     87   6    5             @PSTRINGCN7_632
0     99   6    9             @PRINTF_LU_632
 Inline         0             @cinit1

Program metrics:
    Functions               13
    Statements              238
    Comments                252
    Volume (V)              15928
    Difficulty (D)          67.4
    Effort to implement (E) 1072858
    Time to implement (T)   16 hours, 33 minutes
    Est Delivered Bugs (B)  3
    Cyclomatic Complexity   33
    Maintainability (MI)    112

 Segment     Used  Free
-----------  ----  ----
00000-00003     4  0  
00004-00050    77  0  
00051-007FF  1453  514  
00800-00FFF     0  2048  
01000-017FF     0  2048  
01800-01FFF     0  2048  



