
ROM used:   1001/8192 (12%)
            1001/8192 (12%) including unused fragments

            0.8 Average locations per line
            6.8 Average locations per statement

RAM used:   65/368 (18%) at main() level
            92/368 (25%) worst case

Stack used: 6 worst case (5 in main + 1 for interrupts)
Stack size: 8

Lines Stmts  %   Files
----- ----- ---  -----
  150    64  43  prueba.c
  620     0   0  ..\..\..\..\..\Program Files (x86)\PICC\devices\16F876A.h
  456    84  57  ..\..\..\..\..\Program Files (x86)\PICC\drivers\lcd.c
----- -----
 1226   148 Total

Page ROM  %  RAM   Vol Diff  Functions:
---- --- --- ---   --- ----  ----------
0     21   2    1             @delay_ms1
 Inline         3   596  5.9  lcd_read_byte
0      6   1    0    59  4.2  lcd_read_nibble
0     12   1    1   179  3.3  lcd_send_nibble
0     72   7    3   460  4.7  lcd_send_byte
0     62   6    6   814  7.2  lcd_init
0     18   2    4   208  6.3  lcd_gotoxy
0     44   4    1   354  4.7  lcd_putc
0     14   1    3   131  3.5  inicbuff
0     40   4    2   354  5.1  serial_isr
0     14   1    0    78  1.6  TIMER1
0    310  31    2  1472  9.0  MAIN
0     23   2    5             @MUL1616
0     39   4    5             @DIV1616
0     13   1    0             @const673
0     87   9    5             @PSTRINGCN7_630
0     99  10    9             @PRINTF_LU_630
0     37   4    2             @MUL88
 Inline         0             @cinit1

Program metrics:
    Functions               11
    Statements              148
    Comments                244
    Volume (V)              7256
    Difficulty (D)          53.9
    Effort to implement (E) 391219
    Time to implement (T)   6 hours, 2 minutes
    Est Delivered Bugs (B)  2
    Cyclomatic Complexity   20
    Maintainability (MI)    137

 Segment     Used  Free
-----------  ----  ----
00000-00003     4  0  
00004-00059    86  0  
0005A-007FF   911  1047  
00800-00FFF     0  2048  
01000-017FF     0  2048  
01800-01FFF     0  2048  



