CCS PCM C Compiler, Version 5.015, 5967               18-jun.-25 22:26

               Filename:   C:\Users\User\Desktop\PRUEBA_19.6\EJERCICIO_TIPO_PRUEBA.X\build\default\production\prueba.lst

               ROM used:   1001 words (12%)
                           Largest free fragment is 2048
               RAM used:   65 (18%) at main() level
                           92 (25%) worst case
               Stack used: 6 locations (5 in main + 1 for interrupts)
               Stack size: 8

*
0000:  MOVLW  02
0001:  MOVWF  0A
0002:  GOTO   2B3
0003:  NOP
0004:  MOVWF  7F
0005:  SWAPF  03,W
0006:  CLRF   03
0007:  MOVWF  21
0008:  MOVF   0A,W
0009:  MOVWF  20
000A:  CLRF   0A
000B:  MOVF   04,W
000C:  MOVWF  22
000D:  MOVF   77,W
000E:  MOVWF  23
000F:  MOVF   78,W
0010:  MOVWF  24
0011:  MOVF   79,W
0012:  MOVWF  25
0013:  MOVF   7A,W
0014:  MOVWF  26
0015:  BSF    03.6
0016:  MOVF   0D,W
0017:  BCF    03.6
0018:  MOVWF  27
0019:  BSF    03.6
001A:  MOVF   0F,W
001B:  BCF    03.6
001C:  MOVWF  28
001D:  BSF    03.6
001E:  MOVF   0C,W
001F:  BCF    03.6
0020:  MOVWF  29
0021:  BSF    03.6
0022:  MOVF   0E,W
0023:  BCF    03.6
0024:  MOVWF  2A
0025:  BCF    03.7
0026:  BCF    03.5
0027:  MOVLW  8C
0028:  MOVWF  04
0029:  BTFSS  00.5
002A:  GOTO   02D
002B:  BTFSC  0C.5
002C:  GOTO   054
002D:  MOVLW  8C
002E:  MOVWF  04
002F:  BTFSS  00.0
0030:  GOTO   033
0031:  BTFSC  0C.0
0032:  GOTO   057
0033:  MOVF   22,W
0034:  MOVWF  04
0035:  MOVF   23,W
0036:  MOVWF  77
0037:  MOVF   24,W
0038:  MOVWF  78
0039:  MOVF   25,W
003A:  MOVWF  79
003B:  MOVF   26,W
003C:  MOVWF  7A
003D:  MOVF   27,W
003E:  BSF    03.6
003F:  MOVWF  0D
0040:  BCF    03.6
0041:  MOVF   28,W
0042:  BSF    03.6
0043:  MOVWF  0F
0044:  BCF    03.6
0045:  MOVF   29,W
0046:  BSF    03.6
0047:  MOVWF  0C
0048:  BCF    03.6
0049:  MOVF   2A,W
004A:  BSF    03.6
004B:  MOVWF  0E
004C:  BCF    03.6
004D:  MOVF   20,W
004E:  MOVWF  0A
004F:  SWAPF  21,W
0050:  MOVWF  03
0051:  SWAPF  7F,F
0052:  SWAPF  7F,W
0053:  RETFIE
0054:  BCF    0A.3
0055:  BCF    0A.4
0056:  GOTO   05A
0057:  BCF    0A.3
0058:  BCF    0A.4
0059:  GOTO   082
.................... /* 
....................  Lo mismo que el anterior pero el rpm se envia por rs232 
....................  */ 
....................  
.................... #include <16F876A.h> 
.................... //////////// Standard Header file for the PIC16F876A device //////////////// 
.................... /////////////////////////////////////////////////////////////////////////// 
.................... ////        (C) Copyright 1996, 2013 Custom Computer Services          //// 
.................... //// This source code may only be used by licensed users of the CCS C  //// 
.................... //// compiler.  This source code may only be distributed to other      //// 
.................... //// licensed users of the CCS C compiler.  No other use, reproduction //// 
.................... //// or distribution is permitted without written permission.          //// 
.................... //// Derivative programs created using this software in object code    //// 
.................... //// form are not restricted in any way.                               //// 
.................... /////////////////////////////////////////////////////////////////////////// 
.................... #device PIC16F876A 
*
0090:  DATA 52,28
0091:  DATA 4D,10
0092:  DATA D2,22
0093:  DATA 41,26
0094:  DATA A0,1E
0095:  DATA A0,12
0096:  DATA EC,3A
0097:  DATA 0A,29
0098:  DATA D0,26
0099:  DATA A0,1E
009A:  DATA A0,12
009B:  DATA EC,3A
009C:  DATA 00,00
*
0158:  MOVLW  10
0159:  MOVWF  66
015A:  CLRF   77
015B:  CLRF   7A
015C:  RRF    63,F
015D:  RRF    62,F
015E:  BTFSS  03.0
015F:  GOTO   166
0160:  MOVF   64,W
0161:  ADDWF  77,F
0162:  BTFSC  03.0
0163:  INCF   7A,F
0164:  MOVF   65,W
0165:  ADDWF  7A,F
0166:  RRF    7A,F
0167:  RRF    77,F
0168:  RRF    79,F
0169:  RRF    78,F
016A:  DECFSZ 66,F
016B:  GOTO   15C
016C:  BCF    0A.3
016D:  BCF    0A.4
016E:  GOTO   303 (RETURN)
016F:  CLRF   78
0170:  CLRF   79
0171:  CLRF   77
0172:  CLRF   7A
0173:  MOVF   67,W
0174:  BTFSS  03.2
0175:  GOTO   179
0176:  MOVF   66,W
0177:  BTFSC  03.2
0178:  GOTO   193
0179:  MOVLW  10
017A:  MOVWF  68
017B:  BCF    03.0
017C:  RLF    64,F
017D:  RLF    65,F
017E:  RLF    77,F
017F:  RLF    7A,F
0180:  MOVF   67,W
0181:  SUBWF  7A,W
0182:  BTFSS  03.2
0183:  GOTO   186
0184:  MOVF   66,W
0185:  SUBWF  77,W
0186:  BTFSS  03.0
0187:  GOTO   18F
0188:  MOVF   66,W
0189:  SUBWF  77,F
018A:  BTFSS  03.0
018B:  DECF   7A,F
018C:  MOVF   67,W
018D:  SUBWF  7A,F
018E:  BSF    03.0
018F:  RLF    78,F
0190:  RLF    79,F
0191:  DECFSZ 68,F
0192:  GOTO   17B
0193:  BCF    0A.3
0194:  BCF    0A.4
0195:  GOTO   310 (RETURN)
*
01D4:  MOVF   0B,W
01D5:  MOVWF  63
01D6:  BCF    0B.7
01D7:  BSF    03.5
01D8:  BSF    03.6
01D9:  BSF    0C.7
01DA:  BSF    0C.0
01DB:  NOP
01DC:  NOP
01DD:  BCF    03.5
01DE:  BCF    03.6
01DF:  BTFSC  63.7
01E0:  BSF    0B.7
01E1:  BTFSC  03.0
01E2:  GOTO   20B
01E3:  BSF    03.6
01E4:  MOVF   0C,W
01E5:  ANDLW  7F
01E6:  BCF    03.6
01E7:  MOVWF  63
01E8:  BSF    03.6
01E9:  MOVF   0D,W
01EA:  BCF    03.6
01EB:  MOVWF  64
01EC:  BSF    03.6
01ED:  MOVF   0F,W
01EE:  BCF    03.6
01EF:  MOVWF  65
01F0:  MOVF   63,W
01F1:  MOVWF  6B
01F2:  CALL   1A8
01F3:  MOVF   64,W
01F4:  BSF    03.6
01F5:  MOVWF  0D
01F6:  BCF    03.6
01F7:  MOVF   65,W
01F8:  BSF    03.6
01F9:  MOVWF  0F
01FA:  BCF    03.6
01FB:  MOVF   0B,W
01FC:  MOVWF  66
01FD:  BCF    0B.7
01FE:  BSF    03.5
01FF:  BSF    03.6
0200:  BSF    0C.7
0201:  BSF    0C.0
0202:  NOP
0203:  NOP
0204:  BCF    03.5
0205:  BCF    03.6
0206:  BTFSC  66.7
0207:  BSF    0B.7
0208:  DECFSZ 62,F
0209:  GOTO   20B
020A:  GOTO   22A
020B:  BSF    03.6
020C:  RLF    0C,W
020D:  RLF    0E,W
020E:  ANDLW  7F
020F:  BCF    03.6
0210:  MOVWF  63
0211:  BSF    03.6
0212:  MOVF   0D,W
0213:  BCF    03.6
0214:  MOVWF  64
0215:  BSF    03.6
0216:  MOVF   0F,W
0217:  BCF    03.6
0218:  MOVWF  65
0219:  MOVF   63,W
021A:  MOVWF  6B
021B:  CALL   1A8
021C:  MOVF   64,W
021D:  BSF    03.6
021E:  MOVWF  0D
021F:  BCF    03.6
0220:  MOVF   65,W
0221:  BSF    03.6
0222:  MOVWF  0F
0223:  INCF   0D,F
0224:  BTFSC  03.2
0225:  INCF   0F,F
0226:  BCF    03.0
0227:  BCF    03.6
0228:  DECFSZ 62,F
0229:  GOTO   1D4
022A:  RETURN
022B:  CLRF   6A
022C:  MOVF   04,W
022D:  MOVWF  69
022E:  BCF    6A.0
022F:  BTFSC  03.7
0230:  BSF    6A.0
0231:  SWAPF  63,W
0232:  IORLW  F0
0233:  MOVWF  65
0234:  ADDWF  65,F
0235:  ADDLW  E2
0236:  MOVWF  66
0237:  ADDLW  32
0238:  MOVWF  68
0239:  MOVF   63,W
023A:  ANDLW  0F
023B:  ADDWF  66,F
023C:  ADDWF  66,F
023D:  ADDWF  68,F
023E:  ADDLW  E9
023F:  MOVWF  67
0240:  ADDWF  67,F
0241:  ADDWF  67,F
0242:  SWAPF  62,W
0243:  ANDLW  0F
0244:  ADDWF  67,F
0245:  ADDWF  68,F
0246:  RLF    67,F
0247:  RLF    68,F
0248:  COMF   68,F
0249:  RLF    68,F
024A:  MOVF   62,W
024B:  ANDLW  0F
024C:  ADDWF  68,F
024D:  RLF    65,F
024E:  MOVLW  07
024F:  MOVWF  64
0250:  MOVLW  0A
0251:  ADDWF  68,F
0252:  DECF   67,F
0253:  BTFSS  03.0
0254:  GOTO   251
0255:  ADDWF  67,F
0256:  DECF   66,F
0257:  BTFSS  03.0
0258:  GOTO   255
0259:  ADDWF  66,F
025A:  DECF   65,F
025B:  BTFSS  03.0
025C:  GOTO   259
025D:  ADDWF  65,F
025E:  DECF   64,F
025F:  BTFSS  03.0
0260:  GOTO   25D
0261:  MOVLW  64
0262:  MOVWF  04
0263:  BCF    03.7
0264:  MOVLW  07
0265:  ANDWF  69,W
0266:  BCF    69.6
0267:  ADDWF  04,F
0268:  MOVLW  68
0269:  SUBWF  04,W
026A:  BTFSC  03.2
026B:  BSF    69.6
026C:  MOVF   00,W
026D:  MOVWF  77
026E:  BTFSS  03.2
026F:  GOTO   278
0270:  BTFSC  69.6
0271:  GOTO   278
0272:  BTFSC  69.4
0273:  GOTO   28A
0274:  BTFSC  69.3
0275:  GOTO   278
0276:  MOVLW  20
0277:  GOTO   27B
0278:  BSF    69.3
0279:  BCF    69.4
027A:  MOVLW  30
027B:  ADDWF  77,F
027C:  CLRF   63
027D:  MOVF   04,W
027E:  MOVWF  62
027F:  BCF    63.0
0280:  BTFSC  03.7
0281:  BSF    63.0
0282:  MOVF   77,W
0283:  MOVWF  6B
0284:  CALL   1A8
0285:  MOVF   62,W
0286:  MOVWF  04
0287:  BCF    03.7
0288:  BTFSC  63.0
0289:  BSF    03.7
028A:  INCF   04,F
028B:  BTFSS  69.6
028C:  GOTO   268
028D:  RETURN
028E:  CLRF   77
028F:  CLRF   78
0290:  MOVF   64,W
0291:  BCF    03.0
0292:  BTFSC  65.0
0293:  ADDWF  77,F
0294:  RRF    77,F
0295:  RRF    78,F
0296:  BTFSC  65.1
0297:  ADDWF  77,F
0298:  RRF    77,F
0299:  RRF    78,F
029A:  BTFSC  65.2
029B:  ADDWF  77,F
029C:  RRF    77,F
029D:  RRF    78,F
029E:  BTFSC  65.3
029F:  ADDWF  77,F
02A0:  RRF    77,F
02A1:  RRF    78,F
02A2:  BTFSC  65.4
02A3:  ADDWF  77,F
02A4:  RRF    77,F
02A5:  RRF    78,F
02A6:  BTFSC  65.5
02A7:  ADDWF  77,F
02A8:  RRF    77,F
02A9:  RRF    78,F
02AA:  BTFSC  65.6
02AB:  ADDWF  77,F
02AC:  RRF    77,F
02AD:  RRF    78,F
02AE:  BTFSC  65.7
02AF:  ADDWF  77,F
02B0:  RRF    77,F
02B1:  RRF    78,F
02B2:  RETURN
....................  
.................... #list 
....................  
.................... #fuses XT,NOWDT,NOPROTECT,NOLVP,NOBROWNOUT 
.................... #use delay(clock=4000000) 
*
00AB:  MOVLW  6C
00AC:  MOVWF  04
00AD:  BCF    03.7
00AE:  MOVF   00,W
00AF:  BTFSC  03.2
00B0:  GOTO   0BF
00B1:  MOVLW  01
00B2:  MOVWF  78
00B3:  CLRF   77
00B4:  DECFSZ 77,F
00B5:  GOTO   0B4
00B6:  DECFSZ 78,F
00B7:  GOTO   0B3
00B8:  MOVLW  4A
00B9:  MOVWF  77
00BA:  DECFSZ 77,F
00BB:  GOTO   0BA
00BC:  GOTO   0BD
00BD:  DECFSZ 00,F
00BE:  GOTO   0B1
00BF:  RETURN
.................... #use rs232(baud=9600, xmit=pin_c6, rcv=pin_c7) 
.................... #use standard_io(A) 
.................... #use standard_io(B) 
....................  
.................... #define LCD_DATA_PORTB 
.................... #include <lcd.c> 
.................... /////////////////////////////////////////////////////////////////////////////// 
.................... ////                             LCD.C                                     //// 
.................... ////                 Driver for common LCD modules                         //// 
.................... ////                                                                       //// 
.................... ////  lcd_init()   Must be called before any other function.               //// 
.................... ////                                                                       //// 
.................... ////  lcd_putc(c)  Will display c on the next position of the LCD.         //// 
.................... ////                 \a  Set cursor position to upper left                 //// 
.................... ////                 \f  Clear display, set cursor to upper left           //// 
.................... ////                 \n  Go to start of second line                        //// 
.................... ////                 \b  Move back one position                            //// 
.................... ////              If LCD_EXTENDED_NEWLINE is defined, the \n character     //// 
.................... ////              will erase all remanining characters on the current      //// 
.................... ////              line, and move the cursor to the beginning of the next   //// 
.................... ////              line.                                                    //// 
.................... ////              If LCD_EXTENDED_NEWLINE is defined, the \r character     //// 
.................... ////              will move the cursor to the start of the current         //// 
.................... ////              line.                                                    //// 
.................... ////                                                                       //// 
.................... ////  lcd_gotoxy(x,y) Set write position on LCD (upper left is 1,1)        //// 
.................... ////                                                                       //// 
.................... ////  lcd_getc(x,y)   Returns character at position x,y on LCD             //// 
.................... ////                                                                       //// 
.................... ////  lcd_cursor_on(int1 on)   Turn the cursor on (on=TRUE) or off         //// 
.................... ////              (on=FALSE).                                              //// 
.................... ////                                                                       //// 
.................... ////  lcd_set_cgram_char(w, *p)   Write a custom character to the CGRAM.   //// 
.................... ////                                                                       //// 
.................... ////                                                                       //// 
.................... ////  CONFIGURATION                                                        //// 
.................... ////  The LCD can be configured in one of two ways: a.) port access or     //// 
.................... ////  b.) pin access.  Port access requires the entire 7 bit interface     //// 
.................... ////  connected to one GPIO port, and the data bits (D4:D7 of the LCD)     //// 
.................... ////  connected to sequential pins on the GPIO.  Pin access                //// 
.................... ////  has no requirements, all 7 bits of the control interface can         //// 
.................... ////  can be connected to any GPIO using several ports.                    //// 
.................... ////                                                                       //// 
.................... ////  To use port access, #define LCD_DATA_PORT to the SFR location of     //// 
.................... ////  of the GPIO port that holds the interface, -AND- edit LCD_PIN_MAP    //// 
.................... ////  of this file to configure the pin order.  If you are using a         //// 
.................... ////  baseline PIC (PCB), then LCD_OUTPUT_MAP and LCD_INPUT_MAP also must  //// 
.................... ////  be defined.                                                          //// 
.................... ////                                                                       //// 
.................... ////  Example of port access:                                              //// 
.................... ////     #define LCD_DATA_PORT getenv("SFR:PORTD")                         //// 
.................... ////                                                                       //// 
.................... ////  To use pin access, the following pins must be defined:               //// 
.................... ////     LCD_ENABLE_PIN                                                    //// 
.................... ////     LCD_RS_PIN                                                        //// 
.................... ////     LCD_RW_PIN                                                        //// 
.................... ////     LCD_DATA4                                                         //// 
.................... ////     LCD_DATA5                                                         //// 
.................... ////     LCD_DATA6                                                         //// 
.................... ////     LCD_DATA7                                                         //// 
.................... ////                                                                       //// 
.................... ////  Example of pin access:                                               //// 
.................... ////     #define LCD_ENABLE_PIN  PIN_E0                                    //// 
.................... ////     #define LCD_RS_PIN      PIN_E1                                    //// 
.................... ////     #define LCD_RW_PIN      PIN_E2                                    //// 
.................... ////     #define LCD_DATA4       PIN_D4                                    //// 
.................... ////     #define LCD_DATA5       PIN_D5                                    //// 
.................... ////     #define LCD_DATA6       PIN_D6                                    //// 
.................... ////     #define LCD_DATA7       PIN_D7                                    //// 
.................... ////                                                                       //// 
.................... /////////////////////////////////////////////////////////////////////////////// 
.................... ////        (C) Copyright 1996,2010 Custom Computer Services           //// 
.................... //// This source code may only be used by licensed users of the CCS C  //// 
.................... //// compiler.  This source code may only be distributed to other      //// 
.................... //// licensed users of the CCS C compiler.  No other use, reproduction //// 
.................... //// or distribution is permitted without written permission.          //// 
.................... //// Derivative programs created using this software in object code    //// 
.................... //// form are not restricted in any way.                               //// 
.................... /////////////////////////////////////////////////////////////////////////// 
....................  
.................... #ifndef __LCD_C__ 
.................... #define __LCD_C__ 
....................  
.................... // define the pinout. 
.................... // only required if port access is being used. 
.................... typedef struct   
.................... {                            // This structure is overlayed 
....................    int1 enable;           // on to an I/O port to gain 
....................    int1 rs;               // access to the LCD pins. 
....................    int1 rw;               // The bits are allocated from 
....................    int1 unused;           // low order up.  ENABLE will 
....................    unsigned int     data : 4;         // be LSB pin of that port. 
....................   #if defined(__PCD__)       // The port used will be LCD_DATA_PORT. 
....................    unsigned int    reserved: 8; 
....................   #endif 
.................... } LCD_PIN_MAP; 
....................  
.................... // this is to improve compatability with previous LCD drivers that accepted 
.................... // a define labeled 'use_portb_lcd' that configured the LCD onto port B. 
.................... #if ((defined(use_portb_lcd)) && (use_portb_lcd==TRUE)) 
....................  #define LCD_DATA_PORT getenv("SFR:PORTB") 
.................... #endif 
....................  
.................... #if defined(__PCB__) 
....................    // these definitions only need to be modified for baseline PICs. 
....................    // all other PICs use LCD_PIN_MAP or individual LCD_xxx pin definitions. 
.................... /*                                    EN, RS,   RW,   UNUSED,  DATA  */ 
....................  const LCD_PIN_MAP LCD_OUTPUT_MAP =  {0,  0,    0,    0,       0}; 
....................  const LCD_PIN_MAP LCD_INPUT_MAP =   {0,  0,    0,    0,       0xF}; 
.................... #endif 
....................  
.................... ////////////////////// END CONFIGURATION /////////////////////////////////// 
....................  
.................... #ifndef LCD_ENABLE_PIN 
....................    #define lcd_output_enable(x) lcdlat.enable=x 
....................    #define lcd_enable_tris()   lcdtris.enable=0 
.................... #else 
....................    #define lcd_output_enable(x) output_bit(LCD_ENABLE_PIN, x) 
....................    #define lcd_enable_tris()  output_drive(LCD_ENABLE_PIN) 
.................... #endif 
....................  
.................... #ifndef LCD_RS_PIN 
....................    #define lcd_output_rs(x) lcdlat.rs=x 
....................    #define lcd_rs_tris()   lcdtris.rs=0 
.................... #else 
....................    #define lcd_output_rs(x) output_bit(LCD_RS_PIN, x) 
....................    #define lcd_rs_tris()  output_drive(LCD_RS_PIN) 
.................... #endif 
....................  
.................... #ifndef LCD_RW_PIN 
....................    #define lcd_output_rw(x) lcdlat.rw=x 
....................    #define lcd_rw_tris()   lcdtris.rw=0 
.................... #else 
....................    #define lcd_output_rw(x) output_bit(LCD_RW_PIN, x) 
....................    #define lcd_rw_tris()  output_drive(LCD_RW_PIN) 
.................... #endif 
....................  
.................... // original version of this library incorrectly labeled LCD_DATA0 as LCD_DATA4, 
.................... // LCD_DATA1 as LCD_DATA5, and so on.  this block of code makes the driver 
.................... // compatible with any code written for the original library 
.................... #if (defined(LCD_DATA0) && defined(LCD_DATA1) && defined(LCD_DATA2) && defined(LCD_DATA3) && !defined(LCD_DATA4) && !defined(LCD_DATA5) && !defined(LCD_DATA6) && !defined(LCD_DATA7)) 
....................    #define  LCD_DATA4    LCD_DATA0 
....................    #define  LCD_DATA5    LCD_DATA1 
....................    #define  LCD_DATA6    LCD_DATA2 
....................    #define  LCD_DATA7    LCD_DATA3 
.................... #endif 
....................  
.................... #ifndef LCD_DATA4 
.................... #ifndef LCD_DATA_PORT 
....................    #if defined(__PCB__) 
....................       #define LCD_DATA_PORT      0x06     //portb 
....................       #define set_tris_lcd(x)   set_tris_b(x) 
....................    #else 
....................      #if defined(PIN_D0) 
....................       #define LCD_DATA_PORT      getenv("SFR:PORTD")     //portd 
....................      #else 
....................       #define LCD_DATA_PORT      getenv("SFR:PORTB")     //portb 
....................      #endif 
....................    #endif    
.................... #endif 
....................  
.................... #if defined(__PCB__) 
....................    LCD_PIN_MAP lcd, lcdlat; 
....................    #byte lcd = LCD_DATA_PORT 
....................    #byte lcdlat = LCD_DATA_PORT 
.................... #elif defined(__PCM__) 
....................    LCD_PIN_MAP lcd, lcdlat, lcdtris; 
....................    #byte lcd = LCD_DATA_PORT 
....................    #byte lcdlat = LCD_DATA_PORT 
....................    #byte lcdtris = LCD_DATA_PORT+0x80 
.................... #elif defined(__PCH__) 
....................    LCD_PIN_MAP lcd, lcdlat, lcdtris; 
....................    #byte lcd = LCD_DATA_PORT 
....................    #byte lcdlat = LCD_DATA_PORT+9 
....................    #byte lcdtris = LCD_DATA_PORT+0x12 
.................... #elif defined(__PCD__) 
....................    LCD_PIN_MAP lcd, lcdlat, lcdtris; 
....................    #word lcd = LCD_DATA_PORT 
....................    #word lcdlat = LCD_DATA_PORT+2 
....................    #word lcdtris = LCD_DATA_PORT-0x02 
.................... #endif 
.................... #endif   //LCD_DATA4 not defined 
....................  
.................... #ifndef LCD_TYPE 
....................    #define LCD_TYPE 2           // 0=5x7, 1=5x10, 2=2 lines 
.................... #endif 
....................  
.................... #ifndef LCD_LINE_TWO 
....................    #define LCD_LINE_TWO 0x40    // LCD RAM address for the second line 
.................... #endif 
....................  
.................... #ifndef LCD_LINE_LENGTH 
....................    #define LCD_LINE_LENGTH 20 
.................... #endif 
....................  
.................... unsigned int8 lcd_read_nibble(void); 
....................  
.................... unsigned int8 lcd_read_byte(void) 
.................... { 
....................    unsigned int8 low,high; 
....................  
....................  #if defined(__PCB__) 
....................    set_tris_lcd(LCD_INPUT_MAP); 
....................  #else 
....................   #if (defined(LCD_DATA4) && defined(LCD_DATA5) && defined(LCD_DATA6) && defined(LCD_DATA7)) 
....................    output_float(LCD_DATA4); 
....................    output_float(LCD_DATA5); 
....................    output_float(LCD_DATA6); 
....................    output_float(LCD_DATA7); 
....................   #else 
....................    lcdtris.data = 0xF; 
*
00D8:  MOVLW  0F
00D9:  BSF    03.5
00DA:  ANDWF  06,W
00DB:  IORLW  F0
00DC:  MOVWF  06
....................   #endif 
....................  #endif 
....................          
....................    lcd_output_rw(1); 
00DD:  BCF    03.5
00DE:  BSF    06.2
....................    delay_cycles(1); 
00DF:  NOP
....................    lcd_output_enable(1); 
00E0:  BSF    06.0
....................    delay_cycles(1); 
00E1:  NOP
....................    high = lcd_read_nibble(); 
00E2:  CALL   0CC
00E3:  MOVF   78,W
00E4:  MOVWF  73
....................        
....................    lcd_output_enable(0); 
00E5:  BCF    06.0
....................    delay_cycles(1); 
00E6:  NOP
....................    lcd_output_enable(1); 
00E7:  BSF    06.0
....................    delay_us(1); 
00E8:  NOP
....................    low = lcd_read_nibble(); 
00E9:  CALL   0CC
00EA:  MOVF   78,W
00EB:  MOVWF  72
....................        
....................    lcd_output_enable(0); 
00EC:  BCF    06.0
....................  
....................  #if defined(__PCB__) 
....................    set_tris_lcd(LCD_OUTPUT_MAP); 
....................  #else 
....................   #if (defined(LCD_DATA4) && defined(LCD_DATA5) && defined(LCD_DATA6) && defined(LCD_DATA7)) 
....................    output_drive(LCD_DATA4); 
....................    output_drive(LCD_DATA5); 
....................    output_drive(LCD_DATA6); 
....................    output_drive(LCD_DATA7); 
....................   #else 
....................    lcdtris.data = 0x0; 
00ED:  MOVLW  0F
00EE:  BSF    03.5
00EF:  ANDWF  06,W
00F0:  MOVWF  06
....................   #endif 
....................  #endif 
....................  
....................    return( (high<<4) | low); 
00F1:  SWAPF  73,W
00F2:  MOVWF  77
00F3:  MOVLW  F0
00F4:  ANDWF  77,F
00F5:  MOVF   77,W
00F6:  IORWF  72,W
00F7:  MOVWF  78
.................... } 
....................  
.................... unsigned int8 lcd_read_nibble(void) 
.................... { 
....................   #if (defined(LCD_DATA4) && defined(LCD_DATA5) && defined(LCD_DATA6) && defined(LCD_DATA7)) 
....................    unsigned int8 n = 0x00; 
....................  
....................    /* Read the data port */ 
....................    n |= input(LCD_DATA4); 
....................    n |= input(LCD_DATA5) << 1; 
....................    n |= input(LCD_DATA6) << 2; 
....................    n |= input(LCD_DATA7) << 3; 
....................     
....................    return(n); 
....................   #else 
....................    return(lcd.data); 
*
00CC:  MOVF   06,W
00CD:  MOVWF  77
00CE:  SWAPF  06,W
00CF:  ANDLW  0F
00D0:  MOVWF  78
....................   #endif 
00D1:  RETURN
.................... } 
....................  
.................... void lcd_send_nibble(unsigned int8 n) 
.................... { 
....................   #if (defined(LCD_DATA4) && defined(LCD_DATA5) && defined(LCD_DATA6) && defined(LCD_DATA7)) 
....................    /* Write to the data port */ 
....................    output_bit(LCD_DATA4, bit_test(n, 0)); 
....................    output_bit(LCD_DATA5, bit_test(n, 1)); 
....................    output_bit(LCD_DATA6, bit_test(n, 2)); 
....................    output_bit(LCD_DATA7, bit_test(n, 3)); 
....................   #else       
....................    lcdlat.data = n; 
*
00C0:  SWAPF  73,W
00C1:  ANDLW  F0
00C2:  MOVWF  77
00C3:  MOVLW  0F
00C4:  ANDWF  06,W
00C5:  IORWF  77,W
00C6:  MOVWF  06
....................   #endif 
....................        
....................    delay_cycles(1); 
00C7:  NOP
....................    lcd_output_enable(1); 
00C8:  BSF    06.0
....................    delay_us(2); 
00C9:  GOTO   0CA
....................    lcd_output_enable(0); 
00CA:  BCF    06.0
00CB:  RETURN
.................... } 
....................  
.................... void lcd_send_byte(unsigned int8 address, unsigned int8 n) 
.................... { 
....................   #if defined(__PCB__) 
....................    set_tris_lcd(LCD_OUTPUT_MAP); 
....................   #else 
....................    lcd_enable_tris(); 
*
00D2:  BSF    03.5
00D3:  BCF    06.0
....................    lcd_rs_tris(); 
00D4:  BCF    06.1
....................    lcd_rw_tris(); 
00D5:  BCF    06.2
....................   #endif 
....................  
....................    lcd_output_rs(0); 
00D6:  BCF    03.5
00D7:  BCF    06.1
....................    while ( bit_test(lcd_read_byte(),7) ) ; 
*
00F8:  MOVF   78,W
00F9:  MOVWF  72
00FA:  BTFSS  72.7
00FB:  GOTO   0FE
00FC:  BCF    03.5
00FD:  GOTO   0D8
....................    lcd_output_rs(address); 
00FE:  BTFSC  70.0
00FF:  GOTO   103
0100:  BCF    03.5
0101:  BCF    06.1
0102:  BSF    03.5
0103:  BTFSS  70.0
0104:  GOTO   108
0105:  BCF    03.5
0106:  BSF    06.1
0107:  BSF    03.5
....................    delay_cycles(1); 
0108:  NOP
....................    lcd_output_rw(0); 
0109:  BCF    03.5
010A:  BCF    06.2
....................    delay_cycles(1); 
010B:  NOP
....................    lcd_output_enable(0); 
010C:  BCF    06.0
....................    lcd_send_nibble(n >> 4); 
010D:  SWAPF  71,W
010E:  MOVWF  72
010F:  MOVLW  0F
0110:  ANDWF  72,F
0111:  MOVF   72,W
0112:  MOVWF  73
0113:  CALL   0C0
....................    lcd_send_nibble(n & 0xf); 
0114:  MOVF   71,W
0115:  ANDLW  0F
0116:  MOVWF  72
0117:  MOVWF  73
0118:  CALL   0C0
0119:  RETURN
.................... } 
....................  
.................... #if defined(LCD_EXTENDED_NEWLINE) 
.................... unsigned int8 g_LcdX, g_LcdY; 
.................... #endif 
....................  
.................... void lcd_init(void)  
.................... { 
....................    unsigned int8 i; 
....................    unsigned int8 LCD_INIT_STRING[4] = {0x20 | (LCD_TYPE << 2), 0xc, 1, 6}; 
011A:  MOVLW  28
011B:  MOVWF  63
011C:  MOVLW  0C
011D:  MOVWF  64
011E:  MOVLW  01
011F:  MOVWF  65
0120:  MOVLW  06
0121:  MOVWF  66
....................                              // These bytes need to be sent to the LCD 
....................                              // to start it up. 
....................     
....................  
....................    lcd_output_enable(0); 
0122:  BCF    06.0
....................    lcd_output_rs(0); 
0123:  BCF    06.1
....................    lcd_output_rw(0); 
0124:  BCF    06.2
....................  
....................  #if defined(__PCB__) 
....................    set_tris_lcd(LCD_OUTPUT_MAP); 
....................  #else 
....................   #if (defined(LCD_DATA4) && defined(LCD_DATA5) && defined(LCD_DATA6) && defined(LCD_DATA7)) 
....................    output_drive(LCD_DATA4); 
....................    output_drive(LCD_DATA5); 
....................    output_drive(LCD_DATA6); 
....................    output_drive(LCD_DATA7); 
....................   #else 
....................    lcdtris.data = 0x0; 
0125:  MOVLW  0F
0126:  BSF    03.5
0127:  ANDWF  06,W
0128:  MOVWF  06
....................   #endif 
....................    lcd_enable_tris(); 
0129:  BCF    06.0
....................    lcd_rs_tris(); 
012A:  BCF    06.1
....................    lcd_rw_tris(); 
012B:  BCF    06.2
....................  #endif 
....................      
....................    delay_ms(15); 
012C:  MOVLW  0F
012D:  BCF    03.5
012E:  MOVWF  6C
012F:  CALL   0AB
....................    for(i=1;i<=3;++i) 
0130:  MOVLW  01
0131:  MOVWF  62
0132:  MOVF   62,W
0133:  SUBLW  03
0134:  BTFSS  03.0
0135:  GOTO   13E
....................    { 
....................        lcd_send_nibble(3); 
0136:  MOVLW  03
0137:  MOVWF  73
0138:  CALL   0C0
....................        delay_ms(5); 
0139:  MOVLW  05
013A:  MOVWF  6C
013B:  CALL   0AB
013C:  INCF   62,F
013D:  GOTO   132
....................    } 
....................     
....................    lcd_send_nibble(2); 
013E:  MOVLW  02
013F:  MOVWF  73
0140:  CALL   0C0
....................    delay_ms(5); 
0141:  MOVLW  05
0142:  MOVWF  6C
0143:  CALL   0AB
....................    for(i=0;i<=3;++i) 
0144:  CLRF   62
0145:  MOVF   62,W
0146:  SUBLW  03
0147:  BTFSS  03.0
0148:  GOTO   155
....................       lcd_send_byte(0,LCD_INIT_STRING[i]); 
0149:  MOVLW  63
014A:  ADDWF  62,W
014B:  MOVWF  04
014C:  BCF    03.7
014D:  MOVF   00,W
014E:  MOVWF  67
014F:  CLRF   70
0150:  MOVF   67,W
0151:  MOVWF  71
0152:  CALL   0D2
....................  
....................   #if defined(LCD_EXTENDED_NEWLINE) 
0153:  INCF   62,F
0154:  GOTO   145
0155:  BCF    0A.3
0156:  BCF    0A.4
0157:  GOTO   2F8 (RETURN)
....................    g_LcdX = 0; 
....................    g_LcdY = 0; 
....................   #endif 
.................... } 
....................  
.................... void lcd_gotoxy(unsigned int8 x, unsigned int8 y) 
.................... { 
....................    unsigned int8 address; 
....................     
....................    if(y!=1) 
*
0196:  DECFSZ 6D,W
0197:  GOTO   199
0198:  GOTO   19C
....................       address=LCD_LINE_TWO; 
0199:  MOVLW  40
019A:  MOVWF  6E
019B:  GOTO   19D
....................    else 
....................       address=0; 
019C:  CLRF   6E
....................       
....................    address+=x-1; 
019D:  MOVLW  01
019E:  SUBWF  6C,W
019F:  ADDWF  6E,F
....................    lcd_send_byte(0,0x80|address); 
01A0:  MOVF   6E,W
01A1:  IORLW  80
01A2:  MOVWF  6F
01A3:  CLRF   70
01A4:  MOVF   6F,W
01A5:  MOVWF  71
01A6:  CALL   0D2
....................  
....................   #if defined(LCD_EXTENDED_NEWLINE) 
01A7:  RETURN
....................    g_LcdX = x - 1; 
....................    g_LcdY = y - 1; 
....................   #endif 
.................... } 
....................  
.................... void lcd_putc(char c) 
.................... { 
....................    switch (c) 
01A8:  MOVF   6B,W
01A9:  XORLW  07
01AA:  BTFSC  03.2
01AB:  GOTO   1B6
01AC:  XORLW  0B
01AD:  BTFSC  03.2
01AE:  GOTO   1BB
01AF:  XORLW  06
01B0:  BTFSC  03.2
01B1:  GOTO   1C3
01B2:  XORLW  02
01B3:  BTFSC  03.2
01B4:  GOTO   1C9
01B5:  GOTO   1CE
....................    { 
....................       case '\a'   :  lcd_gotoxy(1,1);     break; 
01B6:  MOVLW  01
01B7:  MOVWF  6C
01B8:  MOVWF  6D
01B9:  CALL   196
01BA:  GOTO   1D3
....................  
....................       case '\f'   :  lcd_send_byte(0,1); 
01BB:  CLRF   70
01BC:  MOVLW  01
01BD:  MOVWF  71
01BE:  CALL   0D2
....................                      delay_ms(2); 
01BF:  MOVLW  02
01C0:  MOVWF  6C
01C1:  CALL   0AB
....................                     #if defined(LCD_EXTENDED_NEWLINE) 
....................                      g_LcdX = 0; 
....................                      g_LcdY = 0; 
....................                     #endif 
....................                      break; 
01C2:  GOTO   1D3
....................  
....................      #if defined(LCD_EXTENDED_NEWLINE) 
....................       case '\r'   :  lcd_gotoxy(1, g_LcdY+1);   break; 
....................       case '\n'   : 
....................          while (g_LcdX++ < LCD_LINE_LENGTH) 
....................          { 
....................             lcd_send_byte(1, ' '); 
....................          } 
....................          lcd_gotoxy(1, g_LcdY+2); 
....................          break; 
....................      #else 
....................       case '\n'   : lcd_gotoxy(1,2);        break; 
01C3:  MOVLW  01
01C4:  MOVWF  6C
01C5:  MOVLW  02
01C6:  MOVWF  6D
01C7:  CALL   196
01C8:  GOTO   1D3
....................      #endif 
....................       
....................       case '\b'   : lcd_send_byte(0,0x10);  break; 
01C9:  CLRF   70
01CA:  MOVLW  10
01CB:  MOVWF  71
01CC:  CALL   0D2
01CD:  GOTO   1D3
....................       
....................      #if defined(LCD_EXTENDED_NEWLINE) 
....................       default     :  
....................          if (g_LcdX < LCD_LINE_LENGTH) 
....................          { 
....................             lcd_send_byte(1, c); 
....................             g_LcdX++; 
....................          } 
....................          break; 
....................      #else 
....................       default     : lcd_send_byte(1,c);     break; 
01CE:  MOVLW  01
01CF:  MOVWF  70
01D0:  MOVF   6B,W
01D1:  MOVWF  71
01D2:  CALL   0D2
....................      #endif 
....................    } 
01D3:  RETURN
.................... } 
....................   
.................... char lcd_getc(unsigned int8 x, unsigned int8 y) 
.................... { 
....................    char value; 
....................  
....................    lcd_gotoxy(x,y); 
....................    while ( bit_test(lcd_read_byte(),7) ); // wait until busy flag is low 
....................    lcd_output_rs(1); 
....................    value = lcd_read_byte(); 
....................    lcd_output_rs(0); 
....................     
....................    return(value); 
.................... } 
....................  
.................... // write a custom character to the ram 
.................... // which is 0-7 and specifies which character array we are modifying. 
.................... // ptr points to an array of 8 bytes, where each byte is the next row of 
.................... //    pixels.  only bits 0-4 are used.  the last row is the cursor row, and 
.................... //    usually you will want to leave this byte 0x00. 
.................... void lcd_set_cgram_char(unsigned int8 which, unsigned int8 *ptr) 
.................... { 
....................    unsigned int i; 
....................  
....................    which <<= 3; 
....................    which &= 0x38; 
....................  
....................    lcd_send_byte(0, 0x40 | which);  //set cgram address 
....................  
....................    for(i=0; i<8; i++) 
....................    { 
....................       lcd_send_byte(1, *ptr++); 
....................    } 
....................    
....................    #if defined(LCD_EXTENDED_NEWLINE) 
....................     lcd_gotoxy(g_LcdX+1, g_LcdY+1);  //set ddram address 
....................    #endif 
.................... } 
....................  
.................... void lcd_cursor_on(int1 on) 
.................... { 
....................    if (on) 
....................    { 
....................       lcd_send_byte(0,0x0F);           //turn LCD cursor ON 
....................    } 
....................    else 
....................    { 
....................       lcd_send_byte(0,0x0C);           //turn LCD cursor OFF 
....................    } 
.................... } 
....................  
.................... #endif 
....................  
....................  
.................... /******************************************************************************/ 
....................  
.................... int const lenbuff=32;                  // Longitud de buffer, Ajustar 
....................                                        // a lo que desees (o te sea posible) 
....................  
.................... int  xbuff=0x00;                       // Índice: siguiente char en cbuff 
.................... char cbuff[lenbuff];                   // Buffer 
.................... char rcvchar=0x00;                     // último caracter recibido 
.................... int1 flagcomando=0;                    // Flag para indicar comando disponible  
.................... int1 flag; 
....................  
.................... /******************************************************************************/ 
....................  
.................... int temp; 
....................  
.................... int contador=0; 
.................... int flag1=0;  
.................... int16 pwm = 0; 
.................... int16 rpm_ideal; 
.................... int16 rpm_ideal_eprom; 
.................... int16 rpm; 
....................  
.................... void inicbuff(void);                   // Borra buffer  
.................... int  addcbuff(char c); 
....................  
.................... void inicbuff(void){                   // Inicia a  cbuff ------------------- 
....................    int i; 
....................  
....................    for(i=0;i<lenbuff;i++){             // Bucle que pone a 0 todos los 
*
009D:  CLRF   62
009E:  MOVF   62,W
009F:  SUBLW  1F
00A0:  BTFSS  03.0
00A1:  GOTO   0A9
....................       cbuff[ i ]=0x00;                 // caracteres en el buffer 
00A2:  MOVLW  2C
00A3:  ADDWF  62,W
00A4:  MOVWF  04
00A5:  BCF    03.7
00A6:  CLRF   00
00A7:  INCF   62,F
00A8:  GOTO   09E
....................    } 
....................    xbuff=0x00;                         // Inicializo el indice de siguiente 
00A9:  CLRF   2B
00AA:  RETURN
....................                                        // caracter 
.................... } 
....................  
.................... /******************************************************************************/ 
.................... #int_rda 
.................... void serial_isr()  
.................... {                                          // Interrupción recepción serie USART 
....................  
....................     rcvchar=0x00;                          // Inicializo caracter recibido                     
*
005A:  CLRF   4C
....................     if(kbhit()) 
005B:  BTFSS  0C.5
005C:  GOTO   07E
....................     {                                     // Si hay algo pendiente de recibir ... 
....................        rcvchar=getc();                    // lo descargo y ... 
005D:  BTFSS  0C.5
005E:  GOTO   05D
005F:  MOVF   1A,W
0060:  MOVWF  4C
....................        if(rcvchar=='*'&&flag==0) 
0061:  MOVF   4C,W
0062:  SUBLW  2A
0063:  BTFSS  03.2
0064:  GOTO   069
0065:  BTFSC  4D.1
0066:  GOTO   069
....................        { 
....................            flag=1; 
0067:  BSF    4D.1
....................            return; 
0068:  GOTO   07E
....................        } 
....................        if(flag==1&&rcvchar!='*') 
0069:  BTFSS  4D.1
006A:  GOTO   076
006B:  MOVF   4C,W
006C:  SUBLW  2A
006D:  BTFSC  03.2
006E:  GOTO   076
....................        { 
....................        cbuff[xbuff++]=rcvchar;          // Añade caracter recibido al Buffer 
006F:  MOVF   2B,W
0070:  INCF   2B,F
0071:  ADDLW  2C
0072:  MOVWF  04
0073:  BCF    03.7
0074:  MOVF   4C,W
0075:  MOVWF  00
....................        } 
....................        if(flag==1&&rcvchar=='*') 
0076:  BTFSS  4D.1
0077:  GOTO   07E
0078:  MOVF   4C,W
0079:  SUBLW  2A
007A:  BTFSS  03.2
007B:  GOTO   07E
....................        { 
....................        flagcomando=1; 
007C:  BSF    4D.0
....................        flag=0; 
007D:  BCF    4D.1
....................        }                                // Añade caracter recibido al Buffer 
....................      } 
....................  
....................  } 
.................... /******************************************************************************/ 
....................  
007E:  BCF    0C.5
007F:  BCF    0A.3
0080:  BCF    0A.4
0081:  GOTO   033
.................... #INT_TIMER1  
.................... void TIMER1(void) 
.................... { 
....................     contador = get_timer0(); 
0082:  MOVF   01,W
0083:  MOVWF  4F
....................     flag1=1; 
0084:  MOVLW  01
0085:  MOVWF  50
....................     set_timer1(53036); 
0086:  CLRF   0E
0087:  MOVLW  CF
0088:  MOVWF  0F
0089:  MOVLW  2C
008A:  MOVWF  0E
....................     set_timer0(0); 
008B:  CLRF   01
008C:  BCF    0C.0
008D:  BCF    0A.3
008E:  BCF    0A.4
008F:  GOTO   033
.................... } 
....................  
.................... void main(void) 
*
02B3:  MOVF   03,W
02B4:  ANDLW  1F
02B5:  MOVWF  03
02B6:  MOVLW  19
02B7:  BSF    03.5
02B8:  MOVWF  19
02B9:  MOVLW  A6
02BA:  MOVWF  18
02BB:  MOVLW  90
02BC:  BCF    03.5
02BD:  MOVWF  18
02BE:  CLRF   2B
02BF:  CLRF   4C
02C0:  BCF    4D.0
02C1:  CLRF   4F
02C2:  CLRF   50
02C3:  CLRF   52
02C4:  CLRF   51
02C5:  MOVLW  FF
02C6:  MOVWF  59
02C7:  BSF    03.5
02C8:  BSF    1F.0
02C9:  BSF    1F.1
02CA:  BSF    1F.2
02CB:  BCF    1F.3
02CC:  MOVLW  07
02CD:  MOVWF  1C
02CE:  BCF    03.7
.................... { 
....................     setup_timer_2(T2_DIV_BY_16,255,1); 
02CF:  MOVLW  00
02D0:  MOVWF  78
02D1:  IORLW  06
02D2:  BCF    03.5
02D3:  MOVWF  12
02D4:  MOVLW  FF
02D5:  BSF    03.5
02D6:  MOVWF  12
....................     setup_timer_1(T1_INTERNAL|T1_DIV_BY_8); 
02D7:  MOVLW  B5
02D8:  BCF    03.5
02D9:  MOVWF  10
....................     setup_timer_0(T0_EXT_L_TO_H|T0_DIV_1); 
02DA:  BSF    03.5
02DB:  MOVF   01,W
02DC:  ANDLW  C7
02DD:  IORLW  28
02DE:  MOVWF  01
....................     set_timer0(0); 
02DF:  BCF    03.5
02E0:  CLRF   01
....................     set_timer1(53036); 
02E1:  CLRF   0E
02E2:  MOVLW  CF
02E3:  MOVWF  0F
02E4:  MOVLW  2C
02E5:  MOVWF  0E
....................     setup_ccp1(CCP_PWM); 
02E6:  BCF    59.2
02E7:  MOVF   59,W
02E8:  BSF    03.5
02E9:  MOVWF  07
02EA:  BCF    03.5
02EB:  BCF    07.2
02EC:  MOVLW  0C
02ED:  MOVWF  17
....................     enable_interrupts(INT_TIMER1); 
02EE:  BSF    03.5
02EF:  BSF    0C.0
....................     enable_interrupts(GLOBAL); 
02F0:  MOVLW  C0
02F1:  BCF    03.5
02F2:  IORWF  0B,F
....................      
....................     inicbuff(); 
02F3:  CALL   09D
....................     enable_interrupts(int_rda); 
02F4:  BSF    03.5
02F5:  BSF    0C.5
....................      
....................     lcd_init(); 
02F6:  BCF    03.5
02F7:  GOTO   11A
....................      
....................     set_pwm1_duty(0); 
02F8:  CLRF   15
....................     
....................     while(1) 
....................     { 
....................         if(flag1==1) 
02F9:  DECFSZ 50,W
02FA:  GOTO   395
....................         { 
....................             rpm = (600*contador) / 360; 
02FB:  MOVLW  02
02FC:  MOVWF  63
02FD:  MOVLW  58
02FE:  MOVWF  62
02FF:  CLRF   65
0300:  MOVF   4F,W
0301:  MOVWF  64
0302:  GOTO   158
0303:  MOVF   79,W
0304:  MOVWF  63
0305:  MOVF   78,W
0306:  MOVWF  62
0307:  MOVF   79,W
0308:  MOVWF  65
0309:  MOVF   78,W
030A:  MOVWF  64
030B:  MOVLW  01
030C:  MOVWF  67
030D:  MOVLW  68
030E:  MOVWF  66
030F:  GOTO   16F
0310:  MOVF   79,W
0311:  MOVWF  58
0312:  MOVF   78,W
0313:  MOVWF  57
....................             rpm_ideal_eprom = read_eeprom(0x00); 
0314:  BSF    03.6
0315:  CLRF   0D
0316:  BSF    03.5
0317:  BCF    0C.7
0318:  BSF    0C.0
0319:  BCF    03.5
031A:  MOVF   0C,W
031B:  BCF    03.6
031C:  CLRF   56
031D:  MOVWF  55
....................             if(rpm_ideal_eprom > rpm) 
031E:  MOVF   58,W
031F:  SUBWF  56,W
0320:  BTFSS  03.0
0321:  GOTO   348
0322:  BTFSS  03.2
0323:  GOTO   328
0324:  MOVF   55,W
0325:  SUBWF  57,W
0326:  BTFSC  03.0
0327:  GOTO   348
....................             { 
....................                 if(pwm<1023) 
0328:  MOVF   52,W
0329:  SUBLW  03
032A:  BTFSS  03.0
032B:  GOTO   335
032C:  BTFSS  03.2
032D:  GOTO   332
032E:  MOVF   51,W
032F:  SUBLW  FE
0330:  BTFSS  03.0
0331:  GOTO   335
....................                 { 
....................                    pwm++;  
0332:  INCF   51,F
0333:  BTFSC  03.2
0334:  INCF   52,F
....................                 } 
....................                 set_pwm1_duty(pwm); 
0335:  MOVF   52,W
0336:  MOVWF  79
0337:  MOVF   51,W
0338:  MOVWF  78
0339:  RRF    79,F
033A:  RRF    78,F
033B:  RRF    79,F
033C:  RRF    78,F
033D:  RRF    79,F
033E:  MOVF   78,W
033F:  MOVWF  15
0340:  RRF    79,F
0341:  RRF    79,W
0342:  ANDLW  30
0343:  MOVWF  77
0344:  MOVF   17,W
0345:  ANDLW  CF
0346:  IORWF  77,W
0347:  MOVWF  17
....................             } 
....................             if(rpm_ideal_eprom < rpm) 
0348:  MOVF   56,W
0349:  SUBWF  58,W
034A:  BTFSS  03.0
034B:  GOTO   36F
034C:  BTFSS  03.2
034D:  GOTO   352
034E:  MOVF   57,W
034F:  SUBWF  55,W
0350:  BTFSC  03.0
0351:  GOTO   36F
....................             { 
....................                 if(pwm>0) 
0352:  MOVF   51,F
0353:  BTFSS  03.2
0354:  GOTO   358
0355:  MOVF   52,F
0356:  BTFSC  03.2
0357:  GOTO   35C
....................                 { 
....................                    pwm--;  
0358:  MOVF   51,W
0359:  BTFSC  03.2
035A:  DECF   52,F
035B:  DECF   51,F
....................                 } 
....................                 set_pwm1_duty(pwm); 
035C:  MOVF   52,W
035D:  MOVWF  79
035E:  MOVF   51,W
035F:  MOVWF  78
0360:  RRF    79,F
0361:  RRF    78,F
0362:  RRF    79,F
0363:  RRF    78,F
0364:  RRF    79,F
0365:  MOVF   78,W
0366:  MOVWF  15
0367:  RRF    79,F
0368:  RRF    79,W
0369:  ANDLW  30
036A:  MOVWF  77
036B:  MOVF   17,W
036C:  ANDLW  CF
036D:  IORWF  77,W
036E:  MOVWF  17
....................             } 
....................             printf(lcd_putc, "\f"); 
036F:  MOVLW  0C
0370:  MOVWF  6B
0371:  CALL   1A8
....................             printf(lcd_putc, "RPM REAL = %lu\nRPM = %lu", rpm, rpm_ideal_eprom); 
0372:  MOVLW  90
0373:  BSF    03.6
0374:  MOVWF  0D
0375:  MOVLW  00
0376:  MOVWF  0F
0377:  BCF    03.0
0378:  MOVLW  0B
0379:  BCF    03.6
037A:  MOVWF  62
037B:  CALL   1D4
037C:  MOVLW  10
037D:  MOVWF  04
037E:  MOVF   58,W
037F:  MOVWF  63
0380:  MOVF   57,W
0381:  MOVWF  62
0382:  CALL   22B
0383:  MOVLW  97
0384:  BSF    03.6
0385:  MOVWF  0D
0386:  MOVLW  00
0387:  MOVWF  0F
0388:  BCF    03.0
0389:  MOVLW  07
038A:  BCF    03.6
038B:  MOVWF  62
038C:  CALL   1D4
038D:  MOVLW  10
038E:  MOVWF  04
038F:  MOVF   56,W
0390:  MOVWF  63
0391:  MOVF   55,W
0392:  MOVWF  62
0393:  CALL   22B
....................             flag1=0; 
0394:  CLRF   50
....................         } 
....................          
....................         if(flagcomando==1) 
0395:  BTFSS  4D.0
0396:  GOTO   3E7
....................         { 
....................             int16 centenas = (cbuff[0]-48) * 100; 
....................             int16 decenas = (cbuff[1]-48) * 10; 
....................             int16 unidades = (cbuff[2]-48); 
....................              
....................             int16 total = centenas + decenas + unidades; 
0397:  MOVLW  30
0398:  SUBWF  2C,W
*
039E:  CLRF   5B
039F:  MOVF   78,W
03A0:  MOVWF  5A
03A1:  MOVLW  30
03A2:  SUBWF  2D,W
03A3:  MOVWF  63
03A4:  MOVWF  64
03A5:  MOVLW  0A
03A6:  MOVWF  65
03A7:  CALL   28E
03A8:  CLRF   5D
03A9:  MOVF   78,W
03AA:  MOVWF  5C
03AB:  MOVLW  30
03AC:  SUBWF  2E,W
03AD:  MOVWF  5E
03AE:  CLRF   5F
03AF:  MOVF   5C,W
03B0:  ADDWF  5A,W
03B1:  MOVWF  62
03B2:  MOVF   5B,W
03B3:  MOVWF  63
03B4:  MOVF   5D,W
03B5:  BTFSC  03.0
03B6:  INCFSZ 5D,W
03B7:  ADDWF  63,F
03B8:  MOVF   5E,W
03B9:  ADDWF  62,W
03BA:  MOVWF  60
03BB:  MOVF   63,W
03BC:  MOVWF  61
03BD:  MOVF   5F,W
03BE:  BTFSC  03.0
03BF:  INCFSZ 5F,W
03C0:  ADDWF  61,F
....................             if(total>180) total = 180; 
03C1:  MOVF   61,F
03C2:  BTFSS  03.2
03C3:  GOTO   3C8
03C4:  MOVF   60,W
03C5:  SUBLW  B4
03C6:  BTFSC  03.0
03C7:  GOTO   3CB
03C8:  CLRF   61
03C9:  MOVLW  B4
03CA:  MOVWF  60
....................             write_eeprom(0x00, total); 
03CB:  MOVF   0B,W
03CC:  MOVWF  77
03CD:  BCF    0B.7
03CE:  BSF    03.6
03CF:  CLRF   0D
03D0:  BCF    03.6
03D1:  MOVF   60,W
03D2:  BSF    03.6
03D3:  MOVWF  0C
03D4:  BSF    03.5
03D5:  BCF    0C.7
03D6:  BSF    0C.2
03D7:  MOVLW  55
03D8:  MOVWF  0D
03D9:  MOVLW  AA
03DA:  MOVWF  0D
03DB:  BSF    0C.1
03DC:  BTFSC  0C.1
03DD:  GOTO   3DC
03DE:  BCF    0C.2
03DF:  MOVF   77,W
03E0:  BCF    03.5
03E1:  BCF    03.6
03E2:  IORWF  0B,F
....................              
....................             inicbuff(); 
03E3:  CALL   09D
....................             total=0; 
03E4:  CLRF   61
03E5:  CLRF   60
....................             flagcomando=0; 
03E6:  BCF    4D.0
....................         } 
03E7:  GOTO   2F9
....................          
....................          
....................     } 
.................... } 
03E8:  SLEEP

Configuration Fuses:
   Word  1: 3F31   XT NOWDT PUT NOBROWNOUT NOLVP NOCPD NOWRT NODEBUG NOPROTECT
