
ROM used:   638/8192 (8%)
            638/8192 (8%) including unused fragments

            0.5 Average locations per line
            4.2 Average locations per statement

RAM used:   11/368 (3%) at main() level
            25/368 (7%) worst case

Stack used: 5 worst case (5 in main + 0 for interrupts)
Stack size: 8

Lines Stmts  %   Files
----- ----- ---  -----
   36    12   8  1.c
  588     0   0  C:\Program Files (x86)\PICC\devices\16F876.h
  135    40  26  kbd1.c
  456   100  66  C:\Program Files (x86)\PICC\drivers\lcd.c
----- -----
 1215   152 Total

Page ROM  %  RAM   Vol Diff  Functions:
---- --- --- ---   --- ----  ----------
0     21   3    1             @delay_ms1
0     16   3    0             @const595
0      3   0    0     3  0.0  kbd_init
0    142  22    3  4568  9.8  kbd_getc
 Inline         2             @MUL88
 Inline         3   760  4.5  lcd_read_byte
0     49   8    2   262  3.7  lcd_read_nibble
0     43   7    1   399  2.4  lcd_send_nibble
0     92  14    3   415  3.7  lcd_send_byte
0     70  11    6   852  6.2  lcd_init
0     18   3    4   208  6.3  lcd_gotoxy
0     44   7    1   354  4.7  lcd_putc
0     45   7    1   238  3.5  MAIN
0      3   0    0             @const651
0     88  14    4             @PSTRINGC7_635
 Inline         0             @cinit1

Program metrics:
    Functions               10
    Statements              152
    Comments                237
    Volume (V)              11104
    Difficulty (D)          44.6
    Effort to implement (E) 495660
    Time to implement (T)   7 hours, 39 minutes
    Est Delivered Bugs (B)  2
    Cyclomatic Complexity   21
    Maintainability (MI)    138

 Segment     Used  Free
-----------  ----  ----
00000-00003     4  0  
00004-007FF   634  1410  
00800-00FFF     0  2048  
01000-017FF     0  2048  
01800-01FFF     0  2048  



