CCS PCM C Compiler, Version 5.015, 5967               26-jun-25 15:13

               Filename:   C:\Users\Electronica\Documents\Digitales-6to\SR04.X\build\default\production\SR04.lst

               ROM used:   678 words (8%)
                           Largest free fragment is 2048
               RAM used:   10 (3%) at main() level
                           30 (8%) worst case
               Stack used: 5 locations
               Stack size: 8

*
0000:  MOVLW  02
0001:  MOVWF  0A
0002:  GOTO   27C
0003:  NOP
.................... #include<16F876.h> 
.................... //////////// Standard Header file for the PIC16F876 device //////////////// 
.................... /////////////////////////////////////////////////////////////////////////// 
.................... ////        (C) Copyright 1996, 2013 Custom Computer Services          //// 
.................... //// This source code may only be used by licensed users of the CCS C  //// 
.................... //// compiler.  This source code may only be distributed to other      //// 
.................... //// licensed users of the CCS C compiler.  No other use, reproduction //// 
.................... //// or distribution is permitted without written permission.          //// 
.................... //// Derivative programs created using this software in object code    //// 
.................... //// form are not restricted in any way.                               //// 
.................... /////////////////////////////////////////////////////////////////////////// 
.................... #device PIC16F876 
0004:  DATA 0C,22
0005:  DATA E9,39
0006:  DATA F4,30
0007:  DATA EE,31
0008:  DATA E9,30
0009:  DATA 3A,10
000A:  DATA 25,36
000B:  DATA 75,00
*
0155:  CLRF   78
0156:  CLRF   79
0157:  CLRF   77
0158:  CLRF   7A
0159:  MOVF   28,W
015A:  BTFSS  03.2
015B:  GOTO   15F
015C:  MOVF   27,W
015D:  BTFSC  03.2
015E:  GOTO   179
015F:  MOVLW  10
0160:  MOVWF  29
0161:  BCF    03.0
0162:  RLF    25,F
0163:  RLF    26,F
0164:  RLF    77,F
0165:  RLF    7A,F
0166:  MOVF   28,W
0167:  SUBWF  7A,W
0168:  BTFSS  03.2
0169:  GOTO   16C
016A:  MOVF   27,W
016B:  SUBWF  77,W
016C:  BTFSS  03.0
016D:  GOTO   175
016E:  MOVF   27,W
016F:  SUBWF  77,F
0170:  BTFSS  03.0
0171:  DECF   7A,F
0172:  MOVF   28,W
0173:  SUBWF  7A,F
0174:  BSF    03.0
0175:  RLF    78,F
0176:  RLF    79,F
0177:  DECFSZ 29,F
0178:  GOTO   161
*
01BE:  MOVF   0B,W
01BF:  MOVWF  26
01C0:  BCF    0B.7
01C1:  BSF    03.5
01C2:  BSF    03.6
01C3:  BSF    0C.7
01C4:  BSF    0C.0
01C5:  NOP
01C6:  NOP
01C7:  BCF    03.5
01C8:  BCF    03.6
01C9:  BTFSC  26.7
01CA:  BSF    0B.7
01CB:  BTFSC  03.0
01CC:  GOTO   1F5
01CD:  BSF    03.6
01CE:  MOVF   0C,W
01CF:  ANDLW  7F
01D0:  BCF    03.6
01D1:  MOVWF  26
01D2:  BSF    03.6
01D3:  MOVF   0D,W
01D4:  BCF    03.6
01D5:  MOVWF  27
01D6:  BSF    03.6
01D7:  MOVF   0F,W
01D8:  BCF    03.6
01D9:  MOVWF  28
01DA:  MOVF   26,W
01DB:  MOVWF  2E
01DC:  CALL   192
01DD:  MOVF   27,W
01DE:  BSF    03.6
01DF:  MOVWF  0D
01E0:  BCF    03.6
01E1:  MOVF   28,W
01E2:  BSF    03.6
01E3:  MOVWF  0F
01E4:  BCF    03.6
01E5:  MOVF   0B,W
01E6:  MOVWF  29
01E7:  BCF    0B.7
01E8:  BSF    03.5
01E9:  BSF    03.6
01EA:  BSF    0C.7
01EB:  BSF    0C.0
01EC:  NOP
01ED:  NOP
01EE:  BCF    03.5
01EF:  BCF    03.6
01F0:  BTFSC  29.7
01F1:  BSF    0B.7
01F2:  DECFSZ 25,F
01F3:  GOTO   1F5
01F4:  GOTO   214
01F5:  BSF    03.6
01F6:  RLF    0C,W
01F7:  RLF    0E,W
01F8:  ANDLW  7F
01F9:  BCF    03.6
01FA:  MOVWF  26
01FB:  BSF    03.6
01FC:  MOVF   0D,W
01FD:  BCF    03.6
01FE:  MOVWF  27
01FF:  BSF    03.6
0200:  MOVF   0F,W
0201:  BCF    03.6
0202:  MOVWF  28
0203:  MOVF   26,W
0204:  MOVWF  2E
0205:  CALL   192
0206:  MOVF   27,W
0207:  BSF    03.6
0208:  MOVWF  0D
0209:  BCF    03.6
020A:  MOVF   28,W
020B:  BSF    03.6
020C:  MOVWF  0F
020D:  INCF   0D,F
020E:  BTFSC  03.2
020F:  INCF   0F,F
0210:  BCF    03.0
0211:  BCF    03.6
0212:  DECFSZ 25,F
0213:  GOTO   1BE
0214:  BCF    0A.3
0215:  BCF    0A.4
0216:  GOTO   29A (RETURN)
0217:  CLRF   2D
0218:  MOVF   04,W
0219:  MOVWF  2C
021A:  BCF    2D.0
021B:  BTFSC  03.7
021C:  BSF    2D.0
021D:  SWAPF  26,W
021E:  IORLW  F0
021F:  MOVWF  28
0220:  ADDWF  28,F
0221:  ADDLW  E2
0222:  MOVWF  29
0223:  ADDLW  32
0224:  MOVWF  2B
0225:  MOVF   26,W
0226:  ANDLW  0F
0227:  ADDWF  29,F
0228:  ADDWF  29,F
0229:  ADDWF  2B,F
022A:  ADDLW  E9
022B:  MOVWF  2A
022C:  ADDWF  2A,F
022D:  ADDWF  2A,F
022E:  SWAPF  25,W
022F:  ANDLW  0F
0230:  ADDWF  2A,F
0231:  ADDWF  2B,F
0232:  RLF    2A,F
0233:  RLF    2B,F
0234:  COMF   2B,F
0235:  RLF    2B,F
0236:  MOVF   25,W
0237:  ANDLW  0F
0238:  ADDWF  2B,F
0239:  RLF    28,F
023A:  MOVLW  07
023B:  MOVWF  27
023C:  MOVLW  0A
023D:  ADDWF  2B,F
023E:  DECF   2A,F
023F:  BTFSS  03.0
0240:  GOTO   23D
0241:  ADDWF  2A,F
0242:  DECF   29,F
0243:  BTFSS  03.0
0244:  GOTO   241
0245:  ADDWF  29,F
0246:  DECF   28,F
0247:  BTFSS  03.0
0248:  GOTO   245
0249:  ADDWF  28,F
024A:  DECF   27,F
024B:  BTFSS  03.0
024C:  GOTO   249
024D:  MOVLW  27
024E:  MOVWF  04
024F:  BCF    03.7
0250:  MOVLW  07
0251:  ANDWF  2C,W
0252:  BCF    2C.6
0253:  ADDWF  04,F
0254:  MOVLW  2B
0255:  SUBWF  04,W
0256:  BTFSC  03.2
0257:  BSF    2C.6
0258:  MOVF   00,W
0259:  MOVWF  77
025A:  BTFSS  03.2
025B:  GOTO   264
025C:  BTFSC  2C.6
025D:  GOTO   264
025E:  BTFSC  2C.4
025F:  GOTO   276
0260:  BTFSC  2C.3
0261:  GOTO   264
0262:  MOVLW  20
0263:  GOTO   267
0264:  BSF    2C.3
0265:  BCF    2C.4
0266:  MOVLW  30
0267:  ADDWF  77,F
0268:  CLRF   26
0269:  MOVF   04,W
026A:  MOVWF  25
026B:  BCF    26.0
026C:  BTFSC  03.7
026D:  BSF    26.0
026E:  MOVF   77,W
026F:  MOVWF  2E
0270:  CALL   192
0271:  MOVF   25,W
0272:  MOVWF  04
0273:  BCF    03.7
0274:  BTFSC  26.0
0275:  BSF    03.7
0276:  INCF   04,F
0277:  BTFSS  2C.6
0278:  GOTO   254
0279:  BCF    0A.3
027A:  BCF    0A.4
027B:  GOTO   2A1 (RETURN)
....................  
.................... #list 
....................  
.................... #fuses XT,NOWDT,NOLVP 
.................... #use delay(clock=4M) 
*
000C:  MOVLW  2F
000D:  MOVWF  04
000E:  BCF    03.7
000F:  MOVF   00,W
0010:  BTFSC  03.2
0011:  GOTO   020
0012:  MOVLW  01
0013:  MOVWF  78
0014:  CLRF   77
0015:  DECFSZ 77,F
0016:  GOTO   015
0017:  DECFSZ 78,F
0018:  GOTO   014
0019:  MOVLW  4A
001A:  MOVWF  77
001B:  DECFSZ 77,F
001C:  GOTO   01B
001D:  GOTO   01E
001E:  DECFSZ 00,F
001F:  GOTO   012
0020:  RETURN
....................  
.................... #use standard_io(C) 
.................... #use standard_io(B)  
.................... #use standard_io(A) 
....................  
.................... #define LCD_ENABLE_PIN  PIN_B3 
.................... #define LCD_RS_PIN      PIN_B1 
.................... #define LCD_RW_PIN      PIN_B2 
.................... #define LCD_DATA4       PIN_B4 
.................... #define LCD_DATA5       PIN_B5 
.................... #define LCD_DATA6       PIN_B6 
.................... #define LCD_DATA7       PIN_B7 
.................... #include<lcd.c> 
.................... /////////////////////////////////////////////////////////////////////////////// 
.................... ////                             LCD.C                                     //// 
.................... ////                 Driver for common LCD modules                         //// 
.................... ////                                                                       //// 
.................... ////  lcd_init()   Must be called before any other function.               //// 
.................... ////                                                                       //// 
.................... ////  lcd_putc(c)  Will display c on the next position of the LCD.         //// 
.................... ////                 \a  Set cursor position to upper left                 //// 
.................... ////                 \f  Clear display, set cursor to upper left           //// 
.................... ////                 \n  Go to start of second line                        //// 
.................... ////                 \b  Move back one position                            //// 
.................... ////              If LCD_EXTENDED_NEWLINE is defined, the \n character     //// 
.................... ////              will erase all remanining characters on the current      //// 
.................... ////              line, and move the cursor to the beginning of the next   //// 
.................... ////              line.                                                    //// 
.................... ////              If LCD_EXTENDED_NEWLINE is defined, the \r character     //// 
.................... ////              will move the cursor to the start of the current         //// 
.................... ////              line.                                                    //// 
.................... ////                                                                       //// 
.................... ////  lcd_gotoxy(x,y) Set write position on LCD (upper left is 1,1)        //// 
.................... ////                                                                       //// 
.................... ////  lcd_getc(x,y)   Returns character at position x,y on LCD             //// 
.................... ////                                                                       //// 
.................... ////  lcd_cursor_on(int1 on)   Turn the cursor on (on=TRUE) or off         //// 
.................... ////              (on=FALSE).                                              //// 
.................... ////                                                                       //// 
.................... ////  lcd_set_cgram_char(w, *p)   Write a custom character to the CGRAM.   //// 
.................... ////                                                                       //// 
.................... ////                                                                       //// 
.................... ////  CONFIGURATION                                                        //// 
.................... ////  The LCD can be configured in one of two ways: a.) port access or     //// 
.................... ////  b.) pin access.  Port access requires the entire 7 bit interface     //// 
.................... ////  connected to one GPIO port, and the data bits (D4:D7 of the LCD)     //// 
.................... ////  connected to sequential pins on the GPIO.  Pin access                //// 
.................... ////  has no requirements, all 7 bits of the control interface can         //// 
.................... ////  can be connected to any GPIO using several ports.                    //// 
.................... ////                                                                       //// 
.................... ////  To use port access, #define LCD_DATA_PORT to the SFR location of     //// 
.................... ////  of the GPIO port that holds the interface, -AND- edit LCD_PIN_MAP    //// 
.................... ////  of this file to configure the pin order.  If you are using a         //// 
.................... ////  baseline PIC (PCB), then LCD_OUTPUT_MAP and LCD_INPUT_MAP also must  //// 
.................... ////  be defined.                                                          //// 
.................... ////                                                                       //// 
.................... ////  Example of port access:                                              //// 
.................... ////     #define LCD_DATA_PORT getenv("SFR:PORTD")                         //// 
.................... ////                                                                       //// 
.................... ////  To use pin access, the following pins must be defined:               //// 
.................... ////     LCD_ENABLE_PIN                                                    //// 
.................... ////     LCD_RS_PIN                                                        //// 
.................... ////     LCD_RW_PIN                                                        //// 
.................... ////     LCD_DATA4                                                         //// 
.................... ////     LCD_DATA5                                                         //// 
.................... ////     LCD_DATA6                                                         //// 
.................... ////     LCD_DATA7                                                         //// 
.................... ////                                                                       //// 
.................... ////  Example of pin access:                                               //// 
.................... ////     #define LCD_ENABLE_PIN  PIN_E0                                    //// 
.................... ////     #define LCD_RS_PIN      PIN_E1                                    //// 
.................... ////     #define LCD_RW_PIN      PIN_E2                                    //// 
.................... ////     #define LCD_DATA4       PIN_D4                                    //// 
.................... ////     #define LCD_DATA5       PIN_D5                                    //// 
.................... ////     #define LCD_DATA6       PIN_D6                                    //// 
.................... ////     #define LCD_DATA7       PIN_D7                                    //// 
.................... ////                                                                       //// 
.................... /////////////////////////////////////////////////////////////////////////////// 
.................... ////        (C) Copyright 1996,2010 Custom Computer Services           //// 
.................... //// This source code may only be used by licensed users of the CCS C  //// 
.................... //// compiler.  This source code may only be distributed to other      //// 
.................... //// licensed users of the CCS C compiler.  No other use, reproduction //// 
.................... //// or distribution is permitted without written permission.          //// 
.................... //// Derivative programs created using this software in object code    //// 
.................... //// form are not restricted in any way.                               //// 
.................... /////////////////////////////////////////////////////////////////////////// 
....................  
.................... #ifndef __LCD_C__ 
.................... #define __LCD_C__ 
....................  
.................... // define the pinout. 
.................... // only required if port access is being used. 
.................... typedef struct   
.................... {                            // This structure is overlayed 
....................    int1 enable;           // on to an I/O port to gain 
....................    int1 rs;               // access to the LCD pins. 
....................    int1 rw;               // The bits are allocated from 
....................    int1 unused;           // low order up.  ENABLE will 
....................    unsigned int     data : 4;         // be LSB pin of that port. 
....................   #if defined(__PCD__)       // The port used will be LCD_DATA_PORT. 
....................    unsigned int    reserved: 8; 
....................   #endif 
.................... } LCD_PIN_MAP; 
....................  
.................... // this is to improve compatability with previous LCD drivers that accepted 
.................... // a define labeled 'use_portb_lcd' that configured the LCD onto port B. 
.................... #if ((defined(use_portb_lcd)) && (use_portb_lcd==TRUE)) 
....................  #define LCD_DATA_PORT getenv("SFR:PORTB") 
.................... #endif 
....................  
.................... #if defined(__PCB__) 
....................    // these definitions only need to be modified for baseline PICs. 
....................    // all other PICs use LCD_PIN_MAP or individual LCD_xxx pin definitions. 
.................... /*                                    EN, RS,   RW,   UNUSED,  DATA  */ 
....................  const LCD_PIN_MAP LCD_OUTPUT_MAP =  {0,  0,    0,    0,       0}; 
....................  const LCD_PIN_MAP LCD_INPUT_MAP =   {0,  0,    0,    0,       0xF}; 
.................... #endif 
....................  
.................... ////////////////////// END CONFIGURATION /////////////////////////////////// 
....................  
.................... #ifndef LCD_ENABLE_PIN 
....................    #define lcd_output_enable(x) lcdlat.enable=x 
....................    #define lcd_enable_tris()   lcdtris.enable=0 
.................... #else 
....................    #define lcd_output_enable(x) output_bit(LCD_ENABLE_PIN, x) 
....................    #define lcd_enable_tris()  output_drive(LCD_ENABLE_PIN) 
.................... #endif 
....................  
.................... #ifndef LCD_RS_PIN 
....................    #define lcd_output_rs(x) lcdlat.rs=x 
....................    #define lcd_rs_tris()   lcdtris.rs=0 
.................... #else 
....................    #define lcd_output_rs(x) output_bit(LCD_RS_PIN, x) 
....................    #define lcd_rs_tris()  output_drive(LCD_RS_PIN) 
.................... #endif 
....................  
.................... #ifndef LCD_RW_PIN 
....................    #define lcd_output_rw(x) lcdlat.rw=x 
....................    #define lcd_rw_tris()   lcdtris.rw=0 
.................... #else 
....................    #define lcd_output_rw(x) output_bit(LCD_RW_PIN, x) 
....................    #define lcd_rw_tris()  output_drive(LCD_RW_PIN) 
.................... #endif 
....................  
.................... // original version of this library incorrectly labeled LCD_DATA0 as LCD_DATA4, 
.................... // LCD_DATA1 as LCD_DATA5, and so on.  this block of code makes the driver 
.................... // compatible with any code written for the original library 
.................... #if (defined(LCD_DATA0) && defined(LCD_DATA1) && defined(LCD_DATA2) && defined(LCD_DATA3) && !defined(LCD_DATA4) && !defined(LCD_DATA5) && !defined(LCD_DATA6) && !defined(LCD_DATA7)) 
....................    #define  LCD_DATA4    LCD_DATA0 
....................    #define  LCD_DATA5    LCD_DATA1 
....................    #define  LCD_DATA6    LCD_DATA2 
....................    #define  LCD_DATA7    LCD_DATA3 
.................... #endif 
....................  
.................... #ifndef LCD_DATA4 
.................... #ifndef LCD_DATA_PORT 
....................    #if defined(__PCB__) 
....................       #define LCD_DATA_PORT      0x06     //portb 
....................       #define set_tris_lcd(x)   set_tris_b(x) 
....................    #else 
....................      #if defined(PIN_D0) 
....................       #define LCD_DATA_PORT      getenv("SFR:PORTD")     //portd 
....................      #else 
....................       #define LCD_DATA_PORT      getenv("SFR:PORTB")     //portb 
....................      #endif 
....................    #endif    
.................... #endif 
....................  
.................... #if defined(__PCB__) 
....................    LCD_PIN_MAP lcd, lcdlat; 
....................    #byte lcd = LCD_DATA_PORT 
....................    #byte lcdlat = LCD_DATA_PORT 
.................... #elif defined(__PCM__) 
....................    LCD_PIN_MAP lcd, lcdlat, lcdtris; 
....................    #byte lcd = LCD_DATA_PORT 
....................    #byte lcdlat = LCD_DATA_PORT 
....................    #byte lcdtris = LCD_DATA_PORT+0x80 
.................... #elif defined(__PCH__) 
....................    LCD_PIN_MAP lcd, lcdlat, lcdtris; 
....................    #byte lcd = LCD_DATA_PORT 
....................    #byte lcdlat = LCD_DATA_PORT+9 
....................    #byte lcdtris = LCD_DATA_PORT+0x12 
.................... #elif defined(__PCD__) 
....................    LCD_PIN_MAP lcd, lcdlat, lcdtris; 
....................    #word lcd = LCD_DATA_PORT 
....................    #word lcdlat = LCD_DATA_PORT+2 
....................    #word lcdtris = LCD_DATA_PORT-0x02 
.................... #endif 
.................... #endif   //LCD_DATA4 not defined 
....................  
.................... #ifndef LCD_TYPE 
....................    #define LCD_TYPE 2           // 0=5x7, 1=5x10, 2=2 lines 
.................... #endif 
....................  
.................... #ifndef LCD_LINE_TWO 
....................    #define LCD_LINE_TWO 0x40    // LCD RAM address for the second line 
.................... #endif 
....................  
.................... #ifndef LCD_LINE_LENGTH 
....................    #define LCD_LINE_LENGTH 20 
.................... #endif 
....................  
.................... unsigned int8 lcd_read_nibble(void); 
....................  
.................... unsigned int8 lcd_read_byte(void) 
.................... { 
....................    unsigned int8 low,high; 
....................  
....................  #if defined(__PCB__) 
....................    set_tris_lcd(LCD_INPUT_MAP); 
....................  #else 
....................   #if (defined(LCD_DATA4) && defined(LCD_DATA5) && defined(LCD_DATA6) && defined(LCD_DATA7)) 
....................    output_float(LCD_DATA4); 
*
0085:  BSF    06.4
....................    output_float(LCD_DATA5); 
0086:  BSF    06.5
....................    output_float(LCD_DATA6); 
0087:  BSF    06.6
....................    output_float(LCD_DATA7); 
0088:  BSF    06.7
....................   #else 
....................    lcdtris.data = 0xF; 
....................   #endif 
....................  #endif 
....................          
....................    lcd_output_rw(1); 
0089:  BCF    03.5
008A:  BSF    06.2
008B:  BSF    03.5
008C:  BCF    06.2
....................    delay_cycles(1); 
008D:  NOP
....................    lcd_output_enable(1); 
008E:  BCF    03.5
008F:  BSF    06.3
0090:  BSF    03.5
0091:  BCF    06.3
....................    delay_cycles(1); 
0092:  NOP
....................    high = lcd_read_nibble(); 
0093:  BCF    03.5
0094:  CALL   04C
0095:  MOVF   78,W
0096:  MOVWF  36
....................        
....................    lcd_output_enable(0); 
0097:  BCF    06.3
0098:  BSF    03.5
0099:  BCF    06.3
....................    delay_cycles(1); 
009A:  NOP
....................    lcd_output_enable(1); 
009B:  BCF    03.5
009C:  BSF    06.3
009D:  BSF    03.5
009E:  BCF    06.3
....................    delay_us(1); 
009F:  NOP
....................    low = lcd_read_nibble(); 
00A0:  BCF    03.5
00A1:  CALL   04C
00A2:  MOVF   78,W
00A3:  MOVWF  35
....................        
....................    lcd_output_enable(0); 
00A4:  BCF    06.3
00A5:  BSF    03.5
00A6:  BCF    06.3
....................  
....................  #if defined(__PCB__) 
....................    set_tris_lcd(LCD_OUTPUT_MAP); 
....................  #else 
....................   #if (defined(LCD_DATA4) && defined(LCD_DATA5) && defined(LCD_DATA6) && defined(LCD_DATA7)) 
....................    output_drive(LCD_DATA4); 
00A7:  BCF    06.4
....................    output_drive(LCD_DATA5); 
00A8:  BCF    06.5
....................    output_drive(LCD_DATA6); 
00A9:  BCF    06.6
....................    output_drive(LCD_DATA7); 
00AA:  BCF    06.7
....................   #else 
....................    lcdtris.data = 0x0; 
....................   #endif 
....................  #endif 
....................  
....................    return( (high<<4) | low); 
00AB:  BCF    03.5
00AC:  SWAPF  36,W
00AD:  MOVWF  77
00AE:  MOVLW  F0
00AF:  ANDWF  77,F
00B0:  MOVF   77,W
00B1:  IORWF  35,W
00B2:  MOVWF  78
.................... } 
....................  
.................... unsigned int8 lcd_read_nibble(void) 
.................... { 
....................   #if (defined(LCD_DATA4) && defined(LCD_DATA5) && defined(LCD_DATA6) && defined(LCD_DATA7)) 
*
004C:  CLRF   37
....................    unsigned int8 n = 0x00; 
....................  
....................    /* Read the data port */ 
....................    n |= input(LCD_DATA4); 
004D:  BSF    03.5
004E:  BSF    06.4
004F:  MOVLW  00
0050:  BCF    03.5
0051:  BTFSC  06.4
0052:  MOVLW  01
0053:  IORWF  37,F
....................    n |= input(LCD_DATA5) << 1; 
0054:  BSF    03.5
0055:  BSF    06.5
0056:  MOVLW  00
0057:  BCF    03.5
0058:  BTFSC  06.5
0059:  MOVLW  01
005A:  MOVWF  77
005B:  BCF    03.0
005C:  RLF    77,F
005D:  MOVF   77,W
005E:  IORWF  37,F
....................    n |= input(LCD_DATA6) << 2; 
005F:  BSF    03.5
0060:  BSF    06.6
0061:  MOVLW  00
0062:  BCF    03.5
0063:  BTFSC  06.6
0064:  MOVLW  01
0065:  MOVWF  77
0066:  RLF    77,F
0067:  RLF    77,F
0068:  MOVLW  FC
0069:  ANDWF  77,F
006A:  MOVF   77,W
006B:  IORWF  37,F
....................    n |= input(LCD_DATA7) << 3; 
006C:  BSF    03.5
006D:  BSF    06.7
006E:  MOVLW  00
006F:  BCF    03.5
0070:  BTFSC  06.7
0071:  MOVLW  01
0072:  MOVWF  77
0073:  RLF    77,F
0074:  RLF    77,F
0075:  RLF    77,F
0076:  MOVLW  F8
0077:  ANDWF  77,F
0078:  MOVF   77,W
0079:  IORWF  37,F
....................     
....................    return(n); 
007A:  MOVF   37,W
007B:  MOVWF  78
....................   #else 
007C:  RETURN
....................    return(lcd.data); 
....................   #endif 
.................... } 
....................  
.................... void lcd_send_nibble(unsigned int8 n) 
.................... { 
....................   #if (defined(LCD_DATA4) && defined(LCD_DATA5) && defined(LCD_DATA6) && defined(LCD_DATA7)) 
....................    /* Write to the data port */ 
....................    output_bit(LCD_DATA4, bit_test(n, 0)); 
*
0021:  BTFSC  36.0
0022:  GOTO   025
0023:  BCF    06.4
0024:  GOTO   026
0025:  BSF    06.4
0026:  BSF    03.5
0027:  BCF    06.4
....................    output_bit(LCD_DATA5, bit_test(n, 1)); 
0028:  BCF    03.5
0029:  BTFSC  36.1
002A:  GOTO   02D
002B:  BCF    06.5
002C:  GOTO   02E
002D:  BSF    06.5
002E:  BSF    03.5
002F:  BCF    06.5
....................    output_bit(LCD_DATA6, bit_test(n, 2)); 
0030:  BCF    03.5
0031:  BTFSC  36.2
0032:  GOTO   035
0033:  BCF    06.6
0034:  GOTO   036
0035:  BSF    06.6
0036:  BSF    03.5
0037:  BCF    06.6
....................    output_bit(LCD_DATA7, bit_test(n, 3)); 
0038:  BCF    03.5
0039:  BTFSC  36.3
003A:  GOTO   03D
003B:  BCF    06.7
003C:  GOTO   03E
003D:  BSF    06.7
003E:  BSF    03.5
003F:  BCF    06.7
....................   #else       
....................    lcdlat.data = n; 
....................   #endif 
....................        
....................    delay_cycles(1); 
0040:  NOP
....................    lcd_output_enable(1); 
0041:  BCF    03.5
0042:  BSF    06.3
0043:  BSF    03.5
0044:  BCF    06.3
....................    delay_us(2); 
0045:  GOTO   046
....................    lcd_output_enable(0); 
0046:  BCF    03.5
0047:  BCF    06.3
0048:  BSF    03.5
0049:  BCF    06.3
004A:  BCF    03.5
004B:  RETURN
.................... } 
....................  
.................... void lcd_send_byte(unsigned int8 address, unsigned int8 n) 
.................... { 
....................   #if defined(__PCB__) 
....................    set_tris_lcd(LCD_OUTPUT_MAP); 
....................   #else 
....................    lcd_enable_tris(); 
*
007D:  BSF    03.5
007E:  BCF    06.3
....................    lcd_rs_tris(); 
007F:  BCF    06.1
....................    lcd_rw_tris(); 
0080:  BCF    06.2
....................   #endif 
....................  
....................    lcd_output_rs(0); 
0081:  BCF    03.5
0082:  BCF    06.1
0083:  BSF    03.5
0084:  BCF    06.1
....................    while ( bit_test(lcd_read_byte(),7) ) ; 
*
00B3:  MOVF   78,W
00B4:  MOVWF  35
00B5:  BTFSS  35.7
00B6:  GOTO   0B9
00B7:  BSF    03.5
00B8:  GOTO   085
....................    lcd_output_rs(address); 
00B9:  MOVF   33,F
00BA:  BTFSS  03.2
00BB:  GOTO   0BE
00BC:  BCF    06.1
00BD:  GOTO   0BF
00BE:  BSF    06.1
00BF:  BSF    03.5
00C0:  BCF    06.1
....................    delay_cycles(1); 
00C1:  NOP
....................    lcd_output_rw(0); 
00C2:  BCF    03.5
00C3:  BCF    06.2
00C4:  BSF    03.5
00C5:  BCF    06.2
....................    delay_cycles(1); 
00C6:  NOP
....................    lcd_output_enable(0); 
00C7:  BCF    03.5
00C8:  BCF    06.3
00C9:  BSF    03.5
00CA:  BCF    06.3
....................    lcd_send_nibble(n >> 4); 
00CB:  BCF    03.5
00CC:  SWAPF  34,W
00CD:  MOVWF  35
00CE:  MOVLW  0F
00CF:  ANDWF  35,F
00D0:  MOVF   35,W
00D1:  MOVWF  36
00D2:  CALL   021
....................    lcd_send_nibble(n & 0xf); 
00D3:  MOVF   34,W
00D4:  ANDLW  0F
00D5:  MOVWF  35
00D6:  MOVWF  36
00D7:  CALL   021
00D8:  RETURN
.................... } 
....................  
.................... #if defined(LCD_EXTENDED_NEWLINE) 
.................... unsigned int8 g_LcdX, g_LcdY; 
.................... #endif 
....................  
.................... void lcd_init(void)  
.................... { 
....................    unsigned int8 i; 
....................    unsigned int8 LCD_INIT_STRING[4] = {0x20 | (LCD_TYPE << 2), 0xc, 1, 6}; 
00D9:  MOVLW  28
00DA:  MOVWF  26
00DB:  MOVLW  0C
00DC:  MOVWF  27
00DD:  MOVLW  01
00DE:  MOVWF  28
00DF:  MOVLW  06
00E0:  MOVWF  29
....................                              // These bytes need to be sent to the LCD 
....................                              // to start it up. 
....................     
....................  
....................    lcd_output_enable(0); 
00E1:  BCF    06.3
00E2:  BSF    03.5
00E3:  BCF    06.3
....................    lcd_output_rs(0); 
00E4:  BCF    03.5
00E5:  BCF    06.1
00E6:  BSF    03.5
00E7:  BCF    06.1
....................    lcd_output_rw(0); 
00E8:  BCF    03.5
00E9:  BCF    06.2
00EA:  BSF    03.5
00EB:  BCF    06.2
....................  
....................  #if defined(__PCB__) 
....................    set_tris_lcd(LCD_OUTPUT_MAP); 
....................  #else 
....................   #if (defined(LCD_DATA4) && defined(LCD_DATA5) && defined(LCD_DATA6) && defined(LCD_DATA7)) 
....................    output_drive(LCD_DATA4); 
00EC:  BCF    06.4
....................    output_drive(LCD_DATA5); 
00ED:  BCF    06.5
....................    output_drive(LCD_DATA6); 
00EE:  BCF    06.6
....................    output_drive(LCD_DATA7); 
00EF:  BCF    06.7
....................   #else 
....................    lcdtris.data = 0x0; 
....................   #endif 
....................    lcd_enable_tris(); 
00F0:  BCF    06.3
....................    lcd_rs_tris(); 
00F1:  BCF    06.1
....................    lcd_rw_tris(); 
00F2:  BCF    06.2
....................  #endif 
....................      
....................    delay_ms(15); 
00F3:  MOVLW  0F
00F4:  BCF    03.5
00F5:  MOVWF  2F
00F6:  CALL   00C
....................    for(i=1;i<=3;++i) 
00F7:  MOVLW  01
00F8:  MOVWF  25
00F9:  MOVF   25,W
00FA:  SUBLW  03
00FB:  BTFSS  03.0
00FC:  GOTO   105
....................    { 
....................        lcd_send_nibble(3); 
00FD:  MOVLW  03
00FE:  MOVWF  36
00FF:  CALL   021
....................        delay_ms(5); 
0100:  MOVLW  05
0101:  MOVWF  2F
0102:  CALL   00C
0103:  INCF   25,F
0104:  GOTO   0F9
....................    } 
....................     
....................    lcd_send_nibble(2); 
0105:  MOVLW  02
0106:  MOVWF  36
0107:  CALL   021
....................    delay_ms(5); 
0108:  MOVLW  05
0109:  MOVWF  2F
010A:  CALL   00C
....................    for(i=0;i<=3;++i) 
010B:  CLRF   25
010C:  MOVF   25,W
010D:  SUBLW  03
010E:  BTFSS  03.0
010F:  GOTO   11C
....................       lcd_send_byte(0,LCD_INIT_STRING[i]); 
0110:  MOVLW  26
0111:  ADDWF  25,W
0112:  MOVWF  04
0113:  BCF    03.7
0114:  MOVF   00,W
0115:  MOVWF  2A
0116:  CLRF   33
0117:  MOVF   2A,W
0118:  MOVWF  34
0119:  CALL   07D
....................  
....................   #if defined(LCD_EXTENDED_NEWLINE) 
011A:  INCF   25,F
011B:  GOTO   10C
011C:  BCF    0A.3
011D:  BCF    0A.4
011E:  GOTO   28F (RETURN)
....................    g_LcdX = 0; 
....................    g_LcdY = 0; 
....................   #endif 
.................... } 
....................  
.................... void lcd_gotoxy(unsigned int8 x, unsigned int8 y) 
.................... { 
....................    unsigned int8 address; 
....................     
....................    if(y!=1) 
*
0180:  DECFSZ 30,W
0181:  GOTO   183
0182:  GOTO   186
....................       address=LCD_LINE_TWO; 
0183:  MOVLW  40
0184:  MOVWF  31
0185:  GOTO   187
....................    else 
....................       address=0; 
0186:  CLRF   31
....................       
....................    address+=x-1; 
0187:  MOVLW  01
0188:  SUBWF  2F,W
0189:  ADDWF  31,F
....................    lcd_send_byte(0,0x80|address); 
018A:  MOVF   31,W
018B:  IORLW  80
018C:  MOVWF  32
018D:  CLRF   33
018E:  MOVF   32,W
018F:  MOVWF  34
0190:  CALL   07D
....................  
....................   #if defined(LCD_EXTENDED_NEWLINE) 
0191:  RETURN
....................    g_LcdX = x - 1; 
....................    g_LcdY = y - 1; 
....................   #endif 
.................... } 
....................  
.................... void lcd_putc(char c) 
.................... { 
....................    switch (c) 
0192:  MOVF   2E,W
0193:  XORLW  07
0194:  BTFSC  03.2
0195:  GOTO   1A0
0196:  XORLW  0B
0197:  BTFSC  03.2
0198:  GOTO   1A5
0199:  XORLW  06
019A:  BTFSC  03.2
019B:  GOTO   1AD
019C:  XORLW  02
019D:  BTFSC  03.2
019E:  GOTO   1B3
019F:  GOTO   1B8
....................    { 
....................       case '\a'   :  lcd_gotoxy(1,1);     break; 
01A0:  MOVLW  01
01A1:  MOVWF  2F
01A2:  MOVWF  30
01A3:  CALL   180
01A4:  GOTO   1BD
....................  
....................       case '\f'   :  lcd_send_byte(0,1); 
01A5:  CLRF   33
01A6:  MOVLW  01
01A7:  MOVWF  34
01A8:  CALL   07D
....................                      delay_ms(2); 
01A9:  MOVLW  02
01AA:  MOVWF  2F
01AB:  CALL   00C
....................                     #if defined(LCD_EXTENDED_NEWLINE) 
....................                      g_LcdX = 0; 
....................                      g_LcdY = 0; 
....................                     #endif 
....................                      break; 
01AC:  GOTO   1BD
....................  
....................      #if defined(LCD_EXTENDED_NEWLINE) 
....................       case '\r'   :  lcd_gotoxy(1, g_LcdY+1);   break; 
....................       case '\n'   : 
....................          while (g_LcdX++ < LCD_LINE_LENGTH) 
....................          { 
....................             lcd_send_byte(1, ' '); 
....................          } 
....................          lcd_gotoxy(1, g_LcdY+2); 
....................          break; 
....................      #else 
....................       case '\n'   : lcd_gotoxy(1,2);        break; 
01AD:  MOVLW  01
01AE:  MOVWF  2F
01AF:  MOVLW  02
01B0:  MOVWF  30
01B1:  CALL   180
01B2:  GOTO   1BD
....................      #endif 
....................       
....................       case '\b'   : lcd_send_byte(0,0x10);  break; 
01B3:  CLRF   33
01B4:  MOVLW  10
01B5:  MOVWF  34
01B6:  CALL   07D
01B7:  GOTO   1BD
....................       
....................      #if defined(LCD_EXTENDED_NEWLINE) 
....................       default     :  
....................          if (g_LcdX < LCD_LINE_LENGTH) 
....................          { 
....................             lcd_send_byte(1, c); 
....................             g_LcdX++; 
....................          } 
....................          break; 
....................      #else 
....................       default     : lcd_send_byte(1,c);     break; 
01B8:  MOVLW  01
01B9:  MOVWF  33
01BA:  MOVF   2E,W
01BB:  MOVWF  34
01BC:  CALL   07D
....................      #endif 
....................    } 
01BD:  RETURN
.................... } 
....................   
.................... char lcd_getc(unsigned int8 x, unsigned int8 y) 
.................... { 
....................    char value; 
....................  
....................    lcd_gotoxy(x,y); 
....................    while ( bit_test(lcd_read_byte(),7) ); // wait until busy flag is low 
....................    lcd_output_rs(1); 
....................    value = lcd_read_byte(); 
....................    lcd_output_rs(0); 
....................     
....................    return(value); 
.................... } 
....................  
.................... // write a custom character to the ram 
.................... // which is 0-7 and specifies which character array we are modifying. 
.................... // ptr points to an array of 8 bytes, where each byte is the next row of 
.................... //    pixels.  only bits 0-4 are used.  the last row is the cursor row, and 
.................... //    usually you will want to leave this byte 0x00. 
.................... void lcd_set_cgram_char(unsigned int8 which, unsigned int8 *ptr) 
.................... { 
....................    unsigned int i; 
....................  
....................    which <<= 3; 
....................    which &= 0x38; 
....................  
....................    lcd_send_byte(0, 0x40 | which);  //set cgram address 
....................  
....................    for(i=0; i<8; i++) 
....................    { 
....................       lcd_send_byte(1, *ptr++); 
....................    } 
....................    
....................    #if defined(LCD_EXTENDED_NEWLINE) 
....................     lcd_gotoxy(g_LcdX+1, g_LcdY+1);  //set ddram address 
....................    #endif 
.................... } 
....................  
.................... void lcd_cursor_on(int1 on) 
.................... { 
....................    if (on) 
....................    { 
....................       lcd_send_byte(0,0x0F);           //turn LCD cursor ON 
....................    } 
....................    else 
....................    { 
....................       lcd_send_byte(0,0x0C);           //turn LCD cursor OFF 
....................    } 
.................... } 
....................  
.................... #endif 
....................  
....................  
.................... #define TRIG PIN_C0 
.................... #define ECHO PIN_C1 
....................  
.................... int16 duration, distance; 
....................  
....................  
.................... void sr04dist() { 
....................     output_high(TRIG); 
*
011F:  BCF    20.0
0120:  MOVF   20,W
0121:  BSF    03.5
0122:  MOVWF  07
0123:  BCF    03.5
0124:  BSF    07.0
....................     delay_us(10); 
0125:  MOVLW  02
0126:  MOVWF  77
0127:  DECFSZ 77,F
0128:  GOTO   127
0129:  GOTO   12A
012A:  NOP
....................     output_low(TRIG); 
012B:  BCF    20.0
012C:  MOVF   20,W
012D:  BSF    03.5
012E:  MOVWF  07
012F:  BCF    03.5
0130:  BCF    07.0
....................     while (!input(ECHO)); 
0131:  BSF    20.1
0132:  MOVF   20,W
0133:  BSF    03.5
0134:  MOVWF  07
0135:  BCF    03.5
0136:  BTFSS  07.1
0137:  GOTO   131
....................     set_timer1(0); 
0138:  CLRF   0E
0139:  CLRF   0F
013A:  CLRF   0E
....................     while (input(ECHO)); 
013B:  BSF    20.1
013C:  MOVF   20,W
013D:  BSF    03.5
013E:  MOVWF  07
013F:  BCF    03.5
0140:  BTFSC  07.1
0141:  GOTO   13B
....................     duration = get_timer1(); 
0142:  MOVF   0F,W
0143:  MOVWF  7A
0144:  MOVF   0E,W
0145:  MOVWF  77
0146:  MOVF   0F,W
0147:  SUBWF  7A,W
0148:  BTFSS  03.2
0149:  GOTO   142
014A:  MOVF   77,W
014B:  MOVWF  21
014C:  MOVF   7A,W
014D:  MOVWF  22
....................     distance = (duration / 58); 
014E:  MOVF   22,W
014F:  MOVWF  26
0150:  MOVF   21,W
0151:  MOVWF  25
0152:  CLRF   28
0153:  MOVLW  3A
0154:  MOVWF  27
*
0179:  MOVF   79,W
017A:  MOVWF  24
017B:  MOVF   78,W
017C:  MOVWF  23
017D:  BCF    0A.3
017E:  BCF    0A.4
017F:  GOTO   290 (RETURN)
.................... } 
....................  
.................... void main() { 
*
027C:  MOVF   03,W
027D:  ANDLW  1F
027E:  MOVWF  03
027F:  MOVLW  FF
0280:  MOVWF  20
0281:  BSF    03.5
0282:  BSF    1F.0
0283:  BSF    1F.1
0284:  BSF    1F.2
0285:  BCF    1F.3
0286:  BCF    03.7
....................     enable_interrupts(INT_TIMER1); 
0287:  BSF    0C.0
....................     setup_timer_1(T1_INTERNAL | T1_DIV_BY_1); 
0288:  MOVLW  85
0289:  BCF    03.5
028A:  MOVWF  10
....................     set_timer1(0); 
028B:  CLRF   0E
028C:  CLRF   0F
028D:  CLRF   0E
....................     lcd_init(); 
028E:  GOTO   0D9
....................     while (1) { 
....................         sr04dist(); 
028F:  GOTO   11F
....................         printf(lcd_putc, "\fDistancia: %lu", distance); 
0290:  MOVLW  04
0291:  BSF    03.6
0292:  MOVWF  0D
0293:  MOVLW  00
0294:  MOVWF  0F
0295:  BCF    03.0
0296:  MOVLW  0C
0297:  BCF    03.6
0298:  MOVWF  25
0299:  GOTO   1BE
029A:  MOVLW  10
029B:  MOVWF  04
029C:  MOVF   24,W
029D:  MOVWF  26
029E:  MOVF   23,W
029F:  MOVWF  25
02A0:  GOTO   217
....................         delay_ms(100); 
02A1:  MOVLW  64
02A2:  MOVWF  2F
02A3:  CALL   00C
02A4:  GOTO   28F
....................     } 
.................... } 
02A5:  SLEEP

Configuration Fuses:
   Word  1: 3F71   XT NOWDT PUT BROWNOUT NOLVP NOCPD NOWRT NODEBUG NOPROTECT
