
ROM used:   400/4096 (10%)
            400/4096 (10%) including unused fragments

            0.3 Average locations per line
            2.0 Average locations per statement

RAM used:   57/191 (30%) at main() level
            61/191 (32%) worst case

Stack used: 2 worst case (1 in main + 1 for interrupts)
Stack size: 8

Lines Stmts  %   Files
----- ----- ---  -----
  349   119  59  Reconocimiento.c
  620     0   0  ..\..\..\..\..\Program Files (x86)\PICC\devices\16f873a.h
  456    84  41  ..\..\..\..\..\Program Files (x86)\PICC\drivers\LCD.c
----- -----
 1425   203 Total

Page ROM  %  RAM   Vol Diff  Functions:
---- --- --- ---   --- ----  ----------
0     13   3    2   131  3.5  inicbuff
0     38  10    1   354  5.1  serial_isr
0     47  12    0   404  3.8  isr_int_tmr1
0    205  51    1  2125  9.4  MAIN
0     38  10    1   238  3.9  resultado_proceso
 Inline         0             @cinit1

Program metrics:
    Functions               5
    Statements              203
    Comments                374
    Volume (V)              4203
    Difficulty (D)          26.3
    Effort to implement (E) 110374
    Time to implement (T)   1 hours, 42 minutes
    Est Delivered Bugs (B)  1
    Cyclomatic Complexity   30
    Maintainability (MI)    112

 Segment     Used  Free
-----------  ----  ----
00000-00003     4  0  
00004-0003A    55  0  
0003B-007FF   341  1648  
00800-00FFF     0  2048  



