CCS PCM C Compiler, Version 5.015, 5967               15-abr-25 16:15

               Filename:   C:\Users\Electronica\Desktop\Martin\Ejercicio-Prueba.X\build\default\production\Ejercicio.lst

               ROM used:   1779 words (22%)
                           Largest free fragment is 2048
               RAM used:   36 (10%) at main() level
                           53 (14%) worst case
               Stack used: 6 locations (5 in main + 1 for interrupts)
               Stack size: 8

*
0000:  MOVLW  05
0001:  MOVWF  0A
0002:  GOTO   553
0003:  NOP
0004:  MOVWF  7F
0005:  SWAPF  03,W
0006:  CLRF   03
0007:  MOVWF  21
0008:  MOVF   0A,W
0009:  MOVWF  20
000A:  CLRF   0A
000B:  MOVF   04,W
000C:  MOVWF  22
000D:  MOVF   77,W
000E:  MOVWF  23
000F:  MOVF   78,W
0010:  MOVWF  24
0011:  MOVF   79,W
0012:  MOVWF  25
0013:  MOVF   7A,W
0014:  MOVWF  26
0015:  BSF    03.6
0016:  MOVF   0D,W
0017:  BCF    03.6
0018:  MOVWF  27
0019:  BSF    03.6
001A:  MOVF   0F,W
001B:  BCF    03.6
001C:  MOVWF  28
001D:  BSF    03.6
001E:  MOVF   0C,W
001F:  BCF    03.6
0020:  MOVWF  29
0021:  BSF    03.6
0022:  MOVF   0E,W
0023:  BCF    03.6
0024:  MOVWF  2A
0025:  BCF    03.7
0026:  BCF    03.5
0027:  MOVLW  8C
0028:  MOVWF  04
0029:  BTFSS  00.0
002A:  GOTO   02D
002B:  BTFSC  0C.0
002C:  GOTO   052
002D:  BTFSS  0B.5
002E:  GOTO   031
002F:  BTFSC  0B.2
0030:  GOTO   055
0031:  MOVF   22,W
0032:  MOVWF  04
0033:  MOVF   23,W
0034:  MOVWF  77
0035:  MOVF   24,W
0036:  MOVWF  78
0037:  MOVF   25,W
0038:  MOVWF  79
0039:  MOVF   26,W
003A:  MOVWF  7A
003B:  MOVF   27,W
003C:  BSF    03.6
003D:  MOVWF  0D
003E:  BCF    03.6
003F:  MOVF   28,W
0040:  BSF    03.6
0041:  MOVWF  0F
0042:  BCF    03.6
0043:  MOVF   29,W
0044:  BSF    03.6
0045:  MOVWF  0C
0046:  BCF    03.6
0047:  MOVF   2A,W
0048:  BSF    03.6
0049:  MOVWF  0E
004A:  BCF    03.6
004B:  MOVF   20,W
004C:  MOVWF  0A
004D:  SWAPF  21,W
004E:  MOVWF  03
004F:  SWAPF  7F,F
0050:  SWAPF  7F,W
0051:  RETFIE
0052:  BCF    0A.3
0053:  BCF    0A.4
0054:  GOTO   058
0055:  BCF    0A.3
0056:  BCF    0A.4
0057:  GOTO   06B
.................... #include <16F876A.h> 
.................... //////////// Standard Header file for the PIC16F876A device //////////////// 
.................... /////////////////////////////////////////////////////////////////////////// 
.................... ////        (C) Copyright 1996, 2013 Custom Computer Services          //// 
.................... //// This source code may only be used by licensed users of the CCS C  //// 
.................... //// compiler.  This source code may only be distributed to other      //// 
.................... //// licensed users of the CCS C compiler.  No other use, reproduction //// 
.................... //// or distribution is permitted without written permission.          //// 
.................... //// Derivative programs created using this software in object code    //// 
.................... //// form are not restricted in any way.                               //// 
.................... /////////////////////////////////////////////////////////////////////////// 
.................... #device PIC16F876A 
*
0083:  DATA 0C,2A
0084:  DATA E5,36
0085:  DATA F0,32
0086:  DATA F2,30
0087:  DATA F4,3A
0088:  DATA F2,30
0089:  DATA BA,12
008A:  DATA 33,36
008B:  DATA F5,12
008C:  DATA 63,00
008D:  DATA 0A,2A
008E:  DATA ED,34
008F:  DATA 6E,1D
0090:  DATA A5,19
0091:  DATA 75,00
0092:  DATA D4,36
0093:  DATA 61,3C
0094:  DATA BA,12
0095:  DATA B3,3A
0096:  DATA 00,01
*
0153:  MOVLW  8E
0154:  MOVWF  77
0155:  MOVF   40,W
0156:  MOVWF  78
0157:  MOVF   3F,W
0158:  MOVWF  79
0159:  CLRF   7A
015A:  MOVF   78,F
015B:  BTFSS  03.2
015C:  GOTO   167
015D:  MOVF   79,W
015E:  MOVWF  78
015F:  CLRF   79
0160:  MOVLW  08
0161:  SUBWF  77,F
0162:  MOVF   78,F
0163:  BTFSS  03.2
0164:  GOTO   167
0165:  CLRF   77
0166:  GOTO   16F
0167:  BCF    03.0
0168:  BTFSC  78.7
0169:  GOTO   16E
016A:  RLF    79,F
016B:  RLF    78,F
016C:  DECF   77,F
016D:  GOTO   167
016E:  BCF    78.7
016F:  RETURN
0170:  MOVF   3F,W
0171:  BTFSC  03.2
0172:  GOTO   1E0
0173:  MOVWF  47
0174:  MOVF   43,W
0175:  BTFSC  03.2
0176:  GOTO   1E0
0177:  ADDWF  47,F
0178:  BTFSC  03.0
0179:  GOTO   181
017A:  MOVLW  7F
017B:  SUBWF  47,F
017C:  BTFSS  03.0
017D:  GOTO   1E0
017E:  BTFSC  03.2
017F:  GOTO   1E0
0180:  GOTO   185
0181:  MOVLW  81
0182:  ADDWF  47,F
0183:  BTFSC  03.0
0184:  GOTO   1E0
0185:  MOVF   47,W
0186:  MOVWF  77
0187:  CLRF   78
0188:  CLRF   79
0189:  CLRF   7A
018A:  MOVF   40,W
018B:  MOVWF  4B
018C:  BSF    4B.7
018D:  MOVF   41,W
018E:  MOVWF  4A
018F:  MOVF   42,W
0190:  MOVWF  49
0191:  MOVLW  18
0192:  MOVWF  47
0193:  CLRF   48
0194:  BTFSS  49.0
0195:  GOTO   1AE
0196:  MOVF   46,W
0197:  ADDWF  7A,F
0198:  BTFSS  03.0
0199:  GOTO   1A0
019A:  INCF   79,F
019B:  BTFSS  03.2
019C:  GOTO   1A0
019D:  INCF   78,F
019E:  BTFSC  03.2
019F:  BSF    48.7
01A0:  MOVF   45,W
01A1:  ADDWF  79,F
01A2:  BTFSS  03.0
01A3:  GOTO   1A7
01A4:  INCF   78,F
01A5:  BTFSC  03.2
01A6:  BSF    48.7
01A7:  MOVF   44,W
01A8:  MOVWF  41
01A9:  BSF    41.7
01AA:  MOVF   41,W
01AB:  ADDWF  78,F
01AC:  BTFSC  03.0
01AD:  BSF    48.7
01AE:  RLF    48,F
01AF:  RRF    78,F
01B0:  RRF    79,F
01B1:  RRF    7A,F
01B2:  RRF    4B,F
01B3:  RRF    4A,F
01B4:  RRF    49,F
01B5:  BCF    03.0
01B6:  DECFSZ 47,F
01B7:  GOTO   193
01B8:  MOVLW  01
01B9:  ADDWF  77,F
01BA:  BTFSC  03.0
01BB:  GOTO   1E0
01BC:  BTFSC  78.7
01BD:  GOTO   1C5
01BE:  RLF    4B,F
01BF:  RLF    7A,F
01C0:  RLF    79,F
01C1:  RLF    78,F
01C2:  DECF   77,F
01C3:  BTFSC  03.2
01C4:  GOTO   1E0
01C5:  BTFSS  4B.7
01C6:  GOTO   1D6
01C7:  INCF   7A,F
01C8:  BTFSS  03.2
01C9:  GOTO   1D6
01CA:  INCF   79,F
01CB:  BTFSS  03.2
01CC:  GOTO   1D6
01CD:  INCF   78,F
01CE:  BTFSS  03.2
01CF:  GOTO   1D6
01D0:  RRF    78,F
01D1:  RRF    79,F
01D2:  RRF    7A,F
01D3:  INCF   77,F
01D4:  BTFSC  03.2
01D5:  GOTO   1E0
01D6:  MOVF   40,W
01D7:  MOVWF  48
01D8:  MOVF   44,W
01D9:  XORWF  48,F
01DA:  BTFSS  48.7
01DB:  GOTO   1DE
01DC:  BSF    78.7
01DD:  GOTO   1E4
01DE:  BCF    78.7
01DF:  GOTO   1E4
01E0:  CLRF   77
01E1:  CLRF   78
01E2:  CLRF   79
01E3:  CLRF   7A
01E4:  RETURN
01E5:  MOVF   3F,W
01E6:  BTFSC  03.2
01E7:  GOTO   2AA
01E8:  MOVWF  4B
01E9:  MOVF   43,W
01EA:  BTFSC  03.2
01EB:  GOTO   2AA
01EC:  SUBWF  4B,F
01ED:  BTFSS  03.0
01EE:  GOTO   1F4
01EF:  MOVLW  7F
01F0:  ADDWF  4B,F
01F1:  BTFSC  03.0
01F2:  GOTO   2AA
01F3:  GOTO   1FA
01F4:  MOVLW  81
01F5:  SUBWF  4B,F
01F6:  BTFSS  03.0
01F7:  GOTO   2AA
01F8:  BTFSC  03.2
01F9:  GOTO   2AA
01FA:  MOVF   4B,W
01FB:  MOVWF  77
01FC:  CLRF   78
01FD:  CLRF   79
01FE:  CLRF   7A
01FF:  CLRF   4A
0200:  MOVF   40,W
0201:  MOVWF  49
0202:  BSF    49.7
0203:  MOVF   41,W
0204:  MOVWF  48
0205:  MOVF   42,W
0206:  MOVWF  47
0207:  MOVLW  19
0208:  MOVWF  4B
0209:  MOVF   46,W
020A:  SUBWF  47,F
020B:  BTFSC  03.0
020C:  GOTO   21D
020D:  MOVLW  01
020E:  SUBWF  48,F
020F:  BTFSC  03.0
0210:  GOTO   21D
0211:  SUBWF  49,F
0212:  BTFSC  03.0
0213:  GOTO   21D
0214:  SUBWF  4A,F
0215:  BTFSC  03.0
0216:  GOTO   21D
0217:  INCF   4A,F
0218:  INCF   49,F
0219:  INCF   48,F
021A:  MOVF   46,W
021B:  ADDWF  47,F
021C:  GOTO   24F
021D:  MOVF   45,W
021E:  SUBWF  48,F
021F:  BTFSC  03.0
0220:  GOTO   238
0221:  MOVLW  01
0222:  SUBWF  49,F
0223:  BTFSC  03.0
0224:  GOTO   238
0225:  SUBWF  4A,F
0226:  BTFSC  03.0
0227:  GOTO   238
0228:  INCF   4A,F
0229:  INCF   49,F
022A:  MOVF   45,W
022B:  ADDWF  48,F
022C:  MOVF   46,W
022D:  ADDWF  47,F
022E:  BTFSS  03.0
022F:  GOTO   24F
0230:  INCF   48,F
0231:  BTFSS  03.2
0232:  GOTO   24F
0233:  INCF   49,F
0234:  BTFSS  03.2
0235:  GOTO   24F
0236:  INCF   4A,F
0237:  GOTO   24F
0238:  MOVF   44,W
0239:  IORLW  80
023A:  SUBWF  49,F
023B:  BTFSC  03.0
023C:  GOTO   24E
023D:  MOVLW  01
023E:  SUBWF  4A,F
023F:  BTFSC  03.0
0240:  GOTO   24E
0241:  INCF   4A,F
0242:  MOVF   44,W
0243:  IORLW  80
0244:  ADDWF  49,F
0245:  MOVF   45,W
0246:  ADDWF  48,F
0247:  BTFSS  03.0
0248:  GOTO   22C
0249:  INCF   49,F
024A:  BTFSS  03.2
024B:  GOTO   22C
024C:  INCF   4A,F
024D:  GOTO   22C
024E:  BSF    7A.0
024F:  DECFSZ 4B,F
0250:  GOTO   252
0251:  GOTO   25D
0252:  BCF    03.0
0253:  RLF    47,F
0254:  RLF    48,F
0255:  RLF    49,F
0256:  RLF    4A,F
0257:  BCF    03.0
0258:  RLF    7A,F
0259:  RLF    79,F
025A:  RLF    78,F
025B:  RLF    4C,F
025C:  GOTO   209
025D:  BTFSS  4C.0
025E:  GOTO   265
025F:  BCF    03.0
0260:  RRF    78,F
0261:  RRF    79,F
0262:  RRF    7A,F
0263:  RRF    4C,F
0264:  GOTO   268
0265:  DECF   77,F
0266:  BTFSC  03.2
0267:  GOTO   2AA
0268:  BTFSC  4C.7
0269:  GOTO   291
026A:  BCF    03.0
026B:  RLF    47,F
026C:  RLF    48,F
026D:  RLF    49,F
026E:  RLF    4A,F
026F:  MOVF   46,W
0270:  SUBWF  47,F
0271:  BTFSC  03.0
0272:  GOTO   27D
0273:  MOVLW  01
0274:  SUBWF  48,F
0275:  BTFSC  03.0
0276:  GOTO   27D
0277:  SUBWF  49,F
0278:  BTFSC  03.0
0279:  GOTO   27D
027A:  SUBWF  4A,F
027B:  BTFSS  03.0
027C:  GOTO   2A0
027D:  MOVF   45,W
027E:  SUBWF  48,F
027F:  BTFSC  03.0
0280:  GOTO   288
0281:  MOVLW  01
0282:  SUBWF  49,F
0283:  BTFSC  03.0
0284:  GOTO   288
0285:  SUBWF  4A,F
0286:  BTFSS  03.0
0287:  GOTO   2A0
0288:  MOVF   44,W
0289:  IORLW  80
028A:  SUBWF  49,F
028B:  BTFSC  03.0
028C:  GOTO   291
028D:  MOVLW  01
028E:  SUBWF  4A,F
028F:  BTFSS  03.0
0290:  GOTO   2A0
0291:  INCF   7A,F
0292:  BTFSS  03.2
0293:  GOTO   2A0
0294:  INCF   79,F
0295:  BTFSS  03.2
0296:  GOTO   2A0
0297:  INCF   78,F
0298:  BTFSS  03.2
0299:  GOTO   2A0
029A:  INCF   77,F
029B:  BTFSC  03.2
029C:  GOTO   2AA
029D:  RRF    78,F
029E:  RRF    79,F
029F:  RRF    7A,F
02A0:  MOVF   40,W
02A1:  MOVWF  4B
02A2:  MOVF   44,W
02A3:  XORWF  4B,F
02A4:  BTFSS  4B.7
02A5:  GOTO   2A8
02A6:  BSF    78.7
02A7:  GOTO   2AE
02A8:  BCF    78.7
02A9:  GOTO   2AE
02AA:  CLRF   77
02AB:  CLRF   78
02AC:  CLRF   79
02AD:  CLRF   7A
02AE:  RETURN
02AF:  MOVLW  8E
02B0:  MOVWF  77
02B1:  MOVF   3F,W
02B2:  SUBWF  77,F
02B3:  MOVF   40,W
02B4:  MOVWF  79
02B5:  MOVF   41,W
02B6:  MOVWF  78
02B7:  BSF    79.7
02B8:  MOVF   77,F
02B9:  BTFSC  03.2
02BA:  GOTO   2C6
02BB:  BCF    03.0
02BC:  MOVF   79,F
02BD:  BTFSS  03.2
02BE:  GOTO   2C2
02BF:  MOVF   78,F
02C0:  BTFSC  03.2
02C1:  GOTO   2C6
02C2:  RRF    79,F
02C3:  RRF    78,F
02C4:  DECFSZ 77,F
02C5:  GOTO   2BB
02C6:  BTFSS  40.7
02C7:  GOTO   2CD
02C8:  COMF   78,F
02C9:  COMF   79,F
02CA:  INCF   78,F
02CB:  BTFSC  03.2
02CC:  INCF   79,F
02CD:  RETURN
*
030C:  MOVF   0B,W
030D:  MOVWF  3C
030E:  BCF    0B.7
030F:  BSF    03.5
0310:  BSF    03.6
0311:  BSF    0C.7
0312:  BSF    0C.0
0313:  NOP
0314:  NOP
0315:  BCF    03.5
0316:  BCF    03.6
0317:  BTFSC  3C.7
0318:  BSF    0B.7
0319:  BTFSC  03.0
031A:  GOTO   343
031B:  BSF    03.6
031C:  MOVF   0C,W
031D:  ANDLW  7F
031E:  BCF    03.6
031F:  MOVWF  3C
0320:  BSF    03.6
0321:  MOVF   0D,W
0322:  BCF    03.6
0323:  MOVWF  3D
0324:  BSF    03.6
0325:  MOVF   0F,W
0326:  BCF    03.6
0327:  MOVWF  3E
0328:  MOVF   3C,W
0329:  MOVWF  44
032A:  CALL   2E0
032B:  MOVF   3D,W
032C:  BSF    03.6
032D:  MOVWF  0D
032E:  BCF    03.6
032F:  MOVF   3E,W
0330:  BSF    03.6
0331:  MOVWF  0F
0332:  BCF    03.6
0333:  MOVF   0B,W
0334:  MOVWF  3F
0335:  BCF    0B.7
0336:  BSF    03.5
0337:  BSF    03.6
0338:  BSF    0C.7
0339:  BSF    0C.0
033A:  NOP
033B:  NOP
033C:  BCF    03.5
033D:  BCF    03.6
033E:  BTFSC  3F.7
033F:  BSF    0B.7
0340:  DECFSZ 3B,F
0341:  GOTO   343
0342:  GOTO   362
0343:  BSF    03.6
0344:  RLF    0C,W
0345:  RLF    0E,W
0346:  ANDLW  7F
0347:  BCF    03.6
0348:  MOVWF  3C
0349:  BSF    03.6
034A:  MOVF   0D,W
034B:  BCF    03.6
034C:  MOVWF  3D
034D:  BSF    03.6
034E:  MOVF   0F,W
034F:  BCF    03.6
0350:  MOVWF  3E
0351:  MOVF   3C,W
0352:  MOVWF  44
0353:  CALL   2E0
0354:  MOVF   3D,W
0355:  BSF    03.6
0356:  MOVWF  0D
0357:  BCF    03.6
0358:  MOVF   3E,W
0359:  BSF    03.6
035A:  MOVWF  0F
035B:  INCF   0D,F
035C:  BTFSC  03.2
035D:  INCF   0F,F
035E:  BCF    03.0
035F:  BCF    03.6
0360:  DECFSZ 3B,F
0361:  GOTO   30C
0362:  RETURN
0363:  CLRF   43
0364:  MOVF   04,W
0365:  MOVWF  42
0366:  BCF    43.0
0367:  BTFSC  03.7
0368:  BSF    43.0
0369:  SWAPF  3C,W
036A:  IORLW  F0
036B:  MOVWF  3E
036C:  ADDWF  3E,F
036D:  ADDLW  E2
036E:  MOVWF  3F
036F:  ADDLW  32
0370:  MOVWF  41
0371:  MOVF   3C,W
0372:  ANDLW  0F
0373:  ADDWF  3F,F
0374:  ADDWF  3F,F
0375:  ADDWF  41,F
0376:  ADDLW  E9
0377:  MOVWF  40
0378:  ADDWF  40,F
0379:  ADDWF  40,F
037A:  SWAPF  3B,W
037B:  ANDLW  0F
037C:  ADDWF  40,F
037D:  ADDWF  41,F
037E:  RLF    40,F
037F:  RLF    41,F
0380:  COMF   41,F
0381:  RLF    41,F
0382:  MOVF   3B,W
0383:  ANDLW  0F
0384:  ADDWF  41,F
0385:  RLF    3E,F
0386:  MOVLW  07
0387:  MOVWF  3D
0388:  MOVLW  0A
0389:  ADDWF  41,F
038A:  DECF   40,F
038B:  BTFSS  03.0
038C:  GOTO   389
038D:  ADDWF  40,F
038E:  DECF   3F,F
038F:  BTFSS  03.0
0390:  GOTO   38D
0391:  ADDWF  3F,F
0392:  DECF   3E,F
0393:  BTFSS  03.0
0394:  GOTO   391
0395:  ADDWF  3E,F
0396:  DECF   3D,F
0397:  BTFSS  03.0
0398:  GOTO   395
0399:  MOVLW  3D
039A:  MOVWF  04
039B:  BCF    03.7
039C:  MOVLW  07
039D:  ANDWF  42,W
039E:  BCF    42.6
039F:  ADDWF  04,F
03A0:  MOVLW  41
03A1:  SUBWF  04,W
03A2:  BTFSC  03.2
03A3:  BSF    42.6
03A4:  MOVF   00,W
03A5:  MOVWF  77
03A6:  BTFSS  03.2
03A7:  GOTO   3B0
03A8:  BTFSC  42.6
03A9:  GOTO   3B0
03AA:  BTFSC  42.4
03AB:  GOTO   3C2
03AC:  BTFSC  42.3
03AD:  GOTO   3B0
03AE:  MOVLW  20
03AF:  GOTO   3B3
03B0:  BSF    42.3
03B1:  BCF    42.4
03B2:  MOVLW  30
03B3:  ADDWF  77,F
03B4:  CLRF   3C
03B5:  MOVF   04,W
03B6:  MOVWF  3B
03B7:  BCF    3C.0
03B8:  BTFSC  03.7
03B9:  BSF    3C.0
03BA:  MOVF   77,W
03BB:  MOVWF  44
03BC:  CALL   2E0
03BD:  MOVF   3B,W
03BE:  MOVWF  04
03BF:  BCF    03.7
03C0:  BTFSC  3C.0
03C1:  BSF    03.7
03C2:  INCF   04,F
03C3:  BTFSS  42.6
03C4:  GOTO   3A0
03C5:  RETURN
03C6:  MOVF   3E,W
03C7:  CLRF   78
03C8:  SUBWF  3D,W
03C9:  BTFSC  03.0
03CA:  GOTO   3CE
03CB:  MOVF   3D,W
03CC:  MOVWF  77
03CD:  GOTO   3DA
03CE:  CLRF   77
03CF:  MOVLW  08
03D0:  MOVWF  3F
03D1:  RLF    3D,F
03D2:  RLF    77,F
03D3:  MOVF   3E,W
03D4:  SUBWF  77,W
03D5:  BTFSC  03.0
03D6:  MOVWF  77
03D7:  RLF    78,F
03D8:  DECFSZ 3F,F
03D9:  GOTO   3D1
03DA:  RETURN
03DB:  MOVF   78,W
03DC:  MOVF   3B,W
03DD:  MOVWF  3D
03DE:  MOVLW  64
03DF:  MOVWF  3E
03E0:  CALL   3C6
03E1:  MOVF   77,W
03E2:  MOVWF  3B
03E3:  MOVF   78,W
03E4:  MOVLW  30
03E5:  BTFSS  03.2
03E6:  GOTO   3EE
03E7:  BTFSS  3C.1
03E8:  GOTO   3F5
03E9:  BTFSC  3C.3
03EA:  GOTO   3F5
03EB:  BTFSC  3C.4
03EC:  MOVLW  20
03ED:  GOTO   3F1
03EE:  BCF    3C.3
03EF:  BCF    3C.4
03F0:  BSF    3C.0
03F1:  ADDWF  78,F
03F2:  MOVF   78,W
03F3:  MOVWF  44
03F4:  CALL   2E0
03F5:  MOVF   3B,W
03F6:  MOVWF  3D
03F7:  MOVLW  0A
03F8:  MOVWF  3E
03F9:  CALL   3C6
03FA:  MOVF   77,W
03FB:  MOVWF  3B
03FC:  MOVF   78,W
03FD:  MOVLW  30
03FE:  BTFSS  03.2
03FF:  GOTO   406
0400:  BTFSC  3C.3
0401:  GOTO   40A
0402:  BTFSS  3C.0
0403:  GOTO   40A
0404:  BTFSC  3C.4
0405:  MOVLW  20
0406:  ADDWF  78,F
0407:  MOVF   78,W
0408:  MOVWF  44
0409:  CALL   2E0
040A:  MOVLW  30
040B:  ADDWF  3B,F
040C:  MOVF   3B,W
040D:  MOVWF  44
040E:  CALL   2E0
040F:  RETURN
0410:  MOVLW  80
0411:  BTFSC  03.1
0412:  XORWF  44,F
0413:  CLRF   49
0414:  CLRF   4A
0415:  MOVF   40,W
0416:  MOVWF  48
0417:  MOVF   44,W
0418:  XORWF  48,F
0419:  MOVF   3F,W
041A:  BTFSC  03.2
041B:  GOTO   500
041C:  MOVWF  47
041D:  MOVWF  77
041E:  MOVF   43,W
041F:  BTFSC  03.2
0420:  GOTO   509
0421:  SUBWF  47,F
0422:  BTFSC  03.2
0423:  GOTO   4A5
0424:  BTFSS  03.0
0425:  GOTO   463
0426:  MOVF   44,W
0427:  MOVWF  4D
0428:  BSF    4D.7
0429:  MOVF   45,W
042A:  MOVWF  4C
042B:  MOVF   46,W
042C:  MOVWF  4B
042D:  CLRF   4A
042E:  BCF    03.0
042F:  RRF    4D,F
0430:  RRF    4C,F
0431:  RRF    4B,F
0432:  RRF    4A,F
0433:  DECFSZ 47,F
0434:  GOTO   42D
0435:  BTFSS  48.7
0436:  GOTO   43A
0437:  BSF    49.0
0438:  GOTO   51D
0439:  BCF    49.0
043A:  BCF    47.0
043B:  BSF    49.4
043C:  MOVLW  42
043D:  MOVWF  04
043E:  BCF    03.7
043F:  GOTO   532
0440:  BCF    49.4
0441:  BTFSC  48.7
0442:  GOTO   44D
0443:  BTFSS  47.0
0444:  GOTO   458
0445:  RRF    4D,F
0446:  RRF    4C,F
0447:  RRF    4B,F
0448:  RRF    4A,F
0449:  INCF   77,F
044A:  BTFSC  03.2
044B:  GOTO   518
044C:  GOTO   458
044D:  BTFSC  4D.7
044E:  GOTO   45B
044F:  BCF    03.0
0450:  RLF    4A,F
0451:  RLF    4B,F
0452:  RLF    4C,F
0453:  RLF    4D,F
0454:  DECF   77,F
0455:  BTFSC  03.2
0456:  GOTO   518
0457:  GOTO   44D
0458:  BSF    49.6
0459:  GOTO   4C5
045A:  BCF    49.6
045B:  MOVF   40,W
045C:  MOVWF  48
045D:  BTFSS  48.7
045E:  GOTO   461
045F:  BSF    4D.7
0460:  GOTO   511
0461:  BCF    4D.7
0462:  GOTO   511
0463:  MOVF   43,W
0464:  MOVWF  47
0465:  MOVWF  77
0466:  MOVF   3F,W
0467:  SUBWF  47,F
0468:  MOVF   40,W
0469:  MOVWF  4D
046A:  BSF    4D.7
046B:  MOVF   41,W
046C:  MOVWF  4C
046D:  MOVF   42,W
046E:  MOVWF  4B
046F:  CLRF   4A
0470:  BCF    03.0
0471:  RRF    4D,F
0472:  RRF    4C,F
0473:  RRF    4B,F
0474:  RRF    4A,F
0475:  DECFSZ 47,F
0476:  GOTO   46F
0477:  BTFSS  48.7
0478:  GOTO   47C
0479:  BSF    49.1
047A:  GOTO   51D
047B:  BCF    49.1
047C:  BCF    47.0
047D:  BSF    49.5
047E:  MOVLW  46
047F:  MOVWF  04
0480:  BCF    03.7
0481:  GOTO   532
0482:  BCF    49.5
0483:  BTFSC  48.7
0484:  GOTO   48F
0485:  BTFSS  47.0
0486:  GOTO   49A
0487:  RRF    4D,F
0488:  RRF    4C,F
0489:  RRF    4B,F
048A:  RRF    4A,F
048B:  INCF   77,F
048C:  BTFSC  03.2
048D:  GOTO   518
048E:  GOTO   49A
048F:  BTFSC  4D.7
0490:  GOTO   49D
0491:  BCF    03.0
0492:  RLF    4A,F
0493:  RLF    4B,F
0494:  RLF    4C,F
0495:  RLF    4D,F
0496:  DECF   77,F
0497:  BTFSC  03.2
0498:  GOTO   518
0499:  GOTO   48F
049A:  BSF    49.7
049B:  GOTO   4C5
049C:  BCF    49.7
049D:  MOVF   44,W
049E:  MOVWF  48
049F:  BTFSS  48.7
04A0:  GOTO   4A3
04A1:  BSF    4D.7
04A2:  GOTO   511
04A3:  BCF    4D.7
04A4:  GOTO   511
04A5:  MOVF   44,W
04A6:  MOVWF  4D
04A7:  BSF    4D.7
04A8:  MOVF   45,W
04A9:  MOVWF  4C
04AA:  MOVF   46,W
04AB:  MOVWF  4B
04AC:  BTFSS  48.7
04AD:  GOTO   4B2
04AE:  BCF    4D.7
04AF:  BSF    49.2
04B0:  GOTO   51D
04B1:  BCF    49.2
04B2:  CLRF   4A
04B3:  BCF    47.0
04B4:  MOVLW  42
04B5:  MOVWF  04
04B6:  BCF    03.7
04B7:  GOTO   532
04B8:  BTFSC  48.7
04B9:  GOTO   4DB
04BA:  MOVF   40,W
04BB:  MOVWF  48
04BC:  BTFSS  47.0
04BD:  GOTO   4C5
04BE:  RRF    4D,F
04BF:  RRF    4C,F
04C0:  RRF    4B,F
04C1:  RRF    4A,F
04C2:  INCF   77,F
04C3:  BTFSC  03.2
04C4:  GOTO   518
04C5:  BTFSS  4A.7
04C6:  GOTO   4D6
04C7:  INCF   4B,F
04C8:  BTFSS  03.2
04C9:  GOTO   4D6
04CA:  INCF   4C,F
04CB:  BTFSS  03.2
04CC:  GOTO   4D6
04CD:  INCF   4D,F
04CE:  BTFSS  03.2
04CF:  GOTO   4D6
04D0:  RRF    4D,F
04D1:  RRF    4C,F
04D2:  RRF    4B,F
04D3:  INCF   77,F
04D4:  BTFSC  03.2
04D5:  GOTO   518
04D6:  BTFSC  49.6
04D7:  GOTO   45A
04D8:  BTFSC  49.7
04D9:  GOTO   49C
04DA:  GOTO   4FA
04DB:  MOVLW  80
04DC:  XORWF  4D,F
04DD:  BTFSS  4D.7
04DE:  GOTO   4E3
04DF:  GOTO   51D
04E0:  MOVF   44,W
04E1:  MOVWF  48
04E2:  GOTO   4F0
04E3:  MOVF   40,W
04E4:  MOVWF  48
04E5:  MOVF   4D,F
04E6:  BTFSS  03.2
04E7:  GOTO   4F0
04E8:  MOVF   4C,F
04E9:  BTFSS  03.2
04EA:  GOTO   4F0
04EB:  MOVF   4B,F
04EC:  BTFSS  03.2
04ED:  GOTO   4F0
04EE:  CLRF   77
04EF:  GOTO   511
04F0:  BTFSC  4D.7
04F1:  GOTO   4FA
04F2:  BCF    03.0
04F3:  RLF    4A,F
04F4:  RLF    4B,F
04F5:  RLF    4C,F
04F6:  RLF    4D,F
04F7:  DECFSZ 77,F
04F8:  GOTO   4F0
04F9:  GOTO   518
04FA:  BTFSS  48.7
04FB:  GOTO   4FE
04FC:  BSF    4D.7
04FD:  GOTO   511
04FE:  BCF    4D.7
04FF:  GOTO   511
0500:  MOVF   43,W
0501:  MOVWF  77
0502:  MOVF   44,W
0503:  MOVWF  4D
0504:  MOVF   45,W
0505:  MOVWF  4C
0506:  MOVF   46,W
0507:  MOVWF  4B
0508:  GOTO   511
0509:  MOVF   3F,W
050A:  MOVWF  77
050B:  MOVF   40,W
050C:  MOVWF  4D
050D:  MOVF   41,W
050E:  MOVWF  4C
050F:  MOVF   42,W
0510:  MOVWF  4B
0511:  MOVF   4D,W
0512:  MOVWF  78
0513:  MOVF   4C,W
0514:  MOVWF  79
0515:  MOVF   4B,W
0516:  MOVWF  7A
0517:  GOTO   550
0518:  CLRF   77
0519:  CLRF   78
051A:  CLRF   79
051B:  CLRF   7A
051C:  GOTO   550
051D:  CLRF   4A
051E:  COMF   4B,F
051F:  COMF   4C,F
0520:  COMF   4D,F
0521:  COMF   4A,F
0522:  INCF   4A,F
0523:  BTFSS  03.2
0524:  GOTO   52B
0525:  INCF   4B,F
0526:  BTFSS  03.2
0527:  GOTO   52B
0528:  INCF   4C,F
0529:  BTFSC  03.2
052A:  INCF   4D,F
052B:  BTFSC  49.0
052C:  GOTO   439
052D:  BTFSC  49.1
052E:  GOTO   47B
052F:  BTFSC  49.2
0530:  GOTO   4B1
0531:  GOTO   4E0
0532:  MOVF   00,W
0533:  ADDWF  4B,F
0534:  BTFSS  03.0
0535:  GOTO   53C
0536:  INCF   4C,F
0537:  BTFSS  03.2
0538:  GOTO   53C
0539:  INCF   4D,F
053A:  BTFSC  03.2
053B:  BSF    47.0
053C:  DECF   04,F
053D:  MOVF   00,W
053E:  ADDWF  4C,F
053F:  BTFSS  03.0
0540:  GOTO   544
0541:  INCF   4D,F
0542:  BTFSC  03.2
0543:  BSF    47.0
0544:  DECF   04,F
0545:  MOVF   00,W
0546:  BTFSS  00.7
0547:  XORLW  80
0548:  ADDWF  4D,F
0549:  BTFSC  03.0
054A:  BSF    47.0
054B:  BTFSC  49.4
054C:  GOTO   440
054D:  BTFSC  49.5
054E:  GOTO   482
054F:  GOTO   4B8
0550:  BCF    0A.3
0551:  BCF    0A.4
0552:  GOTO   6D1 (RETURN)
....................  
.................... #list 
....................  
.................... #device adc=10 
.................... #fuses HS,NOWDT,NOPROTECT,NOLVP 
.................... #use delay(clock= 20000000)         
*
0097:  MOVLW  45
0098:  MOVWF  04
0099:  BCF    03.7
009A:  MOVF   00,W
009B:  BTFSC  03.2
009C:  GOTO   0AA
009D:  MOVLW  06
009E:  MOVWF  78
009F:  CLRF   77
00A0:  DECFSZ 77,F
00A1:  GOTO   0A0
00A2:  DECFSZ 78,F
00A3:  GOTO   09F
00A4:  MOVLW  7B
00A5:  MOVWF  77
00A6:  DECFSZ 77,F
00A7:  GOTO   0A6
00A8:  DECFSZ 00,F
00A9:  GOTO   09D
00AA:  RETURN
*
0142:  MOVLW  03
0143:  SUBWF  3B,F
0144:  BTFSS  03.0
0145:  GOTO   150
0146:  MOVLW  3B
0147:  MOVWF  04
0148:  BCF    03.7
0149:  MOVF   00,W
014A:  BTFSC  03.2
014B:  GOTO   150
014C:  GOTO   14E
014D:  GOTO   14E
014E:  DECFSZ 00,F
014F:  GOTO   14D
0150:  BCF    0A.3
0151:  BCF    0A.4
0152:  GOTO   579 (RETURN)
.................... #use standard_io(a) 
.................... #define LCD_DATA_PORTB 
.................... #include <lcd.c>	//rutina del lcd 
.................... /////////////////////////////////////////////////////////////////////////////// 
.................... ////                             LCD.C                                     //// 
.................... ////                 Driver for common LCD modules                         //// 
.................... ////                                                                       //// 
.................... ////  lcd_init()   Must be called before any other function.               //// 
.................... ////                                                                       //// 
.................... ////  lcd_putc(c)  Will display c on the next position of the LCD.         //// 
.................... ////                 \a  Set cursor position to upper left                 //// 
.................... ////                 \f  Clear display, set cursor to upper left           //// 
.................... ////                 \n  Go to start of second line                        //// 
.................... ////                 \b  Move back one position                            //// 
.................... ////              If LCD_EXTENDED_NEWLINE is defined, the \n character     //// 
.................... ////              will erase all remanining characters on the current      //// 
.................... ////              line, and move the cursor to the beginning of the next   //// 
.................... ////              line.                                                    //// 
.................... ////              If LCD_EXTENDED_NEWLINE is defined, the \r character     //// 
.................... ////              will move the cursor to the start of the current         //// 
.................... ////              line.                                                    //// 
.................... ////                                                                       //// 
.................... ////  lcd_gotoxy(x,y) Set write position on LCD (upper left is 1,1)        //// 
.................... ////                                                                       //// 
.................... ////  lcd_getc(x,y)   Returns character at position x,y on LCD             //// 
.................... ////                                                                       //// 
.................... ////  lcd_cursor_on(int1 on)   Turn the cursor on (on=TRUE) or off         //// 
.................... ////              (on=FALSE).                                              //// 
.................... ////                                                                       //// 
.................... ////  lcd_set_cgram_char(w, *p)   Write a custom character to the CGRAM.   //// 
.................... ////                                                                       //// 
.................... ////                                                                       //// 
.................... ////  CONFIGURATION                                                        //// 
.................... ////  The LCD can be configured in one of two ways: a.) port access or     //// 
.................... ////  b.) pin access.  Port access requires the entire 7 bit interface     //// 
.................... ////  connected to one GPIO port, and the data bits (D4:D7 of the LCD)     //// 
.................... ////  connected to sequential pins on the GPIO.  Pin access                //// 
.................... ////  has no requirements, all 7 bits of the control interface can         //// 
.................... ////  can be connected to any GPIO using several ports.                    //// 
.................... ////                                                                       //// 
.................... ////  To use port access, #define LCD_DATA_PORT to the SFR location of     //// 
.................... ////  of the GPIO port that holds the interface, -AND- edit LCD_PIN_MAP    //// 
.................... ////  of this file to configure the pin order.  If you are using a         //// 
.................... ////  baseline PIC (PCB), then LCD_OUTPUT_MAP and LCD_INPUT_MAP also must  //// 
.................... ////  be defined.                                                          //// 
.................... ////                                                                       //// 
.................... ////  Example of port access:                                              //// 
.................... ////     #define LCD_DATA_PORT getenv("SFR:PORTD")                         //// 
.................... ////                                                                       //// 
.................... ////  To use pin access, the following pins must be defined:               //// 
.................... ////     LCD_ENABLE_PIN                                                    //// 
.................... ////     LCD_RS_PIN                                                        //// 
.................... ////     LCD_RW_PIN                                                        //// 
.................... ////     LCD_DATA4                                                         //// 
.................... ////     LCD_DATA5                                                         //// 
.................... ////     LCD_DATA6                                                         //// 
.................... ////     LCD_DATA7                                                         //// 
.................... ////                                                                       //// 
.................... ////  Example of pin access:                                               //// 
.................... ////     #define LCD_ENABLE_PIN  PIN_E0                                    //// 
.................... ////     #define LCD_RS_PIN      PIN_E1                                    //// 
.................... ////     #define LCD_RW_PIN      PIN_E2                                    //// 
.................... ////     #define LCD_DATA4       PIN_D4                                    //// 
.................... ////     #define LCD_DATA5       PIN_D5                                    //// 
.................... ////     #define LCD_DATA6       PIN_D6                                    //// 
.................... ////     #define LCD_DATA7       PIN_D7                                    //// 
.................... ////                                                                       //// 
.................... /////////////////////////////////////////////////////////////////////////////// 
.................... ////        (C) Copyright 1996,2010 Custom Computer Services           //// 
.................... //// This source code may only be used by licensed users of the CCS C  //// 
.................... //// compiler.  This source code may only be distributed to other      //// 
.................... //// licensed users of the CCS C compiler.  No other use, reproduction //// 
.................... //// or distribution is permitted without written permission.          //// 
.................... //// Derivative programs created using this software in object code    //// 
.................... //// form are not restricted in any way.                               //// 
.................... /////////////////////////////////////////////////////////////////////////// 
....................  
.................... #ifndef __LCD_C__ 
.................... #define __LCD_C__ 
....................  
.................... // define the pinout. 
.................... // only required if port access is being used. 
.................... typedef struct   
.................... {                            // This structure is overlayed 
....................    int1 enable;           // on to an I/O port to gain 
....................    int1 rs;               // access to the LCD pins. 
....................    int1 rw;               // The bits are allocated from 
....................    int1 unused;           // low order up.  ENABLE will 
....................    unsigned int     data : 4;         // be LSB pin of that port. 
....................   #if defined(__PCD__)       // The port used will be LCD_DATA_PORT. 
....................    unsigned int    reserved: 8; 
....................   #endif 
.................... } LCD_PIN_MAP; 
....................  
.................... // this is to improve compatability with previous LCD drivers that accepted 
.................... // a define labeled 'use_portb_lcd' that configured the LCD onto port B. 
.................... #if ((defined(use_portb_lcd)) && (use_portb_lcd==TRUE)) 
....................  #define LCD_DATA_PORT getenv("SFR:PORTB") 
.................... #endif 
....................  
.................... #if defined(__PCB__) 
....................    // these definitions only need to be modified for baseline PICs. 
....................    // all other PICs use LCD_PIN_MAP or individual LCD_xxx pin definitions. 
.................... /*                                    EN, RS,   RW,   UNUSED,  DATA  */ 
....................  const LCD_PIN_MAP LCD_OUTPUT_MAP =  {0,  0,    0,    0,       0}; 
....................  const LCD_PIN_MAP LCD_INPUT_MAP =   {0,  0,    0,    0,       0xF}; 
.................... #endif 
....................  
.................... ////////////////////// END CONFIGURATION /////////////////////////////////// 
....................  
.................... #ifndef LCD_ENABLE_PIN 
....................    #define lcd_output_enable(x) lcdlat.enable=x 
....................    #define lcd_enable_tris()   lcdtris.enable=0 
.................... #else 
....................    #define lcd_output_enable(x) output_bit(LCD_ENABLE_PIN, x) 
....................    #define lcd_enable_tris()  output_drive(LCD_ENABLE_PIN) 
.................... #endif 
....................  
.................... #ifndef LCD_RS_PIN 
....................    #define lcd_output_rs(x) lcdlat.rs=x 
....................    #define lcd_rs_tris()   lcdtris.rs=0 
.................... #else 
....................    #define lcd_output_rs(x) output_bit(LCD_RS_PIN, x) 
....................    #define lcd_rs_tris()  output_drive(LCD_RS_PIN) 
.................... #endif 
....................  
.................... #ifndef LCD_RW_PIN 
....................    #define lcd_output_rw(x) lcdlat.rw=x 
....................    #define lcd_rw_tris()   lcdtris.rw=0 
.................... #else 
....................    #define lcd_output_rw(x) output_bit(LCD_RW_PIN, x) 
....................    #define lcd_rw_tris()  output_drive(LCD_RW_PIN) 
.................... #endif 
....................  
.................... // original version of this library incorrectly labeled LCD_DATA0 as LCD_DATA4, 
.................... // LCD_DATA1 as LCD_DATA5, and so on.  this block of code makes the driver 
.................... // compatible with any code written for the original library 
.................... #if (defined(LCD_DATA0) && defined(LCD_DATA1) && defined(LCD_DATA2) && defined(LCD_DATA3) && !defined(LCD_DATA4) && !defined(LCD_DATA5) && !defined(LCD_DATA6) && !defined(LCD_DATA7)) 
....................    #define  LCD_DATA4    LCD_DATA0 
....................    #define  LCD_DATA5    LCD_DATA1 
....................    #define  LCD_DATA6    LCD_DATA2 
....................    #define  LCD_DATA7    LCD_DATA3 
.................... #endif 
....................  
.................... #ifndef LCD_DATA4 
.................... #ifndef LCD_DATA_PORT 
....................    #if defined(__PCB__) 
....................       #define LCD_DATA_PORT      0x06     //portb 
....................       #define set_tris_lcd(x)   set_tris_b(x) 
....................    #else 
....................      #if defined(PIN_D0) 
....................       #define LCD_DATA_PORT      getenv("SFR:PORTD")     //portd 
....................      #else 
....................       #define LCD_DATA_PORT      getenv("SFR:PORTB")     //portb 
....................      #endif 
....................    #endif    
.................... #endif 
....................  
.................... #if defined(__PCB__) 
....................    LCD_PIN_MAP lcd, lcdlat; 
....................    #byte lcd = LCD_DATA_PORT 
....................    #byte lcdlat = LCD_DATA_PORT 
.................... #elif defined(__PCM__) 
....................    LCD_PIN_MAP lcd, lcdlat, lcdtris; 
....................    #byte lcd = LCD_DATA_PORT 
....................    #byte lcdlat = LCD_DATA_PORT 
....................    #byte lcdtris = LCD_DATA_PORT+0x80 
.................... #elif defined(__PCH__) 
....................    LCD_PIN_MAP lcd, lcdlat, lcdtris; 
....................    #byte lcd = LCD_DATA_PORT 
....................    #byte lcdlat = LCD_DATA_PORT+9 
....................    #byte lcdtris = LCD_DATA_PORT+0x12 
.................... #elif defined(__PCD__) 
....................    LCD_PIN_MAP lcd, lcdlat, lcdtris; 
....................    #word lcd = LCD_DATA_PORT 
....................    #word lcdlat = LCD_DATA_PORT+2 
....................    #word lcdtris = LCD_DATA_PORT-0x02 
.................... #endif 
.................... #endif   //LCD_DATA4 not defined 
....................  
.................... #ifndef LCD_TYPE 
....................    #define LCD_TYPE 2           // 0=5x7, 1=5x10, 2=2 lines 
.................... #endif 
....................  
.................... #ifndef LCD_LINE_TWO 
....................    #define LCD_LINE_TWO 0x40    // LCD RAM address for the second line 
.................... #endif 
....................  
.................... #ifndef LCD_LINE_LENGTH 
....................    #define LCD_LINE_LENGTH 20 
.................... #endif 
....................  
.................... unsigned int8 lcd_read_nibble(void); 
....................  
.................... unsigned int8 lcd_read_byte(void) 
.................... { 
....................    unsigned int8 low,high; 
....................  
....................  #if defined(__PCB__) 
....................    set_tris_lcd(LCD_INPUT_MAP); 
....................  #else 
....................   #if (defined(LCD_DATA4) && defined(LCD_DATA5) && defined(LCD_DATA6) && defined(LCD_DATA7)) 
....................    output_float(LCD_DATA4); 
....................    output_float(LCD_DATA5); 
....................    output_float(LCD_DATA6); 
....................    output_float(LCD_DATA7); 
....................   #else 
....................    lcdtris.data = 0xF; 
*
00C8:  MOVLW  0F
00C9:  BSF    03.5
00CA:  ANDWF  06,W
00CB:  IORLW  F0
00CC:  MOVWF  06
....................   #endif 
....................  #endif 
....................          
....................    lcd_output_rw(1); 
00CD:  BCF    03.5
00CE:  BSF    06.2
....................    delay_cycles(1); 
00CF:  NOP
....................    lcd_output_enable(1); 
00D0:  BSF    06.0
....................    delay_cycles(1); 
00D1:  NOP
....................    high = lcd_read_nibble(); 
00D2:  CALL   0BC
00D3:  MOVF   78,W
00D4:  MOVWF  4C
....................        
....................    lcd_output_enable(0); 
00D5:  BCF    06.0
....................    delay_cycles(1); 
00D6:  NOP
....................    lcd_output_enable(1); 
00D7:  BSF    06.0
....................    delay_us(1); 
00D8:  GOTO   0D9
00D9:  GOTO   0DA
00DA:  NOP
....................    low = lcd_read_nibble(); 
00DB:  CALL   0BC
00DC:  MOVF   78,W
00DD:  MOVWF  4B
....................        
....................    lcd_output_enable(0); 
00DE:  BCF    06.0
....................  
....................  #if defined(__PCB__) 
....................    set_tris_lcd(LCD_OUTPUT_MAP); 
....................  #else 
....................   #if (defined(LCD_DATA4) && defined(LCD_DATA5) && defined(LCD_DATA6) && defined(LCD_DATA7)) 
....................    output_drive(LCD_DATA4); 
....................    output_drive(LCD_DATA5); 
....................    output_drive(LCD_DATA6); 
....................    output_drive(LCD_DATA7); 
....................   #else 
....................    lcdtris.data = 0x0; 
00DF:  MOVLW  0F
00E0:  BSF    03.5
00E1:  ANDWF  06,W
00E2:  MOVWF  06
....................   #endif 
....................  #endif 
....................  
....................    return( (high<<4) | low); 
00E3:  BCF    03.5
00E4:  SWAPF  4C,W
00E5:  MOVWF  77
00E6:  MOVLW  F0
00E7:  ANDWF  77,F
00E8:  MOVF   77,W
00E9:  IORWF  4B,W
00EA:  MOVWF  78
.................... } 
....................  
.................... unsigned int8 lcd_read_nibble(void) 
.................... { 
....................   #if (defined(LCD_DATA4) && defined(LCD_DATA5) && defined(LCD_DATA6) && defined(LCD_DATA7)) 
....................    unsigned int8 n = 0x00; 
....................  
....................    /* Read the data port */ 
....................    n |= input(LCD_DATA4); 
....................    n |= input(LCD_DATA5) << 1; 
....................    n |= input(LCD_DATA6) << 2; 
....................    n |= input(LCD_DATA7) << 3; 
....................     
....................    return(n); 
....................   #else 
....................    return(lcd.data); 
*
00BC:  MOVF   06,W
00BD:  MOVWF  77
00BE:  SWAPF  06,W
00BF:  ANDLW  0F
00C0:  MOVWF  78
....................   #endif 
00C1:  RETURN
.................... } 
....................  
.................... void lcd_send_nibble(unsigned int8 n) 
.................... { 
....................   #if (defined(LCD_DATA4) && defined(LCD_DATA5) && defined(LCD_DATA6) && defined(LCD_DATA7)) 
....................    /* Write to the data port */ 
....................    output_bit(LCD_DATA4, bit_test(n, 0)); 
....................    output_bit(LCD_DATA5, bit_test(n, 1)); 
....................    output_bit(LCD_DATA6, bit_test(n, 2)); 
....................    output_bit(LCD_DATA7, bit_test(n, 3)); 
....................   #else       
....................    lcdlat.data = n; 
*
00AB:  SWAPF  4C,W
00AC:  ANDLW  F0
00AD:  MOVWF  77
00AE:  MOVLW  0F
00AF:  ANDWF  06,W
00B0:  IORWF  77,W
00B1:  MOVWF  06
....................   #endif 
....................        
....................    delay_cycles(1); 
00B2:  NOP
....................    lcd_output_enable(1); 
00B3:  BSF    06.0
....................    delay_us(2); 
00B4:  MOVLW  02
00B5:  MOVWF  77
00B6:  DECFSZ 77,F
00B7:  GOTO   0B6
00B8:  GOTO   0B9
00B9:  NOP
....................    lcd_output_enable(0); 
00BA:  BCF    06.0
00BB:  RETURN
.................... } 
....................  
.................... void lcd_send_byte(unsigned int8 address, unsigned int8 n) 
.................... { 
....................   #if defined(__PCB__) 
....................    set_tris_lcd(LCD_OUTPUT_MAP); 
....................   #else 
....................    lcd_enable_tris(); 
*
00C2:  BSF    03.5
00C3:  BCF    06.0
....................    lcd_rs_tris(); 
00C4:  BCF    06.1
....................    lcd_rw_tris(); 
00C5:  BCF    06.2
....................   #endif 
....................  
....................    lcd_output_rs(0); 
00C6:  BCF    03.5
00C7:  BCF    06.1
....................    while ( bit_test(lcd_read_byte(),7) ) ; 
*
00EB:  MOVF   78,W
00EC:  MOVWF  4B
00ED:  BTFSC  4B.7
00EE:  GOTO   0C8
....................    lcd_output_rs(address); 
00EF:  BTFSS  49.0
00F0:  BCF    06.1
00F1:  BTFSC  49.0
00F2:  BSF    06.1
....................    delay_cycles(1); 
00F3:  NOP
....................    lcd_output_rw(0); 
00F4:  BCF    06.2
....................    delay_cycles(1); 
00F5:  NOP
....................    lcd_output_enable(0); 
00F6:  BCF    06.0
....................    lcd_send_nibble(n >> 4); 
00F7:  SWAPF  4A,W
00F8:  MOVWF  4B
00F9:  MOVLW  0F
00FA:  ANDWF  4B,F
00FB:  MOVF   4B,W
00FC:  MOVWF  4C
00FD:  CALL   0AB
....................    lcd_send_nibble(n & 0xf); 
00FE:  MOVF   4A,W
00FF:  ANDLW  0F
0100:  MOVWF  4B
0101:  MOVWF  4C
0102:  CALL   0AB
0103:  RETURN
.................... } 
....................  
.................... #if defined(LCD_EXTENDED_NEWLINE) 
.................... unsigned int8 g_LcdX, g_LcdY; 
.................... #endif 
....................  
.................... void lcd_init(void)  
.................... { 
....................    unsigned int8 i; 
....................    unsigned int8 LCD_INIT_STRING[4] = {0x20 | (LCD_TYPE << 2), 0xc, 1, 6}; 
0104:  MOVLW  28
0105:  MOVWF  3C
0106:  MOVLW  0C
0107:  MOVWF  3D
0108:  MOVLW  01
0109:  MOVWF  3E
010A:  MOVLW  06
010B:  MOVWF  3F
....................                              // These bytes need to be sent to the LCD 
....................                              // to start it up. 
....................     
....................  
....................    lcd_output_enable(0); 
010C:  BCF    06.0
....................    lcd_output_rs(0); 
010D:  BCF    06.1
....................    lcd_output_rw(0); 
010E:  BCF    06.2
....................  
....................  #if defined(__PCB__) 
....................    set_tris_lcd(LCD_OUTPUT_MAP); 
....................  #else 
....................   #if (defined(LCD_DATA4) && defined(LCD_DATA5) && defined(LCD_DATA6) && defined(LCD_DATA7)) 
....................    output_drive(LCD_DATA4); 
....................    output_drive(LCD_DATA5); 
....................    output_drive(LCD_DATA6); 
....................    output_drive(LCD_DATA7); 
....................   #else 
....................    lcdtris.data = 0x0; 
010F:  MOVLW  0F
0110:  BSF    03.5
0111:  ANDWF  06,W
0112:  MOVWF  06
....................   #endif 
....................    lcd_enable_tris(); 
0113:  BCF    06.0
....................    lcd_rs_tris(); 
0114:  BCF    06.1
....................    lcd_rw_tris(); 
0115:  BCF    06.2
....................  #endif 
....................      
....................    delay_ms(15); 
0116:  MOVLW  0F
0117:  BCF    03.5
0118:  MOVWF  45
0119:  CALL   097
....................    for(i=1;i<=3;++i) 
011A:  MOVLW  01
011B:  MOVWF  3B
011C:  MOVF   3B,W
011D:  SUBLW  03
011E:  BTFSS  03.0
011F:  GOTO   128
....................    { 
....................        lcd_send_nibble(3); 
0120:  MOVLW  03
0121:  MOVWF  4C
0122:  CALL   0AB
....................        delay_ms(5); 
0123:  MOVLW  05
0124:  MOVWF  45
0125:  CALL   097
0126:  INCF   3B,F
0127:  GOTO   11C
....................    } 
....................     
....................    lcd_send_nibble(2); 
0128:  MOVLW  02
0129:  MOVWF  4C
012A:  CALL   0AB
....................    delay_ms(5); 
012B:  MOVLW  05
012C:  MOVWF  45
012D:  CALL   097
....................    for(i=0;i<=3;++i) 
012E:  CLRF   3B
012F:  MOVF   3B,W
0130:  SUBLW  03
0131:  BTFSS  03.0
0132:  GOTO   13F
....................       lcd_send_byte(0,LCD_INIT_STRING[i]); 
0133:  MOVLW  3C
0134:  ADDWF  3B,W
0135:  MOVWF  04
0136:  BCF    03.7
0137:  MOVF   00,W
0138:  MOVWF  40
0139:  CLRF   49
013A:  MOVF   40,W
013B:  MOVWF  4A
013C:  CALL   0C2
....................  
....................   #if defined(LCD_EXTENDED_NEWLINE) 
013D:  INCF   3B,F
013E:  GOTO   12F
013F:  BCF    0A.3
0140:  BCF    0A.4
0141:  GOTO   570 (RETURN)
....................    g_LcdX = 0; 
....................    g_LcdY = 0; 
....................   #endif 
.................... } 
....................  
.................... void lcd_gotoxy(unsigned int8 x, unsigned int8 y) 
.................... { 
....................    unsigned int8 address; 
....................     
....................    if(y!=1) 
*
02CE:  DECFSZ 46,W
02CF:  GOTO   2D1
02D0:  GOTO   2D4
....................       address=LCD_LINE_TWO; 
02D1:  MOVLW  40
02D2:  MOVWF  47
02D3:  GOTO   2D5
....................    else 
....................       address=0; 
02D4:  CLRF   47
....................       
....................    address+=x-1; 
02D5:  MOVLW  01
02D6:  SUBWF  45,W
02D7:  ADDWF  47,F
....................    lcd_send_byte(0,0x80|address); 
02D8:  MOVF   47,W
02D9:  IORLW  80
02DA:  MOVWF  48
02DB:  CLRF   49
02DC:  MOVF   48,W
02DD:  MOVWF  4A
02DE:  CALL   0C2
....................  
....................   #if defined(LCD_EXTENDED_NEWLINE) 
02DF:  RETURN
....................    g_LcdX = x - 1; 
....................    g_LcdY = y - 1; 
....................   #endif 
.................... } 
....................  
.................... void lcd_putc(char c) 
.................... { 
....................    switch (c) 
02E0:  MOVF   44,W
02E1:  XORLW  07
02E2:  BTFSC  03.2
02E3:  GOTO   2EE
02E4:  XORLW  0B
02E5:  BTFSC  03.2
02E6:  GOTO   2F3
02E7:  XORLW  06
02E8:  BTFSC  03.2
02E9:  GOTO   2FB
02EA:  XORLW  02
02EB:  BTFSC  03.2
02EC:  GOTO   301
02ED:  GOTO   306
....................    { 
....................       case '\a'   :  lcd_gotoxy(1,1);     break; 
02EE:  MOVLW  01
02EF:  MOVWF  45
02F0:  MOVWF  46
02F1:  CALL   2CE
02F2:  GOTO   30B
....................  
....................       case '\f'   :  lcd_send_byte(0,1); 
02F3:  CLRF   49
02F4:  MOVLW  01
02F5:  MOVWF  4A
02F6:  CALL   0C2
....................                      delay_ms(2); 
02F7:  MOVLW  02
02F8:  MOVWF  45
02F9:  CALL   097
....................                     #if defined(LCD_EXTENDED_NEWLINE) 
....................                      g_LcdX = 0; 
....................                      g_LcdY = 0; 
....................                     #endif 
....................                      break; 
02FA:  GOTO   30B
....................  
....................      #if defined(LCD_EXTENDED_NEWLINE) 
....................       case '\r'   :  lcd_gotoxy(1, g_LcdY+1);   break; 
....................       case '\n'   : 
....................          while (g_LcdX++ < LCD_LINE_LENGTH) 
....................          { 
....................             lcd_send_byte(1, ' '); 
....................          } 
....................          lcd_gotoxy(1, g_LcdY+2); 
....................          break; 
....................      #else 
....................       case '\n'   : lcd_gotoxy(1,2);        break; 
02FB:  MOVLW  01
02FC:  MOVWF  45
02FD:  MOVLW  02
02FE:  MOVWF  46
02FF:  CALL   2CE
0300:  GOTO   30B
....................      #endif 
....................       
....................       case '\b'   : lcd_send_byte(0,0x10);  break; 
0301:  CLRF   49
0302:  MOVLW  10
0303:  MOVWF  4A
0304:  CALL   0C2
0305:  GOTO   30B
....................       
....................      #if defined(LCD_EXTENDED_NEWLINE) 
....................       default     :  
....................          if (g_LcdX < LCD_LINE_LENGTH) 
....................          { 
....................             lcd_send_byte(1, c); 
....................             g_LcdX++; 
....................          } 
....................          break; 
....................      #else 
....................       default     : lcd_send_byte(1,c);     break; 
0306:  MOVLW  01
0307:  MOVWF  49
0308:  MOVF   44,W
0309:  MOVWF  4A
030A:  CALL   0C2
....................      #endif 
....................    } 
030B:  RETURN
.................... } 
....................   
.................... char lcd_getc(unsigned int8 x, unsigned int8 y) 
.................... { 
....................    char value; 
....................  
....................    lcd_gotoxy(x,y); 
....................    while ( bit_test(lcd_read_byte(),7) ); // wait until busy flag is low 
....................    lcd_output_rs(1); 
....................    value = lcd_read_byte(); 
....................    lcd_output_rs(0); 
....................     
....................    return(value); 
.................... } 
....................  
.................... // write a custom character to the ram 
.................... // which is 0-7 and specifies which character array we are modifying. 
.................... // ptr points to an array of 8 bytes, where each byte is the next row of 
.................... //    pixels.  only bits 0-4 are used.  the last row is the cursor row, and 
.................... //    usually you will want to leave this byte 0x00. 
.................... void lcd_set_cgram_char(unsigned int8 which, unsigned int8 *ptr) 
.................... { 
....................    unsigned int i; 
....................  
....................    which <<= 3; 
....................    which &= 0x38; 
....................  
....................    lcd_send_byte(0, 0x40 | which);  //set cgram address 
....................  
....................    for(i=0; i<8; i++) 
....................    { 
....................       lcd_send_byte(1, *ptr++); 
....................    } 
....................    
....................    #if defined(LCD_EXTENDED_NEWLINE) 
....................     lcd_gotoxy(g_LcdX+1, g_LcdY+1);  //set ddram address 
....................    #endif 
.................... } 
....................  
.................... void lcd_cursor_on(int1 on) 
.................... { 
....................    if (on) 
....................    { 
....................       lcd_send_byte(0,0x0F);           //turn LCD cursor ON 
....................    } 
....................    else 
....................    { 
....................       lcd_send_byte(0,0x0C);           //turn LCD cursor OFF 
....................    } 
.................... } 
....................  
.................... #endif 
....................  
....................  
....................  
.................... int tmin, tmax, diff, diffmax, contador1 = 47, contador2 = 47; 
.................... int16 qold, q; 
.................... int1 flagrc0; 
.................... float h; 
....................  
.................... #INT_TIMER1 
....................  
.................... void isr_timer1(void) //Función 
.................... { 
....................     output_high(PIN_C0); 
*
0058:  BCF    3A.0
0059:  MOVF   3A,W
005A:  BSF    03.5
005B:  MOVWF  07
005C:  BCF    03.5
005D:  BSF    07.0
....................     flagrc0 = 1; 
005E:  BSF    35.0
....................     set_timer1(15600); //recarga del TMR1 
005F:  CLRF   0E
0060:  MOVLW  3C
0061:  MOVWF  0F
0062:  MOVLW  F0
0063:  MOVWF  0E
....................     set_timer0(230); 
0064:  MOVLW  E6
0065:  MOVWF  01
....................     enable_interrupts(INT_TIMER0); 
0066:  BSF    0B.5
.................... } 
....................  
0067:  BCF    0C.0
0068:  BCF    0A.3
0069:  BCF    0A.4
006A:  GOTO   031
.................... #INT_TIMER0 
....................  
.................... void isr_timer0(void) { 
....................     if (flagrc0 == 1) { 
006B:  BTFSS  35.0
006C:  GOTO   07B
....................         contador1 = contador1 - 1; 
006D:  MOVLW  01
006E:  SUBWF  2F,F
....................         if (contador1 == 0) { 
006F:  MOVF   2F,F
0070:  BTFSS  03.2
0071:  GOTO   07B
....................             output_low(PIN_C0); 
0072:  BCF    3A.0
0073:  MOVF   3A,W
0074:  BSF    03.5
0075:  MOVWF  07
0076:  BCF    03.5
0077:  BCF    07.0
....................             flagrc0 = 0; 
0078:  BCF    35.0
....................             contador1 = contador2; 
0079:  MOVF   30,W
007A:  MOVWF  2F
....................         } 
....................     } 
....................     if (flagrc0 == 0) { 
007B:  BTFSS  35.0
....................         disable_interrupts(INT_TIMER0); 
007C:  BCF    0B.5
....................     } 
....................     set_timer0(230); 
007D:  MOVLW  E6
007E:  MOVWF  01
007F:  BCF    0B.2
0080:  BCF    0A.3
0081:  BCF    0A.4
0082:  GOTO   031
.................... } //Se recarga el timer0 
....................  
.................... void main() { 
*
0553:  MOVF   03,W
0554:  ANDLW  1F
0555:  MOVWF  03
0556:  MOVLW  2F
0557:  MOVWF  2F
0558:  MOVWF  30
0559:  MOVLW  FF
055A:  MOVWF  3A
055B:  BSF    03.5
055C:  BSF    1F.0
055D:  BSF    1F.1
055E:  BSF    1F.2
055F:  BCF    1F.3
0560:  MOVLW  07
0561:  MOVWF  1C
0562:  BCF    03.7
....................  
....................     setup_adc_ports(AN0_VREF_VREF); //Canal 0 analógico 
0563:  BSF    1F.0
0564:  BSF    1F.1
0565:  BSF    1F.2
0566:  BSF    1F.3
....................     setup_adc(ADC_CLOCK_INTERNAL); //Fuente de reloj RC 
0567:  BCF    1F.6
0568:  BCF    03.5
0569:  BSF    1F.6
056A:  BSF    1F.7
056B:  BSF    03.5
056C:  BSF    1F.7
056D:  BCF    03.5
056E:  BSF    1F.0
....................     lcd_init(); 
056F:  GOTO   104
....................     set_adc_channel(0); //Habilitación canal 0 
0570:  MOVLW  00
0571:  MOVWF  78
0572:  MOVF   1F,W
0573:  ANDLW  C7
0574:  IORWF  78,W
0575:  MOVWF  1F
....................     delay_us(200); 
0576:  MOVLW  C8
0577:  MOVWF  3B
0578:  GOTO   142
....................     q = read_adc(); 
0579:  BSF    1F.2
057A:  BTFSC  1F.2
057B:  GOTO   57A
057C:  BSF    03.5
057D:  MOVF   1E,W
057E:  BCF    03.5
057F:  MOVWF  33
0580:  MOVF   1E,W
0581:  MOVWF  34
....................     h = q * 250.0 / 1024.0; 
0582:  MOVF   34,W
0583:  MOVWF  40
0584:  MOVF   33,W
0585:  MOVWF  3F
0586:  CALL   153
0587:  MOVF   7A,W
0588:  MOVWF  42
0589:  MOVF   79,W
058A:  MOVWF  41
058B:  MOVF   78,W
058C:  MOVWF  40
058D:  MOVF   77,W
058E:  MOVWF  3F
058F:  CLRF   46
0590:  CLRF   45
0591:  MOVLW  7A
0592:  MOVWF  44
0593:  MOVLW  86
0594:  MOVWF  43
0595:  CALL   170
0596:  MOVF   7A,W
0597:  MOVWF  3E
0598:  MOVF   79,W
0599:  MOVWF  3D
059A:  MOVF   78,W
059B:  MOVWF  3C
059C:  MOVF   77,W
059D:  MOVWF  3B
059E:  MOVF   7A,W
059F:  MOVWF  42
05A0:  MOVF   79,W
05A1:  MOVWF  41
05A2:  MOVF   78,W
05A3:  MOVWF  40
05A4:  MOVF   77,W
05A5:  MOVWF  3F
05A6:  CLRF   46
05A7:  CLRF   45
05A8:  CLRF   44
05A9:  MOVLW  89
05AA:  MOVWF  43
05AB:  CALL   1E5
05AC:  MOVF   7A,W
05AD:  MOVWF  39
05AE:  MOVF   79,W
05AF:  MOVWF  38
05B0:  MOVF   78,W
05B1:  MOVWF  37
05B2:  MOVF   77,W
05B3:  MOVWF  36
....................     q = (int) h; 
05B4:  MOVF   39,W
05B5:  MOVWF  42
05B6:  MOVF   38,W
05B7:  MOVWF  41
05B8:  MOVF   37,W
05B9:  MOVWF  40
05BA:  MOVF   36,W
05BB:  MOVWF  3F
05BC:  CALL   2AF
05BD:  CLRF   34
05BE:  MOVF   78,W
05BF:  MOVWF  33
....................     qold = q; 
05C0:  MOVF   34,W
05C1:  MOVWF  32
05C2:  MOVF   33,W
05C3:  MOVWF  31
....................     tmin = 0; 
05C4:  CLRF   2B
....................     tmax = 100; 
05C5:  MOVLW  64
05C6:  MOVWF  2C
....................     printf(lcd_putc, "\fTemperatura:%3lu%c", q, 223); 
05C7:  MOVLW  83
05C8:  BSF    03.6
05C9:  MOVWF  0D
05CA:  MOVLW  00
05CB:  MOVWF  0F
05CC:  BCF    03.0
05CD:  MOVLW  0D
05CE:  BCF    03.6
05CF:  MOVWF  3B
05D0:  CALL   30C
05D1:  MOVLW  02
05D2:  MOVWF  04
05D3:  MOVF   34,W
05D4:  MOVWF  3C
05D5:  MOVF   33,W
05D6:  MOVWF  3B
05D7:  CALL   363
05D8:  MOVLW  DF
05D9:  MOVWF  44
05DA:  CALL   2E0
....................     printf(lcd_putc, "\nTmin:%3u", tmin); 
05DB:  MOVLW  8D
05DC:  BSF    03.6
05DD:  MOVWF  0D
05DE:  MOVLW  00
05DF:  MOVWF  0F
05E0:  BCF    03.0
05E1:  MOVLW  06
05E2:  BCF    03.6
05E3:  MOVWF  3B
05E4:  CALL   30C
05E5:  MOVF   2B,W
05E6:  MOVWF  3B
05E7:  MOVLW  13
05E8:  MOVWF  3C
05E9:  CALL   3DB
....................     lcd_gotoxy(9, 2); 
05EA:  MOVLW  09
05EB:  MOVWF  45
05EC:  MOVLW  02
05ED:  MOVWF  46
05EE:  CALL   2CE
....................     printf(lcd_putc, "\Tmax:%3u", tmax); 
05EF:  MOVLW  92
05F0:  BSF    03.6
05F1:  MOVWF  0D
05F2:  MOVLW  00
05F3:  MOVWF  0F
05F4:  BCF    03.0
05F5:  MOVLW  05
05F6:  BCF    03.6
05F7:  MOVWF  3B
05F8:  CALL   30C
05F9:  MOVF   2C,W
05FA:  MOVWF  3B
05FB:  MOVLW  13
05FC:  MOVWF  3C
05FD:  CALL   3DB
....................  
....................     setup_timer_1(T1_INTERNAL | T1_DIV_BY_2); 
05FE:  MOVLW  95
05FF:  MOVWF  10
....................     set_timer1(15600); //recarga del TMR1 
0600:  CLRF   0E
0601:  MOVLW  3C
0602:  MOVWF  0F
0603:  MOVLW  F0
0604:  MOVWF  0E
....................     setup_timer_0(RTCC_INTERNAL | RTCC_DIV_1); //Configuración timer0 
0605:  BSF    03.5
0606:  MOVF   01,W
0607:  ANDLW  C7
0608:  IORLW  08
0609:  MOVWF  01
....................     set_timer0(230); //Carga del timer0 
060A:  MOVLW  E6
060B:  BCF    03.5
060C:  MOVWF  01
....................  
....................     enable_interrupts(INT_TIMER0); //Habilita interrupción timer0 
060D:  BSF    0B.5
....................     enable_interrupts(INT_TIMER1); //habilita interrupcion timer1 
060E:  BSF    03.5
060F:  BSF    0C.0
....................     enable_interrupts(GLOBAL); //Habilita interrupción general 
0610:  MOVLW  C0
0611:  BCF    03.5
0612:  IORWF  0B,F
....................     output_high(PIN_C0); 
0613:  BCF    3A.0
0614:  MOVF   3A,W
0615:  BSF    03.5
0616:  MOVWF  07
0617:  BCF    03.5
0618:  BSF    07.0
....................     flagrc0 = 1; 
0619:  BSF    35.0
....................     diffmax = tmax - tmin; 
061A:  MOVF   2B,W
061B:  SUBWF  2C,W
061C:  MOVWF  2E
....................  
....................     while (true) { 
....................         q = read_adc(); 
061D:  BSF    1F.2
061E:  BTFSC  1F.2
061F:  GOTO   61E
0620:  BSF    03.5
0621:  MOVF   1E,W
0622:  BCF    03.5
0623:  MOVWF  33
0624:  MOVF   1E,W
0625:  MOVWF  34
....................         h = q * 250.0 / 1024.0; 
0626:  MOVF   34,W
0627:  MOVWF  40
0628:  MOVF   33,W
0629:  MOVWF  3F
062A:  CALL   153
062B:  MOVF   7A,W
062C:  MOVWF  42
062D:  MOVF   79,W
062E:  MOVWF  41
062F:  MOVF   78,W
0630:  MOVWF  40
0631:  MOVF   77,W
0632:  MOVWF  3F
0633:  CLRF   46
0634:  CLRF   45
0635:  MOVLW  7A
0636:  MOVWF  44
0637:  MOVLW  86
0638:  MOVWF  43
0639:  CALL   170
063A:  MOVF   7A,W
063B:  MOVWF  3E
063C:  MOVF   79,W
063D:  MOVWF  3D
063E:  MOVF   78,W
063F:  MOVWF  3C
0640:  MOVF   77,W
0641:  MOVWF  3B
0642:  MOVF   7A,W
0643:  MOVWF  42
0644:  MOVF   79,W
0645:  MOVWF  41
0646:  MOVF   78,W
0647:  MOVWF  40
0648:  MOVF   77,W
0649:  MOVWF  3F
064A:  CLRF   46
064B:  CLRF   45
064C:  CLRF   44
064D:  MOVLW  89
064E:  MOVWF  43
064F:  CALL   1E5
0650:  MOVF   7A,W
0651:  MOVWF  39
0652:  MOVF   79,W
0653:  MOVWF  38
0654:  MOVF   78,W
0655:  MOVWF  37
0656:  MOVF   77,W
0657:  MOVWF  36
....................         q = (int) h; 
0658:  MOVF   39,W
0659:  MOVWF  42
065A:  MOVF   38,W
065B:  MOVWF  41
065C:  MOVF   37,W
065D:  MOVWF  40
065E:  MOVF   36,W
065F:  MOVWF  3F
0660:  CALL   2AF
0661:  CLRF   34
0662:  MOVF   78,W
0663:  MOVWF  33
....................         if (qold != q) { 
0664:  MOVF   33,W
0665:  SUBWF  31,W
0666:  BTFSS  03.2
0667:  GOTO   66C
0668:  MOVF   34,W
0669:  SUBWF  32,W
066A:  BTFSC  03.2
066B:  GOTO   67C
....................             qold = q; 
066C:  MOVF   34,W
066D:  MOVWF  32
066E:  MOVF   33,W
066F:  MOVWF  31
....................             lcd_gotoxy(13, 1); 
0670:  MOVLW  0D
0671:  MOVWF  45
0672:  MOVLW  01
0673:  MOVWF  46
0674:  CALL   2CE
....................             printf(lcd_putc, "\%3lu", q); 
0675:  MOVLW  02
0676:  MOVWF  04
0677:  MOVF   34,W
0678:  MOVWF  3C
0679:  MOVF   33,W
067A:  MOVWF  3B
067B:  CALL   363
....................         } 
....................         if (q > tmin && q < tmax) { 
067C:  MOVF   34,F
067D:  BTFSS  03.2
067E:  GOTO   683
067F:  MOVF   33,W
0680:  SUBWF  2B,W
0681:  BTFSC  03.0
0682:  GOTO   6DC
0683:  MOVF   34,F
0684:  BTFSS  03.2
0685:  GOTO   6DC
0686:  MOVF   2C,W
0687:  SUBWF  33,W
0688:  BTFSC  03.0
0689:  GOTO   6DC
....................             diff = q - tmin; 
068A:  MOVF   2B,W
068B:  SUBWF  33,W
068C:  MOVWF  2D
....................             if (contador2 <= 98) { 
068D:  MOVF   30,W
068E:  SUBLW  62
068F:  BTFSS  03.0
0690:  GOTO   6DC
....................                 contador2 = (int) (48.0 + (diff * (50.0 / diffmax))); 
0691:  CLRF   40
0692:  MOVF   2E,W
0693:  MOVWF  3F
0694:  CALL   153
0695:  CLRF   42
0696:  CLRF   41
0697:  MOVLW  48
0698:  MOVWF  40
0699:  MOVLW  84
069A:  MOVWF  3F
069B:  MOVF   7A,W
069C:  MOVWF  46
069D:  MOVF   79,W
069E:  MOVWF  45
069F:  MOVF   78,W
06A0:  MOVWF  44
06A1:  MOVF   77,W
06A2:  MOVWF  43
06A3:  CALL   1E5
06A4:  MOVF   7A,W
06A5:  MOVWF  3E
06A6:  MOVF   79,W
06A7:  MOVWF  3D
06A8:  MOVF   78,W
06A9:  MOVWF  3C
06AA:  MOVF   77,W
06AB:  MOVWF  3B
06AC:  CLRF   40
06AD:  MOVF   2D,W
06AE:  MOVWF  3F
06AF:  CALL   153
06B0:  MOVF   7A,W
06B1:  MOVWF  42
06B2:  MOVF   79,W
06B3:  MOVWF  41
06B4:  MOVF   78,W
06B5:  MOVWF  40
06B6:  MOVF   77,W
06B7:  MOVWF  3F
06B8:  MOVF   3E,W
06B9:  MOVWF  46
06BA:  MOVF   3D,W
06BB:  MOVWF  45
06BC:  MOVF   3C,W
06BD:  MOVWF  44
06BE:  MOVF   3B,W
06BF:  MOVWF  43
06C0:  CALL   170
06C1:  BCF    03.1
06C2:  CLRF   42
06C3:  CLRF   41
06C4:  MOVLW  40
06C5:  MOVWF  40
06C6:  MOVLW  84
06C7:  MOVWF  3F
06C8:  MOVF   7A,W
06C9:  MOVWF  46
06CA:  MOVF   79,W
06CB:  MOVWF  45
06CC:  MOVF   78,W
06CD:  MOVWF  44
06CE:  MOVF   77,W
06CF:  MOVWF  43
06D0:  GOTO   410
06D1:  MOVF   7A,W
06D2:  MOVWF  42
06D3:  MOVF   79,W
06D4:  MOVWF  41
06D5:  MOVF   78,W
06D6:  MOVWF  40
06D7:  MOVF   77,W
06D8:  MOVWF  3F
06D9:  CALL   2AF
06DA:  MOVF   78,W
06DB:  MOVWF  30
....................             } 
....................         } 
....................         if (q == tmin) { 
06DC:  MOVF   2B,W
06DD:  SUBWF  33,W
06DE:  BTFSS  03.2
06DF:  GOTO   6E5
06E0:  MOVF   34,F
06E1:  BTFSS  03.2
06E2:  GOTO   6E5
....................             contador2 = 48; 
06E3:  MOVLW  30
06E4:  MOVWF  30
....................         } 
....................         if (q == tmax) { 
06E5:  MOVF   2C,W
06E6:  SUBWF  33,W
06E7:  BTFSS  03.2
06E8:  GOTO   6EE
06E9:  MOVF   34,F
06EA:  BTFSS  03.2
06EB:  GOTO   6EE
....................             contador2 = 98; 
06EC:  MOVLW  62
06ED:  MOVWF  30
....................         } 
....................         delay_ms(10); 
06EE:  MOVLW  0A
06EF:  MOVWF  45
06F0:  CALL   097
06F1:  GOTO   61D
....................     } 
.................... } 
06F2:  SLEEP

Configuration Fuses:
   Word  1: 3F72   HS NOWDT PUT BROWNOUT NOLVP NOCPD NOWRT NODEBUG NOPROTECT
