
ROM used:   949/8192 (12%)
            949/8192 (12%) including unused fragments

            0.9 Average locations per line
            9.9 Average locations per statement

RAM used:   15/368 (4%) at main() level
            30/368 (8%) worst case

Stack used: 5 worst case (5 in main + 0 for interrupts)
Stack size: 8

Lines Stmts  %   Files
----- ----- ---  -----
   29    12  12  lm35marafioti.c
  620     0   0  C:\Program Files (x86)\PICC\devices\16f876a.h
  456    84  88  C:\Program Files (x86)\PICC\drivers\lcd.c
----- -----
 1105    96 Total

Page ROM  %  RAM   Vol Diff  Functions:
---- --- --- ---   --- ----  ----------
0     21   2    1             @delay_ms1
 Inline         3   596  5.9  lcd_read_byte
0      6   1    0    59  4.2  lcd_read_nibble
0     12   1    1   179  3.3  lcd_send_nibble
0     64   7    3   460  4.7  lcd_send_byte
0     62   7    6   814  7.2  lcd_init
0     18   2    4   208  6.3  lcd_gotoxy
0     44   5    1   354  4.7  lcd_putc
0    132  14    4   299  3.5  MAIN
0     31   3    2             @ITOF
0    119  13   13             @MULFF
0    204  21   14             @DIVFF
0     33   3    4             @SFTOI
0      9   1    0             @const654
0     89   9    5             @PSTRINGCN7_627
0    101  11    9             @PRINTF_LU_627
 Inline         0             @cinit1

Program metrics:
    Functions               8
    Statements              96
    Comments                213
    Volume (V)              4515
    Difficulty (D)          37.6
    Effort to implement (E) 169705
    Time to implement (T)   2 hours, 37 minutes
    Est Delivered Bugs (B)  1
    Cyclomatic Complexity   8
    Maintainability (MI)    147

 Segment     Used  Free
-----------  ----  ----
00000-00003     4  0  
00004-007FF   945  1099  
00800-00FFF     0  2048  
01000-017FF     0  2048  
01800-01FFF     0  2048  



