CCS PCM C Compiler, Version 5.015, 5967               29-ago-25 14:17

               Filename:   Z:\6 Electronica\Martin\6to Año\Digitales-6to\DHT22 Todo\DHT22\DHT22\dht22 con lcd rs232 y 16f873a.X\build\default\production\dht22 con lcd rs232 y 16f873a.lst

               ROM used:   2842 words (69%)
                           Largest free fragment is 1240
               RAM used:   37 (19%) at main() level
                           65 (34%) worst case
               Stack used: 8 locations
               Stack size: 8

*
0000:  MOVLW  09
0001:  MOVWF  0A
0002:  GOTO   136
0003:  NOP
.................... #include <16F873A.h> 
.................... //////////// Standard Header file for the PIC16F873A device //////////////// 
.................... /////////////////////////////////////////////////////////////////////////// 
.................... ////        (C) Copyright 1996, 2013 Custom Computer Services          //// 
.................... //// This source code may only be used by licensed users of the CCS C  //// 
.................... //// compiler.  This source code may only be distributed to other      //// 
.................... //// licensed users of the CCS C compiler.  No other use, reproduction //// 
.................... //// or distribution is permitted without written permission.          //// 
.................... //// Derivative programs created using this software in object code    //// 
.................... //// form are not restricted in any way.                               //// 
.................... /////////////////////////////////////////////////////////////////////////// 
.................... #device PIC16F873A 
0004:  BCF    0A.0
0005:  BCF    0A.1
0006:  BCF    0A.2
0007:  ADDWF  02,F
0008:  RETLW  31
0009:  RETLW  32
000A:  RETLW  33
000B:  RETLW  34
000C:  RETLW  35
000D:  RETLW  36
000E:  RETLW  37
000F:  RETLW  38
0010:  RETLW  39
0011:  RETLW  2A
0012:  RETLW  30
0013:  RETLW  23
0014:  DATA 8C,24
0015:  DATA EE,33
0016:  DATA F2,32
0017:  DATA F3,32
0018:  DATA 0A,00
0019:  DATA D4,32
001A:  DATA 6D,38
001B:  DATA AE,26
001C:  DATA 69,37
001D:  DATA 3A,00
001E:  DATA D4,32
001F:  DATA 6D,38
0020:  DATA AE,26
0021:  DATA 61,3C
0022:  DATA 3A,00
0023:  DATA C8,3A
0024:  DATA 6D,17
0025:  DATA CD,34
0026:  DATA 6E,1D
0027:  DATA 20,00
0028:  DATA C8,3A
0029:  DATA 6D,17
002A:  DATA CD,30
002B:  DATA 78,1D
002C:  DATA 20,00
002D:  DATA 0C,23
002E:  DATA F5,32
002F:  DATA F2,30
0030:  DATA 20,32
0031:  DATA 65,10
0032:  DATA F2,30
0033:  DATA EE,33
0034:  DATA 6F,00
0035:  DATA 0C,23
0036:  DATA F5,32
0037:  DATA F2,30
0038:  DATA 20,32
0039:  DATA 65,10
003A:  DATA F2,30
003B:  DATA EE,33
003C:  DATA 6F,00
003D:  DATA 0C,23
003E:  DATA F5,32
003F:  DATA F2,30
0040:  DATA 20,32
0041:  DATA 65,10
0042:  DATA F2,30
0043:  DATA EE,33
0044:  DATA 6F,00
0045:  DATA 8C,22
0046:  DATA 72,39
0047:  DATA 6F,39
0048:  DATA 20,2A
0049:  DATA ED,34
004A:  DATA EE,17
004B:  DATA D4,36
004C:  DATA 61,3C
004D:  DATA 00,00
004E:  DATA 8C,22
004F:  DATA 72,39
0050:  DATA 6F,39
0051:  DATA 20,24
0052:  DATA ED,34
0053:  DATA EE,17
0054:  DATA C8,36
0055:  DATA 61,3C
0056:  DATA 00,00
0057:  DATA 0C,22
0058:  DATA 48,2A
0059:  DATA 32,19
005A:  DATA A0,15
005B:  DATA 20,2A
005C:  DATA E5,31
005D:  DATA EC,30
005E:  DATA E4,37
005F:  DATA 00,01
0060:  DATA CD,34
0061:  DATA 6E,1D
0062:  DATA 25,26
0063:  DATA 64,10
0064:  DATA CD,30
0065:  DATA 78,1D
0066:  DATA 25,26
0067:  DATA 64,00
0068:  DATA CD,34
0069:  DATA 6E,1D
006A:  DATA 25,26
006B:  DATA 64,10
006C:  DATA CD,30
006D:  DATA 78,1D
006E:  DATA 25,26
006F:  DATA 64,00
*
0158:  MOVF   0B,W
0159:  MOVWF  4F
015A:  BCF    0B.7
015B:  BSF    03.5
015C:  BSF    03.6
015D:  BSF    0C.7
015E:  BSF    0C.0
015F:  NOP
0160:  NOP
0161:  BCF    03.5
0162:  BCF    03.6
0163:  BTFSC  4F.7
0164:  BSF    0B.7
0165:  BSF    03.6
0166:  MOVF   0C,W
0167:  ANDLW  7F
0168:  BTFSC  03.2
0169:  GOTO   1AC
016A:  BCF    03.6
016B:  MOVWF  4F
016C:  BSF    03.6
016D:  MOVF   0D,W
016E:  BCF    03.6
016F:  MOVWF  50
0170:  BSF    03.6
0171:  MOVF   0F,W
0172:  BCF    03.6
0173:  MOVWF  51
0174:  MOVF   4F,W
0175:  MOVWF  52
0176:  CALL   12C
0177:  MOVF   50,W
0178:  BSF    03.6
0179:  MOVWF  0D
017A:  BCF    03.6
017B:  MOVF   51,W
017C:  BSF    03.6
017D:  MOVWF  0F
017E:  BCF    03.6
017F:  MOVF   0B,W
0180:  MOVWF  52
0181:  BCF    0B.7
0182:  BSF    03.5
0183:  BSF    03.6
0184:  BSF    0C.7
0185:  BSF    0C.0
0186:  NOP
0187:  NOP
0188:  BCF    03.5
0189:  BCF    03.6
018A:  BTFSC  52.7
018B:  BSF    0B.7
018C:  BSF    03.6
018D:  RLF    0C,W
018E:  RLF    0E,W
018F:  ANDLW  7F
0190:  BTFSC  03.2
0191:  GOTO   1AC
0192:  BCF    03.6
0193:  MOVWF  4F
0194:  BSF    03.6
0195:  MOVF   0D,W
0196:  BCF    03.6
0197:  MOVWF  50
0198:  BSF    03.6
0199:  MOVF   0F,W
019A:  BCF    03.6
019B:  MOVWF  51
019C:  MOVF   4F,W
019D:  MOVWF  52
019E:  CALL   12C
019F:  MOVF   50,W
01A0:  BSF    03.6
01A1:  MOVWF  0D
01A2:  BCF    03.6
01A3:  MOVF   51,W
01A4:  BSF    03.6
01A5:  MOVWF  0F
01A6:  INCF   0D,F
01A7:  BTFSC  03.2
01A8:  INCF   0F,F
01A9:  BCF    03.6
01AA:  GOTO   158
01AB:  BSF    03.6
01AC:  BCF    03.6
01AD:  RETURN
01AE:  CLRF   20
01AF:  CLRF   21
01B0:  MOVF   53,W
01B1:  BCF    03.0
01B2:  BTFSC  54.0
01B3:  ADDWF  20,F
01B4:  RRF    20,F
01B5:  RRF    21,F
01B6:  BTFSC  54.1
01B7:  ADDWF  20,F
01B8:  RRF    20,F
01B9:  RRF    21,F
01BA:  BTFSC  54.2
01BB:  ADDWF  20,F
01BC:  RRF    20,F
01BD:  RRF    21,F
01BE:  BTFSC  54.3
01BF:  ADDWF  20,F
01C0:  RRF    20,F
01C1:  RRF    21,F
01C2:  BTFSC  54.4
01C3:  ADDWF  20,F
01C4:  RRF    20,F
01C5:  RRF    21,F
01C6:  BTFSC  54.5
01C7:  ADDWF  20,F
01C8:  RRF    20,F
01C9:  RRF    21,F
01CA:  BTFSC  54.6
01CB:  ADDWF  20,F
01CC:  RRF    20,F
01CD:  RRF    21,F
01CE:  BTFSC  54.7
01CF:  ADDWF  20,F
01D0:  RRF    20,F
01D1:  RRF    21,F
01D2:  RETURN
*
0299:  MOVF   50,W
029A:  CLRF   21
029B:  SUBWF  4F,W
029C:  BTFSC  03.0
029D:  GOTO   2A1
029E:  MOVF   4F,W
029F:  MOVWF  20
02A0:  GOTO   2AD
02A1:  CLRF   20
02A2:  MOVLW  08
02A3:  MOVWF  51
02A4:  RLF    4F,F
02A5:  RLF    20,F
02A6:  MOVF   50,W
02A7:  SUBWF  20,W
02A8:  BTFSC  03.0
02A9:  MOVWF  20
02AA:  RLF    21,F
02AB:  DECFSZ 51,F
02AC:  GOTO   2A4
*
0465:  MOVLW  8E
0466:  MOVWF  20
0467:  MOVF   53,W
0468:  MOVWF  21
0469:  MOVF   52,W
046A:  MOVWF  22
046B:  CLRF   23
046C:  MOVF   21,F
046D:  BTFSS  03.2
046E:  GOTO   479
046F:  MOVF   22,W
0470:  MOVWF  21
0471:  CLRF   22
0472:  MOVLW  08
0473:  SUBWF  20,F
0474:  MOVF   21,F
0475:  BTFSS  03.2
0476:  GOTO   479
0477:  CLRF   20
0478:  GOTO   481
0479:  BCF    03.0
047A:  BTFSC  21.7
047B:  GOTO   480
047C:  RLF    22,F
047D:  RLF    21,F
047E:  DECF   20,F
047F:  GOTO   479
0480:  BCF    21.7
0481:  RETURN
0482:  MOVF   52,W
0483:  BTFSC  03.2
0484:  GOTO   547
0485:  MOVWF  5E
0486:  MOVF   56,W
0487:  BTFSC  03.2
0488:  GOTO   547
0489:  SUBWF  5E,F
048A:  BTFSS  03.0
048B:  GOTO   491
048C:  MOVLW  7F
048D:  ADDWF  5E,F
048E:  BTFSC  03.0
048F:  GOTO   547
0490:  GOTO   497
0491:  MOVLW  81
0492:  SUBWF  5E,F
0493:  BTFSS  03.0
0494:  GOTO   547
0495:  BTFSC  03.2
0496:  GOTO   547
0497:  MOVF   5E,W
0498:  MOVWF  20
0499:  CLRF   21
049A:  CLRF   22
049B:  CLRF   23
049C:  CLRF   5D
049D:  MOVF   53,W
049E:  MOVWF  5C
049F:  BSF    5C.7
04A0:  MOVF   54,W
04A1:  MOVWF  5B
04A2:  MOVF   55,W
04A3:  MOVWF  5A
04A4:  MOVLW  19
04A5:  MOVWF  5E
04A6:  MOVF   59,W
04A7:  SUBWF  5A,F
04A8:  BTFSC  03.0
04A9:  GOTO   4BA
04AA:  MOVLW  01
04AB:  SUBWF  5B,F
04AC:  BTFSC  03.0
04AD:  GOTO   4BA
04AE:  SUBWF  5C,F
04AF:  BTFSC  03.0
04B0:  GOTO   4BA
04B1:  SUBWF  5D,F
04B2:  BTFSC  03.0
04B3:  GOTO   4BA
04B4:  INCF   5D,F
04B5:  INCF   5C,F
04B6:  INCF   5B,F
04B7:  MOVF   59,W
04B8:  ADDWF  5A,F
04B9:  GOTO   4EC
04BA:  MOVF   58,W
04BB:  SUBWF  5B,F
04BC:  BTFSC  03.0
04BD:  GOTO   4D5
04BE:  MOVLW  01
04BF:  SUBWF  5C,F
04C0:  BTFSC  03.0
04C1:  GOTO   4D5
04C2:  SUBWF  5D,F
04C3:  BTFSC  03.0
04C4:  GOTO   4D5
04C5:  INCF   5D,F
04C6:  INCF   5C,F
04C7:  MOVF   58,W
04C8:  ADDWF  5B,F
04C9:  MOVF   59,W
04CA:  ADDWF  5A,F
04CB:  BTFSS  03.0
04CC:  GOTO   4EC
04CD:  INCF   5B,F
04CE:  BTFSS  03.2
04CF:  GOTO   4EC
04D0:  INCF   5C,F
04D1:  BTFSS  03.2
04D2:  GOTO   4EC
04D3:  INCF   5D,F
04D4:  GOTO   4EC
04D5:  MOVF   57,W
04D6:  IORLW  80
04D7:  SUBWF  5C,F
04D8:  BTFSC  03.0
04D9:  GOTO   4EB
04DA:  MOVLW  01
04DB:  SUBWF  5D,F
04DC:  BTFSC  03.0
04DD:  GOTO   4EB
04DE:  INCF   5D,F
04DF:  MOVF   57,W
04E0:  IORLW  80
04E1:  ADDWF  5C,F
04E2:  MOVF   58,W
04E3:  ADDWF  5B,F
04E4:  BTFSS  03.0
04E5:  GOTO   4C9
04E6:  INCF   5C,F
04E7:  BTFSS  03.2
04E8:  GOTO   4C9
04E9:  INCF   5D,F
04EA:  GOTO   4C9
04EB:  BSF    23.0
04EC:  DECFSZ 5E,F
04ED:  GOTO   4EF
04EE:  GOTO   4FA
04EF:  BCF    03.0
04F0:  RLF    5A,F
04F1:  RLF    5B,F
04F2:  RLF    5C,F
04F3:  RLF    5D,F
04F4:  BCF    03.0
04F5:  RLF    23,F
04F6:  RLF    22,F
04F7:  RLF    21,F
04F8:  RLF    5F,F
04F9:  GOTO   4A6
04FA:  BTFSS  5F.0
04FB:  GOTO   502
04FC:  BCF    03.0
04FD:  RRF    21,F
04FE:  RRF    22,F
04FF:  RRF    23,F
0500:  RRF    5F,F
0501:  GOTO   505
0502:  DECF   20,F
0503:  BTFSC  03.2
0504:  GOTO   547
0505:  BTFSC  5F.7
0506:  GOTO   52E
0507:  BCF    03.0
0508:  RLF    5A,F
0509:  RLF    5B,F
050A:  RLF    5C,F
050B:  RLF    5D,F
050C:  MOVF   59,W
050D:  SUBWF  5A,F
050E:  BTFSC  03.0
050F:  GOTO   51A
0510:  MOVLW  01
0511:  SUBWF  5B,F
0512:  BTFSC  03.0
0513:  GOTO   51A
0514:  SUBWF  5C,F
0515:  BTFSC  03.0
0516:  GOTO   51A
0517:  SUBWF  5D,F
0518:  BTFSS  03.0
0519:  GOTO   53D
051A:  MOVF   58,W
051B:  SUBWF  5B,F
051C:  BTFSC  03.0
051D:  GOTO   525
051E:  MOVLW  01
051F:  SUBWF  5C,F
0520:  BTFSC  03.0
0521:  GOTO   525
0522:  SUBWF  5D,F
0523:  BTFSS  03.0
0524:  GOTO   53D
0525:  MOVF   57,W
0526:  IORLW  80
0527:  SUBWF  5C,F
0528:  BTFSC  03.0
0529:  GOTO   52E
052A:  MOVLW  01
052B:  SUBWF  5D,F
052C:  BTFSS  03.0
052D:  GOTO   53D
052E:  INCF   23,F
052F:  BTFSS  03.2
0530:  GOTO   53D
0531:  INCF   22,F
0532:  BTFSS  03.2
0533:  GOTO   53D
0534:  INCF   21,F
0535:  BTFSS  03.2
0536:  GOTO   53D
0537:  INCF   20,F
0538:  BTFSC  03.2
0539:  GOTO   547
053A:  RRF    21,F
053B:  RRF    22,F
053C:  RRF    23,F
053D:  MOVF   53,W
053E:  MOVWF  5E
053F:  MOVF   57,W
0540:  XORWF  5E,F
0541:  BTFSS  5E.7
0542:  GOTO   545
0543:  BSF    21.7
0544:  GOTO   54B
0545:  BCF    21.7
0546:  GOTO   54B
0547:  CLRF   20
0548:  CLRF   21
0549:  CLRF   22
054A:  CLRF   23
054B:  RETURN
*
063C:  BTFSC  03.1
063D:  GOTO   640
063E:  MOVLW  56
063F:  MOVWF  04
0640:  CLRF   20
0641:  CLRF   21
0642:  CLRF   22
0643:  CLRF   23
0644:  CLRF   56
0645:  CLRF   57
0646:  CLRF   58
0647:  CLRF   59
0648:  MOVF   55,W
0649:  IORWF  54,W
064A:  IORWF  53,W
064B:  IORWF  52,W
064C:  BTFSC  03.2
064D:  GOTO   67E
064E:  MOVLW  20
064F:  MOVWF  5A
0650:  BCF    03.0
0651:  RLF    4E,F
0652:  RLF    4F,F
0653:  RLF    50,F
0654:  RLF    51,F
0655:  RLF    56,F
0656:  RLF    57,F
0657:  RLF    58,F
0658:  RLF    59,F
0659:  MOVF   55,W
065A:  SUBWF  59,W
065B:  BTFSS  03.2
065C:  GOTO   667
065D:  MOVF   54,W
065E:  SUBWF  58,W
065F:  BTFSS  03.2
0660:  GOTO   667
0661:  MOVF   53,W
0662:  SUBWF  57,W
0663:  BTFSS  03.2
0664:  GOTO   667
0665:  MOVF   52,W
0666:  SUBWF  56,W
0667:  BTFSS  03.0
0668:  GOTO   678
0669:  MOVF   52,W
066A:  SUBWF  56,F
066B:  MOVF   53,W
066C:  BTFSS  03.0
066D:  INCFSZ 53,W
066E:  SUBWF  57,F
066F:  MOVF   54,W
0670:  BTFSS  03.0
0671:  INCFSZ 54,W
0672:  SUBWF  58,F
0673:  MOVF   55,W
0674:  BTFSS  03.0
0675:  INCFSZ 55,W
0676:  SUBWF  59,F
0677:  BSF    03.0
0678:  RLF    20,F
0679:  RLF    21,F
067A:  RLF    22,F
067B:  RLF    23,F
067C:  DECFSZ 5A,F
067D:  GOTO   650
067E:  MOVF   56,W
067F:  MOVWF  00
0680:  INCF   04,F
0681:  MOVF   57,W
0682:  MOVWF  00
0683:  INCF   04,F
0684:  MOVF   58,W
0685:  MOVWF  00
0686:  INCF   04,F
0687:  MOVF   59,W
0688:  MOVWF  00
0689:  RETURN
068A:  MOVF   04,W
068B:  MOVWF  48
068C:  MOVF   47,W
068D:  MOVWF  49
068E:  BTFSC  03.2
068F:  GOTO   71C
0690:  MOVF   46,W
0691:  MOVWF  51
0692:  MOVF   45,W
0693:  MOVWF  50
0694:  MOVF   44,W
0695:  MOVWF  4F
0696:  MOVF   43,W
0697:  MOVWF  4E
0698:  CLRF   55
0699:  CLRF   54
069A:  MOVLW  20
069B:  MOVWF  53
069C:  MOVLW  82
069D:  MOVWF  52
069E:  MOVF   4E,W
069F:  BTFSC  03.2
06A0:  GOTO   70E
06A1:  MOVWF  56
06A2:  MOVF   52,W
06A3:  BTFSC  03.2
06A4:  GOTO   70E
06A5:  ADDWF  56,F
06A6:  BTFSC  03.0
06A7:  GOTO   6AF
06A8:  MOVLW  7F
06A9:  SUBWF  56,F
06AA:  BTFSS  03.0
06AB:  GOTO   70E
06AC:  BTFSC  03.2
06AD:  GOTO   70E
06AE:  GOTO   6B3
06AF:  MOVLW  81
06B0:  ADDWF  56,F
06B1:  BTFSC  03.0
06B2:  GOTO   70E
06B3:  MOVF   56,W
06B4:  MOVWF  20
06B5:  CLRF   21
06B6:  CLRF   22
06B7:  CLRF   23
06B8:  MOVF   4F,W
06B9:  MOVWF  5A
06BA:  BSF    5A.7
06BB:  MOVF   50,W
06BC:  MOVWF  59
06BD:  MOVF   51,W
06BE:  MOVWF  58
06BF:  MOVLW  18
06C0:  MOVWF  56
06C1:  CLRF   57
06C2:  BTFSS  58.0
06C3:  GOTO   6DC
06C4:  MOVF   55,W
06C5:  ADDWF  23,F
06C6:  BTFSS  03.0
06C7:  GOTO   6CE
06C8:  INCF   22,F
06C9:  BTFSS  03.2
06CA:  GOTO   6CE
06CB:  INCF   21,F
06CC:  BTFSC  03.2
06CD:  BSF    57.7
06CE:  MOVF   54,W
06CF:  ADDWF  22,F
06D0:  BTFSS  03.0
06D1:  GOTO   6D5
06D2:  INCF   21,F
06D3:  BTFSC  03.2
06D4:  BSF    57.7
06D5:  MOVF   53,W
06D6:  MOVWF  50
06D7:  BSF    50.7
06D8:  MOVF   50,W
06D9:  ADDWF  21,F
06DA:  BTFSC  03.0
06DB:  BSF    57.7
06DC:  RLF    57,F
06DD:  RRF    21,F
06DE:  RRF    22,F
06DF:  RRF    23,F
06E0:  RRF    5A,F
06E1:  RRF    59,F
06E2:  RRF    58,F
06E3:  BCF    03.0
06E4:  DECFSZ 56,F
06E5:  GOTO   6C1
06E6:  MOVLW  01
06E7:  ADDWF  20,F
06E8:  BTFSC  03.0
06E9:  GOTO   70E
06EA:  BTFSC  21.7
06EB:  GOTO   6F3
06EC:  RLF    5A,F
06ED:  RLF    23,F
06EE:  RLF    22,F
06EF:  RLF    21,F
06F0:  DECF   20,F
06F1:  BTFSC  03.2
06F2:  GOTO   70E
06F3:  BTFSS  5A.7
06F4:  GOTO   704
06F5:  INCF   23,F
06F6:  BTFSS  03.2
06F7:  GOTO   704
06F8:  INCF   22,F
06F9:  BTFSS  03.2
06FA:  GOTO   704
06FB:  INCF   21,F
06FC:  BTFSS  03.2
06FD:  GOTO   704
06FE:  RRF    21,F
06FF:  RRF    22,F
0700:  RRF    23,F
0701:  INCF   20,F
0702:  BTFSC  03.2
0703:  GOTO   70E
0704:  MOVF   4F,W
0705:  MOVWF  57
0706:  MOVF   53,W
0707:  XORWF  57,F
0708:  BTFSS  57.7
0709:  GOTO   70C
070A:  BSF    21.7
070B:  GOTO   712
070C:  BCF    21.7
070D:  GOTO   712
070E:  CLRF   20
070F:  CLRF   21
0710:  CLRF   22
0711:  CLRF   23
0712:  MOVF   23,W
0713:  MOVWF  46
0714:  MOVF   22,W
0715:  MOVWF  45
0716:  MOVF   21,W
0717:  MOVWF  44
0718:  MOVF   20,W
0719:  MOVWF  43
071A:  DECFSZ 49,F
071B:  GOTO   690
071C:  MOVF   46,W
071D:  MOVWF  51
071E:  MOVF   45,W
071F:  MOVWF  50
0720:  MOVF   44,W
0721:  MOVWF  4F
0722:  MOVF   43,W
0723:  MOVWF  4E
0724:  MOVF   4E,W
0725:  SUBLW  B6
0726:  MOVWF  4E
0727:  CLRF   23
0728:  MOVF   4F,W
0729:  MOVWF  52
072A:  BSF    4F.7
072B:  BCF    03.0
072C:  RRF    4F,F
072D:  RRF    50,F
072E:  RRF    51,F
072F:  RRF    23,F
0730:  RRF    22,F
0731:  RRF    21,F
0732:  RRF    20,F
0733:  DECFSZ 4E,F
0734:  GOTO   72B
0735:  BTFSS  52.7
0736:  GOTO   742
0737:  COMF   20,F
0738:  COMF   21,F
0739:  COMF   22,F
073A:  COMF   23,F
073B:  INCF   20,F
073C:  BTFSC  03.2
073D:  INCF   21,F
073E:  BTFSC  03.2
073F:  INCF   22,F
0740:  BTFSC  03.2
0741:  INCF   23,F
0742:  MOVF   23,W
0743:  MOVWF  46
0744:  MOVF   22,W
0745:  MOVWF  45
0746:  MOVF   21,W
0747:  MOVWF  44
0748:  MOVF   20,W
0749:  MOVWF  43
074A:  BTFSS  46.7
074B:  GOTO   759
074C:  DECF   48,F
074D:  BSF    48.5
074E:  COMF   43,F
074F:  COMF   44,F
0750:  COMF   45,F
0751:  COMF   46,F
0752:  INCF   43,F
0753:  BTFSC  03.2
0754:  INCF   44,F
0755:  BTFSC  03.2
0756:  INCF   45,F
0757:  BTFSC  03.2
0758:  INCF   46,F
0759:  MOVLW  3B
075A:  MOVWF  4D
075B:  MOVLW  9A
075C:  MOVWF  4C
075D:  MOVLW  CA
075E:  MOVWF  4B
075F:  CLRF   4A
0760:  MOVLW  0A
0761:  MOVWF  49
0762:  MOVF   47,W
0763:  BTFSC  03.2
0764:  INCF   48,F
0765:  BSF    03.1
0766:  MOVLW  43
0767:  MOVWF  04
0768:  MOVF   46,W
0769:  MOVWF  51
076A:  MOVF   45,W
076B:  MOVWF  50
076C:  MOVF   44,W
076D:  MOVWF  4F
076E:  MOVF   43,W
076F:  MOVWF  4E
0770:  MOVF   4D,W
0771:  MOVWF  55
0772:  MOVF   4C,W
0773:  MOVWF  54
0774:  MOVF   4B,W
0775:  MOVWF  53
0776:  MOVF   4A,W
0777:  MOVWF  52
0778:  CALL   63C
0779:  MOVF   21,W
077A:  MOVF   20,F
077B:  BTFSS  03.2
077C:  GOTO   790
077D:  INCF   47,W
077E:  SUBWF  49,W
077F:  BTFSC  03.2
0780:  GOTO   790
0781:  MOVF   48,W
0782:  BTFSC  03.2
0783:  GOTO   792
0784:  ANDLW  0F
0785:  SUBWF  49,W
0786:  BTFSC  03.2
0787:  GOTO   78A
0788:  BTFSC  03.0
0789:  GOTO   7C2
078A:  BTFSC  48.7
078B:  GOTO   7C2
078C:  BTFSC  48.6
078D:  GOTO   792
078E:  MOVLW  20
078F:  GOTO   7BE
0790:  MOVLW  20
0791:  ANDWF  48,F
0792:  BTFSS  48.5
0793:  GOTO   7A0
0794:  BCF    48.5
0795:  MOVF   47,W
0796:  BTFSS  03.2
0797:  DECF   48,F
0798:  MOVF   20,W
0799:  MOVWF  48
079A:  MOVLW  2D
079B:  MOVWF  52
079C:  CALL   12C
079D:  MOVF   48,W
079E:  MOVWF  20
079F:  CLRF   48
07A0:  MOVF   47,W
07A1:  SUBWF  49,W
07A2:  BTFSS  03.2
07A3:  GOTO   7AE
07A4:  MOVF   20,W
07A5:  MOVWF  48
07A6:  MOVLW  2E
07A7:  MOVWF  52
07A8:  CALL   12C
07A9:  MOVF   48,W
07AA:  MOVWF  20
07AB:  MOVLW  20
07AC:  ANDWF  48,F
07AD:  MOVLW  00
07AE:  MOVLW  30
07AF:  BTFSS  48.5
07B0:  GOTO   7BE
07B1:  BCF    48.5
07B2:  MOVF   47,W
07B3:  BTFSS  03.2
07B4:  DECF   48,F
07B5:  MOVF   20,W
07B6:  MOVWF  48
07B7:  MOVLW  2D
07B8:  MOVWF  52
07B9:  CALL   12C
07BA:  MOVF   48,W
07BB:  MOVWF  20
07BC:  CLRF   48
07BD:  MOVLW  30
07BE:  ADDWF  20,F
07BF:  MOVF   20,W
07C0:  MOVWF  52
07C1:  CALL   12C
07C2:  BCF    03.1
07C3:  MOVF   4D,W
07C4:  MOVWF  51
07C5:  MOVF   4C,W
07C6:  MOVWF  50
07C7:  MOVF   4B,W
07C8:  MOVWF  4F
07C9:  MOVF   4A,W
07CA:  MOVWF  4E
07CB:  CLRF   55
07CC:  CLRF   54
07CD:  CLRF   53
07CE:  MOVLW  0A
07CF:  MOVWF  52
07D0:  CALL   63C
07D1:  MOVF   23,W
07D2:  MOVWF  4D
07D3:  MOVF   22,W
07D4:  MOVWF  4C
07D5:  MOVF   21,W
07D6:  MOVWF  4B
07D7:  MOVF   20,W
07D8:  MOVWF  4A
07D9:  DECFSZ 49,F
07DA:  GOTO   765
07DB:  RETURN
*
0800:  MOVF   0B,W
0801:  MOVWF  44
0802:  BCF    0B.7
0803:  BSF    03.5
0804:  BSF    03.6
0805:  BSF    0C.7
0806:  BSF    0C.0
0807:  NOP
0808:  NOP
0809:  BCF    03.5
080A:  BCF    03.6
080B:  BTFSC  44.7
080C:  BSF    0B.7
080D:  BTFSC  03.0
080E:  GOTO   039
080F:  BSF    03.6
0810:  MOVF   0C,W
0811:  ANDLW  7F
0812:  BCF    03.6
0813:  MOVWF  44
0814:  BSF    03.6
0815:  MOVF   0D,W
0816:  BCF    03.6
0817:  MOVWF  45
0818:  BSF    03.6
0819:  MOVF   0F,W
081A:  BCF    03.6
081B:  MOVWF  46
081C:  MOVF   44,W
081D:  MOVWF  52
081E:  BCF    0A.3
081F:  CALL   12C
0820:  BSF    0A.3
0821:  MOVF   45,W
0822:  BSF    03.6
0823:  MOVWF  0D
0824:  BCF    03.6
0825:  MOVF   46,W
0826:  BSF    03.6
0827:  MOVWF  0F
0828:  BCF    03.6
0829:  MOVF   0B,W
082A:  MOVWF  47
082B:  BCF    0B.7
082C:  BSF    03.5
082D:  BSF    03.6
082E:  BSF    0C.7
082F:  BSF    0C.0
0830:  NOP
0831:  NOP
0832:  BCF    03.5
0833:  BCF    03.6
0834:  BTFSC  47.7
0835:  BSF    0B.7
0836:  DECFSZ 43,F
0837:  GOTO   039
0838:  GOTO   05A
0839:  BSF    03.6
083A:  RLF    0C,W
083B:  RLF    0E,W
083C:  ANDLW  7F
083D:  BCF    03.6
083E:  MOVWF  44
083F:  BSF    03.6
0840:  MOVF   0D,W
0841:  BCF    03.6
0842:  MOVWF  45
0843:  BSF    03.6
0844:  MOVF   0F,W
0845:  BCF    03.6
0846:  MOVWF  46
0847:  MOVF   44,W
0848:  MOVWF  52
0849:  BCF    0A.3
084A:  CALL   12C
084B:  BSF    0A.3
084C:  MOVF   45,W
084D:  BSF    03.6
084E:  MOVWF  0D
084F:  BCF    03.6
0850:  MOVF   46,W
0851:  BSF    03.6
0852:  MOVWF  0F
0853:  INCF   0D,F
0854:  BTFSC  03.2
0855:  INCF   0F,F
0856:  BCF    03.0
0857:  BCF    03.6
0858:  DECFSZ 43,F
0859:  GOTO   000
085A:  RETURN
085B:  MOVF   04,W
085C:  MOVWF  4A
085D:  BTFSS  44.7
085E:  GOTO   067
085F:  BSF    4A.7
0860:  BTFSS  4A.4
0861:  INCF   4A,F
0862:  COMF   43,F
0863:  COMF   44,F
0864:  INCF   43,F
0865:  BTFSC  03.2
0866:  INCF   44,F
0867:  SWAPF  44,W
0868:  IORLW  F0
0869:  MOVWF  46
086A:  ADDWF  46,F
086B:  ADDLW  E2
086C:  MOVWF  47
086D:  ADDLW  32
086E:  MOVWF  49
086F:  MOVF   44,W
0870:  ANDLW  0F
0871:  ADDWF  47,F
0872:  ADDWF  47,F
0873:  ADDWF  49,F
0874:  ADDLW  E9
0875:  MOVWF  48
0876:  ADDWF  48,F
0877:  ADDWF  48,F
0878:  SWAPF  43,W
0879:  ANDLW  0F
087A:  ADDWF  48,F
087B:  ADDWF  49,F
087C:  RLF    48,F
087D:  RLF    49,F
087E:  COMF   49,F
087F:  RLF    49,F
0880:  MOVF   43,W
0881:  ANDLW  0F
0882:  ADDWF  49,F
0883:  RLF    46,F
0884:  MOVLW  07
0885:  MOVWF  45
0886:  MOVLW  0A
0887:  ADDWF  49,F
0888:  DECF   48,F
0889:  BTFSS  03.0
088A:  GOTO   087
088B:  ADDWF  48,F
088C:  DECF   47,F
088D:  BTFSS  03.0
088E:  GOTO   08B
088F:  ADDWF  47,F
0890:  DECF   46,F
0891:  BTFSS  03.0
0892:  GOTO   08F
0893:  ADDWF  46,F
0894:  DECF   45,F
0895:  BTFSS  03.0
0896:  GOTO   093
0897:  MOVLW  45
0898:  MOVWF  04
0899:  MOVLW  07
089A:  ANDWF  4A,W
089B:  BCF    4A.6
089C:  DECF   04,F
089D:  ANDWF  4A,W
089E:  BTFSS  03.2
089F:  GOTO   0A7
08A0:  BTFSC  4A.4
08A1:  INCF   04,F
08A2:  BTFSC  4A.4
08A3:  GOTO   0A7
08A4:  MOVLW  20
08A5:  MOVWF  20
08A6:  GOTO   0C4
08A7:  ADDWF  04,F
08A8:  MOVLW  49
08A9:  SUBWF  04,W
08AA:  BTFSC  03.2
08AB:  BSF    4A.6
08AC:  MOVF   00,W
08AD:  MOVWF  20
08AE:  BTFSS  03.2
08AF:  GOTO   0B8
08B0:  BTFSC  4A.6
08B1:  GOTO   0B8
08B2:  BTFSC  4A.4
08B3:  GOTO   0CE
08B4:  BTFSC  4A.3
08B5:  GOTO   0B8
08B6:  MOVLW  20
08B7:  GOTO   0C3
08B8:  BTFSS  4A.7
08B9:  GOTO   0C0
08BA:  MOVLW  2D
08BB:  MOVWF  20
08BC:  DECF   04,F
08BD:  BCF    4A.6
08BE:  BCF    4A.7
08BF:  GOTO   0C4
08C0:  BSF    4A.3
08C1:  BCF    4A.4
08C2:  MOVLW  30
08C3:  ADDWF  20,F
08C4:  CLRF   44
08C5:  MOVF   04,W
08C6:  MOVWF  43
08C7:  MOVF   20,W
08C8:  MOVWF  52
08C9:  BCF    0A.3
08CA:  CALL   12C
08CB:  BSF    0A.3
08CC:  MOVF   43,W
08CD:  MOVWF  04
08CE:  INCF   04,F
08CF:  BTFSS  4A.6
08D0:  GOTO   0A8
08D1:  RETURN
08D2:  MOVLW  8E
08D3:  MOVWF  20
08D4:  MOVF   44,W
08D5:  MOVWF  21
08D6:  MOVF   43,W
08D7:  MOVWF  22
08D8:  CLRF   23
08D9:  BTFSS  44.7
08DA:  GOTO   0E0
08DB:  COMF   21,F
08DC:  COMF   22,F
08DD:  INCF   22,F
08DE:  BTFSC  03.2
08DF:  INCF   21,F
08E0:  MOVF   21,F
08E1:  BTFSS  03.2
08E2:  GOTO   0ED
08E3:  MOVF   22,W
08E4:  MOVWF  21
08E5:  CLRF   22
08E6:  MOVLW  08
08E7:  SUBWF  20,F
08E8:  MOVF   21,F
08E9:  BTFSS  03.2
08EA:  GOTO   0ED
08EB:  CLRF   20
08EC:  GOTO   0F6
08ED:  BCF    03.0
08EE:  BTFSC  21.7
08EF:  GOTO   0F4
08F0:  RLF    22,F
08F1:  RLF    21,F
08F2:  DECF   20,F
08F3:  GOTO   0ED
08F4:  BTFSS  44.7
08F5:  BCF    21.7
08F6:  RETURN
08F7:  MOVF   44,W
08F8:  MOVWF  4B
08F9:  MOVF   48,W
08FA:  XORWF  4B,F
08FB:  BTFSS  4B.7
08FC:  GOTO   102
08FD:  BCF    03.2
08FE:  BCF    03.0
08FF:  BTFSC  44.7
0900:  BSF    03.0
0901:  GOTO   135
0902:  MOVF   44,W
0903:  MOVWF  4B
0904:  MOVF   47,W
0905:  MOVWF  4C
0906:  MOVF   43,W
0907:  SUBWF  4C,F
0908:  BTFSC  03.2
0909:  GOTO   110
090A:  BTFSS  4B.7
090B:  GOTO   135
090C:  MOVF   03,W
090D:  XORLW  01
090E:  MOVWF  03
090F:  GOTO   135
0910:  MOVF   48,W
0911:  MOVWF  4C
0912:  MOVF   44,W
0913:  SUBWF  4C,F
0914:  BTFSC  03.2
0915:  GOTO   11C
0916:  BTFSS  4B.7
0917:  GOTO   135
0918:  MOVF   03,W
0919:  XORLW  01
091A:  MOVWF  03
091B:  GOTO   135
091C:  MOVF   49,W
091D:  MOVWF  4C
091E:  MOVF   45,W
091F:  SUBWF  4C,F
0920:  BTFSC  03.2
0921:  GOTO   128
0922:  BTFSS  4B.7
0923:  GOTO   135
0924:  MOVF   03,W
0925:  XORLW  01
0926:  MOVWF  03
0927:  GOTO   135
0928:  MOVF   4A,W
0929:  MOVWF  4C
092A:  MOVF   46,W
092B:  SUBWF  4C,F
092C:  BTFSC  03.2
092D:  GOTO   134
092E:  BTFSS  4B.7
092F:  GOTO   135
0930:  MOVF   03,W
0931:  XORLW  01
0932:  MOVWF  03
0933:  GOTO   135
0934:  BCF    03.0
0935:  RETURN
....................  
.................... #list 
....................  
.................... #fuses HS,NOWDT,NOPROTECT,NOLVP 
.................... #use delay(clock=20000000)         
*
0070:  MOVLW  53
0071:  MOVWF  04
0072:  MOVF   00,W
0073:  BTFSC  03.2
0074:  GOTO   082
0075:  MOVLW  06
0076:  MOVWF  21
0077:  CLRF   20
0078:  DECFSZ 20,F
0079:  GOTO   078
007A:  DECFSZ 21,F
007B:  GOTO   077
007C:  MOVLW  7B
007D:  MOVWF  20
007E:  DECFSZ 20,F
007F:  GOTO   07E
0080:  DECFSZ 00,F
0081:  GOTO   075
0082:  RETURN
.................... #use rs232(baud=9600, xmit=pin_c6, rcv=pin_c7, bits=8, parity=N) 
.................... #define LCD_DATA_PORTB 
.................... #define use_portb_kbd TRUE 
.................... #include <lcd.c>	 
.................... /////////////////////////////////////////////////////////////////////////////// 
.................... ////                             LCD.C                                     //// 
.................... ////                 Driver for common LCD modules                         //// 
.................... ////                                                                       //// 
.................... ////  lcd_init()   Must be called before any other function.               //// 
.................... ////                                                                       //// 
.................... ////  lcd_putc(c)  Will display c on the next position of the LCD.         //// 
.................... ////                 \a  Set cursor position to upper left                 //// 
.................... ////                 \f  Clear display, set cursor to upper left           //// 
.................... ////                 \n  Go to start of second line                        //// 
.................... ////                 \b  Move back one position                            //// 
.................... ////              If LCD_EXTENDED_NEWLINE is defined, the \n character     //// 
.................... ////              will erase all remanining characters on the current      //// 
.................... ////              line, and move the cursor to the beginning of the next   //// 
.................... ////              line.                                                    //// 
.................... ////              If LCD_EXTENDED_NEWLINE is defined, the \r character     //// 
.................... ////              will move the cursor to the start of the current         //// 
.................... ////              line.                                                    //// 
.................... ////                                                                       //// 
.................... ////  lcd_gotoxy(x,y) Set write position on LCD (upper left is 1,1)        //// 
.................... ////                                                                       //// 
.................... ////  lcd_getc(x,y)   Returns character at position x,y on LCD             //// 
.................... ////                                                                       //// 
.................... ////  lcd_cursor_on(int1 on)   Turn the cursor on (on=TRUE) or off         //// 
.................... ////              (on=FALSE).                                              //// 
.................... ////                                                                       //// 
.................... ////  lcd_set_cgram_char(w, *p)   Write a custom character to the CGRAM.   //// 
.................... ////                                                                       //// 
.................... ////                                                                       //// 
.................... ////  CONFIGURATION                                                        //// 
.................... ////  The LCD can be configured in one of two ways: a.) port access or     //// 
.................... ////  b.) pin access.  Port access requires the entire 7 bit interface     //// 
.................... ////  connected to one GPIO port, and the data bits (D4:D7 of the LCD)     //// 
.................... ////  connected to sequential pins on the GPIO.  Pin access                //// 
.................... ////  has no requirements, all 7 bits of the control interface can         //// 
.................... ////  can be connected to any GPIO using several ports.                    //// 
.................... ////                                                                       //// 
.................... ////  To use port access, #define LCD_DATA_PORT to the SFR location of     //// 
.................... ////  of the GPIO port that holds the interface, -AND- edit LCD_PIN_MAP    //// 
.................... ////  of this file to configure the pin order.  If you are using a         //// 
.................... ////  baseline PIC (PCB), then LCD_OUTPUT_MAP and LCD_INPUT_MAP also must  //// 
.................... ////  be defined.                                                          //// 
.................... ////                                                                       //// 
.................... ////  Example of port access:                                              //// 
.................... ////     #define LCD_DATA_PORT getenv("SFR:PORTD")                         //// 
.................... ////                                                                       //// 
.................... ////  To use pin access, the following pins must be defined:               //// 
.................... ////     LCD_ENABLE_PIN                                                    //// 
.................... ////     LCD_RS_PIN                                                        //// 
.................... ////     LCD_RW_PIN                                                        //// 
.................... ////     LCD_DATA4                                                         //// 
.................... ////     LCD_DATA5                                                         //// 
.................... ////     LCD_DATA6                                                         //// 
.................... ////     LCD_DATA7                                                         //// 
.................... ////                                                                       //// 
.................... ////  Example of pin access:                                               //// 
.................... ////     #define LCD_ENABLE_PIN  PIN_E0                                    //// 
.................... ////     #define LCD_RS_PIN      PIN_E1                                    //// 
.................... ////     #define LCD_RW_PIN      PIN_E2                                    //// 
.................... ////     #define LCD_DATA4       PIN_D4                                    //// 
.................... ////     #define LCD_DATA5       PIN_D5                                    //// 
.................... ////     #define LCD_DATA6       PIN_D6                                    //// 
.................... ////     #define LCD_DATA7       PIN_D7                                    //// 
.................... ////                                                                       //// 
.................... /////////////////////////////////////////////////////////////////////////////// 
.................... ////        (C) Copyright 1996,2010 Custom Computer Services           //// 
.................... //// This source code may only be used by licensed users of the CCS C  //// 
.................... //// compiler.  This source code may only be distributed to other      //// 
.................... //// licensed users of the CCS C compiler.  No other use, reproduction //// 
.................... //// or distribution is permitted without written permission.          //// 
.................... //// Derivative programs created using this software in object code    //// 
.................... //// form are not restricted in any way.                               //// 
.................... /////////////////////////////////////////////////////////////////////////// 
....................  
.................... #ifndef __LCD_C__ 
.................... #define __LCD_C__ 
....................  
.................... // define the pinout. 
.................... // only required if port access is being used. 
.................... typedef struct   
.................... {                            // This structure is overlayed 
....................    int1 enable;           // on to an I/O port to gain 
....................    int1 rs;               // access to the LCD pins. 
....................    int1 rw;               // The bits are allocated from 
....................    int1 unused;           // low order up.  ENABLE will 
....................    unsigned int     data : 4;         // be LSB pin of that port. 
....................   #if defined(__PCD__)       // The port used will be LCD_DATA_PORT. 
....................    unsigned int    reserved: 8; 
....................   #endif 
.................... } LCD_PIN_MAP; 
....................  
.................... // this is to improve compatability with previous LCD drivers that accepted 
.................... // a define labeled 'use_portb_lcd' that configured the LCD onto port B. 
.................... #if ((defined(use_portb_lcd)) && (use_portb_lcd==TRUE)) 
....................  #define LCD_DATA_PORT getenv("SFR:PORTB") 
.................... #endif 
....................  
.................... #if defined(__PCB__) 
....................    // these definitions only need to be modified for baseline PICs. 
....................    // all other PICs use LCD_PIN_MAP or individual LCD_xxx pin definitions. 
.................... /*                                    EN, RS,   RW,   UNUSED,  DATA  */ 
....................  const LCD_PIN_MAP LCD_OUTPUT_MAP =  {0,  0,    0,    0,       0}; 
....................  const LCD_PIN_MAP LCD_INPUT_MAP =   {0,  0,    0,    0,       0xF}; 
.................... #endif 
....................  
.................... ////////////////////// END CONFIGURATION /////////////////////////////////// 
....................  
.................... #ifndef LCD_ENABLE_PIN 
....................    #define lcd_output_enable(x) lcdlat.enable=x 
....................    #define lcd_enable_tris()   lcdtris.enable=0 
.................... #else 
....................    #define lcd_output_enable(x) output_bit(LCD_ENABLE_PIN, x) 
....................    #define lcd_enable_tris()  output_drive(LCD_ENABLE_PIN) 
.................... #endif 
....................  
.................... #ifndef LCD_RS_PIN 
....................    #define lcd_output_rs(x) lcdlat.rs=x 
....................    #define lcd_rs_tris()   lcdtris.rs=0 
.................... #else 
....................    #define lcd_output_rs(x) output_bit(LCD_RS_PIN, x) 
....................    #define lcd_rs_tris()  output_drive(LCD_RS_PIN) 
.................... #endif 
....................  
.................... #ifndef LCD_RW_PIN 
....................    #define lcd_output_rw(x) lcdlat.rw=x 
....................    #define lcd_rw_tris()   lcdtris.rw=0 
.................... #else 
....................    #define lcd_output_rw(x) output_bit(LCD_RW_PIN, x) 
....................    #define lcd_rw_tris()  output_drive(LCD_RW_PIN) 
.................... #endif 
....................  
.................... // original version of this library incorrectly labeled LCD_DATA0 as LCD_DATA4, 
.................... // LCD_DATA1 as LCD_DATA5, and so on.  this block of code makes the driver 
.................... // compatible with any code written for the original library 
.................... #if (defined(LCD_DATA0) && defined(LCD_DATA1) && defined(LCD_DATA2) && defined(LCD_DATA3) && !defined(LCD_DATA4) && !defined(LCD_DATA5) && !defined(LCD_DATA6) && !defined(LCD_DATA7)) 
....................    #define  LCD_DATA4    LCD_DATA0 
....................    #define  LCD_DATA5    LCD_DATA1 
....................    #define  LCD_DATA6    LCD_DATA2 
....................    #define  LCD_DATA7    LCD_DATA3 
.................... #endif 
....................  
.................... #ifndef LCD_DATA4 
.................... #ifndef LCD_DATA_PORT 
....................    #if defined(__PCB__) 
....................       #define LCD_DATA_PORT      0x06     //portb 
....................       #define set_tris_lcd(x)   set_tris_b(x) 
....................    #else 
....................      #if defined(PIN_D0) 
....................       #define LCD_DATA_PORT      getenv("SFR:PORTD")     //portd 
....................      #else 
....................       #define LCD_DATA_PORT      getenv("SFR:PORTB")     //portb 
....................      #endif 
....................    #endif    
.................... #endif 
....................  
.................... #if defined(__PCB__) 
....................    LCD_PIN_MAP lcd, lcdlat; 
....................    #byte lcd = LCD_DATA_PORT 
....................    #byte lcdlat = LCD_DATA_PORT 
.................... #elif defined(__PCM__) 
....................    LCD_PIN_MAP lcd, lcdlat, lcdtris; 
....................    #byte lcd = LCD_DATA_PORT 
....................    #byte lcdlat = LCD_DATA_PORT 
....................    #byte lcdtris = LCD_DATA_PORT+0x80 
.................... #elif defined(__PCH__) 
....................    LCD_PIN_MAP lcd, lcdlat, lcdtris; 
....................    #byte lcd = LCD_DATA_PORT 
....................    #byte lcdlat = LCD_DATA_PORT+9 
....................    #byte lcdtris = LCD_DATA_PORT+0x12 
.................... #elif defined(__PCD__) 
....................    LCD_PIN_MAP lcd, lcdlat, lcdtris; 
....................    #word lcd = LCD_DATA_PORT 
....................    #word lcdlat = LCD_DATA_PORT+2 
....................    #word lcdtris = LCD_DATA_PORT-0x02 
.................... #endif 
.................... #endif   //LCD_DATA4 not defined 
....................  
.................... #ifndef LCD_TYPE 
....................    #define LCD_TYPE 2           // 0=5x7, 1=5x10, 2=2 lines 
.................... #endif 
....................  
.................... #ifndef LCD_LINE_TWO 
....................    #define LCD_LINE_TWO 0x40    // LCD RAM address for the second line 
.................... #endif 
....................  
.................... #ifndef LCD_LINE_LENGTH 
....................    #define LCD_LINE_LENGTH 20 
.................... #endif 
....................  
.................... unsigned int8 lcd_read_nibble(void); 
....................  
.................... unsigned int8 lcd_read_byte(void) 
.................... { 
....................    unsigned int8 low,high; 
....................  
....................  #if defined(__PCB__) 
....................    set_tris_lcd(LCD_INPUT_MAP); 
....................  #else 
....................   #if (defined(LCD_DATA4) && defined(LCD_DATA5) && defined(LCD_DATA6) && defined(LCD_DATA7)) 
....................    output_float(LCD_DATA4); 
....................    output_float(LCD_DATA5); 
....................    output_float(LCD_DATA6); 
....................    output_float(LCD_DATA7); 
....................   #else 
....................    lcdtris.data = 0xF; 
*
00A0:  MOVLW  0F
00A1:  BSF    03.5
00A2:  ANDWF  06,W
00A3:  IORLW  F0
00A4:  MOVWF  06
....................   #endif 
....................  #endif 
....................          
....................    lcd_output_rw(1); 
00A5:  BCF    03.5
00A6:  BSF    06.2
....................    delay_cycles(1); 
00A7:  NOP
....................    lcd_output_enable(1); 
00A8:  BSF    06.0
....................    delay_cycles(1); 
00A9:  NOP
....................    high = lcd_read_nibble(); 
00AA:  CALL   094
00AB:  MOVF   21,W
00AC:  MOVWF  5A
....................        
....................    lcd_output_enable(0); 
00AD:  BCF    06.0
....................    delay_cycles(1); 
00AE:  NOP
....................    lcd_output_enable(1); 
00AF:  BSF    06.0
....................    delay_us(1); 
00B0:  GOTO   0B1
00B1:  GOTO   0B2
00B2:  NOP
....................    low = lcd_read_nibble(); 
00B3:  CALL   094
00B4:  MOVF   21,W
00B5:  MOVWF  59
....................        
....................    lcd_output_enable(0); 
00B6:  BCF    06.0
....................  
....................  #if defined(__PCB__) 
....................    set_tris_lcd(LCD_OUTPUT_MAP); 
....................  #else 
....................   #if (defined(LCD_DATA4) && defined(LCD_DATA5) && defined(LCD_DATA6) && defined(LCD_DATA7)) 
....................    output_drive(LCD_DATA4); 
....................    output_drive(LCD_DATA5); 
....................    output_drive(LCD_DATA6); 
....................    output_drive(LCD_DATA7); 
....................   #else 
....................    lcdtris.data = 0x0; 
00B7:  MOVLW  0F
00B8:  BSF    03.5
00B9:  ANDWF  06,W
00BA:  MOVWF  06
....................   #endif 
....................  #endif 
....................  
....................    return( (high<<4) | low); 
00BB:  BCF    03.5
00BC:  SWAPF  5A,W
00BD:  MOVWF  20
00BE:  MOVLW  F0
00BF:  ANDWF  20,F
00C0:  MOVF   20,W
00C1:  IORWF  59,W
00C2:  MOVWF  21
.................... } 
....................  
.................... unsigned int8 lcd_read_nibble(void) 
.................... { 
....................   #if (defined(LCD_DATA4) && defined(LCD_DATA5) && defined(LCD_DATA6) && defined(LCD_DATA7)) 
....................    unsigned int8 n = 0x00; 
....................  
....................    /* Read the data port */ 
....................    n |= input(LCD_DATA4); 
....................    n |= input(LCD_DATA5) << 1; 
....................    n |= input(LCD_DATA6) << 2; 
....................    n |= input(LCD_DATA7) << 3; 
....................     
....................    return(n); 
....................   #else 
....................    return(lcd.data); 
*
0094:  MOVF   06,W
0095:  MOVWF  20
0096:  SWAPF  06,W
0097:  ANDLW  0F
0098:  MOVWF  21
....................   #endif 
0099:  RETURN
.................... } 
....................  
.................... void lcd_send_nibble(unsigned int8 n) 
.................... { 
....................   #if (defined(LCD_DATA4) && defined(LCD_DATA5) && defined(LCD_DATA6) && defined(LCD_DATA7)) 
....................    /* Write to the data port */ 
....................    output_bit(LCD_DATA4, bit_test(n, 0)); 
....................    output_bit(LCD_DATA5, bit_test(n, 1)); 
....................    output_bit(LCD_DATA6, bit_test(n, 2)); 
....................    output_bit(LCD_DATA7, bit_test(n, 3)); 
....................   #else       
....................    lcdlat.data = n; 
*
0083:  SWAPF  5A,W
0084:  ANDLW  F0
0085:  MOVWF  20
0086:  MOVLW  0F
0087:  ANDWF  06,W
0088:  IORWF  20,W
0089:  MOVWF  06
....................   #endif 
....................        
....................    delay_cycles(1); 
008A:  NOP
....................    lcd_output_enable(1); 
008B:  BSF    06.0
....................    delay_us(2); 
008C:  MOVLW  02
008D:  MOVWF  20
008E:  DECFSZ 20,F
008F:  GOTO   08E
0090:  GOTO   091
0091:  NOP
....................    lcd_output_enable(0); 
0092:  BCF    06.0
0093:  RETURN
.................... } 
....................  
.................... void lcd_send_byte(unsigned int8 address, unsigned int8 n) 
.................... { 
....................   #if defined(__PCB__) 
....................    set_tris_lcd(LCD_OUTPUT_MAP); 
....................   #else 
....................    lcd_enable_tris(); 
*
009A:  BSF    03.5
009B:  BCF    06.0
....................    lcd_rs_tris(); 
009C:  BCF    06.1
....................    lcd_rw_tris(); 
009D:  BCF    06.2
....................   #endif 
....................  
....................    lcd_output_rs(0); 
009E:  BCF    03.5
009F:  BCF    06.1
....................    while ( bit_test(lcd_read_byte(),7) ) ; 
*
00C3:  MOVF   21,W
00C4:  MOVWF  59
00C5:  BTFSC  59.7
00C6:  GOTO   0A0
....................    lcd_output_rs(address); 
00C7:  BTFSS  57.0
00C8:  BCF    06.1
00C9:  BTFSC  57.0
00CA:  BSF    06.1
....................    delay_cycles(1); 
00CB:  NOP
....................    lcd_output_rw(0); 
00CC:  BCF    06.2
....................    delay_cycles(1); 
00CD:  NOP
....................    lcd_output_enable(0); 
00CE:  BCF    06.0
....................    lcd_send_nibble(n >> 4); 
00CF:  SWAPF  58,W
00D0:  MOVWF  59
00D1:  MOVLW  0F
00D2:  ANDWF  59,F
00D3:  MOVF   59,W
00D4:  MOVWF  5A
00D5:  CALL   083
....................    lcd_send_nibble(n & 0xf); 
00D6:  MOVF   58,W
00D7:  ANDLW  0F
00D8:  MOVWF  59
00D9:  MOVWF  5A
00DA:  CALL   083
00DB:  RETURN
.................... } 
....................  
.................... #if defined(LCD_EXTENDED_NEWLINE) 
.................... unsigned int8 g_LcdX, g_LcdY; 
.................... #endif 
....................  
.................... void lcd_init(void)  
.................... { 
....................    unsigned int8 i; 
....................    unsigned int8 LCD_INIT_STRING[4] = {0x20 | (LCD_TYPE << 2), 0xc, 1, 6}; 
00DC:  MOVLW  28
00DD:  MOVWF  44
00DE:  MOVLW  0C
00DF:  MOVWF  45
00E0:  MOVLW  01
00E1:  MOVWF  46
00E2:  MOVLW  06
00E3:  MOVWF  47
....................                              // These bytes need to be sent to the LCD 
....................                              // to start it up. 
....................     
....................  
....................    lcd_output_enable(0); 
00E4:  BCF    06.0
....................    lcd_output_rs(0); 
00E5:  BCF    06.1
....................    lcd_output_rw(0); 
00E6:  BCF    06.2
....................  
....................  #if defined(__PCB__) 
....................    set_tris_lcd(LCD_OUTPUT_MAP); 
....................  #else 
....................   #if (defined(LCD_DATA4) && defined(LCD_DATA5) && defined(LCD_DATA6) && defined(LCD_DATA7)) 
....................    output_drive(LCD_DATA4); 
....................    output_drive(LCD_DATA5); 
....................    output_drive(LCD_DATA6); 
....................    output_drive(LCD_DATA7); 
....................   #else 
....................    lcdtris.data = 0x0; 
00E7:  MOVLW  0F
00E8:  BSF    03.5
00E9:  ANDWF  06,W
00EA:  MOVWF  06
....................   #endif 
....................    lcd_enable_tris(); 
00EB:  BCF    06.0
....................    lcd_rs_tris(); 
00EC:  BCF    06.1
....................    lcd_rw_tris(); 
00ED:  BCF    06.2
....................  #endif 
....................      
....................    delay_ms(15); 
00EE:  MOVLW  0F
00EF:  BCF    03.5
00F0:  MOVWF  53
00F1:  CALL   070
....................    for(i=1;i<=3;++i) 
00F2:  MOVLW  01
00F3:  MOVWF  43
00F4:  MOVF   43,W
00F5:  SUBLW  03
00F6:  BTFSS  03.0
00F7:  GOTO   100
....................    { 
....................        lcd_send_nibble(3); 
00F8:  MOVLW  03
00F9:  MOVWF  5A
00FA:  CALL   083
....................        delay_ms(5); 
00FB:  MOVLW  05
00FC:  MOVWF  53
00FD:  CALL   070
00FE:  INCF   43,F
00FF:  GOTO   0F4
....................    } 
....................     
....................    lcd_send_nibble(2); 
0100:  MOVLW  02
0101:  MOVWF  5A
0102:  CALL   083
....................    delay_ms(5); 
0103:  MOVLW  05
0104:  MOVWF  53
0105:  CALL   070
....................    for(i=0;i<=3;++i) 
0106:  CLRF   43
0107:  MOVF   43,W
0108:  SUBLW  03
0109:  BTFSS  03.0
010A:  GOTO   116
....................       lcd_send_byte(0,LCD_INIT_STRING[i]); 
010B:  MOVLW  44
010C:  ADDWF  43,W
010D:  MOVWF  04
010E:  MOVF   00,W
010F:  MOVWF  48
0110:  CLRF   57
0111:  MOVF   48,W
0112:  MOVWF  58
0113:  CALL   09A
....................  
....................   #if defined(LCD_EXTENDED_NEWLINE) 
0114:  INCF   43,F
0115:  GOTO   107
0116:  BSF    0A.3
0117:  GOTO   14F (RETURN)
....................    g_LcdX = 0; 
....................    g_LcdY = 0; 
....................   #endif 
.................... } 
....................  
.................... void lcd_gotoxy(unsigned int8 x, unsigned int8 y) 
.................... { 
....................    unsigned int8 address; 
....................     
....................    if(y!=1) 
*
011A:  DECFSZ 54,W
011B:  GOTO   11D
011C:  GOTO   120
....................       address=LCD_LINE_TWO; 
011D:  MOVLW  40
011E:  MOVWF  55
011F:  GOTO   121
....................    else 
....................       address=0; 
0120:  CLRF   55
....................       
....................    address+=x-1; 
0121:  MOVLW  01
0122:  SUBWF  53,W
0123:  ADDWF  55,F
....................    lcd_send_byte(0,0x80|address); 
0124:  MOVF   55,W
0125:  IORLW  80
0126:  MOVWF  56
0127:  CLRF   57
0128:  MOVF   56,W
0129:  MOVWF  58
012A:  CALL   09A
....................  
....................   #if defined(LCD_EXTENDED_NEWLINE) 
012B:  RETURN
....................    g_LcdX = x - 1; 
....................    g_LcdY = y - 1; 
....................   #endif 
.................... } 
....................  
.................... void lcd_putc(char c) 
.................... { 
....................    switch (c) 
012C:  MOVF   52,W
012D:  XORLW  07
012E:  BTFSC  03.2
012F:  GOTO   13A
0130:  XORLW  0B
0131:  BTFSC  03.2
0132:  GOTO   13F
0133:  XORLW  06
0134:  BTFSC  03.2
0135:  GOTO   147
0136:  XORLW  02
0137:  BTFSC  03.2
0138:  GOTO   14D
0139:  GOTO   152
....................    { 
....................       case '\a'   :  lcd_gotoxy(1,1);     break; 
013A:  MOVLW  01
013B:  MOVWF  53
013C:  MOVWF  54
013D:  CALL   11A
013E:  GOTO   157
....................  
....................       case '\f'   :  lcd_send_byte(0,1); 
013F:  CLRF   57
0140:  MOVLW  01
0141:  MOVWF  58
0142:  CALL   09A
....................                      delay_ms(2); 
0143:  MOVLW  02
0144:  MOVWF  53
0145:  CALL   070
....................                     #if defined(LCD_EXTENDED_NEWLINE) 
....................                      g_LcdX = 0; 
....................                      g_LcdY = 0; 
....................                     #endif 
....................                      break; 
0146:  GOTO   157
....................  
....................      #if defined(LCD_EXTENDED_NEWLINE) 
....................       case '\r'   :  lcd_gotoxy(1, g_LcdY+1);   break; 
....................       case '\n'   : 
....................          while (g_LcdX++ < LCD_LINE_LENGTH) 
....................          { 
....................             lcd_send_byte(1, ' '); 
....................          } 
....................          lcd_gotoxy(1, g_LcdY+2); 
....................          break; 
....................      #else 
....................       case '\n'   : lcd_gotoxy(1,2);        break; 
0147:  MOVLW  01
0148:  MOVWF  53
0149:  MOVLW  02
014A:  MOVWF  54
014B:  CALL   11A
014C:  GOTO   157
....................      #endif 
....................       
....................       case '\b'   : lcd_send_byte(0,0x10);  break; 
014D:  CLRF   57
014E:  MOVLW  10
014F:  MOVWF  58
0150:  CALL   09A
0151:  GOTO   157
....................       
....................      #if defined(LCD_EXTENDED_NEWLINE) 
....................       default     :  
....................          if (g_LcdX < LCD_LINE_LENGTH) 
....................          { 
....................             lcd_send_byte(1, c); 
....................             g_LcdX++; 
....................          } 
....................          break; 
....................      #else 
....................       default     : lcd_send_byte(1,c);     break; 
0152:  MOVLW  01
0153:  MOVWF  57
0154:  MOVF   52,W
0155:  MOVWF  58
0156:  CALL   09A
....................      #endif 
....................    } 
0157:  RETURN
.................... } 
....................   
.................... char lcd_getc(unsigned int8 x, unsigned int8 y) 
.................... { 
....................    char value; 
....................  
....................    lcd_gotoxy(x,y); 
....................    while ( bit_test(lcd_read_byte(),7) ); // wait until busy flag is low 
....................    lcd_output_rs(1); 
....................    value = lcd_read_byte(); 
....................    lcd_output_rs(0); 
....................     
....................    return(value); 
.................... } 
....................  
.................... // write a custom character to the ram 
.................... // which is 0-7 and specifies which character array we are modifying. 
.................... // ptr points to an array of 8 bytes, where each byte is the next row of 
.................... //    pixels.  only bits 0-4 are used.  the last row is the cursor row, and 
.................... //    usually you will want to leave this byte 0x00. 
.................... void lcd_set_cgram_char(unsigned int8 which, unsigned int8 *ptr) 
.................... { 
....................    unsigned int i; 
....................  
....................    which <<= 3; 
....................    which &= 0x38; 
....................  
....................    lcd_send_byte(0, 0x40 | which);  //set cgram address 
....................  
....................    for(i=0; i<8; i++) 
....................    { 
....................       lcd_send_byte(1, *ptr++); 
....................    } 
....................    
....................    #if defined(LCD_EXTENDED_NEWLINE) 
....................     lcd_gotoxy(g_LcdX+1, g_LcdY+1);  //set ddram address 
....................    #endif 
.................... } 
....................  
.................... void lcd_cursor_on(int1 on) 
.................... { 
....................    if (on) 
....................    { 
....................       lcd_send_byte(0,0x0F);           //turn LCD cursor ON 
....................    } 
....................    else 
....................    { 
....................       lcd_send_byte(0,0x0C);           //turn LCD cursor OFF 
....................    } 
.................... } 
....................  
.................... #endif 
....................  
.................... #include <kbd.c>	 
.................... /////////////////////////////////////////////////////////////////////////// 
.................... ////                             KBD.C                                 //// 
.................... ////                  Generic keypad scan driver                       //// 
.................... ////                                                                   //// 
.................... ////  kbd_init()   Must be called before any other function.           //// 
.................... ////                                                                   //// 
.................... ////  c = kbd_getc(c)  Will return a key value if pressed or /0 if not //// 
.................... ////                   This function should be called frequently so as //// 
.................... ////                   not to miss a key press.                        //// 
.................... ////                                                                   //// 
.................... /////////////////////////////////////////////////////////////////////////// 
.................... ////        (C) Copyright 1996,2003 Custom Computer Services           //// 
.................... //// This source code may only be used by licensed users of the CCS C  //// 
.................... //// compiler.  This source code may only be distributed to other      //// 
.................... //// licensed users of the CCS C compiler.  No other use, reproduction //// 
.................... //// or distribution is permitted without written permission.          //// 
.................... //// Derivative programs created using this software in object code    //// 
.................... //// form are not restricted in any way.                               //// 
.................... /////////////////////////////////////////////////////////////////////////// 
....................  
.................... ////////////////// The following defines the keypad layout on port D 
....................  
.................... // Un-comment the following define to use port B 
.................... // #define use_portb_kbd TRUE 
....................  
.................... // Make sure the port used has pull-up resistors (or the LCD) on 
.................... // the column pins 
....................  
.................... #if defined use_portb_kbd 
....................    #byte kbd = getenv("SFR:PORTB") 
.................... #else 
....................    #byte kbd = getenv("SFR:PORTD") 
.................... #endif 
....................  
.................... #if defined use_portb_kbd 
....................    #define set_tris_kbd(x) set_tris_b(x) 
.................... #else 
....................    #define set_tris_kbd(x) set_tris_d(x) 
.................... #endif 
....................  
.................... //Keypad connection:   (for example column 0 is B2) 
.................... //                Bx: 
....................  
.................... #ifdef blue_keypad  ///////////////////////////////////// For the blue keypad 
.................... #define COL0 (1 << 2) 
.................... #define COL1 (1 << 3) 
.................... #define COL2 (1 << 6) 
....................  
.................... #define ROW0 (1 << 4) 
.................... #define ROW1 (1 << 7) 
.................... #define ROW2 (1 << 1) 
.................... #define ROW3 (1 << 5) 
....................  
.................... #else ////////////////////////////////////////////////// For the black keypad 
.................... #define COL0 (1 << 5) 
.................... #define COL1 (1 << 6) 
.................... #define COL2 (1 << 7) 
....................  
.................... #define ROW0 (1 << 1) 
.................... #define ROW1 (1 << 2) 
.................... #define ROW2 (1 << 3) 
.................... #define ROW3 (1 << 4) 
....................  
.................... #endif 
....................  
.................... #define ALL_ROWS (ROW0|ROW1|ROW2|ROW3) 
.................... #define ALL_PINS (ALL_ROWS|COL0|COL1|COL2) 
....................  
.................... // Keypad layout: 
.................... char const KEYS[4][3] = {{'1','2','3'}, 
....................                          {'4','5','6'}, 
....................                          {'7','8','9'}, 
....................                          {'*','0','#'}}; 
....................  
.................... #define KBD_DEBOUNCE_FACTOR 33    // Set this number to apx n/333 where 
....................                                   // n is the number of times you expect 
....................                                   // to call kbd_getc each second 
....................  
....................  
.................... void kbd_init() { 
*
0118:  BSF    0A.3
0119:  GOTO   152 (RETURN)
.................... } 
....................  
.................... char kbd_getc( ) { 
....................    static BYTE kbd_call_count; 
*
0948:  BCF    03.5
0949:  CLRF   24
....................    static int1 kbd_down; 
094A:  BCF    25.0
....................    static char last_key; 
094B:  CLRF   26
....................    static BYTE col; 
094C:  CLRF   27
....................  
....................    BYTE kchar; 
....................    BYTE row; 
....................  
....................    kchar='\0'; 
*
01D3:  CLRF   51
....................    if(++kbd_call_count>KBD_DEBOUNCE_FACTOR) { 
01D4:  INCF   24,F
01D5:  MOVF   24,W
01D6:  SUBLW  21
01D7:  BTFSC  03.0
01D8:  GOTO   231
....................        switch (col) { 
01D9:  MOVF   27,W
01DA:  BTFSC  03.2
01DB:  GOTO   1E3
01DC:  XORLW  01
01DD:  BTFSC  03.2
01DE:  GOTO   1E9
01DF:  XORLW  03
01E0:  BTFSC  03.2
01E1:  GOTO   1EF
01E2:  GOTO   1F4
....................          case 0   : set_tris_kbd(ALL_PINS&~COL0); 
01E3:  MOVLW  DE
01E4:  BSF    03.5
01E5:  MOVWF  06
....................                     kbd=~COL0&ALL_PINS; 
01E6:  BCF    03.5
01E7:  MOVWF  06
....................                     break; 
01E8:  GOTO   1F4
....................          case 1   : set_tris_kbd(ALL_PINS&~COL1); 
01E9:  MOVLW  BE
01EA:  BSF    03.5
01EB:  MOVWF  06
....................                     kbd=~COL1&ALL_PINS; 
01EC:  BCF    03.5
01ED:  MOVWF  06
....................                     break; 
01EE:  GOTO   1F4
....................          case 2   : set_tris_kbd(ALL_PINS&~COL2); 
01EF:  MOVLW  7E
01F0:  BSF    03.5
01F1:  MOVWF  06
....................                     kbd=~COL2&ALL_PINS; 
01F2:  BCF    03.5
01F3:  MOVWF  06
....................                     break; 
....................        } 
....................  
....................        if(kbd_down) { 
01F4:  BTFSS  25.0
01F5:  GOTO   200
....................          if((kbd & (ALL_ROWS))==(ALL_ROWS)) { 
01F6:  MOVF   06,W
01F7:  ANDLW  1E
01F8:  SUBLW  1E
01F9:  BTFSS  03.2
01FA:  GOTO   1FF
....................            kbd_down=FALSE; 
01FB:  BCF    25.0
....................            kchar=last_key; 
01FC:  MOVF   26,W
01FD:  MOVWF  51
....................            last_key='\0'; 
01FE:  CLRF   26
....................          } 
....................        } else { 
01FF:  GOTO   230
....................           if((kbd & (ALL_ROWS))!=(ALL_ROWS)) { 
0200:  MOVF   06,W
0201:  ANDLW  1E
0202:  SUBLW  1E
0203:  BTFSC  03.2
0204:  GOTO   22B
....................              if((kbd & ROW0)==0) 
0205:  MOVF   06,W
0206:  ANDLW  02
0207:  BTFSS  03.2
0208:  GOTO   20B
....................                row=0; 
0209:  CLRF   52
020A:  GOTO   21F
....................              else if((kbd & ROW1)==0) 
020B:  MOVF   06,W
020C:  ANDLW  04
020D:  BTFSS  03.2
020E:  GOTO   212
....................                row=1; 
020F:  MOVLW  01
0210:  MOVWF  52
0211:  GOTO   21F
....................              else if((kbd & ROW2)==0) 
0212:  MOVF   06,W
0213:  ANDLW  08
0214:  BTFSS  03.2
0215:  GOTO   219
....................                row=2; 
0216:  MOVLW  02
0217:  MOVWF  52
0218:  GOTO   21F
....................              else if((kbd & ROW3)==0) 
0219:  MOVF   06,W
021A:  ANDLW  10
021B:  BTFSS  03.2
021C:  GOTO   21F
....................                row=3; 
021D:  MOVLW  03
021E:  MOVWF  52
....................              last_key =KEYS[row][col]; 
021F:  MOVF   52,W
0220:  MOVWF  53
0221:  MOVLW  03
0222:  MOVWF  54
0223:  CALL   1AE
0224:  MOVF   27,W
0225:  ADDWF  21,W
0226:  CALL   004
0227:  MOVWF  21
0228:  MOVWF  26
....................              kbd_down = TRUE; 
0229:  BSF    25.0
....................           } else { 
022A:  GOTO   230
....................              ++col; 
022B:  INCF   27,F
....................              if(col==3) 
022C:  MOVF   27,W
022D:  SUBLW  03
022E:  BTFSC  03.2
....................                col=0; 
022F:  CLRF   27
....................           } 
....................        } 
....................       kbd_call_count=0; 
0230:  CLRF   24
....................    } 
....................   set_tris_kbd(ALL_PINS); 
0231:  MOVLW  FE
0232:  BSF    03.5
0233:  MOVWF  06
....................   return(kchar); 
0234:  BCF    03.5
0235:  MOVF   51,W
0236:  MOVWF  21
0237:  RETURN
.................... } 
....................  
....................  
.................... #define dht22 PIN_A2 
.................... #bit dht_io = 0x85.2 
....................  
.................... byte dht22_dat[5]; 
.................... short signo; 
.................... float dhthum, dthtemp; 
.................... int GlobalErr1, GlobalErr2, GlobalErr3; 
....................  
.................... signed int16 Tmin, Tmax; 
.................... signed int16 Hmin, Hmax; 
.................... char k; 
.................... int flag_init; 
....................  
.................... // ================== DHT22 =================== 
.................... byte leer_datos_dht() { 
*
059C:  CLRF   54
....................    byte i, result=0; 
....................    for (i=0;i<8;i++) { 
059D:  CLRF   53
059E:  MOVF   53,W
059F:  SUBLW  07
05A0:  BTFSS  03.0
05A1:  GOTO   5C6
....................       while(input(dht22)==0); 
05A2:  BSF    03.5
05A3:  BSF    05.2
05A4:  BCF    03.5
05A5:  BTFSS  05.2
05A6:  GOTO   5A2
....................       delay_us(30); 
05A7:  MOVLW  31
05A8:  MOVWF  20
05A9:  DECFSZ 20,F
05AA:  GOTO   5A9
05AB:  GOTO   5AC
....................       if(input(dht22)==1) result |= (1<<(7-i)); 
05AC:  BSF    03.5
05AD:  BSF    05.2
05AE:  BCF    03.5
05AF:  BTFSS  05.2
05B0:  GOTO   5BF
05B1:  MOVF   53,W
05B2:  SUBLW  07
05B3:  MOVWF  21
05B4:  MOVLW  01
05B5:  MOVWF  20
05B6:  MOVF   21,F
05B7:  BTFSC  03.2
05B8:  GOTO   5BD
05B9:  BCF    03.0
05BA:  RLF    20,F
05BB:  DECFSZ 21,F
05BC:  GOTO   5B9
05BD:  MOVF   20,W
05BE:  IORWF  54,F
....................       while(input(dht22)==1); 
05BF:  BSF    03.5
05C0:  BSF    05.2
05C1:  BCF    03.5
05C2:  BTFSC  05.2
05C3:  GOTO   5BF
05C4:  INCF   53,F
05C5:  GOTO   59E
....................    } 
....................    return result; 
05C6:  MOVF   54,W
05C7:  MOVWF  21
.................... } 
....................  
.................... void leer_dht22(void) { 
....................    byte i, dht22_in, dht22_checksum; 
....................    int16 temperatura, humedad; 
....................    float temp1, hum; 
....................  
....................    dht_io=0; output_high(dht22); delay_us(20); 
*
054C:  BSF    03.5
054D:  BCF    05.2
054E:  BCF    05.2
054F:  BCF    03.5
0550:  BSF    05.2
0551:  MOVLW  20
0552:  MOVWF  20
0553:  DECFSZ 20,F
0554:  GOTO   553
0555:  GOTO   556
0556:  NOP
....................    output_low(dht22); delay_ms(18); 
0557:  BSF    03.5
0558:  BCF    05.2
0559:  BCF    03.5
055A:  BCF    05.2
055B:  MOVLW  12
055C:  MOVWF  53
055D:  CALL   070
....................    output_high(dht22); delay_us(40); 
055E:  BSF    03.5
055F:  BCF    05.2
0560:  BCF    03.5
0561:  BSF    05.2
0562:  MOVLW  42
0563:  MOVWF  20
0564:  DECFSZ 20,F
0565:  GOTO   564
0566:  NOP
....................    dht_io=1; delay_us(40); 
0567:  BSF    03.5
0568:  BSF    05.2
0569:  MOVLW  42
056A:  BCF    03.5
056B:  MOVWF  20
056C:  DECFSZ 20,F
056D:  GOTO   56C
056E:  NOP
....................    dht22_in=input(dht22); 
056F:  BSF    03.5
0570:  BSF    05.2
0571:  BCF    03.5
0572:  CLRF   44
0573:  BTFSC  05.2
0574:  INCF   44,F
....................  
....................    if(dht22_in){ GlobalErr1=1; return; } 
0575:  MOVF   44,F
0576:  BTFSC  03.2
0577:  GOTO   57B
0578:  MOVLW  01
0579:  MOVWF  35
057A:  GOTO   63B
....................    GlobalErr1=0; delay_us(60); 
057B:  CLRF   35
057C:  MOVLW  63
057D:  MOVWF  20
057E:  DECFSZ 20,F
057F:  GOTO   57E
0580:  GOTO   581
....................    dht22_in=input(dht22); 
0581:  BSF    03.5
0582:  BSF    05.2
0583:  BCF    03.5
0584:  CLRF   44
0585:  BTFSC  05.2
0586:  INCF   44,F
....................    if(!dht22_in){ GlobalErr2=1; return; } 
0587:  MOVF   44,F
0588:  BTFSS  03.2
0589:  GOTO   58D
058A:  MOVLW  01
058B:  MOVWF  36
058C:  GOTO   63B
....................    GlobalErr2=0; delay_us(80); 
058D:  CLRF   36
058E:  MOVLW  84
058F:  MOVWF  20
0590:  DECFSZ 20,F
0591:  GOTO   590
0592:  GOTO   593
0593:  NOP
....................  
....................    for(i=0;i<5;i++){ dht22_dat[i]=leer_datos_dht(); } 
0594:  CLRF   43
0595:  MOVF   43,W
0596:  SUBLW  04
0597:  BTFSS  03.0
0598:  GOTO   5CE
0599:  MOVLW  28
059A:  ADDWF  43,W
059B:  MOVWF  52
*
05C8:  MOVF   52,W
05C9:  MOVWF  04
05CA:  MOVF   21,W
05CB:  MOVWF  00
05CC:  INCF   43,F
05CD:  GOTO   595
....................    dht_io=0; delay_us(10); output_high(dht22); 
05CE:  BSF    03.5
05CF:  BCF    05.2
05D0:  MOVLW  10
05D1:  BCF    03.5
05D2:  MOVWF  20
05D3:  DECFSZ 20,F
05D4:  GOTO   5D3
05D5:  NOP
05D6:  BSF    03.5
05D7:  BCF    05.2
05D8:  BCF    03.5
05D9:  BSF    05.2
....................  
....................    dht22_checksum=dht22_dat[0]+dht22_dat[1]+dht22_dat[2]+dht22_dat[3]; 
05DA:  MOVF   29,W
05DB:  ADDWF  28,W
05DC:  ADDWF  2A,W
05DD:  ADDWF  2B,W
05DE:  MOVWF  45
....................    if(dht22_dat[4]!=dht22_checksum){ GlobalErr3=1; return; } 
05DF:  MOVF   45,W
05E0:  SUBWF  2C,W
05E1:  BTFSC  03.2
05E2:  GOTO   5E6
05E3:  MOVLW  01
05E4:  MOVWF  37
05E5:  GOTO   63B
....................    GlobalErr3=0; 
05E6:  CLRF   37
....................  
....................    humedad=make16(dht22_dat[0],dht22_dat[1]); 
05E7:  MOVF   28,W
05E8:  MOVWF  49
05E9:  MOVF   29,W
05EA:  MOVWF  48
....................    temperatura=make16(dht22_dat[2],dht22_dat[3]); 
05EB:  MOVF   2A,W
05EC:  MOVWF  47
05ED:  MOVF   2B,W
05EE:  MOVWF  46
....................    if(bit_test(temperatura,15)){ signo=1; bit_clear(temperatura,15); } 
05EF:  BTFSS  47.7
05F0:  GOTO   5F3
05F1:  BSF    25.1
05F2:  BCF    47.7
....................  
....................    hum=humedad; temp1=temperatura; 
05F3:  MOVF   49,W
05F4:  MOVWF  53
05F5:  MOVF   48,W
05F6:  MOVWF  52
05F7:  CALL   465
05F8:  MOVF   23,W
05F9:  MOVWF  51
05FA:  MOVF   22,W
05FB:  MOVWF  50
05FC:  MOVF   21,W
05FD:  MOVWF  4F
05FE:  MOVF   20,W
05FF:  MOVWF  4E
0600:  MOVF   47,W
0601:  MOVWF  53
0602:  MOVF   46,W
0603:  MOVWF  52
0604:  CALL   465
0605:  MOVF   23,W
0606:  MOVWF  4D
0607:  MOVF   22,W
0608:  MOVWF  4C
0609:  MOVF   21,W
060A:  MOVWF  4B
060B:  MOVF   20,W
060C:  MOVWF  4A
....................    dhthum=hum/10; dthtemp=temp1/10; 
060D:  MOVF   51,W
060E:  MOVWF  55
060F:  MOVF   50,W
0610:  MOVWF  54
0611:  MOVF   4F,W
0612:  MOVWF  53
0613:  MOVF   4E,W
0614:  MOVWF  52
0615:  CLRF   59
0616:  CLRF   58
0617:  MOVLW  20
0618:  MOVWF  57
0619:  MOVLW  82
061A:  MOVWF  56
061B:  CALL   482
061C:  MOVF   23,W
061D:  MOVWF  30
061E:  MOVF   22,W
061F:  MOVWF  2F
0620:  MOVF   21,W
0621:  MOVWF  2E
0622:  MOVF   20,W
0623:  MOVWF  2D
0624:  MOVF   4D,W
0625:  MOVWF  55
0626:  MOVF   4C,W
0627:  MOVWF  54
0628:  MOVF   4B,W
0629:  MOVWF  53
062A:  MOVF   4A,W
062B:  MOVWF  52
062C:  CLRF   59
062D:  CLRF   58
062E:  MOVLW  20
062F:  MOVWF  57
0630:  MOVLW  82
0631:  MOVWF  56
0632:  CALL   482
0633:  MOVF   23,W
0634:  MOVWF  34
0635:  MOVF   22,W
0636:  MOVWF  33
0637:  MOVF   21,W
0638:  MOVWF  32
0639:  MOVF   20,W
063A:  MOVWF  31
063B:  RETURN
.................... } 
....................  
.................... // ================== TECLADO ESTABLE =================== 
.................... char get_tecla_segura(){ 
....................    char t1,t2; 
....................    do { 
....................       t1 = kbd_getc(); 
*
0238:  CALL   1D3
0239:  MOVF   21,W
023A:  MOVWF  4F
....................    } while(t1==0);          // esperar a que presionen algo 
023B:  MOVF   4F,F
023C:  BTFSC  03.2
023D:  GOTO   238
....................  
....................    delay_ms(20);            // debounce 
023E:  MOVLW  14
023F:  MOVWF  53
0240:  CALL   070
....................    t2 = kbd_getc(); 
0241:  CALL   1D3
0242:  MOVF   21,W
0243:  MOVWF  50
....................    if(t1 != t2) return 0;   // ruido, descartar 
0244:  MOVF   50,W
0245:  SUBWF  4F,W
0246:  BTFSC  03.2
0247:  GOTO   24B
0248:  MOVLW  00
0249:  MOVWF  21
024A:  GOTO   251
....................  
....................    // esperar a que suelten 
....................    while(kbd_getc()!=0); 
024B:  CALL   1D3
024C:  MOVF   21,F
024D:  BTFSS  03.2
024E:  GOTO   24B
....................  
....................    return t1; 
024F:  MOVF   4F,W
0250:  MOVWF  21
0251:  RETURN
.................... } 
....................  
.................... // ================== CONFIGURACIÓN =================== 
.................... signed int16 leer_valor3d(int maxval, int tipo){ 
0252:  CLRF   4B
0253:  CLRF   4A
0254:  CLRF   4C
0255:  CLRF   4D
0256:  CLRF   4E
....................    signed int16 val=0; 
....................    int d1=0,d2=0,d3=0; 
....................  
....................    lcd_putc("\fIngrese\n"); 
0257:  MOVLW  14
0258:  BSF    03.6
0259:  MOVWF  0D
025A:  MOVLW  00
025B:  MOVWF  0F
025C:  BCF    03.6
025D:  CALL   158
....................    if(tipo==0) lcd_putc("Temp.Min:"); 
025E:  MOVF   49,F
025F:  BTFSS  03.2
0260:  GOTO   268
0261:  MOVLW  19
0262:  BSF    03.6
0263:  MOVWF  0D
0264:  MOVLW  00
0265:  MOVWF  0F
0266:  BCF    03.6
0267:  CALL   158
....................    if(tipo==1) lcd_putc("Temp.Max:"); 
0268:  DECFSZ 49,W
0269:  GOTO   271
026A:  MOVLW  1E
026B:  BSF    03.6
026C:  MOVWF  0D
026D:  MOVLW  00
026E:  MOVWF  0F
026F:  BCF    03.6
0270:  CALL   158
....................    if(tipo==2) lcd_putc("Hum.Min: "); 
0271:  MOVF   49,W
0272:  SUBLW  02
0273:  BTFSS  03.2
0274:  GOTO   27C
0275:  MOVLW  23
0276:  BSF    03.6
0277:  MOVWF  0D
0278:  MOVLW  00
0279:  MOVWF  0F
027A:  BCF    03.6
027B:  CALL   158
....................    if(tipo==3) lcd_putc("Hum.Max: "); 
027C:  MOVF   49,W
027D:  SUBLW  03
027E:  BTFSS  03.2
027F:  GOTO   287
0280:  MOVLW  28
0281:  BSF    03.6
0282:  MOVWF  0D
0283:  MOVLW  00
0284:  MOVWF  0F
0285:  BCF    03.6
0286:  CALL   158
....................  
....................    // ---- centenas ---- 
....................    do{ k = get_tecla_segura(); }while(k<'0' || k>'9');   
0287:  CALL   238
0288:  MOVF   21,W
0289:  MOVWF  40
028A:  MOVF   40,W
028B:  SUBLW  2F
028C:  BTFSC  03.0
028D:  GOTO   287
028E:  MOVF   40,W
028F:  SUBLW  39
0290:  BTFSS  03.0
0291:  GOTO   287
....................    d1 = k - '0'; 
0292:  MOVLW  30
0293:  SUBWF  40,W
0294:  MOVWF  4C
....................    if(d1 > (maxval/100)){ 
0295:  MOVF   48,W
0296:  MOVWF  4F
0297:  MOVLW  64
0298:  MOVWF  50
*
02AD:  MOVF   21,W
02AE:  SUBWF  4C,W
02AF:  BTFSC  03.2
02B0:  GOTO   2C5
02B1:  BTFSS  03.0
02B2:  GOTO   2C5
....................       lcd_putc("\fFuera de rango"); 
02B3:  MOVLW  2D
02B4:  BSF    03.6
02B5:  MOVWF  0D
02B6:  MOVLW  00
02B7:  MOVWF  0F
02B8:  BCF    03.6
02B9:  CALL   158
....................       delay_ms(1000); 
02BA:  MOVLW  04
02BB:  MOVWF  4F
02BC:  MOVLW  FA
02BD:  MOVWF  53
02BE:  CALL   070
02BF:  DECFSZ 4F,F
02C0:  GOTO   2BC
....................       return -1; 
02C1:  MOVLW  FF
02C2:  MOVWF  21
02C3:  MOVWF  22
02C4:  GOTO   35B
....................    } 
....................    lcd_gotoxy(7,2); printf(lcd_putc,"%c",k); 
02C5:  MOVLW  07
02C6:  MOVWF  53
02C7:  MOVLW  02
02C8:  MOVWF  54
02C9:  CALL   11A
02CA:  MOVF   40,W
02CB:  MOVWF  52
02CC:  CALL   12C
....................    val = d1*100; 
02CD:  MOVF   4C,W
02CE:  MOVWF  53
02CF:  MOVLW  64
02D0:  MOVWF  54
02D1:  CALL   1AE
02D2:  MOVF   21,W
02D3:  CLRF   23
02D4:  MOVWF  4A
02D5:  MOVF   23,W
02D6:  MOVWF  4B
....................  
....................    // ---- decenas ---- 
....................    do{ k = get_tecla_segura(); }while(k<'0' || k>'9'); 
02D7:  CALL   238
02D8:  MOVF   21,W
02D9:  MOVWF  40
02DA:  MOVF   40,W
02DB:  SUBLW  2F
02DC:  BTFSC  03.0
02DD:  GOTO   2D7
02DE:  MOVF   40,W
02DF:  SUBLW  39
02E0:  BTFSS  03.0
02E1:  GOTO   2D7
....................    d2 = k - '0'; 
02E2:  MOVLW  30
02E3:  SUBWF  40,W
02E4:  MOVWF  4D
....................    if(d1*100 + d2*10 > maxval){ 
02E5:  MOVF   4C,W
02E6:  MOVWF  53
02E7:  MOVLW  64
02E8:  MOVWF  54
02E9:  CALL   1AE
02EA:  MOVF   21,W
02EB:  MOVWF  4F
02EC:  MOVF   4D,W
02ED:  MOVWF  53
02EE:  MOVLW  0A
02EF:  MOVWF  54
02F0:  CALL   1AE
02F1:  MOVF   21,W
02F2:  ADDWF  4F,W
02F3:  SUBWF  48,W
02F4:  BTFSC  03.0
02F5:  GOTO   308
....................       lcd_putc("\fFuera de rango"); 
02F6:  MOVLW  35
02F7:  BSF    03.6
02F8:  MOVWF  0D
02F9:  MOVLW  00
02FA:  MOVWF  0F
02FB:  BCF    03.6
02FC:  CALL   158
....................       delay_ms(1000); 
02FD:  MOVLW  04
02FE:  MOVWF  4F
02FF:  MOVLW  FA
0300:  MOVWF  53
0301:  CALL   070
0302:  DECFSZ 4F,F
0303:  GOTO   2FF
....................       return -1; 
0304:  MOVLW  FF
0305:  MOVWF  21
0306:  MOVWF  22
0307:  GOTO   35B
....................    } 
....................    lcd_gotoxy(8,2); printf(lcd_putc,"%c",k); 
0308:  MOVLW  08
0309:  MOVWF  53
030A:  MOVLW  02
030B:  MOVWF  54
030C:  CALL   11A
030D:  MOVF   40,W
030E:  MOVWF  52
030F:  CALL   12C
....................    val += d2*10; 
0310:  MOVF   4D,W
0311:  MOVWF  53
0312:  MOVLW  0A
0313:  MOVWF  54
0314:  CALL   1AE
0315:  MOVF   21,W
0316:  ADDWF  4A,F
0317:  BTFSC  03.0
0318:  INCF   4B,F
....................  
....................    // ---- unidades ---- 
....................    do{ k = get_tecla_segura(); }while(k<'0' || k>'9'); 
0319:  CALL   238
031A:  MOVF   21,W
031B:  MOVWF  40
031C:  MOVF   40,W
031D:  SUBLW  2F
031E:  BTFSC  03.0
031F:  GOTO   319
0320:  MOVF   40,W
0321:  SUBLW  39
0322:  BTFSS  03.0
0323:  GOTO   319
....................    d3 = k - '0'; 
0324:  MOVLW  30
0325:  SUBWF  40,W
0326:  MOVWF  4E
....................    if(d1*100 + d2*10 + d3 > maxval){ 
0327:  MOVF   4C,W
0328:  MOVWF  53
0329:  MOVLW  64
032A:  MOVWF  54
032B:  CALL   1AE
032C:  MOVF   21,W
032D:  MOVWF  4F
032E:  MOVF   4D,W
032F:  MOVWF  53
0330:  MOVLW  0A
0331:  MOVWF  54
0332:  CALL   1AE
0333:  MOVF   21,W
0334:  ADDWF  4F,W
0335:  ADDWF  4E,W
0336:  SUBWF  48,W
0337:  BTFSC  03.0
0338:  GOTO   34B
....................       lcd_putc("\fFuera de rango"); 
0339:  MOVLW  3D
033A:  BSF    03.6
033B:  MOVWF  0D
033C:  MOVLW  00
033D:  MOVWF  0F
033E:  BCF    03.6
033F:  CALL   158
....................       delay_ms(1000); 
0340:  MOVLW  04
0341:  MOVWF  4F
0342:  MOVLW  FA
0343:  MOVWF  53
0344:  CALL   070
0345:  DECFSZ 4F,F
0346:  GOTO   342
....................       return -1; 
0347:  MOVLW  FF
0348:  MOVWF  21
0349:  MOVWF  22
034A:  GOTO   35B
....................    } 
....................    lcd_gotoxy(9,2); printf(lcd_putc,"%c",k); 
034B:  MOVLW  09
034C:  MOVWF  53
034D:  MOVLW  02
034E:  MOVWF  54
034F:  CALL   11A
0350:  MOVF   40,W
0351:  MOVWF  52
0352:  CALL   12C
....................    val += d3; 
0353:  MOVF   4E,W
0354:  ADDWF  4A,F
0355:  BTFSC  03.0
0356:  INCF   4B,F
....................  
....................    return val; 
0357:  MOVF   4A,W
0358:  MOVWF  21
0359:  MOVF   4B,W
035A:  MOVWF  22
035B:  RETURN
.................... } 
....................  
.................... void configurar_temp(void){ 
....................    signed int16 t1,t2; 
....................    do { 
....................       t1 = leer_valor3d(125,0); 
035C:  MOVLW  7D
035D:  MOVWF  48
035E:  CLRF   49
035F:  CALL   252
0360:  MOVF   22,W
0361:  MOVWF  45
0362:  MOVF   21,W
0363:  MOVWF  44
....................       t2 = leer_valor3d(125,1); 
0364:  MOVLW  7D
0365:  MOVWF  48
0366:  MOVLW  01
0367:  MOVWF  49
0368:  CALL   252
0369:  MOVF   22,W
036A:  MOVWF  47
036B:  MOVF   21,W
036C:  MOVWF  46
....................       if(t1<0 || t2<0 || t1>=t2){ 
036D:  BTFSC  45.7
036E:  GOTO   382
036F:  BTFSC  47.7
0370:  GOTO   382
0371:  BTFSS  47.7
0372:  GOTO   376
0373:  BTFSS  45.7
0374:  GOTO   382
0375:  GOTO   378
0376:  BTFSC  45.7
0377:  GOTO   390
0378:  MOVF   47,W
0379:  SUBWF  45,W
037A:  BTFSS  03.0
037B:  GOTO   390
037C:  BTFSS  03.2
037D:  GOTO   382
037E:  MOVF   46,W
037F:  SUBWF  44,W
0380:  BTFSS  03.0
0381:  GOTO   390
....................          lcd_putc("\fError Tmin/Tmax"); 
0382:  MOVLW  45
0383:  BSF    03.6
0384:  MOVWF  0D
0385:  MOVLW  00
0386:  MOVWF  0F
0387:  BCF    03.6
0388:  CALL   158
....................          delay_ms(1500); 
0389:  MOVLW  06
038A:  MOVWF  48
038B:  MOVLW  FA
038C:  MOVWF  53
038D:  CALL   070
038E:  DECFSZ 48,F
038F:  GOTO   38B
....................       } 
....................    } while(t1<0 || t2<0 || t1>=t2); 
0390:  BTFSC  45.7
0391:  GOTO   35C
0392:  BTFSC  47.7
0393:  GOTO   35C
0394:  BTFSS  47.7
0395:  GOTO   399
0396:  BTFSS  45.7
0397:  GOTO   35C
0398:  GOTO   39B
0399:  BTFSC  45.7
039A:  GOTO   3A5
039B:  MOVF   47,W
039C:  SUBWF  45,W
039D:  BTFSS  03.0
039E:  GOTO   3A5
039F:  BTFSS  03.2
03A0:  GOTO   35C
03A1:  MOVF   46,W
03A2:  SUBWF  44,W
03A3:  BTFSC  03.0
03A4:  GOTO   35C
....................    Tmin=t1; Tmax=t2; 
03A5:  MOVF   45,W
03A6:  MOVWF  39
03A7:  MOVF   44,W
03A8:  MOVWF  38
03A9:  MOVF   47,W
03AA:  MOVWF  3B
03AB:  MOVF   46,W
03AC:  MOVWF  3A
....................    write_eeprom(0x01,Tmin); 
03AD:  MOVF   0B,W
03AE:  MOVWF  20
03AF:  BCF    0B.7
03B0:  MOVLW  01
03B1:  BSF    03.6
03B2:  MOVWF  0D
03B3:  BCF    03.6
03B4:  MOVF   38,W
03B5:  BSF    03.6
03B6:  MOVWF  0C
03B7:  BSF    03.5
03B8:  BCF    0C.7
03B9:  BSF    0C.2
03BA:  MOVLW  55
03BB:  MOVWF  0D
03BC:  MOVLW  AA
03BD:  MOVWF  0D
03BE:  BSF    0C.1
03BF:  BTFSC  0C.1
03C0:  GOTO   3BF
03C1:  BCF    0C.2
03C2:  BCF    03.5
03C3:  BCF    03.6
03C4:  MOVF   20,W
03C5:  IORWF  0B,F
....................    write_eeprom(0x02,Tmax); 
03C6:  MOVF   0B,W
03C7:  MOVWF  20
03C8:  BCF    0B.7
03C9:  MOVLW  02
03CA:  BSF    03.6
03CB:  MOVWF  0D
03CC:  BCF    03.6
03CD:  MOVF   3A,W
03CE:  BSF    03.6
03CF:  MOVWF  0C
03D0:  BSF    03.5
03D1:  BCF    0C.7
03D2:  BSF    0C.2
03D3:  MOVLW  55
03D4:  MOVWF  0D
03D5:  MOVLW  AA
03D6:  MOVWF  0D
03D7:  BSF    0C.1
03D8:  BTFSC  0C.1
03D9:  GOTO   3D8
03DA:  BCF    0C.2
03DB:  BCF    03.5
03DC:  BCF    03.6
03DD:  MOVF   20,W
03DE:  IORWF  0B,F
03DF:  RETURN
.................... } 
....................  
.................... void configurar_hum(void){ 
....................    signed int16 h1,h2; 
....................    do { 
....................       h1 = leer_valor3d(100,2); 
03E0:  MOVLW  64
03E1:  MOVWF  48
03E2:  MOVLW  02
03E3:  MOVWF  49
03E4:  CALL   252
03E5:  MOVF   22,W
03E6:  MOVWF  45
03E7:  MOVF   21,W
03E8:  MOVWF  44
....................       h2 = leer_valor3d(100,3); 
03E9:  MOVLW  64
03EA:  MOVWF  48
03EB:  MOVLW  03
03EC:  MOVWF  49
03ED:  CALL   252
03EE:  MOVF   22,W
03EF:  MOVWF  47
03F0:  MOVF   21,W
03F1:  MOVWF  46
....................       if(h1<0 || h2<0 || h1>=h2){ 
03F2:  BTFSC  45.7
03F3:  GOTO   407
03F4:  BTFSC  47.7
03F5:  GOTO   407
03F6:  BTFSS  47.7
03F7:  GOTO   3FB
03F8:  BTFSS  45.7
03F9:  GOTO   407
03FA:  GOTO   3FD
03FB:  BTFSC  45.7
03FC:  GOTO   415
03FD:  MOVF   47,W
03FE:  SUBWF  45,W
03FF:  BTFSS  03.0
0400:  GOTO   415
0401:  BTFSS  03.2
0402:  GOTO   407
0403:  MOVF   46,W
0404:  SUBWF  44,W
0405:  BTFSS  03.0
0406:  GOTO   415
....................          lcd_putc("\fError Hmin/Hmax"); 
0407:  MOVLW  4E
0408:  BSF    03.6
0409:  MOVWF  0D
040A:  MOVLW  00
040B:  MOVWF  0F
040C:  BCF    03.6
040D:  CALL   158
....................          delay_ms(1500); 
040E:  MOVLW  06
040F:  MOVWF  48
0410:  MOVLW  FA
0411:  MOVWF  53
0412:  CALL   070
0413:  DECFSZ 48,F
0414:  GOTO   410
....................       } 
....................    } while(h1<0 || h2<0 || h1>=h2); 
0415:  BTFSC  45.7
0416:  GOTO   3E0
0417:  BTFSC  47.7
0418:  GOTO   3E0
0419:  BTFSS  47.7
041A:  GOTO   41E
041B:  BTFSS  45.7
041C:  GOTO   3E0
041D:  GOTO   420
041E:  BTFSC  45.7
041F:  GOTO   42A
0420:  MOVF   47,W
0421:  SUBWF  45,W
0422:  BTFSS  03.0
0423:  GOTO   42A
0424:  BTFSS  03.2
0425:  GOTO   3E0
0426:  MOVF   46,W
0427:  SUBWF  44,W
0428:  BTFSC  03.0
0429:  GOTO   3E0
....................    Hmin=h1; Hmax=h2; 
042A:  MOVF   45,W
042B:  MOVWF  3D
042C:  MOVF   44,W
042D:  MOVWF  3C
042E:  MOVF   47,W
042F:  MOVWF  3F
0430:  MOVF   46,W
0431:  MOVWF  3E
....................    write_eeprom(0x03,Hmin); 
0432:  MOVF   0B,W
0433:  MOVWF  20
0434:  BCF    0B.7
0435:  MOVLW  03
0436:  BSF    03.6
0437:  MOVWF  0D
0438:  BCF    03.6
0439:  MOVF   3C,W
043A:  BSF    03.6
043B:  MOVWF  0C
043C:  BSF    03.5
043D:  BCF    0C.7
043E:  BSF    0C.2
043F:  MOVLW  55
0440:  MOVWF  0D
0441:  MOVLW  AA
0442:  MOVWF  0D
0443:  BSF    0C.1
0444:  BTFSC  0C.1
0445:  GOTO   444
0446:  BCF    0C.2
0447:  BCF    03.5
0448:  BCF    03.6
0449:  MOVF   20,W
044A:  IORWF  0B,F
....................    write_eeprom(0x04,Hmax); 
044B:  MOVF   0B,W
044C:  MOVWF  20
044D:  BCF    0B.7
044E:  MOVLW  04
044F:  BSF    03.6
0450:  MOVWF  0D
0451:  BCF    03.6
0452:  MOVF   3E,W
0453:  BSF    03.6
0454:  MOVWF  0C
0455:  BSF    03.5
0456:  BCF    0C.7
0457:  BSF    0C.2
0458:  MOVLW  55
0459:  MOVWF  0D
045A:  MOVLW  AA
045B:  MOVWF  0D
045C:  BSF    0C.1
045D:  BTFSC  0C.1
045E:  GOTO   45D
045F:  BCF    0C.2
0460:  BCF    03.5
0461:  BCF    03.6
0462:  MOVF   20,W
0463:  IORWF  0B,F
0464:  RETURN
.................... } 
....................  
.................... // ================== LECTOR DE TECLADO =================== 
.................... char leer_teclado(){ 
*
07DC:  CALL   1D3
07DD:  MOVF   21,W
07DE:  MOVWF  43
....................    char tecla = kbd_getc(); 
....................    if(tecla=='#'){ configurar_temp(); return '#'; } 
07DF:  MOVF   43,W
07E0:  SUBLW  23
07E1:  BTFSS  03.2
07E2:  GOTO   7E7
07E3:  CALL   35C
07E4:  MOVLW  23
07E5:  MOVWF  21
07E6:  GOTO   7F1
....................    if(tecla=='*'){ configurar_hum(); return '*'; } 
07E7:  MOVF   43,W
07E8:  SUBLW  2A
07E9:  BTFSS  03.2
07EA:  GOTO   7EF
07EB:  CALL   3E0
07EC:  MOVLW  2A
07ED:  MOVWF  21
07EE:  GOTO   7F1
....................    return 0; 
07EF:  MOVLW  00
07F0:  MOVWF  21
07F1:  RETURN
.................... } 
....................  
.................... // ================== MAIN =================== 
.................... void main(){ 
*
0936:  MOVF   03,W
0937:  ANDLW  1F
0938:  MOVWF  03
0939:  MOVLW  81
093A:  BSF    03.5
093B:  MOVWF  19
093C:  MOVLW  A6
093D:  MOVWF  18
093E:  MOVLW  90
093F:  BCF    03.5
0940:  MOVWF  18
0941:  BSF    03.5
0942:  BSF    1F.0
0943:  BSF    1F.1
0944:  BSF    1F.2
0945:  BCF    1F.3
0946:  MOVLW  07
0947:  MOVWF  1C
....................    int i;   // declarada una vez 
....................  
....................    lcd_init(); 
*
094D:  BCF    0A.3
094E:  GOTO   0DC
094F:  BSF    0A.3
....................    kbd_init(); 
0950:  BCF    0A.3
0951:  GOTO   118
0952:  BSF    0A.3
....................    port_b_pullups(TRUE); 
0953:  BSF    03.5
0954:  BCF    01.7
....................  
....................    output_low(PIN_A0);  
0955:  BCF    05.0
0956:  BCF    03.5
0957:  BCF    05.0
....................    output_low(PIN_A1);  
0958:  BSF    03.5
0959:  BCF    05.1
095A:  BCF    03.5
095B:  BCF    05.1
....................  
....................    printf(lcd_putc,"\fDHT22 + Teclado"); 
095C:  MOVLW  57
095D:  BSF    03.6
095E:  MOVWF  0D
095F:  MOVLW  00
0960:  MOVWF  0F
0961:  BCF    0A.3
0962:  BCF    03.6
0963:  CALL   158
0964:  BSF    0A.3
....................    delay_ms(1000); 
0965:  MOVLW  04
0966:  MOVWF  43
0967:  MOVLW  FA
0968:  MOVWF  53
0969:  BCF    0A.3
096A:  CALL   070
096B:  BSF    0A.3
096C:  DECFSZ 43,F
096D:  GOTO   167
....................  
....................    // Primer inicio 
....................    flag_init=read_eeprom(0x00); 
096E:  BSF    03.6
096F:  CLRF   0D
0970:  BSF    03.5
0971:  BCF    0C.7
0972:  BSF    0C.0
0973:  BCF    03.5
0974:  MOVF   0C,W
0975:  BCF    03.6
0976:  MOVWF  41
....................    if(flag_init!=1){ 
0977:  DECFSZ 41,W
0978:  GOTO   17A
0979:  GOTO   196
....................       configurar_temp(); 
097A:  BCF    0A.3
097B:  CALL   35C
097C:  BSF    0A.3
....................       configurar_hum(); 
097D:  BCF    0A.3
097E:  CALL   3E0
097F:  BSF    0A.3
....................       write_eeprom(0x00,1); 
0980:  MOVF   0B,W
0981:  MOVWF  20
0982:  BCF    0B.7
0983:  BSF    03.6
0984:  CLRF   0D
0985:  MOVLW  01
0986:  MOVWF  0C
0987:  BSF    03.5
0988:  BCF    0C.7
0989:  BSF    0C.2
098A:  MOVLW  55
098B:  MOVWF  0D
098C:  MOVLW  AA
098D:  MOVWF  0D
098E:  BSF    0C.1
098F:  BTFSC  0C.1
0990:  GOTO   18F
0991:  BCF    0C.2
0992:  BCF    03.5
0993:  BCF    03.6
0994:  MOVF   20,W
0995:  IORWF  0B,F
....................    } 
....................  
....................    Tmin=read_eeprom(0x01); 
0996:  MOVLW  01
0997:  BSF    03.6
0998:  MOVWF  0D
0999:  BSF    03.5
099A:  BCF    0C.7
099B:  BSF    0C.0
099C:  BCF    03.5
099D:  MOVF   0C,W
099E:  BCF    03.6
099F:  CLRF   23
09A0:  MOVWF  38
09A1:  MOVF   23,W
09A2:  MOVWF  39
....................    Tmax=read_eeprom(0x02); 
09A3:  MOVLW  02
09A4:  BSF    03.6
09A5:  MOVWF  0D
09A6:  BSF    03.5
09A7:  BCF    0C.7
09A8:  BSF    0C.0
09A9:  BCF    03.5
09AA:  MOVF   0C,W
09AB:  BCF    03.6
09AC:  CLRF   23
09AD:  MOVWF  3A
09AE:  MOVF   23,W
09AF:  MOVWF  3B
....................    Hmin=read_eeprom(0x03); 
09B0:  MOVLW  03
09B1:  BSF    03.6
09B2:  MOVWF  0D
09B3:  BSF    03.5
09B4:  BCF    0C.7
09B5:  BSF    0C.0
09B6:  BCF    03.5
09B7:  MOVF   0C,W
09B8:  BCF    03.6
09B9:  CLRF   23
09BA:  MOVWF  3C
09BB:  MOVF   23,W
09BC:  MOVWF  3D
....................    Hmax=read_eeprom(0x04); 
09BD:  MOVLW  04
09BE:  BSF    03.6
09BF:  MOVWF  0D
09C0:  BSF    03.5
09C1:  BCF    0C.7
09C2:  BSF    0C.0
09C3:  BCF    03.5
09C4:  MOVF   0C,W
09C5:  BCF    03.6
09C6:  CLRF   23
09C7:  MOVWF  3E
09C8:  MOVF   23,W
09C9:  MOVWF  3F
....................  
....................    while(TRUE){ 
....................       leer_dht22(); 
09CA:  BCF    0A.3
09CB:  CALL   54C
09CC:  BSF    0A.3
....................       while(GlobalErr1|GlobalErr2|GlobalErr3) leer_dht22(); 
09CD:  MOVF   35,W
09CE:  IORWF  36,W
09CF:  IORWF  37,W
09D0:  BTFSC  03.2
09D1:  GOTO   1D6
09D2:  BCF    0A.3
09D3:  CALL   54C
09D4:  BSF    0A.3
09D5:  GOTO   1CD
....................  
....................       // Mostrar Temperatura 
....................       for(i=0;i<50;i++){ 
09D6:  CLRF   42
09D7:  MOVF   42,W
09D8:  SUBLW  31
09D9:  BTFSS  03.0
09DA:  GOTO   27E
....................          printf(lcd_putc,"\fT:%2.1fC",dthtemp); 
09DB:  MOVLW  0C
09DC:  MOVWF  52
09DD:  BCF    0A.3
09DE:  CALL   12C
09DF:  BSF    0A.3
09E0:  MOVLW  54
09E1:  MOVWF  52
09E2:  BCF    0A.3
09E3:  CALL   12C
09E4:  BSF    0A.3
09E5:  MOVLW  3A
09E6:  MOVWF  52
09E7:  BCF    0A.3
09E8:  CALL   12C
09E9:  BSF    0A.3
09EA:  MOVLW  01
09EB:  MOVWF  04
09EC:  MOVF   34,W
09ED:  MOVWF  46
09EE:  MOVF   33,W
09EF:  MOVWF  45
09F0:  MOVF   32,W
09F1:  MOVWF  44
09F2:  MOVF   31,W
09F3:  MOVWF  43
09F4:  MOVLW  01
09F5:  MOVWF  47
09F6:  BCF    0A.3
09F7:  CALL   68A
09F8:  BSF    0A.3
09F9:  MOVLW  43
09FA:  MOVWF  52
09FB:  BCF    0A.3
09FC:  CALL   12C
09FD:  BSF    0A.3
....................          lcd_gotoxy(1,2); 
09FE:  MOVLW  01
09FF:  MOVWF  53
0A00:  MOVLW  02
0A01:  MOVWF  54
0A02:  BCF    0A.3
0A03:  CALL   11A
0A04:  BSF    0A.3
....................          printf(lcd_putc,"Min:%Ld Max:%Ld",Tmin,Tmax); 
0A05:  MOVLW  60
0A06:  BSF    03.6
0A07:  MOVWF  0D
0A08:  MOVLW  00
0A09:  MOVWF  0F
0A0A:  BCF    03.0
0A0B:  MOVLW  04
0A0C:  BCF    03.6
0A0D:  MOVWF  43
0A0E:  CALL   000
0A0F:  MOVLW  10
0A10:  MOVWF  04
0A11:  MOVF   39,W
0A12:  MOVWF  44
0A13:  MOVF   38,W
0A14:  MOVWF  43
0A15:  CALL   05B
0A16:  MOVLW  63
0A17:  BSF    03.6
0A18:  MOVWF  0D
0A19:  MOVLW  00
0A1A:  MOVWF  0F
0A1B:  BSF    03.0
0A1C:  MOVLW  05
0A1D:  BCF    03.6
0A1E:  MOVWF  43
0A1F:  CALL   000
0A20:  MOVLW  10
0A21:  MOVWF  04
0A22:  MOVF   3B,W
0A23:  MOVWF  44
0A24:  MOVF   3A,W
0A25:  MOVWF  43
0A26:  CALL   05B
....................  
....................          if(dthtemp>Tmax){ output_high(PIN_A0); output_low(PIN_A1); } 
0A27:  MOVF   3B,W
0A28:  MOVWF  44
0A29:  MOVF   3A,W
0A2A:  MOVWF  43
0A2B:  CALL   0D2
0A2C:  MOVF   23,W
0A2D:  MOVWF  46
0A2E:  MOVF   22,W
0A2F:  MOVWF  45
0A30:  MOVF   21,W
0A31:  MOVWF  44
0A32:  MOVF   20,W
0A33:  MOVWF  43
0A34:  MOVF   34,W
0A35:  MOVWF  4A
0A36:  MOVF   33,W
0A37:  MOVWF  49
0A38:  MOVF   32,W
0A39:  MOVWF  48
0A3A:  MOVF   31,W
0A3B:  MOVWF  47
0A3C:  CALL   0F7
0A3D:  BTFSS  03.0
0A3E:  GOTO   248
0A3F:  BSF    03.5
0A40:  BCF    05.0
0A41:  BCF    03.5
0A42:  BSF    05.0
0A43:  BSF    03.5
0A44:  BCF    05.1
0A45:  BCF    03.5
0A46:  BCF    05.1
0A47:  GOTO   271
....................          else if(dthtemp<Tmin){ output_high(PIN_A1); output_low(PIN_A0); } 
0A48:  MOVF   39,W
0A49:  MOVWF  44
0A4A:  MOVF   38,W
0A4B:  MOVWF  43
0A4C:  CALL   0D2
0A4D:  MOVF   34,W
0A4E:  MOVWF  46
0A4F:  MOVF   33,W
0A50:  MOVWF  45
0A51:  MOVF   32,W
0A52:  MOVWF  44
0A53:  MOVF   31,W
0A54:  MOVWF  43
0A55:  MOVF   23,W
0A56:  MOVWF  4A
0A57:  MOVF   22,W
0A58:  MOVWF  49
0A59:  MOVF   21,W
0A5A:  MOVWF  48
0A5B:  MOVF   20,W
0A5C:  MOVWF  47
0A5D:  CALL   0F7
0A5E:  BTFSS  03.0
0A5F:  GOTO   269
0A60:  BSF    03.5
0A61:  BCF    05.1
0A62:  BCF    03.5
0A63:  BSF    05.1
0A64:  BSF    03.5
0A65:  BCF    05.0
0A66:  BCF    03.5
0A67:  BCF    05.0
0A68:  GOTO   271
....................          else { output_low(PIN_A0); output_low(PIN_A1); } 
0A69:  BSF    03.5
0A6A:  BCF    05.0
0A6B:  BCF    03.5
0A6C:  BCF    05.0
0A6D:  BSF    03.5
0A6E:  BCF    05.1
0A6F:  BCF    03.5
0A70:  BCF    05.1
....................  
....................          if(leer_teclado()!=0) break;  
0A71:  BCF    0A.3
0A72:  CALL   7DC
0A73:  BSF    0A.3
0A74:  MOVF   21,F
0A75:  BTFSS  03.2
0A76:  GOTO   27E
....................          delay_ms(100); 
0A77:  MOVLW  64
0A78:  MOVWF  53
0A79:  BCF    0A.3
0A7A:  CALL   070
0A7B:  BSF    0A.3
0A7C:  INCF   42,F
0A7D:  GOTO   1D7
....................       } 
....................  
....................       // Mostrar Humedad 
....................       for(i=0;i<50;i++){ 
0A7E:  CLRF   42
0A7F:  MOVF   42,W
0A80:  SUBLW  31
0A81:  BTFSS  03.0
0A82:  GOTO   326
....................          printf(lcd_putc,"\fH:%2.1f%%",dhthum); 
0A83:  MOVLW  0C
0A84:  MOVWF  52
0A85:  BCF    0A.3
0A86:  CALL   12C
0A87:  BSF    0A.3
0A88:  MOVLW  48
0A89:  MOVWF  52
0A8A:  BCF    0A.3
0A8B:  CALL   12C
0A8C:  BSF    0A.3
0A8D:  MOVLW  3A
0A8E:  MOVWF  52
0A8F:  BCF    0A.3
0A90:  CALL   12C
0A91:  BSF    0A.3
0A92:  MOVLW  01
0A93:  MOVWF  04
0A94:  MOVF   30,W
0A95:  MOVWF  46
0A96:  MOVF   2F,W
0A97:  MOVWF  45
0A98:  MOVF   2E,W
0A99:  MOVWF  44
0A9A:  MOVF   2D,W
0A9B:  MOVWF  43
0A9C:  MOVLW  01
0A9D:  MOVWF  47
0A9E:  BCF    0A.3
0A9F:  CALL   68A
0AA0:  BSF    0A.3
0AA1:  MOVLW  25
0AA2:  MOVWF  52
0AA3:  BCF    0A.3
0AA4:  CALL   12C
0AA5:  BSF    0A.3
....................          lcd_gotoxy(1,2); 
0AA6:  MOVLW  01
0AA7:  MOVWF  53
0AA8:  MOVLW  02
0AA9:  MOVWF  54
0AAA:  BCF    0A.3
0AAB:  CALL   11A
0AAC:  BSF    0A.3
....................          printf(lcd_putc,"Min:%Ld Max:%Ld",Hmin,Hmax); 
0AAD:  MOVLW  68
0AAE:  BSF    03.6
0AAF:  MOVWF  0D
0AB0:  MOVLW  00
0AB1:  MOVWF  0F
0AB2:  BCF    03.0
0AB3:  MOVLW  04
0AB4:  BCF    03.6
0AB5:  MOVWF  43
0AB6:  CALL   000
0AB7:  MOVLW  10
0AB8:  MOVWF  04
0AB9:  MOVF   3D,W
0ABA:  MOVWF  44
0ABB:  MOVF   3C,W
0ABC:  MOVWF  43
0ABD:  CALL   05B
0ABE:  MOVLW  6B
0ABF:  BSF    03.6
0AC0:  MOVWF  0D
0AC1:  MOVLW  00
0AC2:  MOVWF  0F
0AC3:  BSF    03.0
0AC4:  MOVLW  05
0AC5:  BCF    03.6
0AC6:  MOVWF  43
0AC7:  CALL   000
0AC8:  MOVLW  10
0AC9:  MOVWF  04
0ACA:  MOVF   3F,W
0ACB:  MOVWF  44
0ACC:  MOVF   3E,W
0ACD:  MOVWF  43
0ACE:  CALL   05B
....................  
....................          if(dhthum>Hmax){ output_high(PIN_A0); output_low(PIN_A1); } 
0ACF:  MOVF   3F,W
0AD0:  MOVWF  44
0AD1:  MOVF   3E,W
0AD2:  MOVWF  43
0AD3:  CALL   0D2
0AD4:  MOVF   23,W
0AD5:  MOVWF  46
0AD6:  MOVF   22,W
0AD7:  MOVWF  45
0AD8:  MOVF   21,W
0AD9:  MOVWF  44
0ADA:  MOVF   20,W
0ADB:  MOVWF  43
0ADC:  MOVF   30,W
0ADD:  MOVWF  4A
0ADE:  MOVF   2F,W
0ADF:  MOVWF  49
0AE0:  MOVF   2E,W
0AE1:  MOVWF  48
0AE2:  MOVF   2D,W
0AE3:  MOVWF  47
0AE4:  CALL   0F7
0AE5:  BTFSS  03.0
0AE6:  GOTO   2F0
0AE7:  BSF    03.5
0AE8:  BCF    05.0
0AE9:  BCF    03.5
0AEA:  BSF    05.0
0AEB:  BSF    03.5
0AEC:  BCF    05.1
0AED:  BCF    03.5
0AEE:  BCF    05.1
0AEF:  GOTO   319
....................          else if(dhthum<Hmin){ output_high(PIN_A1); output_low(PIN_A0); } 
0AF0:  MOVF   3D,W
0AF1:  MOVWF  44
0AF2:  MOVF   3C,W
0AF3:  MOVWF  43
0AF4:  CALL   0D2
0AF5:  MOVF   30,W
0AF6:  MOVWF  46
0AF7:  MOVF   2F,W
0AF8:  MOVWF  45
0AF9:  MOVF   2E,W
0AFA:  MOVWF  44
0AFB:  MOVF   2D,W
0AFC:  MOVWF  43
0AFD:  MOVF   23,W
0AFE:  MOVWF  4A
0AFF:  MOVF   22,W
0B00:  MOVWF  49
0B01:  MOVF   21,W
0B02:  MOVWF  48
0B03:  MOVF   20,W
0B04:  MOVWF  47
0B05:  CALL   0F7
0B06:  BTFSS  03.0
0B07:  GOTO   311
0B08:  BSF    03.5
0B09:  BCF    05.1
0B0A:  BCF    03.5
0B0B:  BSF    05.1
0B0C:  BSF    03.5
0B0D:  BCF    05.0
0B0E:  BCF    03.5
0B0F:  BCF    05.0
0B10:  GOTO   319
....................          else { output_low(PIN_A0); output_low(PIN_A1); } 
0B11:  BSF    03.5
0B12:  BCF    05.0
0B13:  BCF    03.5
0B14:  BCF    05.0
0B15:  BSF    03.5
0B16:  BCF    05.1
0B17:  BCF    03.5
0B18:  BCF    05.1
....................  
....................          if(leer_teclado()!=0) break; 
0B19:  BCF    0A.3
0B1A:  CALL   7DC
0B1B:  BSF    0A.3
0B1C:  MOVF   21,F
0B1D:  BTFSS  03.2
0B1E:  GOTO   326
....................          delay_ms(100); 
0B1F:  MOVLW  64
0B20:  MOVWF  53
0B21:  BCF    0A.3
0B22:  CALL   070
0B23:  BSF    0A.3
0B24:  INCF   42,F
0B25:  GOTO   27F
....................       } 
0B26:  GOTO   1CA
....................    } 
.................... } 
0B27:  SLEEP

Configuration Fuses:
   Word  1: 3F72   HS NOWDT PUT BROWNOUT NOLVP NOCPD NOWRT NODEBUG NOPROTECT
