
ROM used:   2842/4096 (69%)
            2856/4096 (70%) including unused fragments

            2.0 Average locations per line
            8.7 Average locations per statement

RAM used:   37/191 (19%) at main() level
            65/191 (34%) worst case

Stack used: 8 worst case (8 in main + 0 for interrupts)
Stack size: 8

Lines Stmts  %   Files
----- ----- ---  -----
  229   204  62  dht22 con lcd rs232 y 16f873a.c
  620     0   0  C:\Program Files (x86)\PICC\devices\16F873A.h
  456    84  26  C:\Program Files (x86)\PICC\drivers\lcd.c
  135    40  12  C:\Program Files (x86)\PICC\drivers\kbd.c
----- -----
 1440   328 Total

Page ROM  %  RAM   Vol Diff  Functions:
---- --- --- ---   --- ----  ----------
0     19   1    1             @delay_ms1
 Inline         3   596  5.9  lcd_read_byte
0      6   0    0    59  4.2  lcd_read_nibble
0     17   1    1   179  3.3  lcd_send_nibble
0     66   2    3   460  4.7  lcd_send_byte
0     60   2    6   814  7.2  lcd_init
0     18   1    4   208  6.3  lcd_gotoxy
0     44   2    1   354  4.7  lcd_putc
0     16   1    0             @const643
0      2   0    0     3  0.0  kbd_init
0    101   4    3  4544 10.1  kbd_getc
0     37   1    2             @MUL88
 Inline         3   334  6.9  leer_datos_dht
0    240   8   16  1640  7.4  leer_dht22
0     29   1    2             @ITOF
0    202   7   14             @DIVFF
0     26   1    3   231  4.9  get_tecla_segura
0    266   9    8  1898  8.9  leer_valor3d
0      5   0    0             @const698
0     86   3    4             @PSTRINGC7_630
0      5   0    0             @const700
0      5   0    0             @const701
0      5   0    0             @const702
0      5   0    0             @const703
 Inline         3             @DIV88
0      8   0    0             @const707
0      8   0    0             @const709
0      8   0    0             @const711
0    132   5    5   475  5.1  configurar_temp
0      9   0    0             @const716
0    133   5    5   475  5.1  configurar_hum
0      9   0    0             @const720
0     22   1    1   154  3.0  leer_teclado
1    498  18    2  1939  7.3  MAIN
0      9   0    0             @const727
 Inline        13             @MULFF
 Inline         5             @FTOSD
0     78   3   13             @DIV3232
0    338  12   11             @PRINTF_L32D_630FPFPF
0      8   0    0             @const740
1     91   3    5             @PSTRINGCN7_630
1    119   4    8             @PRINTF_LD_630
1     37   1    2             @SITOF
1     63   2   10             @FLT
0      8   0    0             @const751
 Inline         0             @cinit1

Program metrics:
    Functions               17
    Statements              328
    Comments                259
    Volume (V)              21828
    Difficulty (D)          92.4
    Effort to implement (E) 2017305
    Time to implement (T)   31 hours, 8 minutes
    Est Delivered Bugs (B)  5
    Cyclomatic Complexity   54
    Maintainability (MI)    73

 Segment     Used  Free
-----------  ----  ----
00000-00003     4  0  
00004-007FF  2030  14  
00800-00FFF   808  1240  



