
ROM used:   1333/8192 (16%)
            1333/8192 (16%) including unused fragments

            1.0 Average locations per line
            6.3 Average locations per statement

RAM used:   35/368 (10%) at main() level
            52/368 (14%) worst case

Stack used: 7 worst case (6 in main + 1 for interrupts)
Stack size: 8

Lines Stmts  %   Files
----- ----- ---  -----
  152    86  41  1.c
  620     0   0  C:\Program Files (x86)\PICC\devices\16F876A.h
  456    84  40  C:\Program Files (x86)\PICC\drivers\lcd.c
  135    40  19  C:\Program Files (x86)\PICC\drivers\kbd.c
----- -----
 1363   210 Total

Page ROM  %  RAM   Vol Diff  Functions:
---- --- --- ---   --- ----  ----------
0     21   2    1             @delay_ms1
 Inline         3   596  5.9  lcd_read_byte
0      6   0    0    59  4.2  lcd_read_nibble
0     12   1    1   179  3.3  lcd_send_nibble
0     64   5    3   460  4.7  lcd_send_byte
0     62   5    6   814  7.2  lcd_init
0     18   1    4   208  6.3  lcd_gotoxy
0     44   3    1   354  4.7  lcd_putc
0     16   1    0             @const640
0      3   0    0     3  0.0  kbd_init
0    101   8    3  4540 10.2  kbd_getc
0     37   3    2             @MUL88
0     14   1    0    78  1.6  TIMER1
0    269  20    2  1686  7.8  cambiar_temp
0      5   0    0             @const665
0     86   6    4             @PSTRINGC7_627
0      5   0    0             @const667
0    228  17    2   984  7.2  MAIN
0     23   2    5             @MUL1616
0     39   3    5             @DIV1616
0     13   1    0             @const683
0     87   7    5             @PSTRINGCN7_627
0     99   7    9             @PRINTF_LU_627
 Inline         0             @cinit1

Program metrics:
    Functions               12
    Statements              210
    Comments                249
    Volume (V)              14126
    Difficulty (D)          61.2
    Effort to implement (E) 864107
    Time to implement (T)   13 hours, 20 minutes
    Est Delivered Bugs (B)  3
    Cyclomatic Complexity   30
    Maintainability (MI)    122

 Segment     Used  Free
-----------  ----  ----
00000-00003     4  0  
00004-00050    77  0  
00051-007FF  1252  715  
00800-00FFF     0  2048  
01000-017FF     0  2048  
01800-01FFF     0  2048  



