
ROM used:   3023/8192 (37%)
            3081/8192 (38%) including unused fragments

            1.7 Average locations per line
            11.3 Average locations per statement

RAM used:   35/368 (10%) at main() level
            74/368 (20%) worst case

Stack used: 4 worst case (4 in main + 0 for interrupts)
Stack size: 8

Lines Stmts  %   Files
----- ----- ---  -----
  191    28  10  imagen.c
  671     0   0  C:\Program Files (x86)\PICC\devices\16F877A.h
  356    76  28  C:\Program Files (x86)\PICC\drivers\HDM64GS12.c
  540   163  61  C:\Program Files (x86)\PICC\drivers\graphics.c
----- -----
 1758   267 Total

Page ROM  %  RAM   Vol Diff  Functions:
---- --- --- ---   --- ----  ----------
0     20   1    1             @delay_ms1
0    143   5    1   555  3.4  glcd_init
0    118   4    7   779  7.2  glcd_pixel
 Inline         4   506  4.8  glcd_fillScreen
0     37   1    2             @MUL88
0     49   2    2   307  2.8  glcd_writeByte
0     49   2    2   318  2.8  glcd_readByte
0    182   6   17  1519  9.2  glcd_line
 Inline         6  1071  6.1  glcd_rect
0   1033  34    0             @const723
1   1033  34    0             @const727
0    269   9    6  1097  7.9  glcd_imagen
0     86   3   28   349  3.3  MAIN
 Inline         0             @cinit1

Program metrics:
    Functions               9
    Statements              267
    Comments                461
    Volume (V)              9710
    Difficulty (D)          47.3
    Effort to implement (E) 458826
    Time to implement (T)   7 hours, 5 minutes
    Est Delivered Bugs (B)  2
    Cyclomatic Complexity   29
    Maintainability (MI)    29

 Segment     Used  Free
-----------  ----  ----
00000-00003     4  0  
00004-007FF  1986  58  
00800-00FFF  1033  1015  
01000-017FF     0  2048  
01800-01FFF     0  2048  



