
ROM used:   415/8192 (5%)
            415/8192 (5%) including unused fragments

            0.5 Average locations per line
            5.3 Average locations per statement

RAM used:   30/368 (8%) at main() level
            33/368 (9%) worst case

Stack used: 2 worst case (0 in main + 2 for interrupts)
Stack size: 8

Lines Stmts  %   Files
----- ----- ---  -----
  141    79 100  contador_con_multiplexado_marafioti.c
  671     0   0  C:\Program Files (x86)\PICC\devices\16f877a.h
----- -----
  812    79 Total

Page ROM  %  RAM   Vol Diff  Functions:
---- --- --- ---   --- ----  ----------
0     34   8    0   341  4.2  isr_int_tmr1
0    218  53    1  1166  5.4  isr_int_tmr0
0     21   5    3             @DIV88
0     86  21    2   469  4.3  MAIN
 Inline         0             @cinit1

Program metrics:
    Functions               3
    Statements              79
    Comments                129
    Volume (V)              2459
    Difficulty (D)          13.7
    Effort to implement (E) 33700
    Time to implement (T)   31 minutes
    Est Delivered Bugs (B)  0
    Cyclomatic Complexity   13
    Maintainability (MI)    49

 Segment     Used  Free
-----------  ----  ----
00000-00003     4  0  
00004-00037    52  0  
00038-007FF   359  1633  
00800-00FFF     0  2048  
01000-017FF     0  2048  
01800-01FFF     0  2048  



