
ROM used:   262/8192 (3%)
            262/8192 (3%) including unused fragments

            0.4 Average locations per line
            4.1 Average locations per statement

RAM used:   21/368 (6%) at main() level
            23/368 (6%) worst case

Stack used: 1 worst case (0 in main + 1 for interrupts)
Stack size: 8

Lines Stmts  %   Files
----- ----- ---  -----
   89    64 100  RS232.c
  620     0   0  C:\Program Files (x86)\PICC\devices\16F876A.h
----- -----
  709    64 Total

Page ROM  %  RAM   Vol Diff  Functions:
---- --- --- ---   --- ----  ----------
0     90  34    0   861  5.3  isr_timer1
0     66  25    2   547  8.0  RDA_isr
0     48  18    0   141  2.2  MAIN
 Inline         0             @cinit1

Program metrics:
    Functions               3
    Statements              64
    Comments                113
    Volume (V)              1924
    Difficulty (D)          15.5
    Effort to implement (E) 29765
    Time to implement (T)   28 minutes
    Est Delivered Bugs (B)  0
    Cyclomatic Complexity   16
    Maintainability (MI)    82

 Segment     Used  Free
-----------  ----  ----
00000-00003     4  0  
00004-00039    54  0  
0003A-007FF   204  1786  
00800-00FFF     0  2048  
01000-017FF     0  2048  
01800-01FFF     0  2048  



