CCS PCM C Compiler, Version 5.015, 5967               13-may-25 15:58

               Filename:   Z:\6 Electronica\Martin\6to Año\Digitales-6to\RS232-leds-delay.X\build\default\production\RS232.lst

               ROM used:   275 words (3%)
                           Largest free fragment is 2048
               RAM used:   22 (6%) at main() level
                           24 (7%) worst case
               Stack used: 1 locations (0 in main + 1 for interrupts)
               Stack size: 8

*
0000:  MOVLW  00
0001:  MOVWF  0A
0002:  GOTO   0E6
0003:  NOP
0004:  MOVWF  7F
0005:  SWAPF  03,W
0006:  CLRF   03
0007:  MOVWF  21
0008:  MOVF   0A,W
0009:  MOVWF  20
000A:  CLRF   0A
000B:  MOVF   04,W
000C:  MOVWF  22
000D:  MOVF   77,W
000E:  MOVWF  23
000F:  MOVF   78,W
0010:  MOVWF  24
0011:  MOVF   79,W
0012:  MOVWF  25
0013:  MOVF   7A,W
0014:  MOVWF  26
0015:  BCF    03.7
0016:  BCF    03.5
0017:  MOVLW  8C
0018:  MOVWF  04
0019:  BTFSS  00.5
001A:  GOTO   01D
001B:  BTFSC  0C.5
001C:  GOTO   034
001D:  MOVLW  8C
001E:  MOVWF  04
001F:  BTFSS  00.0
0020:  GOTO   023
0021:  BTFSC  0C.0
0022:  GOTO   037
0023:  MOVF   22,W
0024:  MOVWF  04
0025:  MOVF   23,W
0026:  MOVWF  77
0027:  MOVF   24,W
0028:  MOVWF  78
0029:  MOVF   25,W
002A:  MOVWF  79
002B:  MOVF   26,W
002C:  MOVWF  7A
002D:  MOVF   20,W
002E:  MOVWF  0A
002F:  SWAPF  21,W
0030:  MOVWF  03
0031:  SWAPF  7F,F
0032:  SWAPF  7F,W
0033:  RETFIE
0034:  BCF    0A.3
0035:  BCF    0A.4
0036:  GOTO   0AA
0037:  BCF    0A.3
0038:  BCF    0A.4
0039:  GOTO   03A
.................... #include <16F876A.h> 
.................... //////////// Standard Header file for the PIC16F876A device //////////////// 
.................... /////////////////////////////////////////////////////////////////////////// 
.................... ////        (C) Copyright 1996, 2013 Custom Computer Services          //// 
.................... //// This source code may only be used by licensed users of the CCS C  //// 
.................... //// compiler.  This source code may only be distributed to other      //// 
.................... //// licensed users of the CCS C compiler.  No other use, reproduction //// 
.................... //// or distribution is permitted without written permission.          //// 
.................... //// Derivative programs created using this software in object code    //// 
.................... //// form are not restricted in any way.                               //// 
.................... /////////////////////////////////////////////////////////////////////////// 
.................... #device PIC16F876A 
....................  
.................... #list 
....................  
.................... #FUSES XT,NOWDT,NOLVP 
.................... #use delay(clock=4000000) 
.................... #use rs232(baud=9600, xmit=pin_c6, rcv=pin_c7) 
.................... #use standard_io(B) 
....................  
.................... int recvint[3] = {5, 5, 5}, i = 0, cont = 0, cont1 = 0, cont2 = 0, cont3 = 0; 
*
00FF:  MOVLW  05
0100:  BCF    03.5
0101:  MOVWF  27
0102:  MOVWF  28
0103:  MOVWF  29
.................... int1 scan = 0; 
.................... char recv; 
....................  
.................... #INT_TIMER1 
....................  
.................... void isr_timer1() { 
....................     if (scan | i >= 2) { 
*
003A:  MOVLW  00
003B:  BTFSC  2F.0
003C:  MOVLW  01
003D:  MOVWF  31
003E:  MOVF   2A,W
003F:  SUBLW  01
0040:  BTFSS  03.0
0041:  GOTO   044
0042:  MOVLW  00
0043:  GOTO   045
0044:  MOVLW  01
0045:  IORWF  31,W
0046:  BTFSC  03.2
0047:  GOTO   04F
....................         cont++; 
0048:  INCF   2B,F
....................         if (cont == 2) { 
0049:  MOVF   2B,W
004A:  SUBLW  02
004B:  BTFSS  03.2
004C:  GOTO   04F
....................             cont = 0; 
004D:  CLRF   2B
....................             scan = 0; 
004E:  BCF    2F.0
....................         } 
....................     } 
....................     if (recvint[0] < 4) { 
004F:  MOVF   27,W
0050:  SUBLW  03
0051:  BTFSS  03.0
0052:  GOTO   05D
....................         cont1--; 
0053:  DECFSZ 2C,F
....................         if (cont1 <= 0) { 
0054:  GOTO   05C
....................             output_toggle(PIN_B0); 
0055:  BSF    03.5
0056:  BCF    06.0
0057:  MOVLW  01
0058:  BCF    03.5
0059:  XORWF  06,F
....................             cont1 = recvint[0]; 
005A:  MOVF   27,W
005B:  MOVWF  2C
....................         } 
....................     } else { 
005C:  GOTO   06A
....................         if (recvint[0] == 4) 
005D:  MOVF   27,W
005E:  SUBLW  04
005F:  BTFSS  03.2
0060:  GOTO   066
....................             output_high(PIN_B0); 
0061:  BSF    03.5
0062:  BCF    06.0
0063:  BCF    03.5
0064:  BSF    06.0
0065:  GOTO   06A
....................         else 
....................             output_low(PIN_B0); 
0066:  BSF    03.5
0067:  BCF    06.0
0068:  BCF    03.5
0069:  BCF    06.0
....................     } 
....................  
....................     if (recvint[1] < 4) { 
006A:  MOVF   28,W
006B:  SUBLW  03
006C:  BTFSS  03.0
006D:  GOTO   078
....................         cont2--; 
006E:  DECFSZ 2D,F
....................         if (cont2 <= 0) { 
006F:  GOTO   077
....................             output_toggle(PIN_B1); 
0070:  BSF    03.5
0071:  BCF    06.1
0072:  MOVLW  02
0073:  BCF    03.5
0074:  XORWF  06,F
....................             cont2 = recvint[1]; 
0075:  MOVF   28,W
0076:  MOVWF  2D
....................         } 
....................     } else { 
0077:  GOTO   085
....................         if (recvint[1] == 4) 
0078:  MOVF   28,W
0079:  SUBLW  04
007A:  BTFSS  03.2
007B:  GOTO   081
....................             output_high(PIN_B1); 
007C:  BSF    03.5
007D:  BCF    06.1
007E:  BCF    03.5
007F:  BSF    06.1
0080:  GOTO   085
....................         else 
....................             output_low(PIN_B1); 
0081:  BSF    03.5
0082:  BCF    06.1
0083:  BCF    03.5
0084:  BCF    06.1
....................     } 
....................  
....................     if (recvint[2] < 4) { 
0085:  MOVF   29,W
0086:  SUBLW  03
0087:  BTFSS  03.0
0088:  GOTO   093
....................         cont3--; 
0089:  DECFSZ 2E,F
....................         if (cont3 <= 0) { 
008A:  GOTO   092
....................             output_toggle(PIN_B2); 
008B:  BSF    03.5
008C:  BCF    06.2
008D:  MOVLW  04
008E:  BCF    03.5
008F:  XORWF  06,F
....................             cont3 = recvint[2]; 
0090:  MOVF   29,W
0091:  MOVWF  2E
....................         } 
....................     } else { 
0092:  GOTO   0A0
....................         if (recvint[2] == 4) 
0093:  MOVF   29,W
0094:  SUBLW  04
0095:  BTFSS  03.2
0096:  GOTO   09C
....................             output_high(PIN_B2); 
0097:  BSF    03.5
0098:  BCF    06.2
0099:  BCF    03.5
009A:  BSF    06.2
009B:  GOTO   0A0
....................         else 
....................             output_low(PIN_B2); 
009C:  BSF    03.5
009D:  BCF    06.2
009E:  BCF    03.5
009F:  BCF    06.2
....................     } 
....................  
....................     clear_interrupt(INT_RDA); 
00A0:  BCF    0C.5
....................     set_timer1(3036); 
00A1:  CLRF   0E
00A2:  MOVLW  0B
00A3:  MOVWF  0F
00A4:  MOVLW  DC
00A5:  MOVWF  0E
.................... } 
....................  
00A6:  BCF    0C.0
00A7:  BCF    0A.3
00A8:  BCF    0A.4
00A9:  GOTO   023
.................... #INT_RDA 
....................  
.................... void RDA_isr() { 
....................     recv = getc(); 
00AA:  BTFSS  0C.5
00AB:  GOTO   0AA
00AC:  MOVF   1A,W
00AD:  MOVWF  30
....................     if (recv == '*') { 
00AE:  MOVF   30,W
00AF:  SUBLW  2A
00B0:  BTFSS  03.2
00B1:  GOTO   0B6
....................         scan = !scan; 
00B2:  MOVLW  01
00B3:  XORWF  2F,F
....................         i = 0; 
00B4:  CLRF   2A
....................     } else if (scan) { 
00B5:  GOTO   0E2
00B6:  BTFSS  2F.0
00B7:  GOTO   0E2
....................         if (i < 3) { 
00B8:  MOVF   2A,W
00B9:  SUBLW  02
00BA:  BTFSS  03.0
00BB:  GOTO   0E2
....................             recvint[i] = recv - 48; 
00BC:  MOVLW  27
00BD:  ADDWF  2A,W
00BE:  MOVWF  04
00BF:  BCF    03.7
00C0:  MOVLW  30
00C1:  SUBWF  30,W
00C2:  MOVWF  00
....................             switch (i) { 
00C3:  MOVF   2A,W
00C4:  BTFSC  03.2
00C5:  GOTO   0CD
00C6:  XORLW  01
00C7:  BTFSC  03.2
00C8:  GOTO   0D4
00C9:  XORLW  03
00CA:  BTFSC  03.2
00CB:  GOTO   0DB
00CC:  GOTO   0E1
....................                 case 0: cont1 = recvint[i]; 
00CD:  MOVLW  27
00CE:  ADDWF  2A,W
00CF:  MOVWF  04
00D0:  BCF    03.7
00D1:  MOVF   00,W
00D2:  MOVWF  2C
....................                     break; 
00D3:  GOTO   0E1
....................                 case 1: cont2 = recvint[i]; 
00D4:  MOVLW  27
00D5:  ADDWF  2A,W
00D6:  MOVWF  04
00D7:  BCF    03.7
00D8:  MOVF   00,W
00D9:  MOVWF  2D
....................                     break; 
00DA:  GOTO   0E1
....................                 case 2: cont3 = recvint[i]; 
00DB:  MOVLW  27
00DC:  ADDWF  2A,W
00DD:  MOVWF  04
00DE:  BCF    03.7
00DF:  MOVF   00,W
00E0:  MOVWF  2E
....................                     break; 
....................             } 
....................             i++; 
00E1:  INCF   2A,F
....................         } 
....................     } 
00E2:  BCF    0C.5
00E3:  BCF    0A.3
00E4:  BCF    0A.4
00E5:  GOTO   023
.................... } 
....................  
.................... void main() { 
00E6:  MOVF   03,W
00E7:  ANDLW  1F
00E8:  MOVWF  03
00E9:  MOVLW  19
00EA:  BSF    03.5
00EB:  MOVWF  19
00EC:  MOVLW  A6
00ED:  MOVWF  18
00EE:  MOVLW  90
00EF:  BCF    03.5
00F0:  MOVWF  18
00F1:  CLRF   2A
00F2:  CLRF   2B
00F3:  CLRF   2C
00F4:  CLRF   2D
00F5:  CLRF   2E
00F6:  BCF    2F.0
00F7:  BSF    03.5
00F8:  BSF    1F.0
00F9:  BSF    1F.1
00FA:  BSF    1F.2
00FB:  BCF    1F.3
00FC:  MOVLW  07
00FD:  MOVWF  1C
00FE:  BCF    03.7
....................     enable_interrupts(GLOBAL); 
*
0104:  MOVLW  C0
0105:  IORWF  0B,F
....................     enable_interrupts(INT_RDA); 
0106:  BSF    03.5
0107:  BSF    0C.5
....................     enable_interrupts(INT_TIMER1); 
0108:  BSF    0C.0
....................     setup_timer_1(T1_INTERNAL | T1_DIV_BY_8); 
0109:  MOVLW  B5
010A:  BCF    03.5
010B:  MOVWF  10
....................     set_timer1(3036); 
010C:  CLRF   0E
010D:  MOVLW  0B
010E:  MOVWF  0F
010F:  MOVLW  DC
0110:  MOVWF  0E
....................  
....................     while (TRUE) { 
0111:  GOTO   111
....................     } 
.................... } 
0112:  SLEEP

Configuration Fuses:
   Word  1: 3F71   XT NOWDT PUT BROWNOUT NOLVP NOCPD NOWRT NODEBUG NOPROTECT
