
ROM used:   1779/8192 (22%)
            1779/8192 (22%) including unused fragments

            1.5 Average locations per line
            11.9 Average locations per statement

RAM used:   36/368 (10%) at main() level
            53/368 (14%) worst case

Stack used: 6 worst case (5 in main + 1 for interrupts)
Stack size: 8

Lines Stmts  %   Files
----- ----- ---  -----
   97    65  44  Ejercicio.c
  620     0   0  ..\..\..\..\..\Program Files (x86)\PICC\devices\16F876A.h
  456    84  56  ..\..\..\..\..\Program Files (x86)\PICC\drivers\lcd.c
----- -----
 1173   149 Total

Page ROM  %  RAM   Vol Diff  Functions:
---- --- --- ---   --- ----  ----------
0     20   1    1             @delay_ms1
0     17   1    1             @delay_us1
 Inline         3   596  5.9  lcd_read_byte
0      6   0    0    59  4.2  lcd_read_nibble
0     17   1    1   179  3.3  lcd_send_nibble
0     66   4    3   460  4.7  lcd_send_byte
0     62   3    6   814  7.2  lcd_init
0     18   1    4   208  6.3  lcd_gotoxy
0     44   2    1   354  4.7  lcd_putc
0     19   1    0    94  1.7  isr_timer1
0     24   1    1   228  3.2  isr_timer0
0    416  23    4  1669  8.8  MAIN
0     29   2    2             @ITOF
0    117   7   13             @MULFF
0    202  11   14             @DIVFF
0     31   2    4             @SFTOI
0     10   1    0             @const665
0     87   5    5             @PSTRINGCN7_627
0     99   6    9             @PRINTF_LU_627
0      5   0    0             @const670
0     21   1    3             @DIV88
0     53   3    2             @PRINTF_U_627
0      5   0    0             @const677
0    323  18   16             @ADDFF
 Inline         0             @cinit1

Program metrics:
    Functions               10
    Statements              149
    Comments                225
    Volume (V)              7027
    Difficulty (D)          46.9
    Effort to implement (E) 329383
    Time to implement (T)   5 hours, 5 minutes
    Est Delivered Bugs (B)  2
    Cyclomatic Complexity   16
    Maintainability (MI)    137

 Segment     Used  Free
-----------  ----  ----
00000-00003     4  0  
00004-00057    84  0  
00058-007FF  1691  269  
00800-00FFF     0  2048  
01000-017FF     0  2048  
01800-01FFF     0  2048  



