
ROM used:   370/8192 (5%)
            370/8192 (5%) including unused fragments

            0.3 Average locations per line
            2.4 Average locations per statement

RAM used:   10/368 (3%) at main() level
            20/368 (5%) worst case

Stack used: 3 worst case (3 in main + 0 for interrupts)
Stack size: 8

Lines Stmts  %   Files
----- ----- ---  -----
   62    28  18  2PCA.c
  620     0   0  ..\..\..\..\..\Program Files (x86)\PICC\devices\16F876A.h
  456    84  55  ..\..\..\..\..\Program Files (x86)\PICC\drivers\lcd.c
  135    40  26  ..\..\..\..\..\Program Files (x86)\PICC\drivers\kbd.c
----- -----
 1273   152 Total

Page ROM  %  RAM   Vol Diff  Functions:
---- --- --- ---   --- ----  ----------
0     21   6    1             @delay_ms1
0     74  20    1             @I2C_WRITE_1
0     57  15    3   114  2.2  pca9685_write_byte
0     86  23    9   317  4.7  pca9685_set_pwm
0     26   7    2   181  1.9  pca9685_init
0    102  28    0   426  2.4  MAIN
 Inline         0             @cinit1

Program metrics:
    Functions               4
    Statements              152
    Comments                255
    Volume (V)              1435
    Difficulty (D)          10.6
    Effort to implement (E) 15189
    Time to implement (T)   14 minutes
    Est Delivered Bugs (B)  0
    Cyclomatic Complexity   1
    Maintainability (MI)    72

 Segment     Used  Free
-----------  ----  ----
00000-00003     4  0  
00004-007FF   366  1678  
00800-00FFF     0  2048  
01000-017FF     0  2048  
01800-01FFF     0  2048  



