
ROM used:   1578/8192 (19%)
            1578/8192 (19%) including unused fragments

            1.2 Average locations per line
            8.8 Average locations per statement

RAM used:   33/368 (9%) at main() level
            69/368 (19%) worst case

Stack used: 7 worst case (5 in main + 2 for interrupts)
Stack size: 8

Lines Stmts  %   Files
----- ----- ---  -----
   99    55  31  Motor-Encoder_CHANGE_RPM.c
  620     0   0  ..\..\..\..\..\Program Files (x86)\PICC\devices\16F876A.h
  456    84  47  ..\..\..\..\..\Program Files (x86)\PICC\drivers\lcd.c
  135    40  22  ..\..\..\..\..\Program Files (x86)\PICC\drivers\kbd.c
----- -----
 1310   179 Total

Page ROM  %  RAM   Vol Diff  Functions:
---- --- --- ---   --- ----  ----------
0     21   1    1             @delay_ms1
 Inline         3   596  5.9  lcd_read_byte
0      6   0    0    59  4.2  lcd_read_nibble
0     12   1    1   179  3.3  lcd_send_nibble
0     64   4    3   460  4.7  lcd_send_byte
0     62   4    6   814  7.2  lcd_init
0     18   1    4   208  6.3  lcd_gotoxy
0     44   3    1   354  4.7  lcd_putc
0     16   1    0             @const641
0      3   0    0     3  0.0  kbd_init
0    136   9    3  4540 10.2  kbd_getc
 Inline         2             @MUL88
0    193  12    1   526  7.8  cambiarDeseada
0      9   1    0             @const664
 Inline         4             @PSTRINGC7_628
0      2   0    0             @const666
0    261  17    4   112  2.4  isr_timer1
 Inline         2             @ITOF
 Inline        13             @MULFF
0    202  13   14             @DIVFF
 Inline         4             @SFTOI
0      9   1    0    29  1.2  isr_timer0
0    229  15    1   938  7.2  MAIN
0     13   1    0             @const682
0     87   6    5             @PSTRINGCN7_628
0     99   6    9             @PRINTF_LU_628
0      2   0    0             @const687
0      2   0    0             @const688
 Inline         0             @cinit1

Program metrics:
    Functions               13
    Statements              179
    Comments                247
    Volume (V)              12622
    Difficulty (D)          64.0
    Effort to implement (E) 807836
    Time to implement (T)   12 hours, 28 minutes
    Est Delivered Bugs (B)  3
    Cyclomatic Complexity   28
    Maintainability (MI)    115

 Segment     Used  Free
-----------  ----  ----
00000-00003     4  0  
00004-00057    84  0  
00058-007FF  1490  470  
00800-00FFF     0  2048  
01000-017FF     0  2048  
01800-01FFF     0  2048  



