CCS PCM C Compiler, Version 5.015, 5967               12-jun-25 15:05

               Filename:   C:\Users\Electronica\Documents\Digitales-6to\Motor-Encoder.X\build\default\production\Motor-Encoder.lst

               ROM used:   1054 words (13%)
                           Largest free fragment is 2048
               RAM used:   26 (7%) at main() level
                           62 (17%) worst case
               Stack used: 7 locations (5 in main + 2 for interrupts)
               Stack size: 8

*
0000:  MOVLW  03
0001:  MOVWF  0A
0002:  GOTO   3DE
0003:  NOP
0004:  MOVWF  7F
0005:  SWAPF  03,W
0006:  CLRF   03
0007:  MOVWF  21
0008:  MOVF   0A,W
0009:  MOVWF  20
000A:  CLRF   0A
000B:  MOVF   04,W
000C:  MOVWF  22
000D:  MOVF   77,W
000E:  MOVWF  23
000F:  MOVF   78,W
0010:  MOVWF  24
0011:  MOVF   79,W
0012:  MOVWF  25
0013:  MOVF   7A,W
0014:  MOVWF  26
0015:  BSF    03.6
0016:  MOVF   0D,W
0017:  BCF    03.6
0018:  MOVWF  27
0019:  BSF    03.6
001A:  MOVF   0F,W
001B:  BCF    03.6
001C:  MOVWF  28
001D:  BSF    03.6
001E:  MOVF   0C,W
001F:  BCF    03.6
0020:  MOVWF  29
0021:  BSF    03.6
0022:  MOVF   0E,W
0023:  BCF    03.6
0024:  MOVWF  2A
0025:  BCF    03.7
0026:  BCF    03.5
0027:  MOVLW  8C
0028:  MOVWF  04
0029:  BTFSS  00.0
002A:  GOTO   02D
002B:  BTFSC  0C.0
002C:  GOTO   052
002D:  BTFSS  0B.5
002E:  GOTO   031
002F:  BTFSC  0B.2
0030:  GOTO   055
0031:  MOVF   22,W
0032:  MOVWF  04
0033:  MOVF   23,W
0034:  MOVWF  77
0035:  MOVF   24,W
0036:  MOVWF  78
0037:  MOVF   25,W
0038:  MOVWF  79
0039:  MOVF   26,W
003A:  MOVWF  7A
003B:  MOVF   27,W
003C:  BSF    03.6
003D:  MOVWF  0D
003E:  BCF    03.6
003F:  MOVF   28,W
0040:  BSF    03.6
0041:  MOVWF  0F
0042:  BCF    03.6
0043:  MOVF   29,W
0044:  BSF    03.6
0045:  MOVWF  0C
0046:  BCF    03.6
0047:  MOVF   2A,W
0048:  BSF    03.6
0049:  MOVWF  0E
004A:  BCF    03.6
004B:  MOVF   20,W
004C:  MOVWF  0A
004D:  SWAPF  21,W
004E:  MOVWF  03
004F:  SWAPF  7F,F
0050:  SWAPF  7F,W
0051:  RETFIE
0052:  BCF    0A.3
0053:  BCF    0A.4
0054:  GOTO   122
0055:  BCF    0A.3
0056:  BCF    0A.4
0057:  GOTO   227
.................... #include <16F876A.h> 
.................... //////////// Standard Header file for the PIC16F876A device //////////////// 
.................... /////////////////////////////////////////////////////////////////////////// 
.................... ////        (C) Copyright 1996, 2013 Custom Computer Services          //// 
.................... //// This source code may only be used by licensed users of the CCS C  //// 
.................... //// compiler.  This source code may only be distributed to other      //// 
.................... //// licensed users of the CCS C compiler.  No other use, reproduction //// 
.................... //// or distribution is permitted without written permission.          //// 
.................... //// Derivative programs created using this software in object code    //// 
.................... //// form are not restricted in any way.                               //// 
.................... /////////////////////////////////////////////////////////////////////////// 
.................... #device PIC16F876A 
0058:  MOVF   4B,W
0059:  BTFSC  03.2
005A:  GOTO   11D
005B:  MOVWF  57
005C:  MOVF   4F,W
005D:  BTFSC  03.2
005E:  GOTO   11D
005F:  SUBWF  57,F
0060:  BTFSS  03.0
0061:  GOTO   067
0062:  MOVLW  7F
0063:  ADDWF  57,F
0064:  BTFSC  03.0
0065:  GOTO   11D
0066:  GOTO   06D
0067:  MOVLW  81
0068:  SUBWF  57,F
0069:  BTFSS  03.0
006A:  GOTO   11D
006B:  BTFSC  03.2
006C:  GOTO   11D
006D:  MOVF   57,W
006E:  MOVWF  77
006F:  CLRF   78
0070:  CLRF   79
0071:  CLRF   7A
0072:  CLRF   56
0073:  MOVF   4C,W
0074:  MOVWF  55
0075:  BSF    55.7
0076:  MOVF   4D,W
0077:  MOVWF  54
0078:  MOVF   4E,W
0079:  MOVWF  53
007A:  MOVLW  19
007B:  MOVWF  57
007C:  MOVF   52,W
007D:  SUBWF  53,F
007E:  BTFSC  03.0
007F:  GOTO   090
0080:  MOVLW  01
0081:  SUBWF  54,F
0082:  BTFSC  03.0
0083:  GOTO   090
0084:  SUBWF  55,F
0085:  BTFSC  03.0
0086:  GOTO   090
0087:  SUBWF  56,F
0088:  BTFSC  03.0
0089:  GOTO   090
008A:  INCF   56,F
008B:  INCF   55,F
008C:  INCF   54,F
008D:  MOVF   52,W
008E:  ADDWF  53,F
008F:  GOTO   0C2
0090:  MOVF   51,W
0091:  SUBWF  54,F
0092:  BTFSC  03.0
0093:  GOTO   0AB
0094:  MOVLW  01
0095:  SUBWF  55,F
0096:  BTFSC  03.0
0097:  GOTO   0AB
0098:  SUBWF  56,F
0099:  BTFSC  03.0
009A:  GOTO   0AB
009B:  INCF   56,F
009C:  INCF   55,F
009D:  MOVF   51,W
009E:  ADDWF  54,F
009F:  MOVF   52,W
00A0:  ADDWF  53,F
00A1:  BTFSS  03.0
00A2:  GOTO   0C2
00A3:  INCF   54,F
00A4:  BTFSS  03.2
00A5:  GOTO   0C2
00A6:  INCF   55,F
00A7:  BTFSS  03.2
00A8:  GOTO   0C2
00A9:  INCF   56,F
00AA:  GOTO   0C2
00AB:  MOVF   50,W
00AC:  IORLW  80
00AD:  SUBWF  55,F
00AE:  BTFSC  03.0
00AF:  GOTO   0C1
00B0:  MOVLW  01
00B1:  SUBWF  56,F
00B2:  BTFSC  03.0
00B3:  GOTO   0C1
00B4:  INCF   56,F
00B5:  MOVF   50,W
00B6:  IORLW  80
00B7:  ADDWF  55,F
00B8:  MOVF   51,W
00B9:  ADDWF  54,F
00BA:  BTFSS  03.0
00BB:  GOTO   09F
00BC:  INCF   55,F
00BD:  BTFSS  03.2
00BE:  GOTO   09F
00BF:  INCF   56,F
00C0:  GOTO   09F
00C1:  BSF    7A.0
00C2:  DECFSZ 57,F
00C3:  GOTO   0C5
00C4:  GOTO   0D0
00C5:  BCF    03.0
00C6:  RLF    53,F
00C7:  RLF    54,F
00C8:  RLF    55,F
00C9:  RLF    56,F
00CA:  BCF    03.0
00CB:  RLF    7A,F
00CC:  RLF    79,F
00CD:  RLF    78,F
00CE:  RLF    58,F
00CF:  GOTO   07C
00D0:  BTFSS  58.0
00D1:  GOTO   0D8
00D2:  BCF    03.0
00D3:  RRF    78,F
00D4:  RRF    79,F
00D5:  RRF    7A,F
00D6:  RRF    58,F
00D7:  GOTO   0DB
00D8:  DECF   77,F
00D9:  BTFSC  03.2
00DA:  GOTO   11D
00DB:  BTFSC  58.7
00DC:  GOTO   104
00DD:  BCF    03.0
00DE:  RLF    53,F
00DF:  RLF    54,F
00E0:  RLF    55,F
00E1:  RLF    56,F
00E2:  MOVF   52,W
00E3:  SUBWF  53,F
00E4:  BTFSC  03.0
00E5:  GOTO   0F0
00E6:  MOVLW  01
00E7:  SUBWF  54,F
00E8:  BTFSC  03.0
00E9:  GOTO   0F0
00EA:  SUBWF  55,F
00EB:  BTFSC  03.0
00EC:  GOTO   0F0
00ED:  SUBWF  56,F
00EE:  BTFSS  03.0
00EF:  GOTO   113
00F0:  MOVF   51,W
00F1:  SUBWF  54,F
00F2:  BTFSC  03.0
00F3:  GOTO   0FB
00F4:  MOVLW  01
00F5:  SUBWF  55,F
00F6:  BTFSC  03.0
00F7:  GOTO   0FB
00F8:  SUBWF  56,F
00F9:  BTFSS  03.0
00FA:  GOTO   113
00FB:  MOVF   50,W
00FC:  IORLW  80
00FD:  SUBWF  55,F
00FE:  BTFSC  03.0
00FF:  GOTO   104
0100:  MOVLW  01
0101:  SUBWF  56,F
0102:  BTFSS  03.0
0103:  GOTO   113
0104:  INCF   7A,F
0105:  BTFSS  03.2
0106:  GOTO   113
0107:  INCF   79,F
0108:  BTFSS  03.2
0109:  GOTO   113
010A:  INCF   78,F
010B:  BTFSS  03.2
010C:  GOTO   113
010D:  INCF   77,F
010E:  BTFSC  03.2
010F:  GOTO   11D
0110:  RRF    78,F
0111:  RRF    79,F
0112:  RRF    7A,F
0113:  MOVF   4C,W
0114:  MOVWF  57
0115:  MOVF   50,W
0116:  XORWF  57,F
0117:  BTFSS  57.7
0118:  GOTO   11B
0119:  BSF    78.7
011A:  GOTO   121
011B:  BCF    78.7
011C:  GOTO   121
011D:  CLRF   77
011E:  CLRF   78
011F:  CLRF   79
0120:  CLRF   7A
0121:  RETURN
*
0126:  MOVLW  8E
0127:  MOVWF  77
0128:  MOVF   48,W
0129:  MOVWF  78
012A:  MOVF   47,W
012B:  MOVWF  79
012C:  CLRF   7A
012D:  MOVF   78,F
012E:  BTFSS  03.2
012F:  GOTO   13A
0130:  MOVF   79,W
0131:  MOVWF  78
0132:  CLRF   79
0133:  MOVLW  08
0134:  SUBWF  77,F
0135:  MOVF   78,F
0136:  BTFSS  03.2
0137:  GOTO   13A
0138:  CLRF   77
0139:  GOTO   142
013A:  BCF    03.0
013B:  BTFSC  78.7
013C:  GOTO   141
013D:  RLF    79,F
013E:  RLF    78,F
013F:  DECF   77,F
0140:  GOTO   13A
0141:  BCF    78.7
*
0150:  MOVF   47,W
0151:  BTFSC  03.2
0152:  GOTO   1C0
0153:  MOVWF  4F
0154:  MOVF   4B,W
0155:  BTFSC  03.2
0156:  GOTO   1C0
0157:  ADDWF  4F,F
0158:  BTFSC  03.0
0159:  GOTO   161
015A:  MOVLW  7F
015B:  SUBWF  4F,F
015C:  BTFSS  03.0
015D:  GOTO   1C0
015E:  BTFSC  03.2
015F:  GOTO   1C0
0160:  GOTO   165
0161:  MOVLW  81
0162:  ADDWF  4F,F
0163:  BTFSC  03.0
0164:  GOTO   1C0
0165:  MOVF   4F,W
0166:  MOVWF  77
0167:  CLRF   78
0168:  CLRF   79
0169:  CLRF   7A
016A:  MOVF   48,W
016B:  MOVWF  53
016C:  BSF    53.7
016D:  MOVF   49,W
016E:  MOVWF  52
016F:  MOVF   4A,W
0170:  MOVWF  51
0171:  MOVLW  18
0172:  MOVWF  4F
0173:  CLRF   50
0174:  BTFSS  51.0
0175:  GOTO   18E
0176:  MOVF   4E,W
0177:  ADDWF  7A,F
0178:  BTFSS  03.0
0179:  GOTO   180
017A:  INCF   79,F
017B:  BTFSS  03.2
017C:  GOTO   180
017D:  INCF   78,F
017E:  BTFSC  03.2
017F:  BSF    50.7
0180:  MOVF   4D,W
0181:  ADDWF  79,F
0182:  BTFSS  03.0
0183:  GOTO   187
0184:  INCF   78,F
0185:  BTFSC  03.2
0186:  BSF    50.7
0187:  MOVF   4C,W
0188:  MOVWF  49
0189:  BSF    49.7
018A:  MOVF   49,W
018B:  ADDWF  78,F
018C:  BTFSC  03.0
018D:  BSF    50.7
018E:  RLF    50,F
018F:  RRF    78,F
0190:  RRF    79,F
0191:  RRF    7A,F
0192:  RRF    53,F
0193:  RRF    52,F
0194:  RRF    51,F
0195:  BCF    03.0
0196:  DECFSZ 4F,F
0197:  GOTO   173
0198:  MOVLW  01
0199:  ADDWF  77,F
019A:  BTFSC  03.0
019B:  GOTO   1C0
019C:  BTFSC  78.7
019D:  GOTO   1A5
019E:  RLF    53,F
019F:  RLF    7A,F
01A0:  RLF    79,F
01A1:  RLF    78,F
01A2:  DECF   77,F
01A3:  BTFSC  03.2
01A4:  GOTO   1C0
01A5:  BTFSS  53.7
01A6:  GOTO   1B6
01A7:  INCF   7A,F
01A8:  BTFSS  03.2
01A9:  GOTO   1B6
01AA:  INCF   79,F
01AB:  BTFSS  03.2
01AC:  GOTO   1B6
01AD:  INCF   78,F
01AE:  BTFSS  03.2
01AF:  GOTO   1B6
01B0:  RRF    78,F
01B1:  RRF    79,F
01B2:  RRF    7A,F
01B3:  INCF   77,F
01B4:  BTFSC  03.2
01B5:  GOTO   1C0
01B6:  MOVF   48,W
01B7:  MOVWF  50
01B8:  MOVF   4C,W
01B9:  XORWF  50,F
01BA:  BTFSS  50.7
01BB:  GOTO   1BE
01BC:  BSF    78.7
01BD:  GOTO   1C4
01BE:  BCF    78.7
01BF:  GOTO   1C4
01C0:  CLRF   77
01C1:  CLRF   78
01C2:  CLRF   79
01C3:  CLRF   7A
*
01F9:  MOVLW  8E
01FA:  MOVWF  77
01FB:  MOVF   47,W
01FC:  SUBWF  77,F
01FD:  MOVF   48,W
01FE:  MOVWF  79
01FF:  MOVF   49,W
0200:  MOVWF  78
0201:  BSF    79.7
0202:  MOVF   77,F
0203:  BTFSC  03.2
0204:  GOTO   210
0205:  BCF    03.0
0206:  MOVF   79,F
0207:  BTFSS  03.2
0208:  GOTO   20C
0209:  MOVF   78,F
020A:  BTFSC  03.2
020B:  GOTO   210
020C:  RRF    79,F
020D:  RRF    78,F
020E:  DECFSZ 77,F
020F:  GOTO   205
0210:  BTFSS  48.7
0211:  GOTO   217
0212:  COMF   78,F
0213:  COMF   79,F
0214:  INCF   78,F
0215:  BTFSC  03.2
0216:  INCF   79,F
*
0230:  DATA 0C,29
0231:  DATA 65,3B
0232:  DATA 6F,36
0233:  DATA F5,31
0234:  DATA E9,37
0235:  DATA EE,32
0236:  DATA 73,1D
0237:  DATA 20,05
0238:  DATA 25,36
0239:  DATA 75,00
*
0320:  MOVF   0B,W
0321:  MOVWF  35
0322:  BCF    0B.7
0323:  BSF    03.5
0324:  BSF    03.6
0325:  BSF    0C.7
0326:  BSF    0C.0
0327:  NOP
0328:  NOP
0329:  BCF    03.5
032A:  BCF    03.6
032B:  BTFSC  35.7
032C:  BSF    0B.7
032D:  BTFSC  03.0
032E:  GOTO   357
032F:  BSF    03.6
0330:  MOVF   0C,W
0331:  ANDLW  7F
0332:  BCF    03.6
0333:  MOVWF  35
0334:  BSF    03.6
0335:  MOVF   0D,W
0336:  BCF    03.6
0337:  MOVWF  36
0338:  BSF    03.6
0339:  MOVF   0F,W
033A:  BCF    03.6
033B:  MOVWF  37
033C:  MOVF   35,W
033D:  MOVWF  3D
033E:  CALL   2F4
033F:  MOVF   36,W
0340:  BSF    03.6
0341:  MOVWF  0D
0342:  BCF    03.6
0343:  MOVF   37,W
0344:  BSF    03.6
0345:  MOVWF  0F
0346:  BCF    03.6
0347:  MOVF   0B,W
0348:  MOVWF  38
0349:  BCF    0B.7
034A:  BSF    03.5
034B:  BSF    03.6
034C:  BSF    0C.7
034D:  BSF    0C.0
034E:  NOP
034F:  NOP
0350:  BCF    03.5
0351:  BCF    03.6
0352:  BTFSC  38.7
0353:  BSF    0B.7
0354:  DECFSZ 34,F
0355:  GOTO   357
0356:  GOTO   376
0357:  BSF    03.6
0358:  RLF    0C,W
0359:  RLF    0E,W
035A:  ANDLW  7F
035B:  BCF    03.6
035C:  MOVWF  35
035D:  BSF    03.6
035E:  MOVF   0D,W
035F:  BCF    03.6
0360:  MOVWF  36
0361:  BSF    03.6
0362:  MOVF   0F,W
0363:  BCF    03.6
0364:  MOVWF  37
0365:  MOVF   35,W
0366:  MOVWF  3D
0367:  CALL   2F4
0368:  MOVF   36,W
0369:  BSF    03.6
036A:  MOVWF  0D
036B:  BCF    03.6
036C:  MOVF   37,W
036D:  BSF    03.6
036E:  MOVWF  0F
036F:  INCF   0D,F
0370:  BTFSC  03.2
0371:  INCF   0F,F
0372:  BCF    03.0
0373:  BCF    03.6
0374:  DECFSZ 34,F
0375:  GOTO   320
0376:  BCF    0A.3
0377:  BCF    0A.4
0378:  GOTO   415 (RETURN)
0379:  CLRF   3C
037A:  MOVF   04,W
037B:  MOVWF  3B
037C:  BCF    3C.0
037D:  BTFSC  03.7
037E:  BSF    3C.0
037F:  SWAPF  35,W
0380:  IORLW  F0
0381:  MOVWF  37
0382:  ADDWF  37,F
0383:  ADDLW  E2
0384:  MOVWF  38
0385:  ADDLW  32
0386:  MOVWF  3A
0387:  MOVF   35,W
0388:  ANDLW  0F
0389:  ADDWF  38,F
038A:  ADDWF  38,F
038B:  ADDWF  3A,F
038C:  ADDLW  E9
038D:  MOVWF  39
038E:  ADDWF  39,F
038F:  ADDWF  39,F
0390:  SWAPF  34,W
0391:  ANDLW  0F
0392:  ADDWF  39,F
0393:  ADDWF  3A,F
0394:  RLF    39,F
0395:  RLF    3A,F
0396:  COMF   3A,F
0397:  RLF    3A,F
0398:  MOVF   34,W
0399:  ANDLW  0F
039A:  ADDWF  3A,F
039B:  RLF    37,F
039C:  MOVLW  07
039D:  MOVWF  36
039E:  MOVLW  0A
039F:  ADDWF  3A,F
03A0:  DECF   39,F
03A1:  BTFSS  03.0
03A2:  GOTO   39F
03A3:  ADDWF  39,F
03A4:  DECF   38,F
03A5:  BTFSS  03.0
03A6:  GOTO   3A3
03A7:  ADDWF  38,F
03A8:  DECF   37,F
03A9:  BTFSS  03.0
03AA:  GOTO   3A7
03AB:  ADDWF  37,F
03AC:  DECF   36,F
03AD:  BTFSS  03.0
03AE:  GOTO   3AB
03AF:  MOVLW  36
03B0:  MOVWF  04
03B1:  BCF    03.7
03B2:  MOVLW  07
03B3:  ANDWF  3B,W
03B4:  BCF    3B.6
03B5:  ADDWF  04,F
03B6:  MOVLW  3A
03B7:  SUBWF  04,W
03B8:  BTFSC  03.2
03B9:  BSF    3B.6
03BA:  MOVF   00,W
03BB:  MOVWF  77
03BC:  BTFSS  03.2
03BD:  GOTO   3C6
03BE:  BTFSC  3B.6
03BF:  GOTO   3C6
03C0:  BTFSC  3B.4
03C1:  GOTO   3D8
03C2:  BTFSC  3B.3
03C3:  GOTO   3C6
03C4:  MOVLW  20
03C5:  GOTO   3C9
03C6:  BSF    3B.3
03C7:  BCF    3B.4
03C8:  MOVLW  30
03C9:  ADDWF  77,F
03CA:  CLRF   35
03CB:  MOVF   04,W
03CC:  MOVWF  34
03CD:  BCF    35.0
03CE:  BTFSC  03.7
03CF:  BSF    35.0
03D0:  MOVF   77,W
03D1:  MOVWF  3D
03D2:  CALL   2F4
03D3:  MOVF   34,W
03D4:  MOVWF  04
03D5:  BCF    03.7
03D6:  BTFSC  35.0
03D7:  BSF    03.7
03D8:  INCF   04,F
03D9:  BTFSS  3B.6
03DA:  GOTO   3B6
03DB:  BCF    0A.3
03DC:  BCF    0A.4
03DD:  GOTO   41C (RETURN)
....................  
.................... #list 
....................  
.................... #FUSES XT,NOWDT,NOLVP 
.................... #use delay(clock=4000000) 
*
023A:  MOVLW  3E
023B:  MOVWF  04
023C:  BCF    03.7
023D:  MOVF   00,W
023E:  BTFSC  03.2
023F:  GOTO   24E
0240:  MOVLW  01
0241:  MOVWF  78
0242:  CLRF   77
0243:  DECFSZ 77,F
0244:  GOTO   243
0245:  DECFSZ 78,F
0246:  GOTO   242
0247:  MOVLW  4A
0248:  MOVWF  77
0249:  DECFSZ 77,F
024A:  GOTO   249
024B:  GOTO   24C
024C:  DECFSZ 00,F
024D:  GOTO   240
024E:  RETURN
.................... #use standard_io(C) 
.................... #use standard_io(B) 
.................... #use standard_io(A) 
.................... #define LCD_DATA_PORTB 
.................... #define use_portb_kbd TRUE 
.................... #include <lcd.c> 
.................... /////////////////////////////////////////////////////////////////////////////// 
.................... ////                             LCD.C                                     //// 
.................... ////                 Driver for common LCD modules                         //// 
.................... ////                                                                       //// 
.................... ////  lcd_init()   Must be called before any other function.               //// 
.................... ////                                                                       //// 
.................... ////  lcd_putc(c)  Will display c on the next position of the LCD.         //// 
.................... ////                 \a  Set cursor position to upper left                 //// 
.................... ////                 \f  Clear display, set cursor to upper left           //// 
.................... ////                 \n  Go to start of second line                        //// 
.................... ////                 \b  Move back one position                            //// 
.................... ////              If LCD_EXTENDED_NEWLINE is defined, the \n character     //// 
.................... ////              will erase all remanining characters on the current      //// 
.................... ////              line, and move the cursor to the beginning of the next   //// 
.................... ////              line.                                                    //// 
.................... ////              If LCD_EXTENDED_NEWLINE is defined, the \r character     //// 
.................... ////              will move the cursor to the start of the current         //// 
.................... ////              line.                                                    //// 
.................... ////                                                                       //// 
.................... ////  lcd_gotoxy(x,y) Set write position on LCD (upper left is 1,1)        //// 
.................... ////                                                                       //// 
.................... ////  lcd_getc(x,y)   Returns character at position x,y on LCD             //// 
.................... ////                                                                       //// 
.................... ////  lcd_cursor_on(int1 on)   Turn the cursor on (on=TRUE) or off         //// 
.................... ////              (on=FALSE).                                              //// 
.................... ////                                                                       //// 
.................... ////  lcd_set_cgram_char(w, *p)   Write a custom character to the CGRAM.   //// 
.................... ////                                                                       //// 
.................... ////                                                                       //// 
.................... ////  CONFIGURATION                                                        //// 
.................... ////  The LCD can be configured in one of two ways: a.) port access or     //// 
.................... ////  b.) pin access.  Port access requires the entire 7 bit interface     //// 
.................... ////  connected to one GPIO port, and the data bits (D4:D7 of the LCD)     //// 
.................... ////  connected to sequential pins on the GPIO.  Pin access                //// 
.................... ////  has no requirements, all 7 bits of the control interface can         //// 
.................... ////  can be connected to any GPIO using several ports.                    //// 
.................... ////                                                                       //// 
.................... ////  To use port access, #define LCD_DATA_PORT to the SFR location of     //// 
.................... ////  of the GPIO port that holds the interface, -AND- edit LCD_PIN_MAP    //// 
.................... ////  of this file to configure the pin order.  If you are using a         //// 
.................... ////  baseline PIC (PCB), then LCD_OUTPUT_MAP and LCD_INPUT_MAP also must  //// 
.................... ////  be defined.                                                          //// 
.................... ////                                                                       //// 
.................... ////  Example of port access:                                              //// 
.................... ////     #define LCD_DATA_PORT getenv("SFR:PORTD")                         //// 
.................... ////                                                                       //// 
.................... ////  To use pin access, the following pins must be defined:               //// 
.................... ////     LCD_ENABLE_PIN                                                    //// 
.................... ////     LCD_RS_PIN                                                        //// 
.................... ////     LCD_RW_PIN                                                        //// 
.................... ////     LCD_DATA4                                                         //// 
.................... ////     LCD_DATA5                                                         //// 
.................... ////     LCD_DATA6                                                         //// 
.................... ////     LCD_DATA7                                                         //// 
.................... ////                                                                       //// 
.................... ////  Example of pin access:                                               //// 
.................... ////     #define LCD_ENABLE_PIN  PIN_E0                                    //// 
.................... ////     #define LCD_RS_PIN      PIN_E1                                    //// 
.................... ////     #define LCD_RW_PIN      PIN_E2                                    //// 
.................... ////     #define LCD_DATA4       PIN_D4                                    //// 
.................... ////     #define LCD_DATA5       PIN_D5                                    //// 
.................... ////     #define LCD_DATA6       PIN_D6                                    //// 
.................... ////     #define LCD_DATA7       PIN_D7                                    //// 
.................... ////                                                                       //// 
.................... /////////////////////////////////////////////////////////////////////////////// 
.................... ////        (C) Copyright 1996,2010 Custom Computer Services           //// 
.................... //// This source code may only be used by licensed users of the CCS C  //// 
.................... //// compiler.  This source code may only be distributed to other      //// 
.................... //// licensed users of the CCS C compiler.  No other use, reproduction //// 
.................... //// or distribution is permitted without written permission.          //// 
.................... //// Derivative programs created using this software in object code    //// 
.................... //// form are not restricted in any way.                               //// 
.................... /////////////////////////////////////////////////////////////////////////// 
....................  
.................... #ifndef __LCD_C__ 
.................... #define __LCD_C__ 
....................  
.................... // define the pinout. 
.................... // only required if port access is being used. 
.................... typedef struct   
.................... {                            // This structure is overlayed 
....................    int1 enable;           // on to an I/O port to gain 
....................    int1 rs;               // access to the LCD pins. 
....................    int1 rw;               // The bits are allocated from 
....................    int1 unused;           // low order up.  ENABLE will 
....................    unsigned int     data : 4;         // be LSB pin of that port. 
....................   #if defined(__PCD__)       // The port used will be LCD_DATA_PORT. 
....................    unsigned int    reserved: 8; 
....................   #endif 
.................... } LCD_PIN_MAP; 
....................  
.................... // this is to improve compatability with previous LCD drivers that accepted 
.................... // a define labeled 'use_portb_lcd' that configured the LCD onto port B. 
.................... #if ((defined(use_portb_lcd)) && (use_portb_lcd==TRUE)) 
....................  #define LCD_DATA_PORT getenv("SFR:PORTB") 
.................... #endif 
....................  
.................... #if defined(__PCB__) 
....................    // these definitions only need to be modified for baseline PICs. 
....................    // all other PICs use LCD_PIN_MAP or individual LCD_xxx pin definitions. 
.................... /*                                    EN, RS,   RW,   UNUSED,  DATA  */ 
....................  const LCD_PIN_MAP LCD_OUTPUT_MAP =  {0,  0,    0,    0,       0}; 
....................  const LCD_PIN_MAP LCD_INPUT_MAP =   {0,  0,    0,    0,       0xF}; 
.................... #endif 
....................  
.................... ////////////////////// END CONFIGURATION /////////////////////////////////// 
....................  
.................... #ifndef LCD_ENABLE_PIN 
....................    #define lcd_output_enable(x) lcdlat.enable=x 
....................    #define lcd_enable_tris()   lcdtris.enable=0 
.................... #else 
....................    #define lcd_output_enable(x) output_bit(LCD_ENABLE_PIN, x) 
....................    #define lcd_enable_tris()  output_drive(LCD_ENABLE_PIN) 
.................... #endif 
....................  
.................... #ifndef LCD_RS_PIN 
....................    #define lcd_output_rs(x) lcdlat.rs=x 
....................    #define lcd_rs_tris()   lcdtris.rs=0 
.................... #else 
....................    #define lcd_output_rs(x) output_bit(LCD_RS_PIN, x) 
....................    #define lcd_rs_tris()  output_drive(LCD_RS_PIN) 
.................... #endif 
....................  
.................... #ifndef LCD_RW_PIN 
....................    #define lcd_output_rw(x) lcdlat.rw=x 
....................    #define lcd_rw_tris()   lcdtris.rw=0 
.................... #else 
....................    #define lcd_output_rw(x) output_bit(LCD_RW_PIN, x) 
....................    #define lcd_rw_tris()  output_drive(LCD_RW_PIN) 
.................... #endif 
....................  
.................... // original version of this library incorrectly labeled LCD_DATA0 as LCD_DATA4, 
.................... // LCD_DATA1 as LCD_DATA5, and so on.  this block of code makes the driver 
.................... // compatible with any code written for the original library 
.................... #if (defined(LCD_DATA0) && defined(LCD_DATA1) && defined(LCD_DATA2) && defined(LCD_DATA3) && !defined(LCD_DATA4) && !defined(LCD_DATA5) && !defined(LCD_DATA6) && !defined(LCD_DATA7)) 
....................    #define  LCD_DATA4    LCD_DATA0 
....................    #define  LCD_DATA5    LCD_DATA1 
....................    #define  LCD_DATA6    LCD_DATA2 
....................    #define  LCD_DATA7    LCD_DATA3 
.................... #endif 
....................  
.................... #ifndef LCD_DATA4 
.................... #ifndef LCD_DATA_PORT 
....................    #if defined(__PCB__) 
....................       #define LCD_DATA_PORT      0x06     //portb 
....................       #define set_tris_lcd(x)   set_tris_b(x) 
....................    #else 
....................      #if defined(PIN_D0) 
....................       #define LCD_DATA_PORT      getenv("SFR:PORTD")     //portd 
....................      #else 
....................       #define LCD_DATA_PORT      getenv("SFR:PORTB")     //portb 
....................      #endif 
....................    #endif    
.................... #endif 
....................  
.................... #if defined(__PCB__) 
....................    LCD_PIN_MAP lcd, lcdlat; 
....................    #byte lcd = LCD_DATA_PORT 
....................    #byte lcdlat = LCD_DATA_PORT 
.................... #elif defined(__PCM__) 
....................    LCD_PIN_MAP lcd, lcdlat, lcdtris; 
....................    #byte lcd = LCD_DATA_PORT 
....................    #byte lcdlat = LCD_DATA_PORT 
....................    #byte lcdtris = LCD_DATA_PORT+0x80 
.................... #elif defined(__PCH__) 
....................    LCD_PIN_MAP lcd, lcdlat, lcdtris; 
....................    #byte lcd = LCD_DATA_PORT 
....................    #byte lcdlat = LCD_DATA_PORT+9 
....................    #byte lcdtris = LCD_DATA_PORT+0x12 
.................... #elif defined(__PCD__) 
....................    LCD_PIN_MAP lcd, lcdlat, lcdtris; 
....................    #word lcd = LCD_DATA_PORT 
....................    #word lcdlat = LCD_DATA_PORT+2 
....................    #word lcdtris = LCD_DATA_PORT-0x02 
.................... #endif 
.................... #endif   //LCD_DATA4 not defined 
....................  
.................... #ifndef LCD_TYPE 
....................    #define LCD_TYPE 2           // 0=5x7, 1=5x10, 2=2 lines 
.................... #endif 
....................  
.................... #ifndef LCD_LINE_TWO 
....................    #define LCD_LINE_TWO 0x40    // LCD RAM address for the second line 
.................... #endif 
....................  
.................... #ifndef LCD_LINE_LENGTH 
....................    #define LCD_LINE_LENGTH 20 
.................... #endif 
....................  
.................... unsigned int8 lcd_read_nibble(void); 
....................  
.................... unsigned int8 lcd_read_byte(void) 
.................... { 
....................    unsigned int8 low,high; 
....................  
....................  #if defined(__PCB__) 
....................    set_tris_lcd(LCD_INPUT_MAP); 
....................  #else 
....................   #if (defined(LCD_DATA4) && defined(LCD_DATA5) && defined(LCD_DATA6) && defined(LCD_DATA7)) 
....................    output_float(LCD_DATA4); 
....................    output_float(LCD_DATA5); 
....................    output_float(LCD_DATA6); 
....................    output_float(LCD_DATA7); 
....................   #else 
....................    lcdtris.data = 0xF; 
*
0267:  MOVLW  0F
0268:  BSF    03.5
0269:  ANDWF  06,W
026A:  IORLW  F0
026B:  MOVWF  06
....................   #endif 
....................  #endif 
....................          
....................    lcd_output_rw(1); 
026C:  BCF    03.5
026D:  BSF    06.2
....................    delay_cycles(1); 
026E:  NOP
....................    lcd_output_enable(1); 
026F:  BSF    06.0
....................    delay_cycles(1); 
0270:  NOP
....................    high = lcd_read_nibble(); 
0271:  CALL   25B
0272:  MOVF   78,W
0273:  MOVWF  45
....................        
....................    lcd_output_enable(0); 
0274:  BCF    06.0
....................    delay_cycles(1); 
0275:  NOP
....................    lcd_output_enable(1); 
0276:  BSF    06.0
....................    delay_us(1); 
0277:  NOP
....................    low = lcd_read_nibble(); 
0278:  CALL   25B
0279:  MOVF   78,W
027A:  MOVWF  44
....................        
....................    lcd_output_enable(0); 
027B:  BCF    06.0
....................  
....................  #if defined(__PCB__) 
....................    set_tris_lcd(LCD_OUTPUT_MAP); 
....................  #else 
....................   #if (defined(LCD_DATA4) && defined(LCD_DATA5) && defined(LCD_DATA6) && defined(LCD_DATA7)) 
....................    output_drive(LCD_DATA4); 
....................    output_drive(LCD_DATA5); 
....................    output_drive(LCD_DATA6); 
....................    output_drive(LCD_DATA7); 
....................   #else 
....................    lcdtris.data = 0x0; 
027C:  MOVLW  0F
027D:  BSF    03.5
027E:  ANDWF  06,W
027F:  MOVWF  06
....................   #endif 
....................  #endif 
....................  
....................    return( (high<<4) | low); 
0280:  BCF    03.5
0281:  SWAPF  45,W
0282:  MOVWF  77
0283:  MOVLW  F0
0284:  ANDWF  77,F
0285:  MOVF   77,W
0286:  IORWF  44,W
0287:  MOVWF  78
.................... } 
....................  
.................... unsigned int8 lcd_read_nibble(void) 
.................... { 
....................   #if (defined(LCD_DATA4) && defined(LCD_DATA5) && defined(LCD_DATA6) && defined(LCD_DATA7)) 
....................    unsigned int8 n = 0x00; 
....................  
....................    /* Read the data port */ 
....................    n |= input(LCD_DATA4); 
....................    n |= input(LCD_DATA5) << 1; 
....................    n |= input(LCD_DATA6) << 2; 
....................    n |= input(LCD_DATA7) << 3; 
....................     
....................    return(n); 
....................   #else 
....................    return(lcd.data); 
*
025B:  MOVF   06,W
025C:  MOVWF  77
025D:  SWAPF  06,W
025E:  ANDLW  0F
025F:  MOVWF  78
....................   #endif 
0260:  RETURN
.................... } 
....................  
.................... void lcd_send_nibble(unsigned int8 n) 
.................... { 
....................   #if (defined(LCD_DATA4) && defined(LCD_DATA5) && defined(LCD_DATA6) && defined(LCD_DATA7)) 
....................    /* Write to the data port */ 
....................    output_bit(LCD_DATA4, bit_test(n, 0)); 
....................    output_bit(LCD_DATA5, bit_test(n, 1)); 
....................    output_bit(LCD_DATA6, bit_test(n, 2)); 
....................    output_bit(LCD_DATA7, bit_test(n, 3)); 
....................   #else       
....................    lcdlat.data = n; 
*
024F:  SWAPF  45,W
0250:  ANDLW  F0
0251:  MOVWF  77
0252:  MOVLW  0F
0253:  ANDWF  06,W
0254:  IORWF  77,W
0255:  MOVWF  06
....................   #endif 
....................        
....................    delay_cycles(1); 
0256:  NOP
....................    lcd_output_enable(1); 
0257:  BSF    06.0
....................    delay_us(2); 
0258:  GOTO   259
....................    lcd_output_enable(0); 
0259:  BCF    06.0
025A:  RETURN
.................... } 
....................  
.................... void lcd_send_byte(unsigned int8 address, unsigned int8 n) 
.................... { 
....................   #if defined(__PCB__) 
....................    set_tris_lcd(LCD_OUTPUT_MAP); 
....................   #else 
....................    lcd_enable_tris(); 
*
0261:  BSF    03.5
0262:  BCF    06.0
....................    lcd_rs_tris(); 
0263:  BCF    06.1
....................    lcd_rw_tris(); 
0264:  BCF    06.2
....................   #endif 
....................  
....................    lcd_output_rs(0); 
0265:  BCF    03.5
0266:  BCF    06.1
....................    while ( bit_test(lcd_read_byte(),7) ) ; 
*
0288:  MOVF   78,W
0289:  MOVWF  44
028A:  BTFSC  44.7
028B:  GOTO   267
....................    lcd_output_rs(address); 
028C:  BTFSS  42.0
028D:  BCF    06.1
028E:  BTFSC  42.0
028F:  BSF    06.1
....................    delay_cycles(1); 
0290:  NOP
....................    lcd_output_rw(0); 
0291:  BCF    06.2
....................    delay_cycles(1); 
0292:  NOP
....................    lcd_output_enable(0); 
0293:  BCF    06.0
....................    lcd_send_nibble(n >> 4); 
0294:  SWAPF  43,W
0295:  MOVWF  44
0296:  MOVLW  0F
0297:  ANDWF  44,F
0298:  MOVF   44,W
0299:  MOVWF  45
029A:  CALL   24F
....................    lcd_send_nibble(n & 0xf); 
029B:  MOVF   43,W
029C:  ANDLW  0F
029D:  MOVWF  44
029E:  MOVWF  45
029F:  CALL   24F
02A0:  RETURN
.................... } 
....................  
.................... #if defined(LCD_EXTENDED_NEWLINE) 
.................... unsigned int8 g_LcdX, g_LcdY; 
.................... #endif 
....................  
.................... void lcd_init(void)  
.................... { 
....................    unsigned int8 i; 
....................    unsigned int8 LCD_INIT_STRING[4] = {0x20 | (LCD_TYPE << 2), 0xc, 1, 6}; 
02A1:  MOVLW  28
02A2:  MOVWF  35
02A3:  MOVLW  0C
02A4:  MOVWF  36
02A5:  MOVLW  01
02A6:  MOVWF  37
02A7:  MOVLW  06
02A8:  MOVWF  38
....................                              // These bytes need to be sent to the LCD 
....................                              // to start it up. 
....................     
....................  
....................    lcd_output_enable(0); 
02A9:  BCF    06.0
....................    lcd_output_rs(0); 
02AA:  BCF    06.1
....................    lcd_output_rw(0); 
02AB:  BCF    06.2
....................  
....................  #if defined(__PCB__) 
....................    set_tris_lcd(LCD_OUTPUT_MAP); 
....................  #else 
....................   #if (defined(LCD_DATA4) && defined(LCD_DATA5) && defined(LCD_DATA6) && defined(LCD_DATA7)) 
....................    output_drive(LCD_DATA4); 
....................    output_drive(LCD_DATA5); 
....................    output_drive(LCD_DATA6); 
....................    output_drive(LCD_DATA7); 
....................   #else 
....................    lcdtris.data = 0x0; 
02AC:  MOVLW  0F
02AD:  BSF    03.5
02AE:  ANDWF  06,W
02AF:  MOVWF  06
....................   #endif 
....................    lcd_enable_tris(); 
02B0:  BCF    06.0
....................    lcd_rs_tris(); 
02B1:  BCF    06.1
....................    lcd_rw_tris(); 
02B2:  BCF    06.2
....................  #endif 
....................      
....................    delay_ms(15); 
02B3:  MOVLW  0F
02B4:  BCF    03.5
02B5:  MOVWF  3E
02B6:  CALL   23A
....................    for(i=1;i<=3;++i) 
02B7:  MOVLW  01
02B8:  MOVWF  34
02B9:  MOVF   34,W
02BA:  SUBLW  03
02BB:  BTFSS  03.0
02BC:  GOTO   2C5
....................    { 
....................        lcd_send_nibble(3); 
02BD:  MOVLW  03
02BE:  MOVWF  45
02BF:  CALL   24F
....................        delay_ms(5); 
02C0:  MOVLW  05
02C1:  MOVWF  3E
02C2:  CALL   23A
02C3:  INCF   34,F
02C4:  GOTO   2B9
....................    } 
....................     
....................    lcd_send_nibble(2); 
02C5:  MOVLW  02
02C6:  MOVWF  45
02C7:  CALL   24F
....................    delay_ms(5); 
02C8:  MOVLW  05
02C9:  MOVWF  3E
02CA:  CALL   23A
....................    for(i=0;i<=3;++i) 
02CB:  CLRF   34
02CC:  MOVF   34,W
02CD:  SUBLW  03
02CE:  BTFSS  03.0
02CF:  GOTO   2DC
....................       lcd_send_byte(0,LCD_INIT_STRING[i]); 
02D0:  MOVLW  35
02D1:  ADDWF  34,W
02D2:  MOVWF  04
02D3:  BCF    03.7
02D4:  MOVF   00,W
02D5:  MOVWF  39
02D6:  CLRF   42
02D7:  MOVF   39,W
02D8:  MOVWF  43
02D9:  CALL   261
....................  
....................   #if defined(LCD_EXTENDED_NEWLINE) 
02DA:  INCF   34,F
02DB:  GOTO   2CC
02DC:  BCF    0A.3
02DD:  BCF    0A.4
02DE:  GOTO   407 (RETURN)
....................    g_LcdX = 0; 
....................    g_LcdY = 0; 
....................   #endif 
.................... } 
....................  
.................... void lcd_gotoxy(unsigned int8 x, unsigned int8 y) 
.................... { 
....................    unsigned int8 address; 
....................     
....................    if(y!=1) 
*
02E2:  DECFSZ 3F,W
02E3:  GOTO   2E5
02E4:  GOTO   2E8
....................       address=LCD_LINE_TWO; 
02E5:  MOVLW  40
02E6:  MOVWF  40
02E7:  GOTO   2E9
....................    else 
....................       address=0; 
02E8:  CLRF   40
....................       
....................    address+=x-1; 
02E9:  MOVLW  01
02EA:  SUBWF  3E,W
02EB:  ADDWF  40,F
....................    lcd_send_byte(0,0x80|address); 
02EC:  MOVF   40,W
02ED:  IORLW  80
02EE:  MOVWF  41
02EF:  CLRF   42
02F0:  MOVF   41,W
02F1:  MOVWF  43
02F2:  CALL   261
....................  
....................   #if defined(LCD_EXTENDED_NEWLINE) 
02F3:  RETURN
....................    g_LcdX = x - 1; 
....................    g_LcdY = y - 1; 
....................   #endif 
.................... } 
....................  
.................... void lcd_putc(char c) 
.................... { 
....................    switch (c) 
02F4:  MOVF   3D,W
02F5:  XORLW  07
02F6:  BTFSC  03.2
02F7:  GOTO   302
02F8:  XORLW  0B
02F9:  BTFSC  03.2
02FA:  GOTO   307
02FB:  XORLW  06
02FC:  BTFSC  03.2
02FD:  GOTO   30F
02FE:  XORLW  02
02FF:  BTFSC  03.2
0300:  GOTO   315
0301:  GOTO   31A
....................    { 
....................       case '\a'   :  lcd_gotoxy(1,1);     break; 
0302:  MOVLW  01
0303:  MOVWF  3E
0304:  MOVWF  3F
0305:  CALL   2E2
0306:  GOTO   31F
....................  
....................       case '\f'   :  lcd_send_byte(0,1); 
0307:  CLRF   42
0308:  MOVLW  01
0309:  MOVWF  43
030A:  CALL   261
....................                      delay_ms(2); 
030B:  MOVLW  02
030C:  MOVWF  3E
030D:  CALL   23A
....................                     #if defined(LCD_EXTENDED_NEWLINE) 
....................                      g_LcdX = 0; 
....................                      g_LcdY = 0; 
....................                     #endif 
....................                      break; 
030E:  GOTO   31F
....................  
....................      #if defined(LCD_EXTENDED_NEWLINE) 
....................       case '\r'   :  lcd_gotoxy(1, g_LcdY+1);   break; 
....................       case '\n'   : 
....................          while (g_LcdX++ < LCD_LINE_LENGTH) 
....................          { 
....................             lcd_send_byte(1, ' '); 
....................          } 
....................          lcd_gotoxy(1, g_LcdY+2); 
....................          break; 
....................      #else 
....................       case '\n'   : lcd_gotoxy(1,2);        break; 
030F:  MOVLW  01
0310:  MOVWF  3E
0311:  MOVLW  02
0312:  MOVWF  3F
0313:  CALL   2E2
0314:  GOTO   31F
....................      #endif 
....................       
....................       case '\b'   : lcd_send_byte(0,0x10);  break; 
0315:  CLRF   42
0316:  MOVLW  10
0317:  MOVWF  43
0318:  CALL   261
0319:  GOTO   31F
....................       
....................      #if defined(LCD_EXTENDED_NEWLINE) 
....................       default     :  
....................          if (g_LcdX < LCD_LINE_LENGTH) 
....................          { 
....................             lcd_send_byte(1, c); 
....................             g_LcdX++; 
....................          } 
....................          break; 
....................      #else 
....................       default     : lcd_send_byte(1,c);     break; 
031A:  MOVLW  01
031B:  MOVWF  42
031C:  MOVF   3D,W
031D:  MOVWF  43
031E:  CALL   261
....................      #endif 
....................    } 
031F:  RETURN
.................... } 
....................   
.................... char lcd_getc(unsigned int8 x, unsigned int8 y) 
.................... { 
....................    char value; 
....................  
....................    lcd_gotoxy(x,y); 
....................    while ( bit_test(lcd_read_byte(),7) ); // wait until busy flag is low 
....................    lcd_output_rs(1); 
....................    value = lcd_read_byte(); 
....................    lcd_output_rs(0); 
....................     
....................    return(value); 
.................... } 
....................  
.................... // write a custom character to the ram 
.................... // which is 0-7 and specifies which character array we are modifying. 
.................... // ptr points to an array of 8 bytes, where each byte is the next row of 
.................... //    pixels.  only bits 0-4 are used.  the last row is the cursor row, and 
.................... //    usually you will want to leave this byte 0x00. 
.................... void lcd_set_cgram_char(unsigned int8 which, unsigned int8 *ptr) 
.................... { 
....................    unsigned int i; 
....................  
....................    which <<= 3; 
....................    which &= 0x38; 
....................  
....................    lcd_send_byte(0, 0x40 | which);  //set cgram address 
....................  
....................    for(i=0; i<8; i++) 
....................    { 
....................       lcd_send_byte(1, *ptr++); 
....................    } 
....................    
....................    #if defined(LCD_EXTENDED_NEWLINE) 
....................     lcd_gotoxy(g_LcdX+1, g_LcdY+1);  //set ddram address 
....................    #endif 
.................... } 
....................  
.................... void lcd_cursor_on(int1 on) 
.................... { 
....................    if (on) 
....................    { 
....................       lcd_send_byte(0,0x0F);           //turn LCD cursor ON 
....................    } 
....................    else 
....................    { 
....................       lcd_send_byte(0,0x0C);           //turn LCD cursor OFF 
....................    } 
.................... } 
....................  
.................... #endif 
....................  
.................... #include <kbd.c> 
.................... /////////////////////////////////////////////////////////////////////////// 
.................... ////                             KBD.C                                 //// 
.................... ////                  Generic keypad scan driver                       //// 
.................... ////                                                                   //// 
.................... ////  kbd_init()   Must be called before any other function.           //// 
.................... ////                                                                   //// 
.................... ////  c = kbd_getc(c)  Will return a key value if pressed or /0 if not //// 
.................... ////                   This function should be called frequently so as //// 
.................... ////                   not to miss a key press.                        //// 
.................... ////                                                                   //// 
.................... /////////////////////////////////////////////////////////////////////////// 
.................... ////        (C) Copyright 1996,2003 Custom Computer Services           //// 
.................... //// This source code may only be used by licensed users of the CCS C  //// 
.................... //// compiler.  This source code may only be distributed to other      //// 
.................... //// licensed users of the CCS C compiler.  No other use, reproduction //// 
.................... //// or distribution is permitted without written permission.          //// 
.................... //// Derivative programs created using this software in object code    //// 
.................... //// form are not restricted in any way.                               //// 
.................... /////////////////////////////////////////////////////////////////////////// 
....................  
.................... ////////////////// The following defines the keypad layout on port D 
....................  
.................... // Un-comment the following define to use port B 
.................... // #define use_portb_kbd TRUE 
....................  
.................... // Make sure the port used has pull-up resistors (or the LCD) on 
.................... // the column pins 
....................  
.................... #if defined use_portb_kbd 
....................    #byte kbd = getenv("SFR:PORTB") 
.................... #else 
....................    #byte kbd = getenv("SFR:PORTD") 
.................... #endif 
....................  
.................... #if defined use_portb_kbd 
....................    #define set_tris_kbd(x) set_tris_b(x) 
.................... #else 
....................    #define set_tris_kbd(x) set_tris_d(x) 
.................... #endif 
....................  
.................... //Keypad connection:   (for example column 0 is B2) 
.................... //                Bx: 
....................  
.................... #ifdef blue_keypad  ///////////////////////////////////// For the blue keypad 
.................... #define COL0 (1 << 2) 
.................... #define COL1 (1 << 3) 
.................... #define COL2 (1 << 6) 
....................  
.................... #define ROW0 (1 << 4) 
.................... #define ROW1 (1 << 7) 
.................... #define ROW2 (1 << 1) 
.................... #define ROW3 (1 << 5) 
....................  
.................... #else ////////////////////////////////////////////////// For the black keypad 
.................... #define COL0 (1 << 5) 
.................... #define COL1 (1 << 6) 
.................... #define COL2 (1 << 7) 
....................  
.................... #define ROW0 (1 << 1) 
.................... #define ROW1 (1 << 2) 
.................... #define ROW2 (1 << 3) 
.................... #define ROW3 (1 << 4) 
....................  
.................... #endif 
....................  
.................... #define ALL_ROWS (ROW0|ROW1|ROW2|ROW3) 
.................... #define ALL_PINS (ALL_ROWS|COL0|COL1|COL2) 
....................  
.................... // Keypad layout: 
.................... char const KEYS[4][3] = {{'1','2','3'}, 
....................                          {'4','5','6'}, 
....................                          {'7','8','9'}, 
....................                          {'*','0','#'}}; 
....................  
.................... #define KBD_DEBOUNCE_FACTOR 33    // Set this number to apx n/333 where 
....................                                   // n is the number of times you expect 
....................                                   // to call kbd_getc each second 
....................  
....................  
.................... void kbd_init() { 
*
02DF:  BCF    0A.3
02E0:  BCF    0A.4
02E1:  GOTO   408 (RETURN)
.................... } 
....................  
.................... char kbd_getc( ) { 
....................    static BYTE kbd_call_count; 
*
03EC:  BCF    03.5
03ED:  CLRF   2C
....................    static int1 kbd_down; 
03EE:  BCF    2D.0
....................    static char last_key; 
03EF:  CLRF   2E
....................    static BYTE col; 
03F0:  CLRF   2F
....................  
....................    BYTE kchar; 
....................    BYTE row; 
....................  
....................    kchar='\0'; 
....................    if(++kbd_call_count>KBD_DEBOUNCE_FACTOR) { 
....................        switch (col) { 
....................          case 0   : set_tris_kbd(ALL_PINS&~COL0); 
....................                     kbd=~COL0&ALL_PINS; 
....................                     break; 
....................          case 1   : set_tris_kbd(ALL_PINS&~COL1); 
....................                     kbd=~COL1&ALL_PINS; 
....................                     break; 
....................          case 2   : set_tris_kbd(ALL_PINS&~COL2); 
....................                     kbd=~COL2&ALL_PINS; 
....................                     break; 
....................        } 
....................  
....................        if(kbd_down) { 
....................          if((kbd & (ALL_ROWS))==(ALL_ROWS)) { 
....................            kbd_down=FALSE; 
....................            kchar=last_key; 
....................            last_key='\0'; 
....................          } 
....................        } else { 
....................           if((kbd & (ALL_ROWS))!=(ALL_ROWS)) { 
....................              if((kbd & ROW0)==0) 
....................                row=0; 
....................              else if((kbd & ROW1)==0) 
....................                row=1; 
....................              else if((kbd & ROW2)==0) 
....................                row=2; 
....................              else if((kbd & ROW3)==0) 
....................                row=3; 
....................              last_key =KEYS[row][col]; 
....................              kbd_down = TRUE; 
....................           } else { 
....................              ++col; 
....................              if(col==3) 
....................                col=0; 
....................           } 
....................        } 
....................       kbd_call_count=0; 
....................    } 
....................   set_tris_kbd(ALL_PINS); 
....................   return(kchar); 
.................... } 
....................  
....................  
.................... int16 rpmcont; 
.................... int16 timcont; 
.................... int1 check = 1; 
....................  
.................... #INT_TIMER1 
....................  
.................... void isr_timer1() { 
....................     rpmcont = ((timcont * 600.0) / 360) / 2.0; 
*
0122:  MOVF   33,W
0123:  MOVWF  48
0124:  MOVF   32,W
0125:  MOVWF  47
*
0142:  MOVF   7A,W
0143:  MOVWF  4A
0144:  MOVF   79,W
0145:  MOVWF  49
0146:  MOVF   78,W
0147:  MOVWF  48
0148:  MOVF   77,W
0149:  MOVWF  47
014A:  CLRF   4E
014B:  CLRF   4D
014C:  MOVLW  16
014D:  MOVWF  4C
014E:  MOVLW  88
014F:  MOVWF  4B
*
01C4:  MOVF   7A,W
01C5:  MOVWF  4A
01C6:  MOVF   79,W
01C7:  MOVWF  49
01C8:  MOVF   78,W
01C9:  MOVWF  48
01CA:  MOVF   77,W
01CB:  MOVWF  47
01CC:  MOVF   4A,W
01CD:  MOVWF  4E
01CE:  MOVF   49,W
01CF:  MOVWF  4D
01D0:  MOVF   48,W
01D1:  MOVWF  4C
01D2:  MOVF   47,W
01D3:  MOVWF  4B
01D4:  CLRF   52
01D5:  CLRF   51
01D6:  MOVLW  34
01D7:  MOVWF  50
01D8:  MOVLW  87
01D9:  MOVWF  4F
01DA:  CALL   058
01DB:  MOVF   7A,W
01DC:  MOVWF  4A
01DD:  MOVF   79,W
01DE:  MOVWF  49
01DF:  MOVF   78,W
01E0:  MOVWF  48
01E1:  MOVF   77,W
01E2:  MOVWF  47
01E3:  MOVF   4A,W
01E4:  MOVWF  4E
01E5:  MOVF   49,W
01E6:  MOVWF  4D
01E7:  MOVF   48,W
01E8:  MOVWF  4C
01E9:  MOVF   47,W
01EA:  MOVWF  4B
01EB:  CLRF   52
01EC:  CLRF   51
01ED:  CLRF   50
01EE:  MOVLW  80
01EF:  MOVWF  4F
01F0:  CALL   058
01F1:  MOVF   7A,W
01F2:  MOVWF  4A
01F3:  MOVF   79,W
01F4:  MOVWF  49
01F5:  MOVF   78,W
01F6:  MOVWF  48
01F7:  MOVF   77,W
01F8:  MOVWF  47
*
0217:  MOVF   79,W
0218:  MOVWF  31
0219:  MOVF   78,W
021A:  MOVWF  30
....................     timcont = 0; 
021B:  CLRF   33
021C:  CLRF   32
....................     check = 1; 
021D:  BSF    2D.1
....................     set_timer1(15535); 
021E:  CLRF   0E
021F:  MOVLW  3C
0220:  MOVWF  0F
0221:  MOVLW  AF
0222:  MOVWF  0E
.................... } 
....................  
0223:  BCF    0C.0
0224:  BCF    0A.3
0225:  BCF    0A.4
0226:  GOTO   031
.................... #INT_TIMER0 
....................  
.................... void isr_timer0() { 
....................     timcont++; 
0227:  INCF   32,F
0228:  BTFSC  03.2
0229:  INCF   33,F
....................     set_timer0(255); 
022A:  MOVLW  FF
022B:  MOVWF  01
022C:  BCF    0B.2
022D:  BCF    0A.3
022E:  BCF    0A.4
022F:  GOTO   031
.................... } 
....................  
.................... void main() { 
*
03DE:  MOVF   03,W
03DF:  ANDLW  1F
03E0:  MOVWF  03
03E1:  MOVLW  FF
03E2:  MOVWF  2B
03E3:  BSF    2D.1
03E4:  BSF    03.5
03E5:  BSF    1F.0
03E6:  BSF    1F.1
03E7:  BSF    1F.2
03E8:  BCF    1F.3
03E9:  MOVLW  07
03EA:  MOVWF  1C
03EB:  BCF    03.7
....................     setup_timer_1(T1_INTERNAL | T1_DIV_BY_4); 
*
03F1:  MOVLW  A5
03F2:  MOVWF  10
....................     setup_timer_0(T0_EXT_L_TO_H | T0_DIV_1); 
03F3:  BSF    03.5
03F4:  MOVF   01,W
03F5:  ANDLW  C7
03F6:  IORLW  28
03F7:  MOVWF  01
....................     enable_interrupts(INT_TIMER0); 
03F8:  BCF    03.5
03F9:  BSF    0B.5
....................     enable_interrupts(INT_TIMER1); 
03FA:  BSF    03.5
03FB:  BSF    0C.0
....................     enable_interrupts(GLOBAL); 
03FC:  MOVLW  C0
03FD:  BCF    03.5
03FE:  IORWF  0B,F
....................     set_timer1(15535); 
03FF:  CLRF   0E
0400:  MOVLW  3C
0401:  MOVWF  0F
0402:  MOVLW  AF
0403:  MOVWF  0E
....................     set_timer0(255); 
0404:  MOVLW  FF
0405:  MOVWF  01
....................     lcd_init(); 
0406:  GOTO   2A1
....................     kbd_init(); 
0407:  GOTO   2DF
....................     while (1) { 
....................         if (check == 1) { 
0408:  BTFSS  2D.1
0409:  GOTO   41C
....................             check = 0; 
040A:  BCF    2D.1
....................             printf(lcd_putc, "\fRevoluciones: \n%lu", rpmcont); 
040B:  MOVLW  30
040C:  BSF    03.6
040D:  MOVWF  0D
040E:  MOVLW  02
040F:  MOVWF  0F
0410:  BCF    03.0
0411:  MOVLW  10
0412:  BCF    03.6
0413:  MOVWF  34
0414:  GOTO   320
0415:  MOVLW  10
0416:  MOVWF  04
0417:  MOVF   31,W
0418:  MOVWF  35
0419:  MOVF   30,W
041A:  MOVWF  34
041B:  GOTO   379
....................         } 
041C:  GOTO   408
....................     } 
.................... } 
041D:  SLEEP

Configuration Fuses:
   Word  1: 3F71   XT NOWDT PUT BROWNOUT NOLVP NOCPD NOWRT NODEBUG NOPROTECT
