
ROM used:   1054/8192 (13%)
            1054/8192 (13%) including unused fragments

            0.8 Average locations per line
            7.3 Average locations per statement

RAM used:   26/368 (7%) at main() level
            62/368 (17%) worst case

Stack used: 7 worst case (5 in main + 2 for interrupts)
Stack size: 8

Lines Stmts  %   Files
----- ----- ---  -----
   49    21  14  Motor-Encoder.c
  620     0   0  ..\..\..\..\..\Program Files (x86)\PICC\devices\16F876A.h
  456    84  58  ..\..\..\..\..\Program Files (x86)\PICC\drivers\lcd.c
  135    40  28  ..\..\..\..\..\Program Files (x86)\PICC\drivers\kbd.c
----- -----
 1260   145 Total

Page ROM  %  RAM   Vol Diff  Functions:
---- --- --- ---   --- ----  ----------
0     21   2    1             @delay_ms1
 Inline         3   596  5.9  lcd_read_byte
0      6   1    0    59  4.2  lcd_read_nibble
0     12   1    1   179  3.3  lcd_send_nibble
0     64   6    3   460  4.7  lcd_send_byte
0     62   6    6   814  7.2  lcd_init
0     18   2    4   208  6.3  lcd_gotoxy
0     44   4    1   354  4.7  lcd_putc
0      3   0    0     3  0.0  kbd_init
0    261  25    4   112  2.4  isr_timer1
 Inline         2             @ITOF
 Inline        13             @MULFF
0    202  19   14             @DIVFF
 Inline         4             @SFTOI
0      9   1    0    29  1.2  isr_timer0
0     64   6    1   328  4.0  MAIN
0     10   1    0             @const674
0     89   8    5             @PSTRINGCN7_628
0    101  10    9             @PRINTF_LU_628
 Inline         0             @cinit1

Program metrics:
    Functions               11
    Statements              145
    Comments                243
    Volume (V)              4947
    Difficulty (D)          43.4
    Effort to implement (E) 214940
    Time to implement (T)   3 hours, 19 minutes
    Est Delivered Bugs (B)  1
    Cyclomatic Complexity   9
    Maintainability (MI)    139

 Segment     Used  Free
-----------  ----  ----
00000-00003     4  0  
00004-00057    84  0  
00058-007FF   966  994  
00800-00FFF     0  2048  
01000-017FF     0  2048  
01800-01FFF     0  2048  



