
ROM used:   295/8192 (4%)
            295/8192 (4%) including unused fragments

            0.4 Average locations per line
            11.3 Average locations per statement

RAM used:   13/368 (4%) at main() level
            14/368 (4%) worst case

Stack used: 2 worst case (2 in main + 0 for interrupts)
Stack size: 8

Lines Stmts  %   Files
----- ----- ---  -----
   63    26 100  ADCmaster10bits.c
  671     0   0  ..\..\..\..\..\..\Program Files (x86)\PICC\Devices\16F877A.h
----- -----
  734    26 Total

Page ROM  %  RAM   Vol Diff  Functions:
---- --- --- ---   --- ----  ----------
0     23   8    1             @delay_ms1
0     74  25    1             @I2C_WRITE_1
0    115  39    0   167  1.3  envio_I2C
0     79  27    0   434  2.8  MAIN
 Inline         0             @cinit1

Program metrics:
    Functions               2
    Statements              26
    Comments                128
    Volume (V)              716
    Difficulty (D)          4.0
    Effort to implement (E) 2832
    Time to implement (T)   3 minutes
    Est Delivered Bugs (B)  0
    Cyclomatic Complexity   1
    Maintainability (MI)    90

 Segment     Used  Free
-----------  ----  ----
00000-00003     4  0  
00004-007FF   291  1753  
00800-00FFF     0  2048  
01000-017FF     0  2048  
01800-01FFF     0  2048  



