CCS PCM C Compiler, Version 5.015, 5967               17-jun.-25 23:07

               Filename:   C:\Users\User\Desktop\PRUEBA_19.6\ADCmaster-slave10bits\ADCslave10bits.X\build\default\production\ADCslave10bits.lst

               ROM used:   127 words (2%)
                           Largest free fragment is 2048
               RAM used:   19 (5%) at main() level
                           19 (5%) worst case
               Stack used: 1 locations (0 in main + 1 for interrupts)
               Stack size: 8

*
0000:  MOVLW  00
0001:  MOVWF  0A
0002:  GOTO   05A
0003:  NOP
0004:  MOVWF  7F
0005:  SWAPF  03,W
0006:  CLRF   03
0007:  MOVWF  21
0008:  MOVF   0A,W
0009:  MOVWF  20
000A:  CLRF   0A
000B:  MOVF   04,W
000C:  MOVWF  22
000D:  MOVF   77,W
000E:  MOVWF  23
000F:  MOVF   78,W
0010:  MOVWF  24
0011:  MOVF   79,W
0012:  MOVWF  25
0013:  MOVF   7A,W
0014:  MOVWF  26
0015:  BCF    03.7
0016:  BCF    03.5
0017:  MOVLW  8C
0018:  MOVWF  04
0019:  BTFSS  00.3
001A:  GOTO   01D
001B:  BTFSC  0C.3
001C:  GOTO   02E
001D:  MOVF   22,W
001E:  MOVWF  04
001F:  MOVF   23,W
0020:  MOVWF  77
0021:  MOVF   24,W
0022:  MOVWF  78
0023:  MOVF   25,W
0024:  MOVWF  79
0025:  MOVF   26,W
0026:  MOVWF  7A
0027:  MOVF   20,W
0028:  MOVWF  0A
0029:  SWAPF  21,W
002A:  MOVWF  03
002B:  SWAPF  7F,F
002C:  SWAPF  7F,W
002D:  RETFIE
002E:  BCF    0A.3
002F:  BCF    0A.4
0030:  GOTO   031
.................... #include <16F877a.h> 
.................... //////////// Standard Header file for the PIC16F877A device //////////////// 
.................... /////////////////////////////////////////////////////////////////////////// 
.................... ////        (C) Copyright 1996, 2013 Custom Computer Services          //// 
.................... //// This source code may only be used by licensed users of the CCS C  //// 
.................... //// compiler.  This source code may only be distributed to other      //// 
.................... //// licensed users of the CCS C compiler.  No other use, reproduction //// 
.................... //// or distribution is permitted without written permission.          //// 
.................... //// Derivative programs created using this software in object code    //// 
.................... //// form are not restricted in any way.                               //// 
.................... /////////////////////////////////////////////////////////////////////////// 
.................... #device PIC16F877A 
....................  
.................... #list 
....................  
.................... #FUSES XT,NOWDT,nolvp 
.................... #use delay(clock=4000000) 
.................... #use I2C(SLAVE, SDA=PIN_C4 ,SLOW, SCL=PIN_C3, ADDRESS=0x0c,NOFORCE_SW) 
.................... #use standard_io(b) 
.................... #use standard_io(d) 
....................  
.................... int16 q; 
.................... int q_l; 
.................... int q_h; 
.................... int estado=0; 
.................... int valor; 
....................  
.................... #int_SSP 
.................... SSP_isr() 
.................... { 
.................... 	valor=i2c_read(); 
0031:  BCF    14.6
0032:  BTFSS  0C.3
0033:  GOTO   032
0034:  MOVF   13,W
0035:  BSF    14.4
0036:  MOVWF  2D
....................     estado++; 
0037:  INCF   2C,F
....................  
....................     if(estado==2) 
0038:  MOVF   2C,W
0039:  SUBLW  02
003A:  BTFSS  03.2
003B:  GOTO   041
....................     { 
....................         output_b(valor); 
003C:  BSF    03.5
003D:  CLRF   06
003E:  BCF    03.5
003F:  MOVF   2D,W
0040:  MOVWF  06
....................     } 
....................     if(estado==3) 
0041:  MOVF   2C,W
0042:  SUBLW  03
0043:  BTFSS  03.2
0044:  GOTO   04A
....................     { 
....................         output_d(valor); 
0045:  BSF    03.5
0046:  CLRF   08
0047:  BCF    03.5
0048:  MOVF   2D,W
0049:  MOVWF  08
....................     } 
....................     if(estado>=4 && estado <6) 
004A:  MOVF   2C,W
004B:  SUBLW  03
004C:  BTFSC  03.0
004D:  GOTO   052
004E:  MOVF   2C,W
004F:  SUBLW  05
0050:  BTFSC  03.0
....................     {} 
0051:  GOTO   056
....................     else if(estado == 6) estado=0; 
0052:  MOVF   2C,W
0053:  SUBLW  06
0054:  BTFSC  03.2
0055:  CLRF   2C
0056:  BCF    0C.3
0057:  BCF    0A.3
0058:  BCF    0A.4
0059:  GOTO   01D
.................... } 
.................... void main()  
005A:  MOVF   03,W
005B:  ANDLW  1F
005C:  MOVWF  03
005D:  MOVLW  FF
005E:  MOVWF  27
005F:  BSF    27.3
0060:  MOVF   27,W
0061:  BSF    03.5
0062:  MOVWF  07
0063:  BCF    03.5
0064:  BSF    27.4
0065:  MOVF   27,W
0066:  BSF    03.5
0067:  MOVWF  07
0068:  MOVLW  0C
0069:  MOVWF  13
006A:  MOVLW  36
006B:  BCF    03.5
006C:  MOVWF  14
006D:  BSF    03.5
006E:  BSF    11.0
006F:  BCF    03.5
0070:  CLRF   2C
0071:  BSF    03.5
0072:  BSF    1F.0
0073:  BSF    1F.1
0074:  BSF    1F.2
0075:  BCF    1F.3
0076:  MOVLW  07
0077:  MOVWF  1C
0078:  BCF    03.7
.................... { 
....................     enable_interrupts(INT_SSP); 
0079:  BSF    0C.3
....................   	enable_interrupts(GLOBAL); 
007A:  MOVLW  C0
007B:  BCF    03.5
007C:  IORWF  0B,F
....................     for(;;)	 
....................     {  
007D:  GOTO   07D
....................  
....................     } 
....................               
.................... } 
....................  
007E:  SLEEP

Configuration Fuses:
   Word  1: 3F71   XT NOWDT PUT BROWNOUT NOLVP NOCPD NOWRT NODEBUG NOPROTECT
