
ROM used:   696/8192 (8%)
            696/8192 (8%) including unused fragments

            0.9 Average locations per line
            8.6 Average locations per statement

RAM used:   72/368 (20%) at main() level
            76/368 (21%) worst case

Stack used: 3 worst case (2 in main + 1 for interrupts)
Stack size: 8

Lines Stmts  %   Files
----- ----- ---  -----
  139    81 100  PCA9685.c
  620     0   0  ..\..\..\..\..\Program Files (x86)\PICC\devices\16F876A.h
----- -----
  759    81 Total

Page ROM  %  RAM   Vol Diff  Functions:
---- --- --- ---   --- ----  ----------
0     23   3    1             @delay_ms1
0     74  11    1             @I2C_WRITE_1
0    364  52    0   990  1.5  envio_I2C
0     16   2    3   131  3.5  inicbuff
0     38   5    2   325  5.1  serial_isr
0    132  19    1   472  5.7  MAIN
 Inline         0             @cinit1

Program metrics:
    Functions               4
    Statements              81
    Comments                182
    Volume (V)              2521
    Difficulty (D)          15.8
    Effort to implement (E) 39831
    Time to implement (T)   37 minutes
    Est Delivered Bugs (B)  0
    Cyclomatic Complexity   5
    Maintainability (MI)    46

 Segment     Used  Free
-----------  ----  ----
00000-00003     4  0  
00004-00030    45  0  
00031-007FF   647  1352  
00800-00FFF     0  2048  
01000-017FF     0  2048  
01800-01FFF     0  2048  



