
ROM used:   375/4096 (9%)
            375/4096 (9%) including unused fragments

            0.5 Average locations per line
            3.5 Average locations per statement

RAM used:   22/191 (12%) at main() level
            25/191 (13%) worst case

Stack used: 2 worst case (1 in main + 1 for interrupts)
Stack size: 8

Lines Stmts  %   Files
----- ----- ---  -----
  130   106 100  Servo.c
  620     0   0  C:\Program Files (x86)\PICC\devices\16f873A.h
----- -----
  750   106 Total

Page ROM  %  RAM   Vol Diff  Functions:
---- --- --- ---   --- ----  ----------
0     19   5    1             @delay_ms1
0     55  15    3   679  3.8  TIMER0_isr
0     28   7    0   181  1.8  temp1s
0    216  58    1  2059  6.4  MAIN
 Inline         0             @cinit1

Program metrics:
    Functions               3
    Statements              106
    Comments                126
    Volume (V)              3469
    Difficulty (D)          12.0
    Effort to implement (E) 41596
    Time to implement (T)   39 minutes
    Est Delivered Bugs (B)  0
    Cyclomatic Complexity   25
    Maintainability (MI)    46

 Segment     Used  Free
-----------  ----  ----
00000-00003     4  0  
00004-00038    53  0  
00039-007FF   318  1673  
00800-00FFF     0  2048  



