
ROM used:   5242/32768 (16%)
            5242/32768 (16%) including unused fragments

            3.2 Average locations per line
            15.6 Average locations per statement

RAM used:   62/2048 (3%) at main() level
            103/2048 (5%) worst case

Stack used: 14 worst case (7 in main + 7 for interrupts)
Stack size: 31

Lines Stmts  %   Files
----- ----- ---  -----
  279   213  63  EJE2.c
  775     0   0  C:\Program Files (x86)\PICC\devices\18F2550.h
  456    84  25  C:\Program Files (x86)\PICC\drivers\lcd.c
  135    40  12  C:\Program Files (x86)\PICC\drivers\kbd.c
----- -----
 1645   337 Total

Page ROM  %  RAM   Vol Diff  Functions:
---- --- --- ---   --- ----  ----------
0     40   0    1             @delay_ms1
0     60   1    3   596  5.9  lcd_read_byte
0     12   0    0    59  4.2  lcd_read_nibble
0     24   0    1   179  3.3  lcd_send_nibble
0     58   1    3   460  4.7  lcd_send_byte
0    204   2    6   814  7.2  lcd_init
0     34   0    4   208  6.3  lcd_gotoxy
0     80   1    1   354  4.7  lcd_putc
0     38   0    0             @const676
0      4   0    0     3  0.0  kbd_init
0    186   2    4  4544 10.1  kbd_getc
0   1038  10    1  2979 10.8  cambiar_temp
0     10   0    0             @const709
0     32   0    2             @PSTRINGC_663
0     12   0    0             @const711
0     10   0    0             @const712
0     12   0    0             @const713
0     10   0    0             @const714
0     10   0    0             @const715
0     10   0    0             @const716
0     10   0    0             @const717
0     10   0    0             @const721
0      8   0    0             @const722
0     30   0    3             @PSTRINGCN_663
0     40   0    3             @DIV88
0    102   1    2             @PRINTF_U_663
0      8   0    0             @const731
0     80   1    3   356  6.8  leer_datos_dht
0    376   4   17  1692  7.9  leer_dht22
0     54   1    2             @ITOF
0    346   3   14             @DIVFF
0    812   8    1  1672  7.8  TIMER0_isr
0     18   0    0             @const749
0     12   0    0             @const750
0    244   2   11             @MULFF
0     64   1    5             @FTOSD
0    142   1   13             @DIV3232
0    376   4   13             @PRINTF_L32D_663FPFPF
0     14   0    0             @const762
0     12   0    0             @const763
0     10   0    0             @const764
0     10   0    0             @const765
0     10   0    0             @const766
0     10   0    0             @const767
0    118   1   10             @FLT
0    282   3    1   690  5.2  MAIN
0     14   0    0             @const774
 Inline         0             @cinit1

Program metrics:
    Functions               14
    Statements              337
    Comments                286
    Volume (V)              21400
    Difficulty (D)          80.7
    Effort to implement (E) 1727876
    Time to implement (T)   26 hours, 40 minutes
    Est Delivered Bugs (B)  5
    Cyclomatic Complexity   50
    Maintainability (MI)    113

 Segment     Used  Free
-----------  ----  ----
00000-00002     4  0  
00004-00006     4  0  
00008-00094   142  0  
00096-07FFE  5092  27526  



