CCS PCM C Compiler, Version 5.015, 5967               27-mar-25 14:53

               Filename:   Z:\6 Electronica\Marafioti\DIGITALES 6TO\Vumetro.X\build\default\production\_ext\954134593\Vumetro_marafioti.lst

               ROM used:   657 words (16%)
                           Largest free fragment is 2048
               RAM used:   12 (6%) at main() level
                           12 (6%) worst case
               Stack used: 1 locations
               Stack size: 8

*
0000:  MOVLW  00
0001:  MOVWF  0A
0002:  GOTO   018
0003:  NOP
.................... #include <16F873a.h> 
.................... //////////// Standard Header file for the PIC16F873A device //////////////// 
.................... /////////////////////////////////////////////////////////////////////////// 
.................... ////        (C) Copyright 1996, 2013 Custom Computer Services          //// 
.................... //// This source code may only be used by licensed users of the CCS C  //// 
.................... //// compiler.  This source code may only be distributed to other      //// 
.................... //// licensed users of the CCS C compiler.  No other use, reproduction //// 
.................... //// or distribution is permitted without written permission.          //// 
.................... //// Derivative programs created using this software in object code    //// 
.................... //// form are not restricted in any way.                               //// 
.................... /////////////////////////////////////////////////////////////////////////// 
.................... #device PIC16F873A 
....................  
.................... #list 
....................  
.................... #device adc=10 
....................  
.................... #FUSES XT,NOWDT,NOLVP 
.................... #use delay(clock=4000000) 
0004:  MOVLW  2A
0005:  MOVWF  04
0006:  MOVF   00,W
0007:  BTFSC  03.2
0008:  GOTO   017
0009:  MOVLW  01
000A:  MOVWF  21
000B:  CLRF   20
000C:  DECFSZ 20,F
000D:  GOTO   00C
000E:  DECFSZ 21,F
000F:  GOTO   00B
0010:  MOVLW  4A
0011:  MOVWF  20
0012:  DECFSZ 20,F
0013:  GOTO   012
0014:  GOTO   015
0015:  DECFSZ 00,F
0016:  GOTO   009
0017:  RETURN
.................... #use standard_io(c) 
.................... #use standard_io(b) 
....................  
.................... void main() { 
0018:  MOVF   03,W
0019:  ANDLW  1F
001A:  MOVWF  03
001B:  MOVLW  FF
001C:  MOVWF  24
001D:  BSF    03.5
001E:  BSF    1F.0
001F:  BSF    1F.1
0020:  BSF    1F.2
0021:  BCF    1F.3
0022:  MOVLW  07
0023:  MOVWF  1C
....................     int16 j; 
.................... 	int q_l; 
.................... 	int q_h; 
....................  	int i; 
....................  
....................    setup_adc_ports(ALL_ANALOG);                                   //Canal 0 analógico 
0024:  BCF    1F.0
0025:  BCF    1F.1
0026:  BCF    1F.2
0027:  BCF    1F.3
....................    setup_adc(ADC_CLOCK_INTERNAL);    //Fuente de reloj RC 
0028:  BCF    1F.6
0029:  BCF    03.5
002A:  BSF    1F.6
002B:  BSF    1F.7
002C:  BSF    03.5
002D:  BSF    1F.7
002E:  BCF    03.5
002F:  BSF    1F.0
....................  
....................  	i=0;  
0030:  CLRF   29
....................      
....................    for (;;) { 
.................... 	for(i=0;i<4;i++)	{		 
0031:  CLRF   29
0032:  MOVF   29,W
0033:  SUBLW  03
0034:  BTFSS  03.0
0035:  GOTO   28F
....................       set_adc_channel(i);           //Habilitación canal0 
0036:  RLF    29,W
0037:  MOVWF  20
0038:  RLF    20,F
0039:  RLF    20,F
003A:  MOVLW  F8
003B:  ANDWF  20,F
003C:  MOVF   1F,W
003D:  ANDLW  C7
003E:  IORWF  20,W
003F:  MOVWF  1F
....................       delay_ms(1); 
0040:  MOVLW  01
0041:  MOVWF  2A
0042:  CALL   004
....................       j = read_adc();      
0043:  BSF    1F.2
0044:  BTFSC  1F.2
0045:  GOTO   044
0046:  BSF    03.5
0047:  MOVF   1E,W
0048:  BCF    03.5
0049:  MOVWF  25
004A:  MOVF   1E,W
004B:  MOVWF  26
....................        
....................        
.................... 			if(j==0) 
004C:  MOVF   25,F
004D:  BTFSS  03.2
004E:  GOTO   05C
004F:  MOVF   26,F
0050:  BTFSS  03.2
0051:  GOTO   05C
.................... 		{	output_b(0); 
0052:  BSF    03.5
0053:  CLRF   06
0054:  BCF    03.5
0055:  CLRF   06
.................... 			output_c(0); 
0056:  MOVLW  00
0057:  MOVWF  24
0058:  BSF    03.5
0059:  CLRF   07
005A:  BCF    03.5
005B:  CLRF   07
.................... 		} 
....................  
.................... 			if(j>295&j<=418) 
005C:  MOVF   26,W
005D:  SUBLW  00
005E:  BTFSC  03.0
005F:  GOTO   067
0060:  XORLW  FF
0061:  BTFSS  03.2
0062:  GOTO   069
0063:  MOVF   25,W
0064:  SUBLW  27
0065:  BTFSS  03.0
0066:  GOTO   069
0067:  MOVLW  00
0068:  GOTO   06A
0069:  MOVLW  01
006A:  MOVWF  2A
006B:  MOVF   26,W
006C:  SUBLW  01
006D:  BTFSS  03.0
006E:  GOTO   075
006F:  BTFSS  03.2
0070:  GOTO   077
0071:  MOVF   25,W
0072:  SUBLW  A2
0073:  BTFSC  03.0
0074:  GOTO   077
0075:  MOVLW  00
0076:  GOTO   078
0077:  MOVLW  01
0078:  ANDWF  2A,W
0079:  BTFSC  03.2
007A:  GOTO   086
.................... 		{	output_b(0b00000001); 
007B:  BSF    03.5
007C:  CLRF   06
007D:  MOVLW  01
007E:  BCF    03.5
007F:  MOVWF  06
.................... 			output_c(0); 
0080:  MOVLW  00
0081:  MOVWF  24
0082:  BSF    03.5
0083:  CLRF   07
0084:  BCF    03.5
0085:  CLRF   07
.................... 		} 
....................  
.................... 			if(j>418&j<=512) 
0086:  MOVF   26,W
0087:  SUBLW  00
0088:  BTFSC  03.0
0089:  GOTO   091
008A:  XORLW  FF
008B:  BTFSS  03.2
008C:  GOTO   093
008D:  MOVF   25,W
008E:  SUBLW  A2
008F:  BTFSS  03.0
0090:  GOTO   093
0091:  MOVLW  00
0092:  GOTO   094
0093:  MOVLW  01
0094:  MOVWF  2A
0095:  MOVF   26,W
0096:  SUBLW  02
0097:  BTFSS  03.0
0098:  GOTO   09F
0099:  BTFSS  03.2
009A:  GOTO   0A1
009B:  MOVF   25,W
009C:  SUBLW  00
009D:  BTFSC  03.0
009E:  GOTO   0A1
009F:  MOVLW  00
00A0:  GOTO   0A2
00A1:  MOVLW  01
00A2:  ANDWF  2A,W
00A3:  BTFSC  03.2
00A4:  GOTO   0B0
.................... 		{	output_b(0b00000011); 
00A5:  BSF    03.5
00A6:  CLRF   06
00A7:  MOVLW  03
00A8:  BCF    03.5
00A9:  MOVWF  06
.................... 			output_c(0); 
00AA:  MOVLW  00
00AB:  MOVWF  24
00AC:  BSF    03.5
00AD:  CLRF   07
00AE:  BCF    03.5
00AF:  CLRF   07
.................... 		} 
....................  
.................... 			if(j>512&j<=591) 
00B0:  MOVF   26,W
00B1:  SUBLW  01
00B2:  BTFSC  03.0
00B3:  GOTO   0BB
00B4:  XORLW  FF
00B5:  BTFSS  03.2
00B6:  GOTO   0BD
00B7:  MOVF   25,W
00B8:  SUBLW  00
00B9:  BTFSS  03.0
00BA:  GOTO   0BD
00BB:  MOVLW  00
00BC:  GOTO   0BE
00BD:  MOVLW  01
00BE:  MOVWF  2A
00BF:  MOVF   26,W
00C0:  SUBLW  02
00C1:  BTFSS  03.0
00C2:  GOTO   0C9
00C3:  BTFSS  03.2
00C4:  GOTO   0CB
00C5:  MOVF   25,W
00C6:  SUBLW  4F
00C7:  BTFSC  03.0
00C8:  GOTO   0CB
00C9:  MOVLW  00
00CA:  GOTO   0CC
00CB:  MOVLW  01
00CC:  ANDWF  2A,W
00CD:  BTFSC  03.2
00CE:  GOTO   0DA
.................... 		{	output_b(0b00000111); 
00CF:  BSF    03.5
00D0:  CLRF   06
00D1:  MOVLW  07
00D2:  BCF    03.5
00D3:  MOVWF  06
.................... 			output_c(0); 
00D4:  MOVLW  00
00D5:  MOVWF  24
00D6:  BSF    03.5
00D7:  CLRF   07
00D8:  BCF    03.5
00D9:  CLRF   07
.................... 		} 
....................  
.................... 			if(j>591&j<=661) 
00DA:  MOVF   26,W
00DB:  SUBLW  01
00DC:  BTFSC  03.0
00DD:  GOTO   0E5
00DE:  XORLW  FF
00DF:  BTFSS  03.2
00E0:  GOTO   0E7
00E1:  MOVF   25,W
00E2:  SUBLW  4F
00E3:  BTFSS  03.0
00E4:  GOTO   0E7
00E5:  MOVLW  00
00E6:  GOTO   0E8
00E7:  MOVLW  01
00E8:  MOVWF  2A
00E9:  MOVF   26,W
00EA:  SUBLW  02
00EB:  BTFSS  03.0
00EC:  GOTO   0F3
00ED:  BTFSS  03.2
00EE:  GOTO   0F5
00EF:  MOVF   25,W
00F0:  SUBLW  95
00F1:  BTFSC  03.0
00F2:  GOTO   0F5
00F3:  MOVLW  00
00F4:  GOTO   0F6
00F5:  MOVLW  01
00F6:  ANDWF  2A,W
00F7:  BTFSC  03.2
00F8:  GOTO   104
.................... 		{	output_b(0b00001111); 
00F9:  BSF    03.5
00FA:  CLRF   06
00FB:  MOVLW  0F
00FC:  BCF    03.5
00FD:  MOVWF  06
.................... 			output_c(0); 
00FE:  MOVLW  00
00FF:  MOVWF  24
0100:  BSF    03.5
0101:  CLRF   07
0102:  BCF    03.5
0103:  CLRF   07
.................... 		} 
....................  
.................... 			if(j>661&j<=723) 
0104:  MOVF   26,W
0105:  SUBLW  01
0106:  BTFSC  03.0
0107:  GOTO   10F
0108:  XORLW  FF
0109:  BTFSS  03.2
010A:  GOTO   111
010B:  MOVF   25,W
010C:  SUBLW  95
010D:  BTFSS  03.0
010E:  GOTO   111
010F:  MOVLW  00
0110:  GOTO   112
0111:  MOVLW  01
0112:  MOVWF  2A
0113:  MOVF   26,W
0114:  SUBLW  02
0115:  BTFSS  03.0
0116:  GOTO   11D
0117:  BTFSS  03.2
0118:  GOTO   11F
0119:  MOVF   25,W
011A:  SUBLW  D3
011B:  BTFSC  03.0
011C:  GOTO   11F
011D:  MOVLW  00
011E:  GOTO   120
011F:  MOVLW  01
0120:  ANDWF  2A,W
0121:  BTFSC  03.2
0122:  GOTO   12E
.................... 		{	output_b(0b00011111); 
0123:  BSF    03.5
0124:  CLRF   06
0125:  MOVLW  1F
0126:  BCF    03.5
0127:  MOVWF  06
.................... 			output_c(0); 
0128:  MOVLW  00
0129:  MOVWF  24
012A:  BSF    03.5
012B:  CLRF   07
012C:  BCF    03.5
012D:  CLRF   07
.................... 		} 
....................  
.................... 			if(j>723&j<=781) 
012E:  MOVF   26,W
012F:  SUBLW  01
0130:  BTFSC  03.0
0131:  GOTO   139
0132:  XORLW  FF
0133:  BTFSS  03.2
0134:  GOTO   13B
0135:  MOVF   25,W
0136:  SUBLW  D3
0137:  BTFSS  03.0
0138:  GOTO   13B
0139:  MOVLW  00
013A:  GOTO   13C
013B:  MOVLW  01
013C:  MOVWF  2A
013D:  MOVF   26,W
013E:  SUBLW  03
013F:  BTFSS  03.0
0140:  GOTO   147
0141:  BTFSS  03.2
0142:  GOTO   149
0143:  MOVF   25,W
0144:  SUBLW  0D
0145:  BTFSC  03.0
0146:  GOTO   149
0147:  MOVLW  00
0148:  GOTO   14A
0149:  MOVLW  01
014A:  ANDWF  2A,W
014B:  BTFSC  03.2
014C:  GOTO   158
.................... 		{	output_b(0b00111111); 
014D:  BSF    03.5
014E:  CLRF   06
014F:  MOVLW  3F
0150:  BCF    03.5
0151:  MOVWF  06
.................... 			output_c(0); 
0152:  MOVLW  00
0153:  MOVWF  24
0154:  BSF    03.5
0155:  CLRF   07
0156:  BCF    03.5
0157:  CLRF   07
.................... 		} 
....................  
.................... 			if(j>781&j<=835) 
0158:  MOVF   26,W
0159:  SUBLW  02
015A:  BTFSC  03.0
015B:  GOTO   163
015C:  XORLW  FF
015D:  BTFSS  03.2
015E:  GOTO   165
015F:  MOVF   25,W
0160:  SUBLW  0D
0161:  BTFSS  03.0
0162:  GOTO   165
0163:  MOVLW  00
0164:  GOTO   166
0165:  MOVLW  01
0166:  MOVWF  2A
0167:  MOVF   26,W
0168:  SUBLW  03
0169:  BTFSS  03.0
016A:  GOTO   171
016B:  BTFSS  03.2
016C:  GOTO   173
016D:  MOVF   25,W
016E:  SUBLW  43
016F:  BTFSC  03.0
0170:  GOTO   173
0171:  MOVLW  00
0172:  GOTO   174
0173:  MOVLW  01
0174:  ANDWF  2A,W
0175:  BTFSC  03.2
0176:  GOTO   182
.................... 		{	output_b(0b01111111); 
0177:  BSF    03.5
0178:  CLRF   06
0179:  MOVLW  7F
017A:  BCF    03.5
017B:  MOVWF  06
.................... 			output_c(0); 
017C:  MOVLW  00
017D:  MOVWF  24
017E:  BSF    03.5
017F:  CLRF   07
0180:  BCF    03.5
0181:  CLRF   07
.................... 		} 
....................  
.................... 			if(j>835&j<=886) 
0182:  MOVF   26,W
0183:  SUBLW  02
0184:  BTFSC  03.0
0185:  GOTO   18D
0186:  XORLW  FF
0187:  BTFSS  03.2
0188:  GOTO   18F
0189:  MOVF   25,W
018A:  SUBLW  43
018B:  BTFSS  03.0
018C:  GOTO   18F
018D:  MOVLW  00
018E:  GOTO   190
018F:  MOVLW  01
0190:  MOVWF  2A
0191:  MOVF   26,W
0192:  SUBLW  03
0193:  BTFSS  03.0
0194:  GOTO   19B
0195:  BTFSS  03.2
0196:  GOTO   19D
0197:  MOVF   25,W
0198:  SUBLW  76
0199:  BTFSC  03.0
019A:  GOTO   19D
019B:  MOVLW  00
019C:  GOTO   19E
019D:  MOVLW  01
019E:  ANDWF  2A,W
019F:  BTFSC  03.2
01A0:  GOTO   1AC
.................... 		{	output_b(0b11111111); 
01A1:  BSF    03.5
01A2:  CLRF   06
01A3:  MOVLW  FF
01A4:  BCF    03.5
01A5:  MOVWF  06
.................... 			output_c(0); 
01A6:  MOVLW  00
01A7:  MOVWF  24
01A8:  BSF    03.5
01A9:  CLRF   07
01AA:  BCF    03.5
01AB:  CLRF   07
.................... 		} 
....................  
.................... 			if(j>886&j<=934) 
01AC:  MOVF   26,W
01AD:  SUBLW  02
01AE:  BTFSC  03.0
01AF:  GOTO   1B7
01B0:  XORLW  FF
01B1:  BTFSS  03.2
01B2:  GOTO   1B9
01B3:  MOVF   25,W
01B4:  SUBLW  76
01B5:  BTFSS  03.0
01B6:  GOTO   1B9
01B7:  MOVLW  00
01B8:  GOTO   1BA
01B9:  MOVLW  01
01BA:  MOVWF  2A
01BB:  MOVF   26,W
01BC:  SUBLW  03
01BD:  BTFSS  03.0
01BE:  GOTO   1C5
01BF:  BTFSS  03.2
01C0:  GOTO   1C7
01C1:  MOVF   25,W
01C2:  SUBLW  A6
01C3:  BTFSC  03.0
01C4:  GOTO   1C7
01C5:  MOVLW  00
01C6:  GOTO   1C8
01C7:  MOVLW  01
01C8:  ANDWF  2A,W
01C9:  BTFSC  03.2
01CA:  GOTO   1D7
.................... 		{	output_b(0b11111111); 
01CB:  BSF    03.5
01CC:  CLRF   06
01CD:  MOVLW  FF
01CE:  BCF    03.5
01CF:  MOVWF  06
.................... 			output_c(0b00000001); 
01D0:  MOVLW  00
01D1:  MOVWF  24
01D2:  BSF    03.5
01D3:  CLRF   07
01D4:  MOVLW  01
01D5:  BCF    03.5
01D6:  MOVWF  07
.................... 		} 
....................  
.................... 			if(j>934&j<=980) 
01D7:  MOVF   26,W
01D8:  SUBLW  02
01D9:  BTFSC  03.0
01DA:  GOTO   1E2
01DB:  XORLW  FF
01DC:  BTFSS  03.2
01DD:  GOTO   1E4
01DE:  MOVF   25,W
01DF:  SUBLW  A6
01E0:  BTFSS  03.0
01E1:  GOTO   1E4
01E2:  MOVLW  00
01E3:  GOTO   1E5
01E4:  MOVLW  01
01E5:  MOVWF  2A
01E6:  MOVF   26,W
01E7:  SUBLW  03
01E8:  BTFSS  03.0
01E9:  GOTO   1F0
01EA:  BTFSS  03.2
01EB:  GOTO   1F2
01EC:  MOVF   25,W
01ED:  SUBLW  D4
01EE:  BTFSC  03.0
01EF:  GOTO   1F2
01F0:  MOVLW  00
01F1:  GOTO   1F3
01F2:  MOVLW  01
01F3:  ANDWF  2A,W
01F4:  BTFSC  03.2
01F5:  GOTO   202
.................... 		{	output_b(0b11111111); 
01F6:  BSF    03.5
01F7:  CLRF   06
01F8:  MOVLW  FF
01F9:  BCF    03.5
01FA:  MOVWF  06
.................... 			output_c(0b00000011); 
01FB:  MOVLW  00
01FC:  MOVWF  24
01FD:  BSF    03.5
01FE:  CLRF   07
01FF:  MOVLW  03
0200:  BCF    03.5
0201:  MOVWF  07
.................... 		} 
....................  
.................... 			if(j>980&j<1023) 
0202:  MOVF   26,W
0203:  SUBLW  02
0204:  BTFSC  03.0
0205:  GOTO   20D
0206:  XORLW  FF
0207:  BTFSS  03.2
0208:  GOTO   20F
0209:  MOVF   25,W
020A:  SUBLW  D4
020B:  BTFSS  03.0
020C:  GOTO   20F
020D:  MOVLW  00
020E:  GOTO   210
020F:  MOVLW  01
0210:  MOVWF  2A
0211:  MOVF   26,W
0212:  SUBLW  03
0213:  BTFSS  03.0
0214:  GOTO   21B
0215:  BTFSS  03.2
0216:  GOTO   21D
0217:  MOVF   25,W
0218:  SUBLW  FE
0219:  BTFSC  03.0
021A:  GOTO   21D
021B:  MOVLW  00
021C:  GOTO   21E
021D:  MOVLW  01
021E:  ANDWF  2A,W
021F:  BTFSC  03.2
0220:  GOTO   22D
.................... 		{	output_b(0b11111111); 
0221:  BSF    03.5
0222:  CLRF   06
0223:  MOVLW  FF
0224:  BCF    03.5
0225:  MOVWF  06
.................... 			output_c(0b00000111); 
0226:  MOVLW  00
0227:  MOVWF  24
0228:  BSF    03.5
0229:  CLRF   07
022A:  MOVLW  07
022B:  BCF    03.5
022C:  MOVWF  07
.................... 		} 
....................  
.................... 			if(j>=1023) 
022D:  MOVF   26,W
022E:  SUBLW  02
022F:  BTFSC  03.0
0230:  GOTO   244
0231:  XORLW  FF
0232:  BTFSS  03.2
0233:  GOTO   238
0234:  MOVF   25,W
0235:  SUBLW  FE
0236:  BTFSC  03.0
0237:  GOTO   244
.................... 		{	output_b(0b11111111); 
0238:  BSF    03.5
0239:  CLRF   06
023A:  MOVLW  FF
023B:  BCF    03.5
023C:  MOVWF  06
.................... 			output_c(0b00001111); 
023D:  MOVLW  00
023E:  MOVWF  24
023F:  BSF    03.5
0240:  CLRF   07
0241:  MOVLW  0F
0242:  BCF    03.5
0243:  MOVWF  07
.................... 		} 
.................... 			if(i==0) 
0244:  MOVF   29,F
0245:  BTFSS  03.2
0246:  GOTO   256
.................... 				{output_high(pin_c4); 
0247:  BCF    24.4
0248:  MOVF   24,W
0249:  BSF    03.5
024A:  MOVWF  07
024B:  BCF    03.5
024C:  BSF    07.4
.................... 					delay_ms(100); 
024D:  MOVLW  64
024E:  MOVWF  2A
024F:  CALL   004
.................... 					output_low(pin_c4); 
0250:  BCF    24.4
0251:  MOVF   24,W
0252:  BSF    03.5
0253:  MOVWF  07
0254:  BCF    03.5
0255:  BCF    07.4
.................... 				} 
.................... 			if(i==1) 
0256:  DECFSZ 29,W
0257:  GOTO   267
.................... 				{output_high(pin_c5); 
0258:  BCF    24.5
0259:  MOVF   24,W
025A:  BSF    03.5
025B:  MOVWF  07
025C:  BCF    03.5
025D:  BSF    07.5
.................... 					delay_ms(100); 
025E:  MOVLW  64
025F:  MOVWF  2A
0260:  CALL   004
.................... 					output_low(pin_c5); 
0261:  BCF    24.5
0262:  MOVF   24,W
0263:  BSF    03.5
0264:  MOVWF  07
0265:  BCF    03.5
0266:  BCF    07.5
.................... 				} 
.................... 			if(i==2) 
0267:  MOVF   29,W
0268:  SUBLW  02
0269:  BTFSS  03.2
026A:  GOTO   27A
.................... 				{output_high(pin_c6); 
026B:  BCF    24.6
026C:  MOVF   24,W
026D:  BSF    03.5
026E:  MOVWF  07
026F:  BCF    03.5
0270:  BSF    07.6
.................... 					delay_ms(100); 
0271:  MOVLW  64
0272:  MOVWF  2A
0273:  CALL   004
.................... 					output_low(pin_c6); 
0274:  BCF    24.6
0275:  MOVF   24,W
0276:  BSF    03.5
0277:  MOVWF  07
0278:  BCF    03.5
0279:  BCF    07.6
.................... 				} 
.................... 			if(i==3) 
027A:  MOVF   29,W
027B:  SUBLW  03
027C:  BTFSS  03.2
027D:  GOTO   28D
.................... 				{output_high(pin_c7); 
027E:  BCF    24.7
027F:  MOVF   24,W
0280:  BSF    03.5
0281:  MOVWF  07
0282:  BCF    03.5
0283:  BSF    07.7
.................... 					delay_ms(100); 
0284:  MOVLW  64
0285:  MOVWF  2A
0286:  CALL   004
.................... 					output_low(pin_c7); 
0287:  BCF    24.7
0288:  MOVF   24,W
0289:  BSF    03.5
028A:  MOVWF  07
028B:  BCF    03.5
028C:  BCF    07.7
.................... 				}	 
028D:  INCF   29,F
028E:  GOTO   032
....................        
....................        
.................... 	}		 
028F:  GOTO   031
....................      
....................      
....................       } 
.................... } 
....................  
0290:  SLEEP
....................  

Configuration Fuses:
   Word  1: 3F71   XT NOWDT PUT BROWNOUT NOLVP NOCPD NOWRT NODEBUG NOPROTECT
