
ROM used:   1961/8192 (24%)
            1961/8192 (24%) including unused fragments

            1.4 Average locations per line
            8.6 Average locations per statement

RAM used:   30/368 (8%) at main() level
            61/368 (17%) worst case

Stack used: 8 worst case (3 in main + 5 for interrupts)
Stack size: 8

Lines Stmts  %   Files
----- ----- ---  -----
  161   105  46  Control de RPM por teclado con PCA9685.c
  620     0   0  C:\Program Files (x86)\PICC\devices\16F876A.h
  456    84  37  C:\Program Files (x86)\PICC\drivers\lcd.c
  135    40  17  C:\Program Files (x86)\PICC\drivers\kbd.c
----- -----
 1372   229 Total

Page ROM  %  RAM   Vol Diff  Functions:
---- --- --- ---   --- ----  ----------
0     21   1    1             @delay_ms1
0     74   4    1             @I2C_WRITE_1
 Inline         3   596  5.9  lcd_read_byte
 Inline         0    59  4.2  lcd_read_nibble
 Inline         1   179  3.3  lcd_send_nibble
0     93   5    3   460  4.7  lcd_send_byte
0    106   5    6   814  7.2  lcd_init
0     18   1    4   208  6.3  lcd_gotoxy
0     44   2    1   354  4.7  lcd_putc
0     16   1    0             @const648
0      3   0    0     3  0.0  kbd_init
0    136   7    3  4544 10.1  kbd_getc
 Inline         2             @MUL88
 Inline         2  1669  7.8  cambiar_veloc
0      5   0    0             @const670
 Inline         4             @PSTRINGC7_635
0      8   0    0             @const672
0    276  14    2   223  3.1  TIMER1_isr
 Inline         5             @MUL1616
 Inline         5             @DIV1616
0      6   0    0             @const683
 Inline         9             @PRINTF_LU_635
0     87   4    5             @PSTRINGCN7_635
0      4   0    0             @const688
0     21   1    3             @DIV88
 Inline         2             @PRINTF_U_635
0     57   3    2   102  1.8  pca9685_write_byte
0     86   4    8   299  4.5  pca9685_set_pwm
0     34   2    0   119  1.7  pca9685_init
0    785  40    1  1071  7.3  MAIN
 Inline         0             @cinit1

Program metrics:
    Functions               15
    Statements              229
    Comments                264
    Volume (V)              15794
    Difficulty (D)          70.4
    Effort to implement (E) 1111902
    Time to implement (T)   17 hours, 10 minutes
    Est Delivered Bugs (B)  4
    Cyclomatic Complexity   29
    Maintainability (MI)    101

 Segment     Used  Free
-----------  ----  ----
00000-00003     4  0  
00004-00050    77  0  
00051-007FF  1880  87  
00800-00FFF     0  2048  
01000-017FF     0  2048  
01800-01FFF     0  2048  



