
ROM used:   493/8192 (6%)
            493/8192 (6%) including unused fragments

            0.7 Average locations per line
            10.1 Average locations per statement

RAM used:   74/368 (20%) at main() level
            87/368 (24%) worst case

Stack used: 3 worst case (2 in main + 1 for interrupts)
Stack size: 8

Lines Stmts  %   Files
----- ----- ---  -----
  110    49 100  PCA.c
  620     0   0  ..\..\..\..\..\Program Files (x86)\PICC\devices\16F876A.h
----- -----
  730    49 Total

Page ROM  %  RAM   Vol Diff  Functions:
---- --- --- ---   --- ----  ----------
0     23   5    1             @delay_ms1
0     74  15    1             @I2C_WRITE_1
0     14   3    3   131  3.5  inicbuff
0     38   8    2   325  5.1  serial_isr
0     81  16    9   338  3.6  envio_de_pwm
0    175  35    2   879  8.2  MAIN
0     39   8    2             @MUL88
 Inline         0             @cinit1

Program metrics:
    Functions               4
    Statements              49
    Comments                128
    Volume (V)              2212
    Difficulty (D)          20.1
    Effort to implement (E) 44521
    Time to implement (T)   41 minutes
    Est Delivered Bugs (B)  0
    Cyclomatic Complexity   8
    Maintainability (MI)    128

 Segment     Used  Free
-----------  ----  ----
00000-00003     4  0  
00004-00030    45  0  
00031-007FF   444  1555  
00800-00FFF     0  2048  
01000-017FF     0  2048  
01800-01FFF     0  2048  



