CCS PCM C Compiler, Version 5.015, 5967               28-abr-25 16:29

               Filename:   Z:\6 Electronica\Marafioti\DIGITALES 6TO\ADCmaster-slave10bits\ADCmaster10bits.X\build\default\production\ADCmaster10bits.lst

               ROM used:   295 words (4%)
                           Largest free fragment is 2048
               RAM used:   13 (4%) at main() level
                           14 (4%) worst case
               Stack used: 2 locations
               Stack size: 8

*
0000:  MOVLW  00
0001:  MOVWF  0A
0002:  GOTO   0D8
0003:  NOP
.................... #include <16F877A.h> 
.................... //////////// Standard Header file for the PIC16F877A device //////////////// 
.................... /////////////////////////////////////////////////////////////////////////// 
.................... ////        (C) Copyright 1996, 2013 Custom Computer Services          //// 
.................... //// This source code may only be used by licensed users of the CCS C  //// 
.................... //// compiler.  This source code may only be distributed to other      //// 
.................... //// licensed users of the CCS C compiler.  No other use, reproduction //// 
.................... //// or distribution is permitted without written permission.          //// 
.................... //// Derivative programs created using this software in object code    //// 
.................... //// form are not restricted in any way.                               //// 
.................... /////////////////////////////////////////////////////////////////////////// 
.................... #device PIC16F877A 
....................  
.................... #list 
....................  
.................... #device adc=10 
.................... #FUSES XT,NOWDT,NOLVP 
.................... #use delay(clock=4000000) 
*
00C1:  MOVLW  28
00C2:  MOVWF  04
00C3:  BCF    03.7
00C4:  MOVF   00,W
00C5:  BTFSC  03.2
00C6:  GOTO   0D5
00C7:  MOVLW  01
00C8:  MOVWF  78
00C9:  CLRF   77
00CA:  DECFSZ 77,F
00CB:  GOTO   0CA
00CC:  DECFSZ 78,F
00CD:  GOTO   0C9
00CE:  MOVLW  4A
00CF:  MOVWF  77
00D0:  DECFSZ 77,F
00D1:  GOTO   0D0
00D2:  GOTO   0D3
00D3:  DECFSZ 00,F
00D4:  GOTO   0C7
00D5:  BCF    0A.3
00D6:  BCF    0A.4
00D7:  GOTO   125 (RETURN)
.................... #use I2C(MASTER, SDA=PIN_C4, SLOW, SCL=PIN_C3) 
*
0004:  MOVLW  08
0005:  MOVWF  78
0006:  NOP
0007:  BCF    07.3
0008:  BCF    20.3
0009:  MOVF   20,W
000A:  BSF    03.5
000B:  MOVWF  07
000C:  NOP
000D:  BCF    03.5
000E:  RLF    28,F
000F:  BCF    07.4
0010:  BTFSS  03.0
0011:  GOTO   018
0012:  BSF    20.4
0013:  MOVF   20,W
0014:  BSF    03.5
0015:  MOVWF  07
0016:  GOTO   01C
0017:  BCF    03.5
0018:  BCF    20.4
0019:  MOVF   20,W
001A:  BSF    03.5
001B:  MOVWF  07
001C:  NOP
001D:  BCF    03.5
001E:  BSF    20.3
001F:  MOVF   20,W
0020:  BSF    03.5
0021:  MOVWF  07
0022:  BCF    03.5
0023:  BTFSS  07.3
0024:  GOTO   023
0025:  DECFSZ 78,F
0026:  GOTO   006
0027:  NOP
0028:  BCF    07.3
0029:  BCF    20.3
002A:  MOVF   20,W
002B:  BSF    03.5
002C:  MOVWF  07
002D:  NOP
002E:  BCF    03.5
002F:  BSF    20.4
0030:  MOVF   20,W
0031:  BSF    03.5
0032:  MOVWF  07
0033:  NOP
0034:  NOP
0035:  BCF    03.5
0036:  BSF    20.3
0037:  MOVF   20,W
0038:  BSF    03.5
0039:  MOVWF  07
003A:  BCF    03.5
003B:  BTFSS  07.3
003C:  GOTO   03B
003D:  CLRF   78
003E:  NOP
003F:  BTFSC  07.4
0040:  BSF    78.0
0041:  BCF    07.3
0042:  BCF    20.3
0043:  MOVF   20,W
0044:  BSF    03.5
0045:  MOVWF  07
0046:  BCF    03.5
0047:  BCF    07.4
0048:  BCF    20.4
0049:  MOVF   20,W
004A:  BSF    03.5
004B:  MOVWF  07
004C:  BCF    03.5
004D:  RETURN
.................... #use standard_io(B)  
.................... #use standard_io(d) 
....................  
.................... int valor; 
.................... int16 q; 
.................... int q_l_1, q_h_1; 
.................... int q_l_2, q_h_2; 
....................  
.................... /***************************** Envío I2C **************************************/ 
.................... void envio_I2C () 
.................... { 
....................    i2c_start(); 
004E:  BSF    20.4
004F:  MOVF   20,W
0050:  BSF    03.5
0051:  MOVWF  07
0052:  NOP
0053:  BCF    03.5
0054:  BSF    20.3
0055:  MOVF   20,W
0056:  BSF    03.5
0057:  MOVWF  07
0058:  NOP
0059:  BCF    03.5
005A:  BCF    07.4
005B:  BCF    20.4
005C:  MOVF   20,W
005D:  BSF    03.5
005E:  MOVWF  07
005F:  NOP
0060:  BCF    03.5
0061:  BCF    07.3
0062:  BCF    20.3
0063:  MOVF   20,W
0064:  BSF    03.5
0065:  MOVWF  07
....................    i2c_write(0x0a);                     
0066:  MOVLW  0A
0067:  BCF    03.5
0068:  MOVWF  28
0069:  CALL   004
....................    i2c_write(q_l_1);                 
006A:  MOVF   24,W
006B:  MOVWF  28
006C:  CALL   004
....................    i2c_write(q_h_1);  
006D:  MOVF   25,W
006E:  MOVWF  28
006F:  CALL   004
....................    i2c_stop();  
0070:  BCF    20.4
0071:  MOVF   20,W
0072:  BSF    03.5
0073:  MOVWF  07
0074:  NOP
0075:  BCF    03.5
0076:  BSF    20.3
0077:  MOVF   20,W
0078:  BSF    03.5
0079:  MOVWF  07
007A:  BCF    03.5
007B:  BTFSS  07.3
007C:  GOTO   07B
007D:  NOP
007E:  GOTO   07F
007F:  NOP
0080:  BSF    20.4
0081:  MOVF   20,W
0082:  BSF    03.5
0083:  MOVWF  07
0084:  NOP
....................    i2c_start(); 
0085:  BCF    03.5
0086:  BSF    20.4
0087:  MOVF   20,W
0088:  BSF    03.5
0089:  MOVWF  07
008A:  NOP
008B:  BCF    03.5
008C:  BSF    20.3
008D:  MOVF   20,W
008E:  BSF    03.5
008F:  MOVWF  07
0090:  NOP
0091:  BCF    03.5
0092:  BCF    07.4
0093:  BCF    20.4
0094:  MOVF   20,W
0095:  BSF    03.5
0096:  MOVWF  07
0097:  NOP
0098:  BCF    03.5
0099:  BCF    07.3
009A:  BCF    20.3
009B:  MOVF   20,W
009C:  BSF    03.5
009D:  MOVWF  07
....................    i2c_write(0x0c); 
009E:  MOVLW  0C
009F:  BCF    03.5
00A0:  MOVWF  28
00A1:  CALL   004
....................    i2c_write(q_l_2); 
00A2:  MOVF   26,W
00A3:  MOVWF  28
00A4:  CALL   004
....................    i2c_write(q_h_2); 
00A5:  MOVF   27,W
00A6:  MOVWF  28
00A7:  CALL   004
....................     
....................    i2c_stop();                        
00A8:  BCF    20.4
00A9:  MOVF   20,W
00AA:  BSF    03.5
00AB:  MOVWF  07
00AC:  NOP
00AD:  BCF    03.5
00AE:  BSF    20.3
00AF:  MOVF   20,W
00B0:  BSF    03.5
00B1:  MOVWF  07
00B2:  BCF    03.5
00B3:  BTFSS  07.3
00B4:  GOTO   0B3
00B5:  NOP
00B6:  GOTO   0B7
00B7:  NOP
00B8:  BSF    20.4
00B9:  MOVF   20,W
00BA:  BSF    03.5
00BB:  MOVWF  07
00BC:  NOP
00BD:  BCF    03.5
00BE:  BCF    0A.3
00BF:  BCF    0A.4
00C0:  GOTO   122 (RETURN)
.................... } 
.................... /******************************************************************************/ 
....................       
....................  
....................  
.................... void main()  
*
00D8:  MOVF   03,W
00D9:  ANDLW  1F
00DA:  MOVWF  03
00DB:  MOVLW  FF
00DC:  MOVWF  20
00DD:  BSF    03.5
00DE:  BSF    1F.0
00DF:  BSF    1F.1
00E0:  BSF    1F.2
00E1:  BCF    1F.3
00E2:  MOVLW  07
00E3:  MOVWF  1C
00E4:  BCF    03.7
.................... { 
.................... 	setup_adc_ports(AN0_AN1_AN3);            //Canal 0 analógico 
00E5:  BCF    1F.0
00E6:  BCF    1F.1
00E7:  BSF    1F.2
00E8:  BCF    1F.3
....................  	setup_adc(ADC_CLOCK_INTERNAL);    //Fuente de reloj RC 
00E9:  BCF    1F.6
00EA:  BCF    03.5
00EB:  BSF    1F.6
00EC:  BSF    1F.7
00ED:  BSF    03.5
00EE:  BSF    1F.7
00EF:  BCF    03.5
00F0:  BSF    1F.0
....................     for (;;)  
....................     { 
....................         set_adc_channel(0);    //Habilitación canal0 
00F1:  MOVLW  00
00F2:  MOVWF  78
00F3:  MOVF   1F,W
00F4:  ANDLW  C7
00F5:  IORWF  78,W
00F6:  MOVWF  1F
....................         delay_us(20); 
00F7:  MOVLW  06
00F8:  MOVWF  77
00F9:  DECFSZ 77,F
00FA:  GOTO   0F9
00FB:  NOP
....................          
....................         q = read_adc();   
00FC:  BSF    1F.2
00FD:  BTFSC  1F.2
00FE:  GOTO   0FD
00FF:  BSF    03.5
0100:  MOVF   1E,W
0101:  BCF    03.5
0102:  MOVWF  22
0103:  MOVF   1E,W
0104:  MOVWF  23
....................         q_l_1=make8(q,0); 
0105:  MOVF   22,W
0106:  MOVWF  24
....................         //output_b(q_l_1); 
....................         q_h_1=make8(q,1); 
0107:  MOVF   23,W
0108:  MOVWF  25
....................         //output_d(q_h_1); 
....................          
....................         set_adc_channel(3);     
0109:  MOVLW  18
010A:  MOVWF  78
010B:  MOVF   1F,W
010C:  ANDLW  C7
010D:  IORWF  78,W
010E:  MOVWF  1F
....................         delay_us(20); 
010F:  MOVLW  06
0110:  MOVWF  77
0111:  DECFSZ 77,F
0112:  GOTO   111
0113:  NOP
....................          
....................         q = read_adc();   
0114:  BSF    1F.2
0115:  BTFSC  1F.2
0116:  GOTO   115
0117:  BSF    03.5
0118:  MOVF   1E,W
0119:  BCF    03.5
011A:  MOVWF  22
011B:  MOVF   1E,W
011C:  MOVWF  23
....................         q_l_2=make8(q,0); 
011D:  MOVF   22,W
011E:  MOVWF  26
....................         //output_b(q_l_2); 
....................         q_h_2=make8(q,1); 
011F:  MOVF   23,W
0120:  MOVWF  27
....................         //output_d(q_h_2);  
....................          
....................         envio_I2C(); 
0121:  GOTO   04E
....................         delay_ms(100); 
0122:  MOVLW  64
0123:  MOVWF  28
0124:  GOTO   0C1
0125:  GOTO   0F1
....................    } 
.................... } 
....................  
0126:  SLEEP
....................  

Configuration Fuses:
   Word  1: 3F71   XT NOWDT PUT BROWNOUT NOLVP NOCPD NOWRT NODEBUG NOPROTECT
