CCS PCM C Compiler, Version 5.015, 5967               04-sept-25 14:42

               Filename:   Z:\6 Electronica\Martin\6to Año\Digitales-6to\DHT22 con teclado\DHT22 con teclado.X\build\default\production\DHT22 con teclado.lst

               ROM used:   1909 words (23%)
                           Largest free fragment is 2048
               RAM used:   49 (13%) at main() level
                           90 (24%) worst case
               Stack used: 8 locations (3 in main + 5 for interrupts)
               Stack size: 8

*
0000:  MOVLW  06
0001:  MOVWF  0A
0002:  GOTO   6D5
0003:  NOP
0004:  MOVWF  7F
0005:  SWAPF  03,W
0006:  CLRF   03
0007:  MOVWF  21
0008:  MOVF   0A,W
0009:  MOVWF  20
000A:  CLRF   0A
000B:  MOVF   04,W
000C:  MOVWF  22
000D:  MOVF   77,W
000E:  MOVWF  23
000F:  MOVF   78,W
0010:  MOVWF  24
0011:  MOVF   79,W
0012:  MOVWF  25
0013:  MOVF   7A,W
0014:  MOVWF  26
0015:  BSF    03.6
0016:  MOVF   0D,W
0017:  BCF    03.6
0018:  MOVWF  27
0019:  BSF    03.6
001A:  MOVF   0F,W
001B:  BCF    03.6
001C:  MOVWF  28
001D:  BSF    03.6
001E:  MOVF   0C,W
001F:  BCF    03.6
0020:  MOVWF  29
0021:  BSF    03.6
0022:  MOVF   0E,W
0023:  BCF    03.6
0024:  MOVWF  2A
0025:  BCF    03.7
0026:  BCF    03.5
0027:  BTFSS  0B.5
0028:  GOTO   02B
0029:  BTFSC  0B.2
002A:  GOTO   04C
002B:  MOVF   22,W
002C:  MOVWF  04
002D:  MOVF   23,W
002E:  MOVWF  77
002F:  MOVF   24,W
0030:  MOVWF  78
0031:  MOVF   25,W
0032:  MOVWF  79
0033:  MOVF   26,W
0034:  MOVWF  7A
0035:  MOVF   27,W
0036:  BSF    03.6
0037:  MOVWF  0D
0038:  BCF    03.6
0039:  MOVF   28,W
003A:  BSF    03.6
003B:  MOVWF  0F
003C:  BCF    03.6
003D:  MOVF   29,W
003E:  BSF    03.6
003F:  MOVWF  0C
0040:  BCF    03.6
0041:  MOVF   2A,W
0042:  BSF    03.6
0043:  MOVWF  0E
0044:  BCF    03.6
0045:  MOVF   20,W
0046:  MOVWF  0A
0047:  SWAPF  21,W
0048:  MOVWF  03
0049:  SWAPF  7F,F
004A:  SWAPF  7F,W
004B:  RETFIE
004C:  BCF    0A.3
004D:  BCF    0A.4
004E:  GOTO   3AB
.................... //funciona ok 
....................  
.................... #include <16F876A.h> 
.................... //////////// Standard Header file for the PIC16F876A device //////////////// 
.................... /////////////////////////////////////////////////////////////////////////// 
.................... ////        (C) Copyright 1996, 2013 Custom Computer Services          //// 
.................... //// This source code may only be used by licensed users of the CCS C  //// 
.................... //// compiler.  This source code may only be distributed to other      //// 
.................... //// licensed users of the CCS C compiler.  No other use, reproduction //// 
.................... //// or distribution is permitted without written permission.          //// 
.................... //// Derivative programs created using this software in object code    //// 
.................... //// form are not restricted in any way.                               //// 
.................... /////////////////////////////////////////////////////////////////////////// 
.................... #device PIC16F876A 
004F:  BCF    0A.0
0050:  BCF    0A.1
0051:  BCF    0A.2
0052:  ADDWF  02,F
0053:  RETLW  31
0054:  RETLW  32
0055:  RETLW  33
0056:  RETLW  34
0057:  RETLW  35
0058:  RETLW  36
0059:  RETLW  37
005A:  RETLW  38
005B:  RETLW  39
005C:  RETLW  2A
005D:  RETLW  30
005E:  RETLW  23
005F:  DATA 49,37
0060:  DATA 67,39
0061:  DATA E5,39
0062:  DATA 65,1D
0063:  DATA 0A,00
0064:  DATA D4,32
0065:  DATA 6D,38
0066:  DATA 65,39
0067:  DATA AE,26
0068:  DATA 69,37
0069:  DATA 20,14
006A:  DATA 20,10
006B:  DATA A0,14
006C:  DATA 00,00
*
0082:  MOVLW  8E
0083:  MOVWF  77
0084:  MOVF   68,W
0085:  MOVWF  78
0086:  MOVF   67,W
0087:  MOVWF  79
0088:  CLRF   7A
0089:  MOVF   78,F
008A:  BTFSS  03.2
008B:  GOTO   096
008C:  MOVF   79,W
008D:  MOVWF  78
008E:  CLRF   79
008F:  MOVLW  08
0090:  SUBWF  77,F
0091:  MOVF   78,F
0092:  BTFSS  03.2
0093:  GOTO   096
0094:  CLRF   77
0095:  GOTO   09E
0096:  BCF    03.0
0097:  BTFSC  78.7
0098:  GOTO   09D
0099:  RLF    79,F
009A:  RLF    78,F
009B:  DECF   77,F
009C:  GOTO   096
009D:  BCF    78.7
009E:  RETURN
009F:  MOVF   67,W
00A0:  BTFSC  03.2
00A1:  GOTO   164
00A2:  MOVWF  73
00A3:  MOVF   6B,W
00A4:  BTFSC  03.2
00A5:  GOTO   164
00A6:  SUBWF  73,F
00A7:  BTFSS  03.0
00A8:  GOTO   0AE
00A9:  MOVLW  7F
00AA:  ADDWF  73,F
00AB:  BTFSC  03.0
00AC:  GOTO   164
00AD:  GOTO   0B4
00AE:  MOVLW  81
00AF:  SUBWF  73,F
00B0:  BTFSS  03.0
00B1:  GOTO   164
00B2:  BTFSC  03.2
00B3:  GOTO   164
00B4:  MOVF   73,W
00B5:  MOVWF  77
00B6:  CLRF   78
00B7:  CLRF   79
00B8:  CLRF   7A
00B9:  CLRF   72
00BA:  MOVF   68,W
00BB:  MOVWF  71
00BC:  BSF    71.7
00BD:  MOVF   69,W
00BE:  MOVWF  70
00BF:  MOVF   6A,W
00C0:  MOVWF  6F
00C1:  MOVLW  19
00C2:  MOVWF  73
00C3:  MOVF   6E,W
00C4:  SUBWF  6F,F
00C5:  BTFSC  03.0
00C6:  GOTO   0D7
00C7:  MOVLW  01
00C8:  SUBWF  70,F
00C9:  BTFSC  03.0
00CA:  GOTO   0D7
00CB:  SUBWF  71,F
00CC:  BTFSC  03.0
00CD:  GOTO   0D7
00CE:  SUBWF  72,F
00CF:  BTFSC  03.0
00D0:  GOTO   0D7
00D1:  INCF   72,F
00D2:  INCF   71,F
00D3:  INCF   70,F
00D4:  MOVF   6E,W
00D5:  ADDWF  6F,F
00D6:  GOTO   109
00D7:  MOVF   6D,W
00D8:  SUBWF  70,F
00D9:  BTFSC  03.0
00DA:  GOTO   0F2
00DB:  MOVLW  01
00DC:  SUBWF  71,F
00DD:  BTFSC  03.0
00DE:  GOTO   0F2
00DF:  SUBWF  72,F
00E0:  BTFSC  03.0
00E1:  GOTO   0F2
00E2:  INCF   72,F
00E3:  INCF   71,F
00E4:  MOVF   6D,W
00E5:  ADDWF  70,F
00E6:  MOVF   6E,W
00E7:  ADDWF  6F,F
00E8:  BTFSS  03.0
00E9:  GOTO   109
00EA:  INCF   70,F
00EB:  BTFSS  03.2
00EC:  GOTO   109
00ED:  INCF   71,F
00EE:  BTFSS  03.2
00EF:  GOTO   109
00F0:  INCF   72,F
00F1:  GOTO   109
00F2:  MOVF   6C,W
00F3:  IORLW  80
00F4:  SUBWF  71,F
00F5:  BTFSC  03.0
00F6:  GOTO   108
00F7:  MOVLW  01
00F8:  SUBWF  72,F
00F9:  BTFSC  03.0
00FA:  GOTO   108
00FB:  INCF   72,F
00FC:  MOVF   6C,W
00FD:  IORLW  80
00FE:  ADDWF  71,F
00FF:  MOVF   6D,W
0100:  ADDWF  70,F
0101:  BTFSS  03.0
0102:  GOTO   0E6
0103:  INCF   71,F
0104:  BTFSS  03.2
0105:  GOTO   0E6
0106:  INCF   72,F
0107:  GOTO   0E6
0108:  BSF    7A.0
0109:  DECFSZ 73,F
010A:  GOTO   10C
010B:  GOTO   117
010C:  BCF    03.0
010D:  RLF    6F,F
010E:  RLF    70,F
010F:  RLF    71,F
0110:  RLF    72,F
0111:  BCF    03.0
0112:  RLF    7A,F
0113:  RLF    79,F
0114:  RLF    78,F
0115:  RLF    74,F
0116:  GOTO   0C3
0117:  BTFSS  74.0
0118:  GOTO   11F
0119:  BCF    03.0
011A:  RRF    78,F
011B:  RRF    79,F
011C:  RRF    7A,F
011D:  RRF    74,F
011E:  GOTO   122
011F:  DECF   77,F
0120:  BTFSC  03.2
0121:  GOTO   164
0122:  BTFSC  74.7
0123:  GOTO   14B
0124:  BCF    03.0
0125:  RLF    6F,F
0126:  RLF    70,F
0127:  RLF    71,F
0128:  RLF    72,F
0129:  MOVF   6E,W
012A:  SUBWF  6F,F
012B:  BTFSC  03.0
012C:  GOTO   137
012D:  MOVLW  01
012E:  SUBWF  70,F
012F:  BTFSC  03.0
0130:  GOTO   137
0131:  SUBWF  71,F
0132:  BTFSC  03.0
0133:  GOTO   137
0134:  SUBWF  72,F
0135:  BTFSS  03.0
0136:  GOTO   15A
0137:  MOVF   6D,W
0138:  SUBWF  70,F
0139:  BTFSC  03.0
013A:  GOTO   142
013B:  MOVLW  01
013C:  SUBWF  71,F
013D:  BTFSC  03.0
013E:  GOTO   142
013F:  SUBWF  72,F
0140:  BTFSS  03.0
0141:  GOTO   15A
0142:  MOVF   6C,W
0143:  IORLW  80
0144:  SUBWF  71,F
0145:  BTFSC  03.0
0146:  GOTO   14B
0147:  MOVLW  01
0148:  SUBWF  72,F
0149:  BTFSS  03.0
014A:  GOTO   15A
014B:  INCF   7A,F
014C:  BTFSS  03.2
014D:  GOTO   15A
014E:  INCF   79,F
014F:  BTFSS  03.2
0150:  GOTO   15A
0151:  INCF   78,F
0152:  BTFSS  03.2
0153:  GOTO   15A
0154:  INCF   77,F
0155:  BTFSC  03.2
0156:  GOTO   164
0157:  RRF    78,F
0158:  RRF    79,F
0159:  RRF    7A,F
015A:  MOVF   68,W
015B:  MOVWF  73
015C:  MOVF   6C,W
015D:  XORWF  73,F
015E:  BTFSS  73.7
015F:  GOTO   162
0160:  BSF    78.7
0161:  GOTO   168
0162:  BCF    78.7
0163:  GOTO   168
0164:  CLRF   77
0165:  CLRF   78
0166:  CLRF   79
0167:  CLRF   7A
0168:  RETURN
*
0209:  BTFSC  03.1
020A:  GOTO   20E
020B:  MOVLW  6D
020C:  MOVWF  04
020D:  BCF    03.7
020E:  CLRF   77
020F:  CLRF   78
0210:  CLRF   79
0211:  CLRF   7A
0212:  CLRF   6D
0213:  CLRF   6E
0214:  CLRF   6F
0215:  CLRF   70
0216:  MOVF   6C,W
0217:  IORWF  6B,W
0218:  IORWF  6A,W
0219:  IORWF  69,W
021A:  BTFSC  03.2
021B:  GOTO   24C
021C:  MOVLW  20
021D:  MOVWF  71
021E:  BCF    03.0
021F:  RLF    65,F
0220:  RLF    66,F
0221:  RLF    67,F
0222:  RLF    68,F
0223:  RLF    6D,F
0224:  RLF    6E,F
0225:  RLF    6F,F
0226:  RLF    70,F
0227:  MOVF   6C,W
0228:  SUBWF  70,W
0229:  BTFSS  03.2
022A:  GOTO   235
022B:  MOVF   6B,W
022C:  SUBWF  6F,W
022D:  BTFSS  03.2
022E:  GOTO   235
022F:  MOVF   6A,W
0230:  SUBWF  6E,W
0231:  BTFSS  03.2
0232:  GOTO   235
0233:  MOVF   69,W
0234:  SUBWF  6D,W
0235:  BTFSS  03.0
0236:  GOTO   246
0237:  MOVF   69,W
0238:  SUBWF  6D,F
0239:  MOVF   6A,W
023A:  BTFSS  03.0
023B:  INCFSZ 6A,W
023C:  SUBWF  6E,F
023D:  MOVF   6B,W
023E:  BTFSS  03.0
023F:  INCFSZ 6B,W
0240:  SUBWF  6F,F
0241:  MOVF   6C,W
0242:  BTFSS  03.0
0243:  INCFSZ 6C,W
0244:  SUBWF  70,F
0245:  BSF    03.0
0246:  RLF    77,F
0247:  RLF    78,F
0248:  RLF    79,F
0249:  RLF    7A,F
024A:  DECFSZ 71,F
024B:  GOTO   21E
024C:  MOVF   6D,W
024D:  MOVWF  00
024E:  INCF   04,F
024F:  MOVF   6E,W
0250:  MOVWF  00
0251:  INCF   04,F
0252:  MOVF   6F,W
0253:  MOVWF  00
0254:  INCF   04,F
0255:  MOVF   70,W
0256:  MOVWF  00
0257:  RETURN
0258:  MOVF   04,W
0259:  MOVWF  5D
025A:  MOVF   5C,W
025B:  MOVWF  5F
025C:  BTFSC  03.2
025D:  GOTO   2EA
025E:  MOVF   5B,W
025F:  MOVWF  68
0260:  MOVF   5A,W
0261:  MOVWF  67
0262:  MOVF   59,W
0263:  MOVWF  66
0264:  MOVF   58,W
0265:  MOVWF  65
0266:  CLRF   6C
0267:  CLRF   6B
0268:  MOVLW  20
0269:  MOVWF  6A
026A:  MOVLW  82
026B:  MOVWF  69
026C:  MOVF   65,W
026D:  BTFSC  03.2
026E:  GOTO   2DC
026F:  MOVWF  6D
0270:  MOVF   69,W
0271:  BTFSC  03.2
0272:  GOTO   2DC
0273:  ADDWF  6D,F
0274:  BTFSC  03.0
0275:  GOTO   27D
0276:  MOVLW  7F
0277:  SUBWF  6D,F
0278:  BTFSS  03.0
0279:  GOTO   2DC
027A:  BTFSC  03.2
027B:  GOTO   2DC
027C:  GOTO   281
027D:  MOVLW  81
027E:  ADDWF  6D,F
027F:  BTFSC  03.0
0280:  GOTO   2DC
0281:  MOVF   6D,W
0282:  MOVWF  77
0283:  CLRF   78
0284:  CLRF   79
0285:  CLRF   7A
0286:  MOVF   66,W
0287:  MOVWF  71
0288:  BSF    71.7
0289:  MOVF   67,W
028A:  MOVWF  70
028B:  MOVF   68,W
028C:  MOVWF  6F
028D:  MOVLW  18
028E:  MOVWF  6D
028F:  CLRF   6E
0290:  BTFSS  6F.0
0291:  GOTO   2AA
0292:  MOVF   6C,W
0293:  ADDWF  7A,F
0294:  BTFSS  03.0
0295:  GOTO   29C
0296:  INCF   79,F
0297:  BTFSS  03.2
0298:  GOTO   29C
0299:  INCF   78,F
029A:  BTFSC  03.2
029B:  BSF    6E.7
029C:  MOVF   6B,W
029D:  ADDWF  79,F
029E:  BTFSS  03.0
029F:  GOTO   2A3
02A0:  INCF   78,F
02A1:  BTFSC  03.2
02A2:  BSF    6E.7
02A3:  MOVF   6A,W
02A4:  MOVWF  67
02A5:  BSF    67.7
02A6:  MOVF   67,W
02A7:  ADDWF  78,F
02A8:  BTFSC  03.0
02A9:  BSF    6E.7
02AA:  RLF    6E,F
02AB:  RRF    78,F
02AC:  RRF    79,F
02AD:  RRF    7A,F
02AE:  RRF    71,F
02AF:  RRF    70,F
02B0:  RRF    6F,F
02B1:  BCF    03.0
02B2:  DECFSZ 6D,F
02B3:  GOTO   28F
02B4:  MOVLW  01
02B5:  ADDWF  77,F
02B6:  BTFSC  03.0
02B7:  GOTO   2DC
02B8:  BTFSC  78.7
02B9:  GOTO   2C1
02BA:  RLF    71,F
02BB:  RLF    7A,F
02BC:  RLF    79,F
02BD:  RLF    78,F
02BE:  DECF   77,F
02BF:  BTFSC  03.2
02C0:  GOTO   2DC
02C1:  BTFSS  71.7
02C2:  GOTO   2D2
02C3:  INCF   7A,F
02C4:  BTFSS  03.2
02C5:  GOTO   2D2
02C6:  INCF   79,F
02C7:  BTFSS  03.2
02C8:  GOTO   2D2
02C9:  INCF   78,F
02CA:  BTFSS  03.2
02CB:  GOTO   2D2
02CC:  RRF    78,F
02CD:  RRF    79,F
02CE:  RRF    7A,F
02CF:  INCF   77,F
02D0:  BTFSC  03.2
02D1:  GOTO   2DC
02D2:  MOVF   66,W
02D3:  MOVWF  6E
02D4:  MOVF   6A,W
02D5:  XORWF  6E,F
02D6:  BTFSS  6E.7
02D7:  GOTO   2DA
02D8:  BSF    78.7
02D9:  GOTO   2E0
02DA:  BCF    78.7
02DB:  GOTO   2E0
02DC:  CLRF   77
02DD:  CLRF   78
02DE:  CLRF   79
02DF:  CLRF   7A
02E0:  MOVF   7A,W
02E1:  MOVWF  5B
02E2:  MOVF   79,W
02E3:  MOVWF  5A
02E4:  MOVF   78,W
02E5:  MOVWF  59
02E6:  MOVF   77,W
02E7:  MOVWF  58
02E8:  DECFSZ 5F,F
02E9:  GOTO   25E
02EA:  MOVF   5B,W
02EB:  MOVWF  68
02EC:  MOVF   5A,W
02ED:  MOVWF  67
02EE:  MOVF   59,W
02EF:  MOVWF  66
02F0:  MOVF   58,W
02F1:  MOVWF  65
02F2:  MOVF   65,W
02F3:  SUBLW  B6
02F4:  MOVWF  65
02F5:  CLRF   7A
02F6:  MOVF   66,W
02F7:  MOVWF  69
02F8:  BSF    66.7
02F9:  BCF    03.0
02FA:  RRF    66,F
02FB:  RRF    67,F
02FC:  RRF    68,F
02FD:  RRF    7A,F
02FE:  RRF    79,F
02FF:  RRF    78,F
0300:  RRF    77,F
0301:  DECFSZ 65,F
0302:  GOTO   2F9
0303:  BTFSS  69.7
0304:  GOTO   310
0305:  COMF   77,F
0306:  COMF   78,F
0307:  COMF   79,F
0308:  COMF   7A,F
0309:  INCF   77,F
030A:  BTFSC  03.2
030B:  INCF   78,F
030C:  BTFSC  03.2
030D:  INCF   79,F
030E:  BTFSC  03.2
030F:  INCF   7A,F
0310:  MOVF   7A,W
0311:  MOVWF  5B
0312:  MOVF   79,W
0313:  MOVWF  5A
0314:  MOVF   78,W
0315:  MOVWF  59
0316:  MOVF   77,W
0317:  MOVWF  58
0318:  BTFSS  5B.7
0319:  GOTO   327
031A:  DECF   5D,F
031B:  BSF    5D.5
031C:  COMF   58,F
031D:  COMF   59,F
031E:  COMF   5A,F
031F:  COMF   5B,F
0320:  INCF   58,F
0321:  BTFSC  03.2
0322:  INCF   59,F
0323:  BTFSC  03.2
0324:  INCF   5A,F
0325:  BTFSC  03.2
0326:  INCF   5B,F
0327:  MOVLW  3B
0328:  MOVWF  64
0329:  MOVLW  9A
032A:  MOVWF  63
032B:  MOVLW  CA
032C:  MOVWF  62
032D:  CLRF   61
032E:  MOVLW  0A
032F:  MOVWF  5F
0330:  MOVF   5C,W
0331:  BTFSC  03.2
0332:  INCF   5D,F
0333:  BSF    03.1
0334:  MOVLW  58
0335:  MOVWF  04
0336:  BCF    03.7
0337:  MOVF   5B,W
0338:  MOVWF  68
0339:  MOVF   5A,W
033A:  MOVWF  67
033B:  MOVF   59,W
033C:  MOVWF  66
033D:  MOVF   58,W
033E:  MOVWF  65
033F:  MOVF   64,W
0340:  MOVWF  6C
0341:  MOVF   63,W
0342:  MOVWF  6B
0343:  MOVF   62,W
0344:  MOVWF  6A
0345:  MOVF   61,W
0346:  MOVWF  69
0347:  CALL   209
0348:  MOVF   78,W
0349:  MOVF   77,F
034A:  BTFSS  03.2
034B:  GOTO   35F
034C:  INCF   5C,W
034D:  SUBWF  5F,W
034E:  BTFSC  03.2
034F:  GOTO   35F
0350:  MOVF   5D,W
0351:  BTFSC  03.2
0352:  GOTO   361
0353:  ANDLW  0F
0354:  SUBWF  5F,W
0355:  BTFSC  03.2
0356:  GOTO   359
0357:  BTFSC  03.0
0358:  GOTO   391
0359:  BTFSC  5D.7
035A:  GOTO   391
035B:  BTFSC  5D.6
035C:  GOTO   361
035D:  MOVLW  20
035E:  GOTO   38D
035F:  MOVLW  20
0360:  ANDWF  5D,F
0361:  BTFSS  5D.5
0362:  GOTO   36F
0363:  BCF    5D.5
0364:  MOVF   5C,W
0365:  BTFSS  03.2
0366:  DECF   5D,F
0367:  MOVF   77,W
0368:  MOVWF  5D
0369:  MOVLW  2D
036A:  MOVWF  65
036B:  CALL   1BD
036C:  MOVF   5D,W
036D:  MOVWF  77
036E:  CLRF   5D
036F:  MOVF   5C,W
0370:  SUBWF  5F,W
0371:  BTFSS  03.2
0372:  GOTO   37D
0373:  MOVF   77,W
0374:  MOVWF  5D
0375:  MOVLW  2E
0376:  MOVWF  65
0377:  CALL   1BD
0378:  MOVF   5D,W
0379:  MOVWF  77
037A:  MOVLW  20
037B:  ANDWF  5D,F
037C:  MOVLW  00
037D:  MOVLW  30
037E:  BTFSS  5D.5
037F:  GOTO   38D
0380:  BCF    5D.5
0381:  MOVF   5C,W
0382:  BTFSS  03.2
0383:  DECF   5D,F
0384:  MOVF   77,W
0385:  MOVWF  5D
0386:  MOVLW  2D
0387:  MOVWF  65
0388:  CALL   1BD
0389:  MOVF   5D,W
038A:  MOVWF  77
038B:  CLRF   5D
038C:  MOVLW  30
038D:  ADDWF  77,F
038E:  MOVF   77,W
038F:  MOVWF  65
0390:  CALL   1BD
0391:  BCF    03.1
0392:  MOVF   64,W
0393:  MOVWF  68
0394:  MOVF   63,W
0395:  MOVWF  67
0396:  MOVF   62,W
0397:  MOVWF  66
0398:  MOVF   61,W
0399:  MOVWF  65
039A:  CLRF   6C
039B:  CLRF   6B
039C:  CLRF   6A
039D:  MOVLW  0A
039E:  MOVWF  69
039F:  CALL   209
03A0:  MOVF   7A,W
03A1:  MOVWF  64
03A2:  MOVF   79,W
03A3:  MOVWF  63
03A4:  MOVF   78,W
03A5:  MOVWF  62
03A6:  MOVF   77,W
03A7:  MOVWF  61
03A8:  DECFSZ 5F,F
03A9:  GOTO   333
03AA:  RETURN
*
04C5:  BCF    03.6
04C6:  MOVF   0B,W
04C7:  MOVWF  58
04C8:  BCF    0B.7
04C9:  BSF    03.5
04CA:  BSF    03.6
04CB:  BSF    0C.7
04CC:  BSF    0C.0
04CD:  NOP
04CE:  NOP
04CF:  BCF    03.5
04D0:  BCF    03.6
04D1:  BTFSC  58.7
04D2:  BSF    0B.7
04D3:  BSF    03.6
04D4:  MOVF   0C,W
04D5:  ANDLW  7F
04D6:  BTFSC  03.2
04D7:  GOTO   518
04D8:  BCF    03.6
04D9:  MOVWF  58
04DA:  BSF    03.6
04DB:  MOVF   0D,W
04DC:  BCF    03.6
04DD:  MOVWF  59
04DE:  BSF    03.6
04DF:  MOVF   0F,W
04E0:  BCF    03.6
04E1:  MOVWF  5A
04E2:  MOVF   58,W
04E3:  MOVWF  65
04E4:  CALL   1BD
04E5:  MOVF   59,W
04E6:  BSF    03.6
04E7:  MOVWF  0D
04E8:  BCF    03.6
04E9:  MOVF   5A,W
04EA:  BSF    03.6
04EB:  MOVWF  0F
04EC:  BCF    03.6
04ED:  MOVF   0B,W
04EE:  MOVWF  5B
04EF:  BCF    0B.7
04F0:  BSF    03.5
04F1:  BSF    03.6
04F2:  BSF    0C.7
04F3:  BSF    0C.0
04F4:  NOP
04F5:  NOP
04F6:  BCF    03.5
04F7:  BCF    03.6
04F8:  BTFSC  5B.7
04F9:  BSF    0B.7
04FA:  BSF    03.6
04FB:  RLF    0C,W
04FC:  RLF    0E,W
04FD:  ANDLW  7F
04FE:  BTFSC  03.2
04FF:  GOTO   518
0500:  BCF    03.6
0501:  MOVWF  58
0502:  BSF    03.6
0503:  MOVF   0D,W
0504:  BCF    03.6
0505:  MOVWF  59
0506:  BSF    03.6
0507:  MOVF   0F,W
0508:  BCF    03.6
0509:  MOVWF  5A
050A:  MOVF   58,W
050B:  MOVWF  65
050C:  CALL   1BD
050D:  MOVF   59,W
050E:  BSF    03.6
050F:  MOVWF  0D
0510:  BCF    03.6
0511:  MOVF   5A,W
0512:  BSF    03.6
0513:  MOVWF  0F
0514:  INCF   0D,F
0515:  BTFSC  03.2
0516:  INCF   0F,F
0517:  GOTO   4C5
*
053E:  MOVF   0B,W
053F:  MOVWF  59
0540:  BCF    0B.7
0541:  BSF    03.5
0542:  BSF    03.6
0543:  BSF    0C.7
0544:  BSF    0C.0
0545:  NOP
0546:  NOP
0547:  BCF    03.5
0548:  BCF    03.6
0549:  BTFSC  59.7
054A:  BSF    0B.7
054B:  BTFSC  03.0
054C:  GOTO   575
054D:  BSF    03.6
054E:  MOVF   0C,W
054F:  ANDLW  7F
0550:  BCF    03.6
0551:  MOVWF  59
0552:  BSF    03.6
0553:  MOVF   0D,W
0554:  BCF    03.6
0555:  MOVWF  5A
0556:  BSF    03.6
0557:  MOVF   0F,W
0558:  BCF    03.6
0559:  MOVWF  5B
055A:  MOVF   59,W
055B:  MOVWF  65
055C:  CALL   1BD
055D:  MOVF   5A,W
055E:  BSF    03.6
055F:  MOVWF  0D
0560:  BCF    03.6
0561:  MOVF   5B,W
0562:  BSF    03.6
0563:  MOVWF  0F
0564:  BCF    03.6
0565:  MOVF   0B,W
0566:  MOVWF  5C
0567:  BCF    0B.7
0568:  BSF    03.5
0569:  BSF    03.6
056A:  BSF    0C.7
056B:  BSF    0C.0
056C:  NOP
056D:  NOP
056E:  BCF    03.5
056F:  BCF    03.6
0570:  BTFSC  5C.7
0571:  BSF    0B.7
0572:  DECFSZ 58,F
0573:  GOTO   575
0574:  GOTO   594
0575:  BSF    03.6
0576:  RLF    0C,W
0577:  RLF    0E,W
0578:  ANDLW  7F
0579:  BCF    03.6
057A:  MOVWF  59
057B:  BSF    03.6
057C:  MOVF   0D,W
057D:  BCF    03.6
057E:  MOVWF  5A
057F:  BSF    03.6
0580:  MOVF   0F,W
0581:  BCF    03.6
0582:  MOVWF  5B
0583:  MOVF   59,W
0584:  MOVWF  65
0585:  CALL   1BD
0586:  MOVF   5A,W
0587:  BSF    03.6
0588:  MOVWF  0D
0589:  BCF    03.6
058A:  MOVF   5B,W
058B:  BSF    03.6
058C:  MOVWF  0F
058D:  INCF   0D,F
058E:  BTFSC  03.2
058F:  INCF   0F,F
0590:  BCF    03.0
0591:  BCF    03.6
0592:  DECFSZ 58,F
0593:  GOTO   53E
*
05CF:  DATA 8C,22
05D0:  DATA 52,29
05D1:  DATA 4F,29
05D2:  DATA 20,22
05D3:  DATA 45,10
05D4:  DATA CC,22
05D5:  DATA 43,2A
05D6:  DATA 55,29
05D7:  DATA 41,00
05D8:  DATA 20,2A
05D9:  DATA BD,16
05DA:  DATA 25,19
05DB:  DATA AE,18
05DC:  DATA E6,12
05DD:  DATA E3,21
05DE:  DATA 00,00
05DF:  DATA 8C,29
05E0:  DATA 65,37
05E1:  DATA F3,37
05E2:  DATA 72,10
05E3:  DATA 44,24
05E4:  DATA 54,19
05E5:  DATA 32,00
*
069B:  CLRF   77
069C:  CLRF   78
069D:  MOVF   4D,W
069E:  BCF    03.0
069F:  BTFSC  4E.0
06A0:  ADDWF  77,F
06A1:  RRF    77,F
06A2:  RRF    78,F
06A3:  BTFSC  4E.1
06A4:  ADDWF  77,F
06A5:  RRF    77,F
06A6:  RRF    78,F
06A7:  BTFSC  4E.2
06A8:  ADDWF  77,F
06A9:  RRF    77,F
06AA:  RRF    78,F
06AB:  BTFSC  4E.3
06AC:  ADDWF  77,F
06AD:  RRF    77,F
06AE:  RRF    78,F
06AF:  BTFSC  4E.4
06B0:  ADDWF  77,F
06B1:  RRF    77,F
06B2:  RRF    78,F
06B3:  BTFSC  4E.5
06B4:  ADDWF  77,F
06B5:  RRF    77,F
06B6:  RRF    78,F
06B7:  BTFSC  4E.6
06B8:  ADDWF  77,F
06B9:  RRF    77,F
06BA:  RRF    78,F
06BB:  BTFSC  4E.7
06BC:  ADDWF  77,F
06BD:  RRF    77,F
06BE:  RRF    78,F
*
06F9:  BCF    03.6
06FA:  MOVF   0B,W
06FB:  MOVWF  58
06FC:  BCF    0B.7
06FD:  BSF    03.5
06FE:  BSF    03.6
06FF:  BSF    0C.7
0700:  BSF    0C.0
0701:  NOP
0702:  NOP
0703:  BCF    03.5
0704:  BCF    03.6
0705:  BTFSC  58.7
0706:  BSF    0B.7
0707:  BSF    03.6
0708:  MOVF   0C,W
0709:  ANDLW  7F
070A:  BTFSC  03.2
070B:  GOTO   74C
070C:  BCF    03.6
070D:  MOVWF  58
070E:  BSF    03.6
070F:  MOVF   0D,W
0710:  BCF    03.6
0711:  MOVWF  59
0712:  BSF    03.6
0713:  MOVF   0F,W
0714:  BCF    03.6
0715:  MOVWF  5A
0716:  MOVF   58,W
0717:  MOVWF  65
0718:  CALL   1BD
0719:  MOVF   59,W
071A:  BSF    03.6
071B:  MOVWF  0D
071C:  BCF    03.6
071D:  MOVF   5A,W
071E:  BSF    03.6
071F:  MOVWF  0F
0720:  BCF    03.6
0721:  MOVF   0B,W
0722:  MOVWF  5B
0723:  BCF    0B.7
0724:  BSF    03.5
0725:  BSF    03.6
0726:  BSF    0C.7
0727:  BSF    0C.0
0728:  NOP
0729:  NOP
072A:  BCF    03.5
072B:  BCF    03.6
072C:  BTFSC  5B.7
072D:  BSF    0B.7
072E:  BSF    03.6
072F:  RLF    0C,W
0730:  RLF    0E,W
0731:  ANDLW  7F
0732:  BTFSC  03.2
0733:  GOTO   74C
0734:  BCF    03.6
0735:  MOVWF  58
0736:  BSF    03.6
0737:  MOVF   0D,W
0738:  BCF    03.6
0739:  MOVWF  59
073A:  BSF    03.6
073B:  MOVF   0F,W
073C:  BCF    03.6
073D:  MOVWF  5A
073E:  MOVF   58,W
073F:  MOVWF  65
0740:  CALL   1BD
0741:  MOVF   59,W
0742:  BSF    03.6
0743:  MOVWF  0D
0744:  BCF    03.6
0745:  MOVF   5A,W
0746:  BSF    03.6
0747:  MOVWF  0F
0748:  INCF   0D,F
0749:  BTFSC  03.2
074A:  INCF   0F,F
074B:  GOTO   6F9
....................  
.................... #list 
....................  
.................... #fuses XT,NOWDT,NOPROTECT,NOLVP 
.................... #use delay(clock= 4000000)  
*
006D:  MOVLW  67
006E:  MOVWF  04
006F:  BCF    03.7
0070:  MOVF   00,W
0071:  BTFSC  03.2
0072:  GOTO   081
0073:  MOVLW  01
0074:  MOVWF  78
0075:  CLRF   77
0076:  DECFSZ 77,F
0077:  GOTO   076
0078:  DECFSZ 78,F
0079:  GOTO   075
007A:  MOVLW  4A
007B:  MOVWF  77
007C:  DECFSZ 77,F
007D:  GOTO   07C
007E:  GOTO   07F
007F:  DECFSZ 00,F
0080:  GOTO   073
0081:  RETURN
.................... #use rs232(baud=9600, xmit=pin_c6, rcv=pin_c7, bits=8, parity=N) 
.................... #define LCD_DATA_PORTB 
.................... #define use_portb_kbd TRUE 
.................... #include <lcd.c>	//rutina del lcd 
.................... /////////////////////////////////////////////////////////////////////////////// 
.................... ////                             LCD.C                                     //// 
.................... ////                 Driver for common LCD modules                         //// 
.................... ////                                                                       //// 
.................... ////  lcd_init()   Must be called before any other function.               //// 
.................... ////                                                                       //// 
.................... ////  lcd_putc(c)  Will display c on the next position of the LCD.         //// 
.................... ////                 \a  Set cursor position to upper left                 //// 
.................... ////                 \f  Clear display, set cursor to upper left           //// 
.................... ////                 \n  Go to start of second line                        //// 
.................... ////                 \b  Move back one position                            //// 
.................... ////              If LCD_EXTENDED_NEWLINE is defined, the \n character     //// 
.................... ////              will erase all remanining characters on the current      //// 
.................... ////              line, and move the cursor to the beginning of the next   //// 
.................... ////              line.                                                    //// 
.................... ////              If LCD_EXTENDED_NEWLINE is defined, the \r character     //// 
.................... ////              will move the cursor to the start of the current         //// 
.................... ////              line.                                                    //// 
.................... ////                                                                       //// 
.................... ////  lcd_gotoxy(x,y) Set write position on LCD (upper left is 1,1)        //// 
.................... ////                                                                       //// 
.................... ////  lcd_getc(x,y)   Returns character at position x,y on LCD             //// 
.................... ////                                                                       //// 
.................... ////  lcd_cursor_on(int1 on)   Turn the cursor on (on=TRUE) or off         //// 
.................... ////              (on=FALSE).                                              //// 
.................... ////                                                                       //// 
.................... ////  lcd_set_cgram_char(w, *p)   Write a custom character to the CGRAM.   //// 
.................... ////                                                                       //// 
.................... ////                                                                       //// 
.................... ////  CONFIGURATION                                                        //// 
.................... ////  The LCD can be configured in one of two ways: a.) port access or     //// 
.................... ////  b.) pin access.  Port access requires the entire 7 bit interface     //// 
.................... ////  connected to one GPIO port, and the data bits (D4:D7 of the LCD)     //// 
.................... ////  connected to sequential pins on the GPIO.  Pin access                //// 
.................... ////  has no requirements, all 7 bits of the control interface can         //// 
.................... ////  can be connected to any GPIO using several ports.                    //// 
.................... ////                                                                       //// 
.................... ////  To use port access, #define LCD_DATA_PORT to the SFR location of     //// 
.................... ////  of the GPIO port that holds the interface, -AND- edit LCD_PIN_MAP    //// 
.................... ////  of this file to configure the pin order.  If you are using a         //// 
.................... ////  baseline PIC (PCB), then LCD_OUTPUT_MAP and LCD_INPUT_MAP also must  //// 
.................... ////  be defined.                                                          //// 
.................... ////                                                                       //// 
.................... ////  Example of port access:                                              //// 
.................... ////     #define LCD_DATA_PORT getenv("SFR:PORTD")                         //// 
.................... ////                                                                       //// 
.................... ////  To use pin access, the following pins must be defined:               //// 
.................... ////     LCD_ENABLE_PIN                                                    //// 
.................... ////     LCD_RS_PIN                                                        //// 
.................... ////     LCD_RW_PIN                                                        //// 
.................... ////     LCD_DATA4                                                         //// 
.................... ////     LCD_DATA5                                                         //// 
.................... ////     LCD_DATA6                                                         //// 
.................... ////     LCD_DATA7                                                         //// 
.................... ////                                                                       //// 
.................... ////  Example of pin access:                                               //// 
.................... ////     #define LCD_ENABLE_PIN  PIN_E0                                    //// 
.................... ////     #define LCD_RS_PIN      PIN_E1                                    //// 
.................... ////     #define LCD_RW_PIN      PIN_E2                                    //// 
.................... ////     #define LCD_DATA4       PIN_D4                                    //// 
.................... ////     #define LCD_DATA5       PIN_D5                                    //// 
.................... ////     #define LCD_DATA6       PIN_D6                                    //// 
.................... ////     #define LCD_DATA7       PIN_D7                                    //// 
.................... ////                                                                       //// 
.................... /////////////////////////////////////////////////////////////////////////////// 
.................... ////        (C) Copyright 1996,2010 Custom Computer Services           //// 
.................... //// This source code may only be used by licensed users of the CCS C  //// 
.................... //// compiler.  This source code may only be distributed to other      //// 
.................... //// licensed users of the CCS C compiler.  No other use, reproduction //// 
.................... //// or distribution is permitted without written permission.          //// 
.................... //// Derivative programs created using this software in object code    //// 
.................... //// form are not restricted in any way.                               //// 
.................... /////////////////////////////////////////////////////////////////////////// 
....................  
.................... #ifndef __LCD_C__ 
.................... #define __LCD_C__ 
....................  
.................... // define the pinout. 
.................... // only required if port access is being used. 
.................... typedef struct   
.................... {                            // This structure is overlayed 
....................    int1 enable;           // on to an I/O port to gain 
....................    int1 rs;               // access to the LCD pins. 
....................    int1 rw;               // The bits are allocated from 
....................    int1 unused;           // low order up.  ENABLE will 
....................    unsigned int     data : 4;         // be LSB pin of that port. 
....................   #if defined(__PCD__)       // The port used will be LCD_DATA_PORT. 
....................    unsigned int    reserved: 8; 
....................   #endif 
.................... } LCD_PIN_MAP; 
....................  
.................... // this is to improve compatability with previous LCD drivers that accepted 
.................... // a define labeled 'use_portb_lcd' that configured the LCD onto port B. 
.................... #if ((defined(use_portb_lcd)) && (use_portb_lcd==TRUE)) 
....................  #define LCD_DATA_PORT getenv("SFR:PORTB") 
.................... #endif 
....................  
.................... #if defined(__PCB__) 
....................    // these definitions only need to be modified for baseline PICs. 
....................    // all other PICs use LCD_PIN_MAP or individual LCD_xxx pin definitions. 
.................... /*                                    EN, RS,   RW,   UNUSED,  DATA  */ 
....................  const LCD_PIN_MAP LCD_OUTPUT_MAP =  {0,  0,    0,    0,       0}; 
....................  const LCD_PIN_MAP LCD_INPUT_MAP =   {0,  0,    0,    0,       0xF}; 
.................... #endif 
....................  
.................... ////////////////////// END CONFIGURATION /////////////////////////////////// 
....................  
.................... #ifndef LCD_ENABLE_PIN 
....................    #define lcd_output_enable(x) lcdlat.enable=x 
....................    #define lcd_enable_tris()   lcdtris.enable=0 
.................... #else 
....................    #define lcd_output_enable(x) output_bit(LCD_ENABLE_PIN, x) 
....................    #define lcd_enable_tris()  output_drive(LCD_ENABLE_PIN) 
.................... #endif 
....................  
.................... #ifndef LCD_RS_PIN 
....................    #define lcd_output_rs(x) lcdlat.rs=x 
....................    #define lcd_rs_tris()   lcdtris.rs=0 
.................... #else 
....................    #define lcd_output_rs(x) output_bit(LCD_RS_PIN, x) 
....................    #define lcd_rs_tris()  output_drive(LCD_RS_PIN) 
.................... #endif 
....................  
.................... #ifndef LCD_RW_PIN 
....................    #define lcd_output_rw(x) lcdlat.rw=x 
....................    #define lcd_rw_tris()   lcdtris.rw=0 
.................... #else 
....................    #define lcd_output_rw(x) output_bit(LCD_RW_PIN, x) 
....................    #define lcd_rw_tris()  output_drive(LCD_RW_PIN) 
.................... #endif 
....................  
.................... // original version of this library incorrectly labeled LCD_DATA0 as LCD_DATA4, 
.................... // LCD_DATA1 as LCD_DATA5, and so on.  this block of code makes the driver 
.................... // compatible with any code written for the original library 
.................... #if (defined(LCD_DATA0) && defined(LCD_DATA1) && defined(LCD_DATA2) && defined(LCD_DATA3) && !defined(LCD_DATA4) && !defined(LCD_DATA5) && !defined(LCD_DATA6) && !defined(LCD_DATA7)) 
....................    #define  LCD_DATA4    LCD_DATA0 
....................    #define  LCD_DATA5    LCD_DATA1 
....................    #define  LCD_DATA6    LCD_DATA2 
....................    #define  LCD_DATA7    LCD_DATA3 
.................... #endif 
....................  
.................... #ifndef LCD_DATA4 
.................... #ifndef LCD_DATA_PORT 
....................    #if defined(__PCB__) 
....................       #define LCD_DATA_PORT      0x06     //portb 
....................       #define set_tris_lcd(x)   set_tris_b(x) 
....................    #else 
....................      #if defined(PIN_D0) 
....................       #define LCD_DATA_PORT      getenv("SFR:PORTD")     //portd 
....................      #else 
....................       #define LCD_DATA_PORT      getenv("SFR:PORTB")     //portb 
....................      #endif 
....................    #endif    
.................... #endif 
....................  
.................... #if defined(__PCB__) 
....................    LCD_PIN_MAP lcd, lcdlat; 
....................    #byte lcd = LCD_DATA_PORT 
....................    #byte lcdlat = LCD_DATA_PORT 
.................... #elif defined(__PCM__) 
....................    LCD_PIN_MAP lcd, lcdlat, lcdtris; 
....................    #byte lcd = LCD_DATA_PORT 
....................    #byte lcdlat = LCD_DATA_PORT 
....................    #byte lcdtris = LCD_DATA_PORT+0x80 
.................... #elif defined(__PCH__) 
....................    LCD_PIN_MAP lcd, lcdlat, lcdtris; 
....................    #byte lcd = LCD_DATA_PORT 
....................    #byte lcdlat = LCD_DATA_PORT+9 
....................    #byte lcdtris = LCD_DATA_PORT+0x12 
.................... #elif defined(__PCD__) 
....................    LCD_PIN_MAP lcd, lcdlat, lcdtris; 
....................    #word lcd = LCD_DATA_PORT 
....................    #word lcdlat = LCD_DATA_PORT+2 
....................    #word lcdtris = LCD_DATA_PORT-0x02 
.................... #endif 
.................... #endif   //LCD_DATA4 not defined 
....................  
.................... #ifndef LCD_TYPE 
....................    #define LCD_TYPE 2           // 0=5x7, 1=5x10, 2=2 lines 
.................... #endif 
....................  
.................... #ifndef LCD_LINE_TWO 
....................    #define LCD_LINE_TWO 0x40    // LCD RAM address for the second line 
.................... #endif 
....................  
.................... #ifndef LCD_LINE_LENGTH 
....................    #define LCD_LINE_LENGTH 20 
.................... #endif 
....................  
.................... unsigned int8 lcd_read_nibble(void); 
....................  
.................... unsigned int8 lcd_read_byte(void) 
.................... { 
....................    unsigned int8 low,high; 
....................  
....................  #if defined(__PCB__) 
....................    set_tris_lcd(LCD_INPUT_MAP); 
....................  #else 
....................   #if (defined(LCD_DATA4) && defined(LCD_DATA5) && defined(LCD_DATA6) && defined(LCD_DATA7)) 
....................    output_float(LCD_DATA4); 
....................    output_float(LCD_DATA5); 
....................    output_float(LCD_DATA6); 
....................    output_float(LCD_DATA7); 
....................   #else 
....................    lcdtris.data = 0xF; 
*
017B:  MOVLW  0F
017C:  BSF    03.5
017D:  ANDWF  06,W
017E:  IORLW  F0
017F:  MOVWF  06
....................   #endif 
....................  #endif 
....................          
....................    lcd_output_rw(1); 
0180:  BCF    03.5
0181:  BSF    06.2
....................    delay_cycles(1); 
0182:  NOP
....................    lcd_output_enable(1); 
0183:  BSF    06.0
....................    delay_cycles(1); 
0184:  NOP
....................    high = lcd_read_nibble(); 
*
018A:  MOVF   78,W
018B:  MOVWF  6D
....................        
....................    lcd_output_enable(0); 
018C:  BCF    06.0
....................    delay_cycles(1); 
018D:  NOP
....................    lcd_output_enable(1); 
018E:  BSF    06.0
....................    delay_us(1); 
018F:  NOP
....................    low = lcd_read_nibble(); 
*
0195:  MOVF   78,W
0196:  MOVWF  6C
....................        
....................    lcd_output_enable(0); 
0197:  BCF    06.0
....................  
....................  #if defined(__PCB__) 
....................    set_tris_lcd(LCD_OUTPUT_MAP); 
....................  #else 
....................   #if (defined(LCD_DATA4) && defined(LCD_DATA5) && defined(LCD_DATA6) && defined(LCD_DATA7)) 
....................    output_drive(LCD_DATA4); 
....................    output_drive(LCD_DATA5); 
....................    output_drive(LCD_DATA6); 
....................    output_drive(LCD_DATA7); 
....................   #else 
....................    lcdtris.data = 0x0; 
0198:  MOVLW  0F
0199:  BSF    03.5
019A:  ANDWF  06,W
019B:  MOVWF  06
....................   #endif 
....................  #endif 
....................  
....................    return( (high<<4) | low); 
019C:  BCF    03.5
019D:  SWAPF  6D,W
019E:  MOVWF  77
019F:  MOVLW  F0
01A0:  ANDWF  77,F
01A1:  MOVF   77,W
01A2:  IORWF  6C,W
01A3:  MOVWF  78
.................... } 
....................  
.................... unsigned int8 lcd_read_nibble(void) 
.................... { 
....................   #if (defined(LCD_DATA4) && defined(LCD_DATA5) && defined(LCD_DATA6) && defined(LCD_DATA7)) 
....................    unsigned int8 n = 0x00; 
....................  
....................    /* Read the data port */ 
....................    n |= input(LCD_DATA4); 
....................    n |= input(LCD_DATA5) << 1; 
....................    n |= input(LCD_DATA6) << 2; 
....................    n |= input(LCD_DATA7) << 3; 
....................     
....................    return(n); 
....................   #else 
....................    return(lcd.data); 
*
0185:  MOVF   06,W
0186:  MOVWF  77
0187:  SWAPF  06,W
0188:  ANDLW  0F
0189:  MOVWF  78
*
0190:  MOVF   06,W
0191:  MOVWF  77
0192:  SWAPF  06,W
0193:  ANDLW  0F
0194:  MOVWF  78
....................   #endif 
.................... } 
....................  
.................... void lcd_send_nibble(unsigned int8 n) 
.................... { 
....................   #if (defined(LCD_DATA4) && defined(LCD_DATA5) && defined(LCD_DATA6) && defined(LCD_DATA7)) 
....................    /* Write to the data port */ 
....................    output_bit(LCD_DATA4, bit_test(n, 0)); 
....................    output_bit(LCD_DATA5, bit_test(n, 1)); 
....................    output_bit(LCD_DATA6, bit_test(n, 2)); 
....................    output_bit(LCD_DATA7, bit_test(n, 3)); 
....................   #else       
....................    lcdlat.data = n; 
*
0169:  SWAPF  6D,W
016A:  ANDLW  F0
016B:  MOVWF  77
016C:  MOVLW  0F
016D:  ANDWF  06,W
016E:  IORWF  77,W
016F:  MOVWF  06
....................   #endif 
....................        
....................    delay_cycles(1); 
0170:  NOP
....................    lcd_output_enable(1); 
0171:  BSF    06.0
....................    delay_us(2); 
0172:  GOTO   173
....................    lcd_output_enable(0); 
0173:  BCF    06.0
0174:  RETURN
.................... } 
....................  
.................... void lcd_send_byte(unsigned int8 address, unsigned int8 n) 
.................... { 
....................   #if defined(__PCB__) 
....................    set_tris_lcd(LCD_OUTPUT_MAP); 
....................   #else 
....................    lcd_enable_tris(); 
0175:  BSF    03.5
0176:  BCF    06.0
....................    lcd_rs_tris(); 
0177:  BCF    06.1
....................    lcd_rw_tris(); 
0178:  BCF    06.2
....................   #endif 
....................  
....................    lcd_output_rs(0); 
0179:  BCF    03.5
017A:  BCF    06.1
....................    while ( bit_test(lcd_read_byte(),7) ) ; 
*
01A4:  MOVF   78,W
01A5:  MOVWF  6C
01A6:  BTFSC  6C.7
01A7:  GOTO   17B
....................    lcd_output_rs(address); 
01A8:  BTFSS  6A.0
01A9:  BCF    06.1
01AA:  BTFSC  6A.0
01AB:  BSF    06.1
....................    delay_cycles(1); 
01AC:  NOP
....................    lcd_output_rw(0); 
01AD:  BCF    06.2
....................    delay_cycles(1); 
01AE:  NOP
....................    lcd_output_enable(0); 
01AF:  BCF    06.0
....................    lcd_send_nibble(n >> 4); 
01B0:  SWAPF  6B,W
01B1:  MOVWF  6C
01B2:  MOVLW  0F
01B3:  ANDWF  6C,F
01B4:  MOVF   6C,W
01B5:  MOVWF  6D
01B6:  CALL   169
....................    lcd_send_nibble(n & 0xf); 
01B7:  MOVF   6B,W
01B8:  ANDLW  0F
01B9:  MOVWF  6C
01BA:  MOVWF  6D
01BB:  CALL   169
01BC:  RETURN
.................... } 
....................  
.................... #if defined(LCD_EXTENDED_NEWLINE) 
.................... unsigned int8 g_LcdX, g_LcdY; 
.................... #endif 
....................  
.................... void lcd_init(void)  
.................... { 
....................    unsigned int8 i; 
....................    unsigned int8 LCD_INIT_STRING[4] = {0x20 | (LCD_TYPE << 2), 0xc, 1, 6}; 
*
05E6:  MOVLW  28
05E7:  MOVWF  4C
05E8:  MOVLW  0C
05E9:  MOVWF  4D
05EA:  MOVLW  01
05EB:  MOVWF  4E
05EC:  MOVLW  06
05ED:  MOVWF  4F
....................                              // These bytes need to be sent to the LCD 
....................                              // to start it up. 
....................     
....................  
....................    lcd_output_enable(0); 
05EE:  BCF    06.0
....................    lcd_output_rs(0); 
05EF:  BCF    06.1
....................    lcd_output_rw(0); 
05F0:  BCF    06.2
....................  
....................  #if defined(__PCB__) 
....................    set_tris_lcd(LCD_OUTPUT_MAP); 
....................  #else 
....................   #if (defined(LCD_DATA4) && defined(LCD_DATA5) && defined(LCD_DATA6) && defined(LCD_DATA7)) 
....................    output_drive(LCD_DATA4); 
....................    output_drive(LCD_DATA5); 
....................    output_drive(LCD_DATA6); 
....................    output_drive(LCD_DATA7); 
....................   #else 
....................    lcdtris.data = 0x0; 
05F1:  MOVLW  0F
05F2:  BSF    03.5
05F3:  ANDWF  06,W
05F4:  MOVWF  06
....................   #endif 
....................    lcd_enable_tris(); 
05F5:  BCF    06.0
....................    lcd_rs_tris(); 
05F6:  BCF    06.1
....................    lcd_rw_tris(); 
05F7:  BCF    06.2
05F8:  BCF    03.5
05F9:  CLRF   2B
05FA:  BTFSC  0B.7
05FB:  BSF    2B.7
05FC:  BCF    0B.7
....................  #endif 
....................      
....................    delay_ms(15); 
05FD:  MOVLW  0F
05FE:  MOVWF  67
05FF:  CALL   06D
0600:  BTFSC  2B.7
0601:  BSF    0B.7
....................    for(i=1;i<=3;++i) 
0602:  MOVLW  01
0603:  MOVWF  4B
0604:  MOVF   4B,W
0605:  SUBLW  03
0606:  BTFSS  03.0
0607:  GOTO   61C
0608:  CLRF   2B
0609:  BTFSC  0B.7
060A:  BSF    2B.7
060B:  BCF    0B.7
....................    { 
....................        lcd_send_nibble(3); 
060C:  MOVLW  03
060D:  MOVWF  6D
060E:  CALL   169
060F:  BTFSC  2B.7
0610:  BSF    0B.7
0611:  CLRF   2B
0612:  BTFSC  0B.7
0613:  BSF    2B.7
0614:  BCF    0B.7
....................        delay_ms(5); 
0615:  MOVLW  05
0616:  MOVWF  67
0617:  CALL   06D
0618:  BTFSC  2B.7
0619:  BSF    0B.7
061A:  INCF   4B,F
061B:  GOTO   604
061C:  CLRF   2B
061D:  BTFSC  0B.7
061E:  BSF    2B.7
061F:  BCF    0B.7
....................    } 
....................     
....................    lcd_send_nibble(2); 
0620:  MOVLW  02
0621:  MOVWF  6D
0622:  CALL   169
0623:  BTFSC  2B.7
0624:  BSF    0B.7
0625:  CLRF   2B
0626:  BTFSC  0B.7
0627:  BSF    2B.7
0628:  BCF    0B.7
....................    delay_ms(5); 
0629:  MOVLW  05
062A:  MOVWF  67
062B:  CALL   06D
062C:  BTFSC  2B.7
062D:  BSF    0B.7
....................    for(i=0;i<=3;++i) 
062E:  CLRF   4B
062F:  MOVF   4B,W
0630:  SUBLW  03
0631:  BTFSS  03.0
0632:  GOTO   645
....................       lcd_send_byte(0,LCD_INIT_STRING[i]); 
0633:  MOVLW  4C
0634:  ADDWF  4B,W
0635:  MOVWF  04
0636:  BCF    03.7
0637:  MOVF   00,W
0638:  MOVWF  50
0639:  CLRF   2B
063A:  BTFSC  0B.7
063B:  BSF    2B.7
063C:  BCF    0B.7
063D:  CLRF   6A
063E:  MOVF   50,W
063F:  MOVWF  6B
0640:  CALL   175
0641:  BTFSC  2B.7
0642:  BSF    0B.7
....................  
....................   #if defined(LCD_EXTENDED_NEWLINE) 
0643:  INCF   4B,F
0644:  GOTO   62F
0645:  BCF    0A.3
0646:  BCF    0A.4
0647:  GOTO   6F0 (RETURN)
....................    g_LcdX = 0; 
....................    g_LcdY = 0; 
....................   #endif 
.................... } 
....................  
.................... void lcd_gotoxy(unsigned int8 x, unsigned int8 y) 
.................... { 
....................    unsigned int8 address; 
....................     
....................    if(y!=1) 
*
01CE:  DECFSZ 67,W
01CF:  GOTO   1D1
01D0:  GOTO   1D4
*
01EC:  DECFSZ 67,W
01ED:  GOTO   1EF
01EE:  GOTO   1F2
....................       address=LCD_LINE_TWO; 
*
01D1:  MOVLW  40
01D2:  MOVWF  68
01D3:  GOTO   1D5
*
01EF:  MOVLW  40
01F0:  MOVWF  68
01F1:  GOTO   1F3
....................    else 
....................       address=0; 
*
01D4:  CLRF   68
*
01F2:  CLRF   68
....................       
....................    address+=x-1; 
*
01D5:  MOVLW  01
01D6:  SUBWF  66,W
01D7:  ADDWF  68,F
*
01F3:  MOVLW  01
01F4:  SUBWF  66,W
01F5:  ADDWF  68,F
....................    lcd_send_byte(0,0x80|address); 
*
01D8:  MOVF   68,W
01D9:  IORLW  80
01DA:  MOVWF  69
01DB:  CLRF   6A
01DC:  MOVF   69,W
01DD:  MOVWF  6B
01DE:  CALL   175
*
01F6:  MOVF   68,W
01F7:  IORLW  80
01F8:  MOVWF  69
01F9:  CLRF   6A
01FA:  MOVF   69,W
01FB:  MOVWF  6B
01FC:  CALL   175
....................  
....................   #if defined(LCD_EXTENDED_NEWLINE) 
....................    g_LcdX = x - 1; 
....................    g_LcdY = y - 1; 
....................   #endif 
.................... } 
....................  
.................... void lcd_putc(char c) 
.................... { 
....................    switch (c) 
*
01BD:  MOVF   65,W
01BE:  XORLW  07
01BF:  BTFSC  03.2
01C0:  GOTO   1CB
01C1:  XORLW  0B
01C2:  BTFSC  03.2
01C3:  GOTO   1E0
01C4:  XORLW  06
01C5:  BTFSC  03.2
01C6:  GOTO   1E8
01C7:  XORLW  02
01C8:  BTFSC  03.2
01C9:  GOTO   1FE
01CA:  GOTO   203
....................    { 
....................       case '\a'   :  lcd_gotoxy(1,1);     break; 
01CB:  MOVLW  01
01CC:  MOVWF  66
01CD:  MOVWF  67
*
01DF:  GOTO   208
....................  
....................       case '\f'   :  lcd_send_byte(0,1); 
01E0:  CLRF   6A
01E1:  MOVLW  01
01E2:  MOVWF  6B
01E3:  CALL   175
....................                      delay_ms(2); 
01E4:  MOVLW  02
01E5:  MOVWF  67
01E6:  CALL   06D
....................                     #if defined(LCD_EXTENDED_NEWLINE) 
....................                      g_LcdX = 0; 
....................                      g_LcdY = 0; 
....................                     #endif 
....................                      break; 
01E7:  GOTO   208
....................  
....................      #if defined(LCD_EXTENDED_NEWLINE) 
....................       case '\r'   :  lcd_gotoxy(1, g_LcdY+1);   break; 
....................       case '\n'   : 
....................          while (g_LcdX++ < LCD_LINE_LENGTH) 
....................          { 
....................             lcd_send_byte(1, ' '); 
....................          } 
....................          lcd_gotoxy(1, g_LcdY+2); 
....................          break; 
....................      #else 
....................       case '\n'   : lcd_gotoxy(1,2);        break; 
01E8:  MOVLW  01
01E9:  MOVWF  66
01EA:  MOVLW  02
01EB:  MOVWF  67
*
01FD:  GOTO   208
....................      #endif 
....................       
....................       case '\b'   : lcd_send_byte(0,0x10);  break; 
01FE:  CLRF   6A
01FF:  MOVLW  10
0200:  MOVWF  6B
0201:  CALL   175
0202:  GOTO   208
....................       
....................      #if defined(LCD_EXTENDED_NEWLINE) 
....................       default     :  
....................          if (g_LcdX < LCD_LINE_LENGTH) 
....................          { 
....................             lcd_send_byte(1, c); 
....................             g_LcdX++; 
....................          } 
....................          break; 
....................      #else 
....................       default     : lcd_send_byte(1,c);     break; 
0203:  MOVLW  01
0204:  MOVWF  6A
0205:  MOVF   65,W
0206:  MOVWF  6B
0207:  CALL   175
....................      #endif 
....................    } 
0208:  RETURN
.................... } 
....................   
.................... char lcd_getc(unsigned int8 x, unsigned int8 y) 
.................... { 
....................    char value; 
....................  
....................    lcd_gotoxy(x,y); 
....................    while ( bit_test(lcd_read_byte(),7) ); // wait until busy flag is low 
....................    lcd_output_rs(1); 
....................    value = lcd_read_byte(); 
....................    lcd_output_rs(0); 
....................     
....................    return(value); 
.................... } 
....................  
.................... // write a custom character to the ram 
.................... // which is 0-7 and specifies which character array we are modifying. 
.................... // ptr points to an array of 8 bytes, where each byte is the next row of 
.................... //    pixels.  only bits 0-4 are used.  the last row is the cursor row, and 
.................... //    usually you will want to leave this byte 0x00. 
.................... void lcd_set_cgram_char(unsigned int8 which, unsigned int8 *ptr) 
.................... { 
....................    unsigned int i; 
....................  
....................    which <<= 3; 
....................    which &= 0x38; 
....................  
....................    lcd_send_byte(0, 0x40 | which);  //set cgram address 
....................  
....................    for(i=0; i<8; i++) 
....................    { 
....................       lcd_send_byte(1, *ptr++); 
....................    } 
....................    
....................    #if defined(LCD_EXTENDED_NEWLINE) 
....................     lcd_gotoxy(g_LcdX+1, g_LcdY+1);  //set ddram address 
....................    #endif 
.................... } 
....................  
.................... void lcd_cursor_on(int1 on) 
.................... { 
....................    if (on) 
....................    { 
....................       lcd_send_byte(0,0x0F);           //turn LCD cursor ON 
....................    } 
....................    else 
....................    { 
....................       lcd_send_byte(0,0x0C);           //turn LCD cursor OFF 
....................    } 
.................... } 
....................  
.................... #endif 
....................  
.................... #include <kbd.c>	//rutina del teclado 
.................... /////////////////////////////////////////////////////////////////////////// 
.................... ////                             KBD.C                                 //// 
.................... ////                  Generic keypad scan driver                       //// 
.................... ////                                                                   //// 
.................... ////  kbd_init()   Must be called before any other function.           //// 
.................... ////                                                                   //// 
.................... ////  c = kbd_getc(c)  Will return a key value if pressed or /0 if not //// 
.................... ////                   This function should be called frequently so as //// 
.................... ////                   not to miss a key press.                        //// 
.................... ////                                                                   //// 
.................... /////////////////////////////////////////////////////////////////////////// 
.................... ////        (C) Copyright 1996,2003 Custom Computer Services           //// 
.................... //// This source code may only be used by licensed users of the CCS C  //// 
.................... //// compiler.  This source code may only be distributed to other      //// 
.................... //// licensed users of the CCS C compiler.  No other use, reproduction //// 
.................... //// or distribution is permitted without written permission.          //// 
.................... //// Derivative programs created using this software in object code    //// 
.................... //// form are not restricted in any way.                               //// 
.................... /////////////////////////////////////////////////////////////////////////// 
....................  
.................... ////////////////// The following defines the keypad layout on port D 
....................  
.................... // Un-comment the following define to use port B 
.................... // #define use_portb_kbd TRUE 
....................  
.................... // Make sure the port used has pull-up resistors (or the LCD) on 
.................... // the column pins 
....................  
.................... #if defined use_portb_kbd 
....................    #byte kbd = getenv("SFR:PORTB") 
.................... #else 
....................    #byte kbd = getenv("SFR:PORTD") 
.................... #endif 
....................  
.................... #if defined use_portb_kbd 
....................    #define set_tris_kbd(x) set_tris_b(x) 
.................... #else 
....................    #define set_tris_kbd(x) set_tris_d(x) 
.................... #endif 
....................  
.................... //Keypad connection:   (for example column 0 is B2) 
.................... //                Bx: 
....................  
.................... #ifdef blue_keypad  ///////////////////////////////////// For the blue keypad 
.................... #define COL0 (1 << 2) 
.................... #define COL1 (1 << 3) 
.................... #define COL2 (1 << 6) 
....................  
.................... #define ROW0 (1 << 4) 
.................... #define ROW1 (1 << 7) 
.................... #define ROW2 (1 << 1) 
.................... #define ROW3 (1 << 5) 
....................  
.................... #else ////////////////////////////////////////////////// For the black keypad 
.................... #define COL0 (1 << 5) 
.................... #define COL1 (1 << 6) 
.................... #define COL2 (1 << 7) 
....................  
.................... #define ROW0 (1 << 1) 
.................... #define ROW1 (1 << 2) 
.................... #define ROW2 (1 << 3) 
.................... #define ROW3 (1 << 4) 
....................  
.................... #endif 
....................  
.................... #define ALL_ROWS (ROW0|ROW1|ROW2|ROW3) 
.................... #define ALL_PINS (ALL_ROWS|COL0|COL1|COL2) 
....................  
.................... // Keypad layout: 
.................... char const KEYS[4][3] = {{'1','2','3'}, 
....................                          {'4','5','6'}, 
....................                          {'7','8','9'}, 
....................                          {'*','0','#'}}; 
....................  
.................... #define KBD_DEBOUNCE_FACTOR 33    // Set this number to apx n/333 where 
....................                                   // n is the number of times you expect 
....................                                   // to call kbd_getc each second 
....................  
....................  
.................... void kbd_init() { 
*
0648:  BCF    0A.3
0649:  BCF    0A.4
064A:  GOTO   6F1 (RETURN)
.................... } 
....................  
.................... char kbd_getc( ) { 
....................    static BYTE kbd_call_count; 
*
06EA:  BCF    03.5
06EB:  CLRF   2C
....................    static int1 kbd_down; 
06EC:  BCF    2D.0
....................    static char last_key; 
06ED:  CLRF   2E
....................    static BYTE col; 
06EE:  CLRF   2F
....................  
....................    BYTE kchar; 
....................    BYTE row; 
....................  
....................    kchar='\0'; 
*
064B:  CLRF   4B
....................    if(++kbd_call_count>KBD_DEBOUNCE_FACTOR) { 
064C:  INCF   2C,F
064D:  MOVF   2C,W
064E:  SUBLW  21
064F:  BTFSC  03.0
0650:  GOTO   6CC
....................        switch (col) { 
0651:  MOVF   2F,W
0652:  BTFSC  03.2
0653:  GOTO   65B
0654:  XORLW  01
0655:  BTFSC  03.2
0656:  GOTO   661
0657:  XORLW  03
0658:  BTFSC  03.2
0659:  GOTO   667
065A:  GOTO   66C
....................          case 0   : set_tris_kbd(ALL_PINS&~COL0); 
065B:  MOVLW  DE
065C:  BSF    03.5
065D:  MOVWF  06
....................                     kbd=~COL0&ALL_PINS; 
065E:  BCF    03.5
065F:  MOVWF  06
....................                     break; 
0660:  GOTO   66C
....................          case 1   : set_tris_kbd(ALL_PINS&~COL1); 
0661:  MOVLW  BE
0662:  BSF    03.5
0663:  MOVWF  06
....................                     kbd=~COL1&ALL_PINS; 
0664:  BCF    03.5
0665:  MOVWF  06
....................                     break; 
0666:  GOTO   66C
....................          case 2   : set_tris_kbd(ALL_PINS&~COL2); 
0667:  MOVLW  7E
0668:  BSF    03.5
0669:  MOVWF  06
....................                     kbd=~COL2&ALL_PINS; 
066A:  BCF    03.5
066B:  MOVWF  06
....................                     break; 
....................        } 
....................  
....................        if(kbd_down) { 
066C:  BTFSS  2D.0
066D:  GOTO   678
....................          if((kbd & (ALL_ROWS))==(ALL_ROWS)) { 
066E:  MOVF   06,W
066F:  ANDLW  1E
0670:  SUBLW  1E
0671:  BTFSS  03.2
0672:  GOTO   677
....................            kbd_down=FALSE; 
0673:  BCF    2D.0
....................            kchar=last_key; 
0674:  MOVF   2E,W
0675:  MOVWF  4B
....................            last_key='\0'; 
0676:  CLRF   2E
....................          } 
....................        } else { 
0677:  GOTO   6CB
....................           if((kbd & (ALL_ROWS))!=(ALL_ROWS)) { 
0678:  MOVF   06,W
0679:  ANDLW  1E
067A:  SUBLW  1E
067B:  BTFSC  03.2
067C:  GOTO   6C6
....................              if((kbd & ROW0)==0) 
067D:  MOVF   06,W
067E:  ANDLW  02
067F:  BTFSS  03.2
0680:  GOTO   683
....................                row=0; 
0681:  CLRF   4C
0682:  GOTO   697
....................              else if((kbd & ROW1)==0) 
0683:  MOVF   06,W
0684:  ANDLW  04
0685:  BTFSS  03.2
0686:  GOTO   68A
....................                row=1; 
0687:  MOVLW  01
0688:  MOVWF  4C
0689:  GOTO   697
....................              else if((kbd & ROW2)==0) 
068A:  MOVF   06,W
068B:  ANDLW  08
068C:  BTFSS  03.2
068D:  GOTO   691
....................                row=2; 
068E:  MOVLW  02
068F:  MOVWF  4C
0690:  GOTO   697
....................              else if((kbd & ROW3)==0) 
0691:  MOVF   06,W
0692:  ANDLW  10
0693:  BTFSS  03.2
0694:  GOTO   697
....................                row=3; 
0695:  MOVLW  03
0696:  MOVWF  4C
....................              last_key =KEYS[row][col]; 
0697:  MOVF   4C,W
0698:  MOVWF  4D
0699:  MOVLW  03
069A:  MOVWF  4E
*
06BF:  MOVF   2F,W
06C0:  ADDWF  78,W
06C1:  CALL   04F
06C2:  MOVWF  78
06C3:  MOVWF  2E
....................              kbd_down = TRUE; 
06C4:  BSF    2D.0
....................           } else { 
06C5:  GOTO   6CB
....................              ++col; 
06C6:  INCF   2F,F
....................              if(col==3) 
06C7:  MOVF   2F,W
06C8:  SUBLW  03
06C9:  BTFSC  03.2
....................                col=0; 
06CA:  CLRF   2F
....................           } 
....................        } 
....................       kbd_call_count=0; 
06CB:  CLRF   2C
....................    } 
....................   set_tris_kbd(ALL_PINS); 
06CC:  MOVLW  FE
06CD:  BSF    03.5
06CE:  MOVWF  06
....................   return(kchar); 
06CF:  BCF    03.5
06D0:  MOVF   4B,W
06D1:  MOVWF  78
06D2:  BCF    0A.3
06D3:  BCF    0A.4
06D4:  GOTO   766 (RETURN)
.................... } 
....................  
....................  
....................  
.................... #define dht22 PIN_A2 
.................... #bit dht_io = 0x85.2 
....................  
....................  
.................... byte dht22_dat[5]; 
.................... short signo; 
.................... float dhthum, dthtemp, temp1, humid; 
.................... int GlobalErr1, GlobalErr2, GlobalErr3, k; 
.................... byte leer_datos_dht(); 
....................  
.................... byte leer_datos_dht() { 
*
0408:  CLRF   69
0409:  CLRF   6A
....................     byte i = 0; 
....................     byte result = 0; 
....................     for (i = 0; i < 8; i++) { 
040A:  CLRF   69
040B:  MOVF   69,W
040C:  SUBLW  07
040D:  BTFSS  03.0
040E:  GOTO   433
....................         while (input(dht22) == 0); 
040F:  BSF    03.5
0410:  BSF    05.2
0411:  BCF    03.5
0412:  BTFSS  05.2
0413:  GOTO   40F
....................         delay_us(30); 
0414:  MOVLW  09
0415:  MOVWF  77
0416:  DECFSZ 77,F
0417:  GOTO   416
0418:  GOTO   419
....................         if (input(dht22) == 1) { 
0419:  BSF    03.5
041A:  BSF    05.2
041B:  BCF    03.5
041C:  BTFSS  05.2
041D:  GOTO   42C
....................             result |= (1 << (7 - i)); 
041E:  MOVF   69,W
041F:  SUBLW  07
0420:  MOVWF  78
0421:  MOVLW  01
0422:  MOVWF  77
0423:  MOVF   78,F
0424:  BTFSC  03.2
0425:  GOTO   42A
0426:  BCF    03.0
0427:  RLF    77,F
0428:  DECFSZ 78,F
0429:  GOTO   426
042A:  MOVF   77,W
042B:  IORWF  6A,F
....................         } 
....................         while (input(dht22) == 1); 
042C:  BSF    03.5
042D:  BSF    05.2
042E:  BCF    03.5
042F:  BTFSC  05.2
0430:  GOTO   42C
0431:  INCF   69,F
0432:  GOTO   40B
....................     } 
....................  
....................     return result; 
0433:  MOVF   6A,W
0434:  MOVWF  78
.................... } 
....................  
.................... Void leer_dht22(void) { 
....................     byte dht22_in, i, dht22_checksum; 
....................     int16 temperatura, humedad; 
....................     float temp1, hum; 
....................  
....................     dht_io = 0; 
*
03B0:  BSF    03.5
03B1:  BCF    05.2
....................     output_high(dht22); 
03B2:  BCF    05.2
03B3:  BCF    03.5
03B4:  BSF    05.2
....................     delay_us(20); 
03B5:  MOVLW  06
03B6:  MOVWF  77
03B7:  DECFSZ 77,F
03B8:  GOTO   3B7
03B9:  NOP
....................     output_low(dht22); 
03BA:  BSF    03.5
03BB:  BCF    05.2
03BC:  BCF    03.5
03BD:  BCF    05.2
....................     delay_ms(18); 
03BE:  MOVLW  12
03BF:  MOVWF  67
03C0:  CALL   06D
....................  
....................     output_high(dht22); 
03C1:  BSF    03.5
03C2:  BCF    05.2
03C3:  BCF    03.5
03C4:  BSF    05.2
....................     delay_us(30); 
03C5:  MOVLW  09
03C6:  MOVWF  77
03C7:  DECFSZ 77,F
03C8:  GOTO   3C7
03C9:  GOTO   3CA
....................     output_low(dht22); 
03CA:  BSF    03.5
03CB:  BCF    05.2
03CC:  BCF    03.5
03CD:  BCF    05.2
....................     dht_io = 1; // configurar el pin como entrada 
03CE:  BSF    03.5
03CF:  BSF    05.2
....................     delay_us(40); 
03D0:  MOVLW  0C
03D1:  MOVWF  77
03D2:  DECFSZ 77,F
03D3:  GOTO   3D2
03D4:  GOTO   3D5
03D5:  NOP
....................     dht22_in = input(dht22); 
03D6:  BSF    05.2
03D7:  BCF    03.5
03D8:  CLRF   58
03D9:  BTFSC  05.2
03DA:  INCF   58,F
....................  
....................     if (dht22_in) { 
03DB:  MOVF   58,F
03DC:  BTFSC  03.2
03DD:  GOTO   3E1
....................         GlobalErr1 = 1; 
03DE:  MOVLW  01
03DF:  MOVWF  45
....................         // printf(lcd_putc,"\nSTART1 INCORRECTO"); 
....................         return; 
03E0:  GOTO   4A9
....................     } 
....................     GlobalErr1 = 0; 
03E1:  CLRF   45
....................     delay_us(80); 
03E2:  MOVLW  1A
03E3:  MOVWF  77
03E4:  DECFSZ 77,F
03E5:  GOTO   3E4
03E6:  NOP
....................     dht22_in = input(dht22); 
03E7:  BSF    03.5
03E8:  BSF    05.2
03E9:  BCF    03.5
03EA:  CLRF   58
03EB:  BTFSC  05.2
03EC:  INCF   58,F
....................  
....................     if (!dht22_in) { 
03ED:  MOVF   58,F
03EE:  BTFSS  03.2
03EF:  GOTO   3F3
....................         GlobalErr2 = 1; 
03F0:  MOVLW  01
03F1:  MOVWF  46
....................         //printf(lcd_putc,"\nSTART2 INCORRECTO"); 
....................         return; 
03F2:  GOTO   4A9
....................     } 
....................     GlobalErr2 = 0; 
03F3:  CLRF   46
....................     delay_us(35); 
03F4:  MOVLW  0B
03F5:  MOVWF  77
03F6:  DECFSZ 77,F
03F7:  GOTO   3F6
03F8:  NOP
....................  
....................     for (i = 0; i < 5; i++) { 
03F9:  CLRF   59
03FA:  MOVF   59,W
03FB:  SUBLW  04
03FC:  BTFSS  03.0
03FD:  GOTO   43E
....................         dht22_dat[ i ] = leer_datos_dht(); // capturando datos 
03FE:  MOVLW  30
03FF:  ADDWF  59,W
0400:  MOVWF  78
0401:  CLRF   7A
0402:  BTFSC  03.0
0403:  INCF   7A,F
0404:  MOVF   78,W
0405:  MOVWF  67
0406:  MOVF   7A,W
0407:  MOVWF  68
*
0435:  MOVF   67,W
0436:  MOVWF  04
0437:  BCF    03.7
0438:  BTFSC  68.0
0439:  BSF    03.7
043A:  MOVF   78,W
043B:  MOVWF  00
043C:  INCF   59,F
043D:  GOTO   3FA
....................     } 
....................  
....................     dht_io = 0; 
043E:  BSF    03.5
043F:  BCF    05.2
....................     delay_us(10); 
0440:  MOVLW  02
0441:  MOVWF  77
0442:  DECFSZ 77,F
0443:  GOTO   442
0444:  GOTO   445
0445:  NOP
....................     output_high(dht22); 
0446:  BCF    05.2
0447:  BCF    03.5
0448:  BSF    05.2
....................  
....................     dht22_checksum = dht22_dat[0] + dht22_dat[1] + dht22_dat[2] + dht22_dat[3]; 
0449:  MOVF   31,W
044A:  ADDWF  30,W
044B:  ADDWF  32,W
044C:  ADDWF  33,W
044D:  MOVWF  5A
....................  
....................     if (dht22_dat[4] != dht22_checksum) { 
044E:  MOVF   5A,W
044F:  SUBWF  34,W
0450:  BTFSC  03.2
0451:  GOTO   454
....................         GlobalErr3 = 1; 
0452:  MOVLW  01
0453:  MOVWF  47
....................         // printf("\r\nDHT checksum error"); 
....................         //printf(lcd_putc,"checksum error"); 
....................     } 
....................     GlobalErr3 = 0; 
0454:  CLRF   47
....................     humedad = make16(dht22_dat[0], dht22_dat[1]); 
0455:  MOVF   30,W
0456:  MOVWF  5E
0457:  MOVF   31,W
0458:  MOVWF  5D
....................     temperatura = make16(dht22_dat[2], dht22_dat[3]); 
0459:  MOVF   32,W
045A:  MOVWF  5C
045B:  MOVF   33,W
045C:  MOVWF  5B
....................  
....................     if (bit_test(temperatura, 15) == 1) { 
045D:  BTFSS  5C.7
045E:  GOTO   461
....................         signo = 1; 
045F:  BSF    2D.1
....................         BIT_CLEAR(temperatura, 15); 
0460:  BCF    5C.7
....................     } 
....................  
....................  
....................     hum = humedad; 
0461:  MOVF   5E,W
0462:  MOVWF  68
0463:  MOVF   5D,W
0464:  MOVWF  67
0465:  CALL   082
0466:  MOVF   7A,W
0467:  MOVWF  66
0468:  MOVF   79,W
0469:  MOVWF  65
046A:  MOVF   78,W
046B:  MOVWF  64
046C:  MOVF   77,W
046D:  MOVWF  63
....................     temp1 = temperatura; 
046E:  MOVF   5C,W
046F:  MOVWF  68
0470:  MOVF   5B,W
0471:  MOVWF  67
0472:  CALL   082
0473:  MOVF   7A,W
0474:  MOVWF  62
0475:  MOVF   79,W
0476:  MOVWF  61
0477:  MOVF   78,W
0478:  MOVWF  60
0479:  MOVF   77,W
047A:  MOVWF  5F
....................  
....................     dhthum = (hum) / 10; 
047B:  MOVF   66,W
047C:  MOVWF  6A
047D:  MOVF   65,W
047E:  MOVWF  69
047F:  MOVF   64,W
0480:  MOVWF  68
0481:  MOVF   63,W
0482:  MOVWF  67
0483:  CLRF   6E
0484:  CLRF   6D
0485:  MOVLW  20
0486:  MOVWF  6C
0487:  MOVLW  82
0488:  MOVWF  6B
0489:  CALL   09F
048A:  MOVF   7A,W
048B:  MOVWF  38
048C:  MOVF   79,W
048D:  MOVWF  37
048E:  MOVF   78,W
048F:  MOVWF  36
0490:  MOVF   77,W
0491:  MOVWF  35
....................     dthtemp = (temp1) / 10; 
0492:  MOVF   62,W
0493:  MOVWF  6A
0494:  MOVF   61,W
0495:  MOVWF  69
0496:  MOVF   60,W
0497:  MOVWF  68
0498:  MOVF   5F,W
0499:  MOVWF  67
049A:  CLRF   6E
049B:  CLRF   6D
049C:  MOVLW  20
049D:  MOVWF  6C
049E:  MOVLW  82
049F:  MOVWF  6B
04A0:  CALL   09F
04A1:  MOVF   7A,W
04A2:  MOVWF  3C
04A3:  MOVF   79,W
04A4:  MOVWF  3B
04A5:  MOVF   78,W
04A6:  MOVWF  3A
04A7:  MOVF   77,W
04A8:  MOVWF  39
.................... } 
....................  
.................... void cambiar_temp(){ 
....................     disable_interrupts(GLOBAL); 
....................     lcd_putc("Ingrese:\n"); 
....................     printf(lcd_putc, "Temper.Min (   )"); 
.................... } 
.................... void cambiar_hum(){ 
....................      
.................... } 
....................  
.................... int contador; 
.................... #int_TIMER0 
....................  
.................... void TIMER0_isr(void) { 
....................     contador = contador - 1; 
*
03AB:  MOVLW  01
03AC:  SUBWF  49,F
....................     if (contador == 0) { 
03AD:  MOVF   49,F
03AE:  BTFSS  03.2
03AF:  GOTO   5C8
....................         leer_dht22(); 
....................         if (GlobalErr1 == 1 | GlobalErr2 == 1 | GlobalErr3 == 1) { 
*
04A9:  DECFSZ 45,W
04AA:  GOTO   4AC
04AB:  GOTO   4AE
04AC:  MOVLW  00
04AD:  GOTO   4AF
04AE:  MOVLW  01
04AF:  MOVWF  58
04B0:  DECFSZ 46,W
04B1:  GOTO   4B3
04B2:  GOTO   4B5
04B3:  MOVLW  00
04B4:  GOTO   4B6
04B5:  MOVLW  01
04B6:  IORWF  58,F
04B7:  DECFSZ 47,W
04B8:  GOTO   4BA
04B9:  GOTO   4BC
04BA:  MOVLW  00
04BB:  GOTO   4BD
04BC:  MOVLW  01
04BD:  IORWF  58,W
04BE:  BTFSC  03.2
04BF:  GOTO   51A
....................             printf(lcd_putc, "\fERROR DE LECTURA"); 
04C0:  MOVLW  CF
04C1:  BSF    03.6
04C2:  MOVWF  0D
04C3:  MOVLW  05
04C4:  MOVWF  0F
....................             return; 
*
0518:  GOTO   5CA
0519:  BCF    03.6
....................         } 
....................         printf(lcd_putc, "\fH=%2.1f%%", dhthum); 
051A:  MOVLW  0C
051B:  MOVWF  65
051C:  CALL   1BD
051D:  MOVLW  48
051E:  MOVWF  65
051F:  CALL   1BD
0520:  MOVLW  3D
0521:  MOVWF  65
0522:  CALL   1BD
0523:  MOVLW  01
0524:  MOVWF  04
0525:  MOVF   38,W
0526:  MOVWF  5B
0527:  MOVF   37,W
0528:  MOVWF  5A
0529:  MOVF   36,W
052A:  MOVWF  59
052B:  MOVF   35,W
052C:  MOVWF  58
052D:  MOVLW  01
052E:  MOVWF  5C
052F:  CALL   258
0530:  MOVLW  25
0531:  MOVWF  65
0532:  CALL   1BD
....................         if (signo == 1) { 
0533:  BTFSS  2D.1
0534:  GOTO   5A7
....................             printf(lcd_putc, "\ T=-%2.1f%cC", dthtemp, 158); 
0535:  MOVLW  D8
0536:  BSF    03.6
0537:  MOVWF  0D
0538:  MOVLW  05
0539:  MOVWF  0F
053A:  BCF    03.0
053B:  MOVLW  04
053C:  BCF    03.6
053D:  MOVWF  58
*
0594:  MOVLW  01
0595:  MOVWF  04
0596:  MOVF   3C,W
0597:  MOVWF  5B
0598:  MOVF   3B,W
0599:  MOVWF  5A
059A:  MOVF   3A,W
059B:  MOVWF  59
059C:  MOVF   39,W
059D:  MOVWF  58
059E:  MOVLW  01
059F:  MOVWF  5C
05A0:  CALL   258
05A1:  MOVLW  9E
05A2:  MOVWF  65
05A3:  CALL   1BD
05A4:  MOVLW  43
05A5:  MOVWF  65
05A6:  CALL   1BD
....................         } 
....................         if (signo == 0) { 
05A7:  BTFSC  2D.1
05A8:  GOTO   5C5
....................             printf(lcd_putc, "\ T=%2.1f%cC", dthtemp, 158); 
05A9:  MOVLW  20
05AA:  MOVWF  65
05AB:  CALL   1BD
05AC:  MOVLW  54
05AD:  MOVWF  65
05AE:  CALL   1BD
05AF:  MOVLW  3D
05B0:  MOVWF  65
05B1:  CALL   1BD
05B2:  MOVLW  01
05B3:  MOVWF  04
05B4:  MOVF   3C,W
05B5:  MOVWF  5B
05B6:  MOVF   3B,W
05B7:  MOVWF  5A
05B8:  MOVF   3A,W
05B9:  MOVWF  59
05BA:  MOVF   39,W
05BB:  MOVWF  58
05BC:  MOVLW  01
05BD:  MOVWF  5C
05BE:  CALL   258
05BF:  MOVLW  9E
05C0:  MOVWF  65
05C1:  CALL   1BD
05C2:  MOVLW  43
05C3:  MOVWF  65
05C4:  CALL   1BD
....................         } 
....................         signo = 0; 
05C5:  BCF    2D.1
....................         contador = 30; 
05C6:  MOVLW  1E
05C7:  MOVWF  49
....................     } 
....................     set_timer0(0); 
05C8:  CLRF   01
05C9:  BSF    03.6
05CA:  BCF    03.6
05CB:  BCF    0B.2
05CC:  BCF    0A.3
05CD:  BCF    0A.4
05CE:  GOTO   02B
.................... } //Se recarga el timer0 
....................  
.................... void main() { 
*
06D5:  MOVF   03,W
06D6:  ANDLW  1F
06D7:  MOVWF  03
06D8:  MOVLW  19
06D9:  BSF    03.5
06DA:  MOVWF  19
06DB:  MOVLW  A6
06DC:  MOVWF  18
06DD:  MOVLW  90
06DE:  BCF    03.5
06DF:  MOVWF  18
06E0:  MOVLW  FF
06E1:  MOVWF  4A
06E2:  BSF    03.5
06E3:  BSF    1F.0
06E4:  BSF    1F.1
06E5:  BSF    1F.2
06E6:  BCF    1F.3
06E7:  MOVLW  07
06E8:  MOVWF  1C
06E9:  BCF    03.7
....................  
....................  
....................     lcd_init(); 
*
06EF:  GOTO   5E6
....................     kbd_init(); 
06F0:  GOTO   648
....................     PORT_B_PULLUPS(TRUE); 
06F1:  BSF    03.5
06F2:  BCF    01.7
....................     printf(lcd_putc, "\fSensor DHT22"); 
06F3:  MOVLW  DF
06F4:  BCF    03.5
06F5:  BSF    03.6
06F6:  MOVWF  0D
06F7:  MOVLW  05
06F8:  MOVWF  0F
....................     delay_ms(500); 
*
074C:  MOVLW  02
074D:  BCF    03.6
074E:  MOVWF  4B
074F:  CLRF   2B
0750:  BTFSC  0B.7
0751:  BSF    2B.7
0752:  BCF    0B.7
0753:  MOVLW  FA
0754:  MOVWF  67
0755:  CALL   06D
0756:  BTFSC  2B.7
0757:  BSF    0B.7
0758:  DECFSZ 4B,F
0759:  GOTO   74F
....................     setup_timer_0(T0_INTERNAL | T0_DIV_256); //Configuración timer 
075A:  BSF    03.5
075B:  MOVF   01,W
075C:  ANDLW  C0
075D:  IORLW  07
075E:  MOVWF  01
....................     contador = 30; 
075F:  MOVLW  1E
0760:  BCF    03.5
0761:  MOVWF  49
....................     enable_interrupts(INT_TIMER0); //Habilita interrupción timer0 
0762:  BSF    0B.5
....................     enable_interrupts(GLOBAL); //Habilita interrupción genera  
0763:  MOVLW  C0
0764:  IORWF  0B,F
....................  
....................  
....................  
....................     while (1) { 
....................  
....................         k = kbd_getc(); 
0765:  GOTO   64B
0766:  MOVF   78,W
0767:  MOVWF  48
....................         if (k == '#') { 
0768:  MOVF   48,W
0769:  SUBLW  23
076A:  BTFSS  03.2
076B:  GOTO   773
....................             output_toggle(PIN_C0); 
076C:  BCF    4A.0
076D:  MOVF   4A,W
076E:  BSF    03.5
076F:  MOVWF  07
0770:  MOVLW  01
0771:  BCF    03.5
0772:  XORWF  07,F
....................         } 
0773:  GOTO   765
....................     } 
.................... } 
0774:  SLEEP

Configuration Fuses:
   Word  1: 3F71   XT NOWDT PUT BROWNOUT NOLVP NOCPD NOWRT NODEBUG NOPROTECT
