
ROM used:   1895/8192 (23%)
            1895/8192 (23%) including unused fragments

            1.4 Average locations per line
            8.9 Average locations per statement

RAM used:   49/368 (13%) at main() level
            90/368 (24%) worst case

Stack used: 8 worst case (3 in main + 5 for interrupts)
Stack size: 8

Lines Stmts  %   Files
----- ----- ---  -----
  155    89  42  DHT22 con teclado.c
  620     0   0  C:\Program Files (x86)\PICC\devices\16F876A.h
  456    84  39  C:\Program Files (x86)\PICC\drivers\lcd.c
  135    40  19  C:\Program Files (x86)\PICC\drivers\kbd.c
----- -----
 1366   213 Total

Page ROM  %  RAM   Vol Diff  Functions:
---- --- --- ---   --- ----  ----------
0     21   1    1             @delay_ms1
 Inline         3   596  5.9  lcd_read_byte
 Inline         0    59  4.2  lcd_read_nibble
0     12   1    1   179  3.3  lcd_send_nibble
0     72   4    3   460  4.7  lcd_send_byte
0     98   5    6   814  7.2  lcd_init
 Inline         4   208  6.3  lcd_gotoxy
0     76   4    1   354  4.7  lcd_putc
0     16   1    0             @const643
0      3   0    0     3  0.0  kbd_init
0    138   7    3  4544 10.1  kbd_getc
 Inline         2             @MUL88
 Inline         3   356  6.8  leer_datos_dht
 Inline        17  1692  7.9  leer_dht22
0     29   2    2             @ITOF
0    202  11   14             @DIVFF
0    548  29    1   527  4.7  TIMER0_isr
0      9   0    0             @const687
 Inline         4             @PSTRINGC7_630
 Inline        13             @MULFF
 Inline         5             @FTOSD
0     79   4   13             @DIV3232
0    339  18   13             @PRINTF_L32D_630FPFPF
0      7   0    0             @const701
 Inline         5             @PSTRINGCN7_630
0    160   8    1   307  4.0  MAIN
0      7   0    0             @const708
 Inline         0             @cinit1

Program metrics:
    Functions               13
    Statements              213
    Comments                257
    Volume (V)              14646
    Difficulty (D)          67.7
    Effort to implement (E) 991631
    Time to implement (T)   15 hours, 18 minutes
    Est Delivered Bugs (B)  3
    Cyclomatic Complexity   32
    Maintainability (MI)    117

 Segment     Used  Free
-----------  ----  ----
00000-00003     4  0  
00004-0004E    75  0  
0004F-007FF  1816  153  
00800-00FFF     0  2048  
01000-017FF     0  2048  
01800-01FFF     0  2048  



