
ROM used:   1545/8192 (19%)
            1545/8192 (19%) including unused fragments

            1.0 Average locations per line
            5.8 Average locations per statement

RAM used:   34/368 (9%) at main() level
            66/368 (18%) worst case

Stack used: 8 worst case (2 in main + 6 for interrupts)
Stack size: 8

Lines Stmts  %   Files
----- ----- ---  -----
  199   127  48  ejprueba.c
  768     0   0  C:\Program Files (x86)\PICC\devices\16F887.h
  135    40  15  C:\Program Files (x86)\PICC\drivers\kbd.c
  456   100  37  C:\Program Files (x86)\PICC\drivers\lcd.c
----- -----
 1558   267 Total

Page ROM  %  RAM   Vol Diff  Functions:
---- --- --- ---   --- ----  ----------
0     20   1    1             @delay_ms1
 Inline         1             @delay_us1
0      3   0    0     3  0.0  kbd_init
0    144   9    3   760  4.5  lcd_read_byte
 Inline         2   262  3.7  lcd_read_nibble
0     48   3    1   399  2.4  lcd_send_nibble
0     46   3    3   415  3.7  lcd_send_byte
 Inline         6   852  6.2  lcd_init
0     18   1    4   208  6.3  lcd_gotoxy
0     44   3    1   354  4.7  lcd_putc
0    598  39    4   278  4.7  TIMER0
 Inline         2             @ITOF
 Inline        13             @MULFF
 Inline        14             @DIVFF
 Inline         4             @SFTOI
0     17   1    0             @const695
0     87   6    5             @PSTRINGCN7_661
 Inline         9             @PRINTF_LU_661
0     21   1    3             @DIV88
0     87   6    6             @PRINTF_D_661
0    193  12    0   344  4.7  MAIN
0    112   7    2   409  4.7  mover_servo
0      5   0    0             @const709
0      9   1    0             @const711
0      5   0    0             @const715
0      9   1    0             @const716
 Inline         0             @cinit1

Program metrics:
    Functions               11
    Statements              267
    Comments                262
    Volume (V)              6813
    Difficulty (D)          44.4
    Effort to implement (E) 302627
    Time to implement (T)   4 hours, 40 minutes
    Est Delivered Bugs (B)  2
    Cyclomatic Complexity   15
    Maintainability (MI)    133

 Segment     Used  Free
-----------  ----  ----
00000-00003     4  0  
00004-0004E    75  0  
0004F-007FF  1466  503  
00800-00FFF     0  2048  
01000-017FF     0  2048  
01800-01FFF     0  2048  



