Z:\6 Electronica\Marafioti\DIGITALES 6TO\EjercicioTipoPrueba.X\ejprueba.c:70:1:  Warning#203  Condition always TRUE
Z:\6 Electronica\Marafioti\DIGITALES 6TO\EjercicioTipoPrueba.X\ejprueba.c:119:1:  Warning#214  Operator precedance rules may not be as intended, use () to clarify
Z:\6 Electronica\Marafioti\DIGITALES 6TO\EjercicioTipoPrueba.X\ejprueba.c:129:1:  Warning#214  Operator precedance rules may not be as intended, use () to clarify
Z:\6 Electronica\Marafioti\DIGITALES 6TO\EjercicioTipoPrueba.X\ejprueba.c:129:1:  Warning#214  Operator precedance rules may not be as intended, use () to clarify
Z:\6 Electronica\Marafioti\DIGITALES 6TO\EjercicioTipoPrueba.X\ejprueba.c:134:1:  Warning#214  Operator precedance rules may not be as intended, use () to clarify
Z:\6 Electronica\Marafioti\DIGITALES 6TO\EjercicioTipoPrueba.X\ejprueba.c:134:1:  Warning#214  Operator precedance rules may not be as intended, use () to clarify
Z:\6 Electronica\Marafioti\DIGITALES 6TO\EjercicioTipoPrueba.X\ejprueba.c:134:1:  Warning#214  Operator precedance rules may not be as intended, use () to clarify
Z:\6 Electronica\Marafioti\DIGITALES 6TO\EjercicioTipoPrueba.X\ejprueba.c:150:1:  Warning#214  Operator precedance rules may not be as intended, use () to clarify
Z:\6 Electronica\Marafioti\DIGITALES 6TO\EjercicioTipoPrueba.X\ejprueba.c:150:1:  Warning#214  Operator precedance rules may not be as intended, use () to clarify
Z:\6 Electronica\Marafioti\DIGITALES 6TO\EjercicioTipoPrueba.X\ejprueba.c:163:1:  Warning#214  Operator precedance rules may not be as intended, use () to clarify
Z:\6 Electronica\Marafioti\DIGITALES 6TO\EjercicioTipoPrueba.X\ejprueba.c:173:1:  Warning#214  Operator precedance rules may not be as intended, use () to clarify
Z:\6 Electronica\Marafioti\DIGITALES 6TO\EjercicioTipoPrueba.X\ejprueba.c:173:1:  Warning#214  Operator precedance rules may not be as intended, use () to clarify
Z:\6 Electronica\Marafioti\DIGITALES 6TO\EjercicioTipoPrueba.X\ejprueba.c:178:1:  Warning#214  Operator precedance rules may not be as intended, use () to clarify
Z:\6 Electronica\Marafioti\DIGITALES 6TO\EjercicioTipoPrueba.X\ejprueba.c:178:1:  Warning#214  Operator precedance rules may not be as intended, use () to clarify
Z:\6 Electronica\Marafioti\DIGITALES 6TO\EjercicioTipoPrueba.X\ejprueba.c:178:1:  Warning#214  Operator precedance rules may not be as intended, use () to clarify
Z:\6 Electronica\Marafioti\DIGITALES 6TO\EjercicioTipoPrueba.X\ejprueba.c:194:1:  Warning#214  Operator precedance rules may not be as intended, use () to clarify
Z:\6 Electronica\Marafioti\DIGITALES 6TO\EjercicioTipoPrueba.X\ejprueba.c:194:1:  Warning#214  Operator precedance rules may not be as intended, use () to clarify
Z:\6 Electronica\Marafioti\DIGITALES 6TO\EjercicioTipoPrueba.X\ejprueba.c:203:1:  Warning#216  Interrupts disabled during call to prevent re-entrancy:  (@delay_ms1)
Z:\6 Electronica\Marafioti\DIGITALES 6TO\EjercicioTipoPrueba.X\ejprueba.c:203:1:  Warning#216  Interrupts disabled during call to prevent re-entrancy:  (lcd_send_nibble)
Z:\6 Electronica\Marafioti\DIGITALES 6TO\EjercicioTipoPrueba.X\ejprueba.c:203:1:  Warning#216  Interrupts disabled during call to prevent re-entrancy:  (lcd_send_byte)
Z:\6 Electronica\Marafioti\DIGITALES 6TO\EjercicioTipoPrueba.X\ejprueba.c:203:1:  Warning#216  Interrupts disabled during call to prevent re-entrancy:  (lcd_putc)
Z:\6 Electronica\Marafioti\DIGITALES 6TO\EjercicioTipoPrueba.X\ejprueba.c:203:1:  Error#71  Out of ROM, A segment or the program is too large    MAIN
  Seg 0004F-007FF, 021A left, need 00A6B
  Seg 00800-00FFF, 0800 left, need 00A6B
  Seg 01000-017FF, 0800 left, need 00A6B
  Seg 01800-01FFF, 0800 left, need 00A6B
  Seg 00000-00003, 0000 left, need 00A6B
  Seg 00004-0004E, 0000 left, need 00A6B

      1 Errors,  21 Warnings.
Build Failed.
