
ROM used:   1110/8192 (14%)
            1110/8192 (14%) including unused fragments

            0.9 Average locations per line
            5.7 Average locations per statement

RAM used:   18/368 (5%) at main() level
            43/368 (12%) worst case

Stack used: 6 worst case (5 in main + 1 for interrupts)
Stack size: 8

Lines Stmts  %   Files
----- ----- ---  -----
  163    96  49  SRF04_RB4-7+RB0.c
  620     0   0  C:\Program Files (x86)\PICC\devices\16F876A.h
  456   100  51  C:\Program Files (x86)\PICC\drivers\LCD.c
----- -----
 1239   196 Total

Page ROM  %  RAM   Vol Diff  Functions:
---- --- --- ---   --- ----  ----------
0     21   2    1             @delay_ms1
 Inline         3   760  4.5  lcd_read_byte
0     57   5    2   262  3.7  lcd_read_nibble
0     55   5    1   399  2.4  lcd_send_nibble
0    136  12    3   415  3.7  lcd_send_byte
0    104   9    6   852  6.2  lcd_init
0     18   2    4   208  6.3  lcd_gotoxy
0     44   4    1   354  4.7  lcd_putc
0    147  13    5  1432  4.4  isr_RB
0     32   3    1   165  3.1  isr_RB0
0    306  28    0  1683  3.9  MAIN
0     37   3    5             @DIV1616
0     99   9    9             @PRINTF_LU_626
 Inline         0             @cinit1

Program metrics:
    Functions               10
    Statements              196
    Comments                222
    Volume (V)              9794
    Difficulty (D)          41.9
    Effort to implement (E) 410461
    Time to implement (T)   6 hours, 20 minutes
    Est Delivered Bugs (B)  2
    Cyclomatic Complexity   17
    Maintainability (MI)    129

 Segment     Used  Free
-----------  ----  ----
00000-00003     4  0  
00004-00035    50  0  
00036-007FF  1056  938  
00800-00FFF     0  2048  
01000-017FF     0  2048  
01800-01FFF     0  2048  



