CCS PCM C Compiler, Version 5.015, 5967               19-ago-25 17:15

               Filename:   Z:\6 Electronica\Affre\6_Elec\Digitales\SRF04_varios sensores(INT_RB).X\build\default\production\SRF04_RB4-7+RB0.lst

               ROM used:   1110 words (14%)
                           Largest free fragment is 2048
               RAM used:   18 (5%) at main() level
                           43 (12%) worst case
               Stack used: 6 locations (5 in main + 1 for interrupts)
               Stack size: 8

*
0000:  MOVLW  03
0001:  MOVWF  0A
0002:  GOTO   324
0003:  NOP
0004:  MOVWF  7F
0005:  SWAPF  03,W
0006:  CLRF   03
0007:  MOVWF  21
0008:  MOVF   0A,W
0009:  MOVWF  20
000A:  CLRF   0A
000B:  MOVF   04,W
000C:  MOVWF  22
000D:  MOVF   77,W
000E:  MOVWF  23
000F:  MOVF   78,W
0010:  MOVWF  24
0011:  MOVF   79,W
0012:  MOVWF  25
0013:  MOVF   7A,W
0014:  MOVWF  26
0015:  BCF    03.7
0016:  BCF    03.5
0017:  BTFSS  0B.3
0018:  GOTO   01B
0019:  BTFSC  0B.0
001A:  GOTO   030
001B:  BTFSS  0B.4
001C:  GOTO   01F
001D:  BTFSC  0B.1
001E:  GOTO   033
001F:  MOVF   22,W
0020:  MOVWF  04
0021:  MOVF   23,W
0022:  MOVWF  77
0023:  MOVF   24,W
0024:  MOVWF  78
0025:  MOVF   25,W
0026:  MOVWF  79
0027:  MOVF   26,W
0028:  MOVWF  7A
0029:  MOVF   20,W
002A:  MOVWF  0A
002B:  SWAPF  21,W
002C:  MOVWF  03
002D:  SWAPF  7F,F
002E:  SWAPF  7F,W
002F:  RETFIE
0030:  BCF    0A.3
0031:  BCF    0A.4
0032:  GOTO   036
0033:  BCF    0A.3
0034:  BCF    0A.4
0035:  GOTO   0C9
.................... #include <16F876A.h> 
.................... //////////// Standard Header file for the PIC16F876A device //////////////// 
.................... /////////////////////////////////////////////////////////////////////////// 
.................... ////        (C) Copyright 1996, 2013 Custom Computer Services          //// 
.................... //// This source code may only be used by licensed users of the CCS C  //// 
.................... //// compiler.  This source code may only be distributed to other      //// 
.................... //// licensed users of the CCS C compiler.  No other use, reproduction //// 
.................... //// or distribution is permitted without written permission.          //// 
.................... //// Derivative programs created using this software in object code    //// 
.................... //// form are not restricted in any way.                               //// 
.................... /////////////////////////////////////////////////////////////////////////// 
.................... #device PIC16F876A 
*
0270:  CLRF   78
0271:  CLRF   79
0272:  CLRF   77
0273:  CLRF   7A
0274:  MOVF   30,W
0275:  BTFSS  03.2
0276:  GOTO   27A
0277:  MOVF   2F,W
0278:  BTFSC  03.2
0279:  GOTO   294
027A:  MOVLW  10
027B:  MOVWF  31
027C:  BCF    03.0
027D:  RLF    2D,F
027E:  RLF    2E,F
027F:  RLF    77,F
0280:  RLF    7A,F
0281:  MOVF   30,W
0282:  SUBWF  7A,W
0283:  BTFSS  03.2
0284:  GOTO   287
0285:  MOVF   2F,W
0286:  SUBWF  77,W
0287:  BTFSS  03.0
0288:  GOTO   290
0289:  MOVF   2F,W
028A:  SUBWF  77,F
028B:  BTFSS  03.0
028C:  DECF   7A,F
028D:  MOVF   30,W
028E:  SUBWF  7A,F
028F:  BSF    03.0
0290:  RLF    78,F
0291:  RLF    79,F
0292:  DECFSZ 31,F
0293:  GOTO   27C
0294:  RETURN
*
02C1:  CLRF   35
02C2:  MOVF   04,W
02C3:  MOVWF  34
02C4:  BCF    35.0
02C5:  BTFSC  03.7
02C6:  BSF    35.0
02C7:  SWAPF  2E,W
02C8:  IORLW  F0
02C9:  MOVWF  30
02CA:  ADDWF  30,F
02CB:  ADDLW  E2
02CC:  MOVWF  31
02CD:  ADDLW  32
02CE:  MOVWF  33
02CF:  MOVF   2E,W
02D0:  ANDLW  0F
02D1:  ADDWF  31,F
02D2:  ADDWF  31,F
02D3:  ADDWF  33,F
02D4:  ADDLW  E9
02D5:  MOVWF  32
02D6:  ADDWF  32,F
02D7:  ADDWF  32,F
02D8:  SWAPF  2D,W
02D9:  ANDLW  0F
02DA:  ADDWF  32,F
02DB:  ADDWF  33,F
02DC:  RLF    32,F
02DD:  RLF    33,F
02DE:  COMF   33,F
02DF:  RLF    33,F
02E0:  MOVF   2D,W
02E1:  ANDLW  0F
02E2:  ADDWF  33,F
02E3:  RLF    30,F
02E4:  MOVLW  07
02E5:  MOVWF  2F
02E6:  MOVLW  0A
02E7:  ADDWF  33,F
02E8:  DECF   32,F
02E9:  BTFSS  03.0
02EA:  GOTO   2E7
02EB:  ADDWF  32,F
02EC:  DECF   31,F
02ED:  BTFSS  03.0
02EE:  GOTO   2EB
02EF:  ADDWF  31,F
02F0:  DECF   30,F
02F1:  BTFSS  03.0
02F2:  GOTO   2EF
02F3:  ADDWF  30,F
02F4:  DECF   2F,F
02F5:  BTFSS  03.0
02F6:  GOTO   2F3
02F7:  MOVLW  2F
02F8:  MOVWF  04
02F9:  BCF    03.7
02FA:  MOVLW  07
02FB:  ANDWF  34,W
02FC:  BCF    34.6
02FD:  ADDWF  04,F
02FE:  MOVLW  33
02FF:  SUBWF  04,W
0300:  BTFSC  03.2
0301:  BSF    34.6
0302:  MOVF   00,W
0303:  MOVWF  77
0304:  BTFSS  03.2
0305:  GOTO   30E
0306:  BTFSC  34.6
0307:  GOTO   30E
0308:  BTFSC  34.4
0309:  GOTO   320
030A:  BTFSC  34.3
030B:  GOTO   30E
030C:  MOVLW  20
030D:  GOTO   311
030E:  BSF    34.3
030F:  BCF    34.4
0310:  MOVLW  30
0311:  ADDWF  77,F
0312:  CLRF   2E
0313:  MOVF   04,W
0314:  MOVWF  2D
0315:  BCF    2E.0
0316:  BTFSC  03.7
0317:  BSF    2E.0
0318:  MOVF   77,W
0319:  MOVWF  36
031A:  CALL   295
031B:  MOVF   2D,W
031C:  MOVWF  04
031D:  BCF    03.7
031E:  BTFSC  2E.0
031F:  BSF    03.7
0320:  INCF   04,F
0321:  BTFSS  34.6
0322:  GOTO   2FE
0323:  RETURN
....................  
.................... #list 
....................  
.................... #FUSES XT,NOWDT,NOLVP 
.................... #use delay(clock=4000000) 
*
00E9:  MOVLW  37
00EA:  MOVWF  04
00EB:  BCF    03.7
00EC:  MOVF   00,W
00ED:  BTFSC  03.2
00EE:  GOTO   0FD
00EF:  MOVLW  01
00F0:  MOVWF  78
00F1:  CLRF   77
00F2:  DECFSZ 77,F
00F3:  GOTO   0F2
00F4:  DECFSZ 78,F
00F5:  GOTO   0F1
00F6:  MOVLW  4A
00F7:  MOVWF  77
00F8:  DECFSZ 77,F
00F9:  GOTO   0F8
00FA:  GOTO   0FB
00FB:  DECFSZ 00,F
00FC:  GOTO   0EF
00FD:  RETURN
.................... //#use rs232(baud=9600, xmit=pin_c6, rcv=pin_c7) 
.................... //#use I2C(MASTER, SDA=PIN_C4,SCL=PIN_C3,FAST=100000) 
.................... #use standard_io(A) 
.................... #use standard_io(B) 
....................  
.................... //#define LCD_DATA_PORT getenv("SFR:PORTC")  
.................... #define LCD_ENABLE_PIN  PIN_C3 
.................... #define LCD_RS_PIN      PIN_C1 
.................... #define LCD_RW_PIN      PIN_C2 
.................... #define LCD_DATA4       PIN_C4 
.................... #define LCD_DATA5       PIN_C5 
.................... #define LCD_DATA6       PIN_C6 
.................... #define LCD_DATA7       PIN_C7 
.................... #include <LCD.c> 
.................... /////////////////////////////////////////////////////////////////////////////// 
.................... ////                             LCD.C                                     //// 
.................... ////                 Driver for common LCD modules                         //// 
.................... ////                                                                       //// 
.................... ////  lcd_init()   Must be called before any other function.               //// 
.................... ////                                                                       //// 
.................... ////  lcd_putc(c)  Will display c on the next position of the LCD.         //// 
.................... ////                 \a  Set cursor position to upper left                 //// 
.................... ////                 \f  Clear display, set cursor to upper left           //// 
.................... ////                 \n  Go to start of second line                        //// 
.................... ////                 \b  Move back one position                            //// 
.................... ////              If LCD_EXTENDED_NEWLINE is defined, the \n character     //// 
.................... ////              will erase all remanining characters on the current      //// 
.................... ////              line, and move the cursor to the beginning of the next   //// 
.................... ////              line.                                                    //// 
.................... ////              If LCD_EXTENDED_NEWLINE is defined, the \r character     //// 
.................... ////              will move the cursor to the start of the current         //// 
.................... ////              line.                                                    //// 
.................... ////                                                                       //// 
.................... ////  lcd_gotoxy(x,y) Set write position on LCD (upper left is 1,1)        //// 
.................... ////                                                                       //// 
.................... ////  lcd_getc(x,y)   Returns character at position x,y on LCD             //// 
.................... ////                                                                       //// 
.................... ////  lcd_cursor_on(int1 on)   Turn the cursor on (on=TRUE) or off         //// 
.................... ////              (on=FALSE).                                              //// 
.................... ////                                                                       //// 
.................... ////  lcd_set_cgram_char(w, *p)   Write a custom character to the CGRAM.   //// 
.................... ////                                                                       //// 
.................... ////                                                                       //// 
.................... ////  CONFIGURATION                                                        //// 
.................... ////  The LCD can be configured in one of two ways: a.) port access or     //// 
.................... ////  b.) pin access.  Port access requires the entire 7 bit interface     //// 
.................... ////  connected to one GPIO port, and the data bits (D4:D7 of the LCD)     //// 
.................... ////  connected to sequential pins on the GPIO.  Pin access                //// 
.................... ////  has no requirements, all 7 bits of the control interface can         //// 
.................... ////  can be connected to any GPIO using several ports.                    //// 
.................... ////                                                                       //// 
.................... ////  To use port access, #define LCD_DATA_PORT to the SFR location of     //// 
.................... ////  of the GPIO port that holds the interface, -AND- edit LCD_PIN_MAP    //// 
.................... ////  of this file to configure the pin order.  If you are using a         //// 
.................... ////  baseline PIC (PCB), then LCD_OUTPUT_MAP and LCD_INPUT_MAP also must  //// 
.................... ////  be defined.                                                          //// 
.................... ////                                                                       //// 
.................... ////  Example of port access:                                              //// 
.................... ////     #define LCD_DATA_PORT getenv("SFR:PORTD")                         //// 
.................... ////                                                                       //// 
.................... ////  To use pin access, the following pins must be defined:               //// 
.................... ////     LCD_ENABLE_PIN                                                    //// 
.................... ////     LCD_RS_PIN                                                        //// 
.................... ////     LCD_RW_PIN                                                        //// 
.................... ////     LCD_DATA4                                                         //// 
.................... ////     LCD_DATA5                                                         //// 
.................... ////     LCD_DATA6                                                         //// 
.................... ////     LCD_DATA7                                                         //// 
.................... ////                                                                       //// 
.................... ////  Example of pin access:                                               //// 
.................... ////     #define LCD_ENABLE_PIN  PIN_E0                                    //// 
.................... ////     #define LCD_RS_PIN      PIN_E1                                    //// 
.................... ////     #define LCD_RW_PIN      PIN_E2                                    //// 
.................... ////     #define LCD_DATA4       PIN_D4                                    //// 
.................... ////     #define LCD_DATA5       PIN_D5                                    //// 
.................... ////     #define LCD_DATA6       PIN_D6                                    //// 
.................... ////     #define LCD_DATA7       PIN_D7                                    //// 
.................... ////                                                                       //// 
.................... /////////////////////////////////////////////////////////////////////////////// 
.................... ////        (C) Copyright 1996,2010 Custom Computer Services           //// 
.................... //// This source code may only be used by licensed users of the CCS C  //// 
.................... //// compiler.  This source code may only be distributed to other      //// 
.................... //// licensed users of the CCS C compiler.  No other use, reproduction //// 
.................... //// or distribution is permitted without written permission.          //// 
.................... //// Derivative programs created using this software in object code    //// 
.................... //// form are not restricted in any way.                               //// 
.................... /////////////////////////////////////////////////////////////////////////// 
....................  
.................... #ifndef __LCD_C__ 
.................... #define __LCD_C__ 
....................  
.................... // define the pinout. 
.................... // only required if port access is being used. 
.................... typedef struct   
.................... {                            // This structure is overlayed 
....................    int1 enable;           // on to an I/O port to gain 
....................    int1 rs;               // access to the LCD pins. 
....................    int1 rw;               // The bits are allocated from 
....................    int1 unused;           // low order up.  ENABLE will 
....................    unsigned int     data : 4;         // be LSB pin of that port. 
....................   #if defined(__PCD__)       // The port used will be LCD_DATA_PORT. 
....................    unsigned int    reserved: 8; 
....................   #endif 
.................... } LCD_PIN_MAP; 
....................  
.................... // this is to improve compatability with previous LCD drivers that accepted 
.................... // a define labeled 'use_portb_lcd' that configured the LCD onto port B. 
.................... #if ((defined(use_portb_lcd)) && (use_portb_lcd==TRUE)) 
....................  #define LCD_DATA_PORT getenv("SFR:PORTB") 
.................... #endif 
....................  
.................... #if defined(__PCB__) 
....................    // these definitions only need to be modified for baseline PICs. 
....................    // all other PICs use LCD_PIN_MAP or individual LCD_xxx pin definitions. 
.................... /*                                    EN, RS,   RW,   UNUSED,  DATA  */ 
....................  const LCD_PIN_MAP LCD_OUTPUT_MAP =  {0,  0,    0,    0,       0}; 
....................  const LCD_PIN_MAP LCD_INPUT_MAP =   {0,  0,    0,    0,       0xF}; 
.................... #endif 
....................  
.................... ////////////////////// END CONFIGURATION /////////////////////////////////// 
....................  
.................... #ifndef LCD_ENABLE_PIN 
....................    #define lcd_output_enable(x) lcdlat.enable=x 
....................    #define lcd_enable_tris()   lcdtris.enable=0 
.................... #else 
....................    #define lcd_output_enable(x) output_bit(LCD_ENABLE_PIN, x) 
....................    #define lcd_enable_tris()  output_drive(LCD_ENABLE_PIN) 
.................... #endif 
....................  
.................... #ifndef LCD_RS_PIN 
....................    #define lcd_output_rs(x) lcdlat.rs=x 
....................    #define lcd_rs_tris()   lcdtris.rs=0 
.................... #else 
....................    #define lcd_output_rs(x) output_bit(LCD_RS_PIN, x) 
....................    #define lcd_rs_tris()  output_drive(LCD_RS_PIN) 
.................... #endif 
....................  
.................... #ifndef LCD_RW_PIN 
....................    #define lcd_output_rw(x) lcdlat.rw=x 
....................    #define lcd_rw_tris()   lcdtris.rw=0 
.................... #else 
....................    #define lcd_output_rw(x) output_bit(LCD_RW_PIN, x) 
....................    #define lcd_rw_tris()  output_drive(LCD_RW_PIN) 
.................... #endif 
....................  
.................... // original version of this library incorrectly labeled LCD_DATA0 as LCD_DATA4, 
.................... // LCD_DATA1 as LCD_DATA5, and so on.  this block of code makes the driver 
.................... // compatible with any code written for the original library 
.................... #if (defined(LCD_DATA0) && defined(LCD_DATA1) && defined(LCD_DATA2) && defined(LCD_DATA3) && !defined(LCD_DATA4) && !defined(LCD_DATA5) && !defined(LCD_DATA6) && !defined(LCD_DATA7)) 
....................    #define  LCD_DATA4    LCD_DATA0 
....................    #define  LCD_DATA5    LCD_DATA1 
....................    #define  LCD_DATA6    LCD_DATA2 
....................    #define  LCD_DATA7    LCD_DATA3 
.................... #endif 
....................  
.................... #ifndef LCD_DATA4 
.................... #ifndef LCD_DATA_PORT 
....................    #if defined(__PCB__) 
....................       #define LCD_DATA_PORT      0x06     //portb 
....................       #define set_tris_lcd(x)   set_tris_b(x) 
....................    #else 
....................      #if defined(PIN_D0) 
....................       #define LCD_DATA_PORT      getenv("SFR:PORTD")     //portd 
....................      #else 
....................       #define LCD_DATA_PORT      getenv("SFR:PORTB")     //portb 
....................      #endif 
....................    #endif    
.................... #endif 
....................  
.................... #if defined(__PCB__) 
....................    LCD_PIN_MAP lcd, lcdlat; 
....................    #byte lcd = LCD_DATA_PORT 
....................    #byte lcdlat = LCD_DATA_PORT 
.................... #elif defined(__PCM__) 
....................    LCD_PIN_MAP lcd, lcdlat, lcdtris; 
....................    #byte lcd = LCD_DATA_PORT 
....................    #byte lcdlat = LCD_DATA_PORT 
....................    #byte lcdtris = LCD_DATA_PORT+0x80 
.................... #elif defined(__PCH__) 
....................    LCD_PIN_MAP lcd, lcdlat, lcdtris; 
....................    #byte lcd = LCD_DATA_PORT 
....................    #byte lcdlat = LCD_DATA_PORT+9 
....................    #byte lcdtris = LCD_DATA_PORT+0x12 
.................... #elif defined(__PCD__) 
....................    LCD_PIN_MAP lcd, lcdlat, lcdtris; 
....................    #word lcd = LCD_DATA_PORT 
....................    #word lcdlat = LCD_DATA_PORT+2 
....................    #word lcdtris = LCD_DATA_PORT-0x02 
.................... #endif 
.................... #endif   //LCD_DATA4 not defined 
....................  
.................... #ifndef LCD_TYPE 
....................    #define LCD_TYPE 2           // 0=5x7, 1=5x10, 2=2 lines 
.................... #endif 
....................  
.................... #ifndef LCD_LINE_TWO 
....................    #define LCD_LINE_TWO 0x40    // LCD RAM address for the second line 
.................... #endif 
....................  
.................... #ifndef LCD_LINE_LENGTH 
....................    #define LCD_LINE_LENGTH 20 
.................... #endif 
....................  
.................... unsigned int8 lcd_read_nibble(void); 
....................  
.................... unsigned int8 lcd_read_byte(void) 
.................... { 
....................    unsigned int8 low,high; 
....................  
....................  #if defined(__PCB__) 
....................    set_tris_lcd(LCD_INPUT_MAP); 
....................  #else 
....................   #if (defined(LCD_DATA4) && defined(LCD_DATA5) && defined(LCD_DATA6) && defined(LCD_DATA7)) 
....................    output_float(LCD_DATA4); 
*
0182:  BSF    07.4
....................    output_float(LCD_DATA5); 
0183:  BSF    07.5
....................    output_float(LCD_DATA6); 
0184:  BSF    07.6
....................    output_float(LCD_DATA7); 
0185:  BSF    07.7
....................   #else 
....................    lcdtris.data = 0xF; 
....................   #endif 
....................  #endif 
....................          
....................    lcd_output_rw(1); 
0186:  BCF    03.5
0187:  BSF    07.2
0188:  BCF    27.2
0189:  MOVF   27,W
018A:  BSF    03.5
018B:  MOVWF  07
....................    delay_cycles(1); 
018C:  NOP
....................    lcd_output_enable(1); 
018D:  BCF    03.5
018E:  BSF    07.3
018F:  BCF    27.3
0190:  MOVF   27,W
0191:  BSF    03.5
0192:  MOVWF  07
....................    delay_cycles(1); 
0193:  NOP
....................    high = lcd_read_nibble(); 
0194:  BCF    03.5
0195:  CALL   135
0196:  MOVF   78,W
0197:  MOVWF  3E
....................        
....................    lcd_output_enable(0); 
0198:  BCF    07.3
0199:  BCF    27.3
019A:  MOVF   27,W
019B:  BSF    03.5
019C:  MOVWF  07
....................    delay_cycles(1); 
019D:  NOP
....................    lcd_output_enable(1); 
019E:  BCF    03.5
019F:  BSF    07.3
01A0:  BCF    27.3
01A1:  MOVF   27,W
01A2:  BSF    03.5
01A3:  MOVWF  07
....................    delay_us(1); 
01A4:  NOP
....................    low = lcd_read_nibble(); 
01A5:  BCF    03.5
01A6:  CALL   135
01A7:  MOVF   78,W
01A8:  MOVWF  3D
....................        
....................    lcd_output_enable(0); 
01A9:  BCF    07.3
01AA:  BCF    27.3
01AB:  MOVF   27,W
01AC:  BSF    03.5
01AD:  MOVWF  07
....................  
....................  #if defined(__PCB__) 
....................    set_tris_lcd(LCD_OUTPUT_MAP); 
....................  #else 
....................   #if (defined(LCD_DATA4) && defined(LCD_DATA5) && defined(LCD_DATA6) && defined(LCD_DATA7)) 
....................    output_drive(LCD_DATA4); 
01AE:  BCF    03.5
01AF:  BCF    27.4
01B0:  MOVF   27,W
01B1:  BSF    03.5
01B2:  MOVWF  07
....................    output_drive(LCD_DATA5); 
01B3:  BCF    03.5
01B4:  BCF    27.5
01B5:  MOVF   27,W
01B6:  BSF    03.5
01B7:  MOVWF  07
....................    output_drive(LCD_DATA6); 
01B8:  BCF    03.5
01B9:  BCF    27.6
01BA:  MOVF   27,W
01BB:  BSF    03.5
01BC:  MOVWF  07
....................    output_drive(LCD_DATA7); 
01BD:  BCF    03.5
01BE:  BCF    27.7
01BF:  MOVF   27,W
01C0:  BSF    03.5
01C1:  MOVWF  07
....................   #else 
....................    lcdtris.data = 0x0; 
....................   #endif 
....................  #endif 
....................  
....................    return( (high<<4) | low); 
01C2:  BCF    03.5
01C3:  SWAPF  3E,W
01C4:  MOVWF  77
01C5:  MOVLW  F0
01C6:  ANDWF  77,F
01C7:  MOVF   77,W
01C8:  IORWF  3D,W
01C9:  MOVWF  78
.................... } 
....................  
.................... unsigned int8 lcd_read_nibble(void) 
.................... { 
....................   #if (defined(LCD_DATA4) && defined(LCD_DATA5) && defined(LCD_DATA6) && defined(LCD_DATA7)) 
*
0135:  CLRF   3F
....................    unsigned int8 n = 0x00; 
....................  
....................    /* Read the data port */ 
....................    n |= input(LCD_DATA4); 
0136:  BSF    27.4
0137:  MOVF   27,W
0138:  BSF    03.5
0139:  MOVWF  07
013A:  MOVLW  00
013B:  BCF    03.5
013C:  BTFSC  07.4
013D:  MOVLW  01
013E:  IORWF  3F,F
....................    n |= input(LCD_DATA5) << 1; 
013F:  BSF    27.5
0140:  MOVF   27,W
0141:  BSF    03.5
0142:  MOVWF  07
0143:  MOVLW  00
0144:  BCF    03.5
0145:  BTFSC  07.5
0146:  MOVLW  01
0147:  MOVWF  77
0148:  BCF    03.0
0149:  RLF    77,F
014A:  MOVF   77,W
014B:  IORWF  3F,F
....................    n |= input(LCD_DATA6) << 2; 
014C:  BSF    27.6
014D:  MOVF   27,W
014E:  BSF    03.5
014F:  MOVWF  07
0150:  MOVLW  00
0151:  BCF    03.5
0152:  BTFSC  07.6
0153:  MOVLW  01
0154:  MOVWF  77
0155:  RLF    77,F
0156:  RLF    77,F
0157:  MOVLW  FC
0158:  ANDWF  77,F
0159:  MOVF   77,W
015A:  IORWF  3F,F
....................    n |= input(LCD_DATA7) << 3; 
015B:  BSF    27.7
015C:  MOVF   27,W
015D:  BSF    03.5
015E:  MOVWF  07
015F:  MOVLW  00
0160:  BCF    03.5
0161:  BTFSC  07.7
0162:  MOVLW  01
0163:  MOVWF  77
0164:  RLF    77,F
0165:  RLF    77,F
0166:  RLF    77,F
0167:  MOVLW  F8
0168:  ANDWF  77,F
0169:  MOVF   77,W
016A:  IORWF  3F,F
....................     
....................    return(n); 
016B:  MOVF   3F,W
016C:  MOVWF  78
....................   #else 
016D:  RETURN
....................    return(lcd.data); 
....................   #endif 
.................... } 
....................  
.................... void lcd_send_nibble(unsigned int8 n) 
.................... { 
....................   #if (defined(LCD_DATA4) && defined(LCD_DATA5) && defined(LCD_DATA6) && defined(LCD_DATA7)) 
....................    /* Write to the data port */ 
....................    output_bit(LCD_DATA4, bit_test(n, 0)); 
*
00FE:  BTFSC  3E.0
00FF:  GOTO   102
0100:  BCF    07.4
0101:  GOTO   103
0102:  BSF    07.4
0103:  BCF    27.4
0104:  MOVF   27,W
0105:  BSF    03.5
0106:  MOVWF  07
....................    output_bit(LCD_DATA5, bit_test(n, 1)); 
0107:  BCF    03.5
0108:  BTFSC  3E.1
0109:  GOTO   10C
010A:  BCF    07.5
010B:  GOTO   10D
010C:  BSF    07.5
010D:  BCF    27.5
010E:  MOVF   27,W
010F:  BSF    03.5
0110:  MOVWF  07
....................    output_bit(LCD_DATA6, bit_test(n, 2)); 
0111:  BCF    03.5
0112:  BTFSC  3E.2
0113:  GOTO   116
0114:  BCF    07.6
0115:  GOTO   117
0116:  BSF    07.6
0117:  BCF    27.6
0118:  MOVF   27,W
0119:  BSF    03.5
011A:  MOVWF  07
....................    output_bit(LCD_DATA7, bit_test(n, 3)); 
011B:  BCF    03.5
011C:  BTFSC  3E.3
011D:  GOTO   120
011E:  BCF    07.7
011F:  GOTO   121
0120:  BSF    07.7
0121:  BCF    27.7
0122:  MOVF   27,W
0123:  BSF    03.5
0124:  MOVWF  07
....................   #else       
....................    lcdlat.data = n; 
....................   #endif 
....................        
....................    delay_cycles(1); 
0125:  NOP
....................    lcd_output_enable(1); 
0126:  BCF    03.5
0127:  BSF    07.3
0128:  BCF    27.3
0129:  MOVF   27,W
012A:  BSF    03.5
012B:  MOVWF  07
....................    delay_us(2); 
012C:  GOTO   12D
....................    lcd_output_enable(0); 
012D:  BCF    03.5
012E:  BCF    07.3
012F:  BCF    27.3
0130:  MOVF   27,W
0131:  BSF    03.5
0132:  MOVWF  07
0133:  BCF    03.5
0134:  RETURN
.................... } 
....................  
.................... void lcd_send_byte(unsigned int8 address, unsigned int8 n) 
.................... { 
....................   #if defined(__PCB__) 
....................    set_tris_lcd(LCD_OUTPUT_MAP); 
....................   #else 
....................    lcd_enable_tris(); 
*
016E:  BCF    27.3
016F:  MOVF   27,W
0170:  BSF    03.5
0171:  MOVWF  07
....................    lcd_rs_tris(); 
0172:  BCF    03.5
0173:  BCF    27.1
0174:  MOVF   27,W
0175:  BSF    03.5
0176:  MOVWF  07
....................    lcd_rw_tris(); 
0177:  BCF    03.5
0178:  BCF    27.2
0179:  MOVF   27,W
017A:  BSF    03.5
017B:  MOVWF  07
....................   #endif 
....................  
....................    lcd_output_rs(0); 
017C:  BCF    03.5
017D:  BCF    07.1
017E:  BCF    27.1
017F:  MOVF   27,W
0180:  BSF    03.5
0181:  MOVWF  07
....................    while ( bit_test(lcd_read_byte(),7) ) ; 
*
01CA:  MOVF   78,W
01CB:  MOVWF  3D
01CC:  BTFSS  3D.7
01CD:  GOTO   1D0
01CE:  BSF    03.5
01CF:  GOTO   182
....................    lcd_output_rs(address); 
01D0:  MOVF   3B,F
01D1:  BTFSS  03.2
01D2:  GOTO   1D5
01D3:  BCF    07.1
01D4:  GOTO   1D6
01D5:  BSF    07.1
01D6:  BCF    27.1
01D7:  MOVF   27,W
01D8:  BSF    03.5
01D9:  MOVWF  07
....................    delay_cycles(1); 
01DA:  NOP
....................    lcd_output_rw(0); 
01DB:  BCF    03.5
01DC:  BCF    07.2
01DD:  BCF    27.2
01DE:  MOVF   27,W
01DF:  BSF    03.5
01E0:  MOVWF  07
....................    delay_cycles(1); 
01E1:  NOP
....................    lcd_output_enable(0); 
01E2:  BCF    03.5
01E3:  BCF    07.3
01E4:  BCF    27.3
01E5:  MOVF   27,W
01E6:  BSF    03.5
01E7:  MOVWF  07
....................    lcd_send_nibble(n >> 4); 
01E8:  BCF    03.5
01E9:  SWAPF  3C,W
01EA:  MOVWF  3D
01EB:  MOVLW  0F
01EC:  ANDWF  3D,F
01ED:  MOVF   3D,W
01EE:  MOVWF  3E
01EF:  CALL   0FE
....................    lcd_send_nibble(n & 0xf); 
01F0:  MOVF   3C,W
01F1:  ANDLW  0F
01F2:  MOVWF  3D
01F3:  MOVWF  3E
01F4:  CALL   0FE
01F5:  RETURN
.................... } 
....................  
.................... #if defined(LCD_EXTENDED_NEWLINE) 
.................... unsigned int8 g_LcdX, g_LcdY; 
.................... #endif 
....................  
.................... void lcd_init(void)  
.................... { 
....................    unsigned int8 i; 
....................    unsigned int8 LCD_INIT_STRING[4] = {0x20 | (LCD_TYPE << 2), 0xc, 1, 6}; 
01F6:  MOVLW  28
01F7:  MOVWF  2E
01F8:  MOVLW  0C
01F9:  MOVWF  2F
01FA:  MOVLW  01
01FB:  MOVWF  30
01FC:  MOVLW  06
01FD:  MOVWF  31
....................                              // These bytes need to be sent to the LCD 
....................                              // to start it up. 
....................     
....................  
....................    lcd_output_enable(0); 
01FE:  BCF    07.3
01FF:  BCF    27.3
0200:  MOVF   27,W
0201:  BSF    03.5
0202:  MOVWF  07
....................    lcd_output_rs(0); 
0203:  BCF    03.5
0204:  BCF    07.1
0205:  BCF    27.1
0206:  MOVF   27,W
0207:  BSF    03.5
0208:  MOVWF  07
....................    lcd_output_rw(0); 
0209:  BCF    03.5
020A:  BCF    07.2
020B:  BCF    27.2
020C:  MOVF   27,W
020D:  BSF    03.5
020E:  MOVWF  07
....................  
....................  #if defined(__PCB__) 
....................    set_tris_lcd(LCD_OUTPUT_MAP); 
....................  #else 
....................   #if (defined(LCD_DATA4) && defined(LCD_DATA5) && defined(LCD_DATA6) && defined(LCD_DATA7)) 
....................    output_drive(LCD_DATA4); 
020F:  BCF    03.5
0210:  BCF    27.4
0211:  MOVF   27,W
0212:  BSF    03.5
0213:  MOVWF  07
....................    output_drive(LCD_DATA5); 
0214:  BCF    03.5
0215:  BCF    27.5
0216:  MOVF   27,W
0217:  BSF    03.5
0218:  MOVWF  07
....................    output_drive(LCD_DATA6); 
0219:  BCF    03.5
021A:  BCF    27.6
021B:  MOVF   27,W
021C:  BSF    03.5
021D:  MOVWF  07
....................    output_drive(LCD_DATA7); 
021E:  BCF    03.5
021F:  BCF    27.7
0220:  MOVF   27,W
0221:  BSF    03.5
0222:  MOVWF  07
....................   #else 
....................    lcdtris.data = 0x0; 
....................   #endif 
....................    lcd_enable_tris(); 
0223:  BCF    03.5
0224:  BCF    27.3
0225:  MOVF   27,W
0226:  BSF    03.5
0227:  MOVWF  07
....................    lcd_rs_tris(); 
0228:  BCF    03.5
0229:  BCF    27.1
022A:  MOVF   27,W
022B:  BSF    03.5
022C:  MOVWF  07
....................    lcd_rw_tris(); 
022D:  BCF    03.5
022E:  BCF    27.2
022F:  MOVF   27,W
0230:  BSF    03.5
0231:  MOVWF  07
....................  #endif 
....................      
....................    delay_ms(15); 
0232:  MOVLW  0F
0233:  BCF    03.5
0234:  MOVWF  37
0235:  CALL   0E9
....................    for(i=1;i<=3;++i) 
0236:  MOVLW  01
0237:  MOVWF  2D
0238:  MOVF   2D,W
0239:  SUBLW  03
023A:  BTFSS  03.0
023B:  GOTO   244
....................    { 
....................        lcd_send_nibble(3); 
023C:  MOVLW  03
023D:  MOVWF  3E
023E:  CALL   0FE
....................        delay_ms(5); 
023F:  MOVLW  05
0240:  MOVWF  37
0241:  CALL   0E9
0242:  INCF   2D,F
0243:  GOTO   238
....................    } 
....................     
....................    lcd_send_nibble(2); 
0244:  MOVLW  02
0245:  MOVWF  3E
0246:  CALL   0FE
....................    delay_ms(5); 
0247:  MOVLW  05
0248:  MOVWF  37
0249:  CALL   0E9
....................    for(i=0;i<=3;++i) 
024A:  CLRF   2D
024B:  MOVF   2D,W
024C:  SUBLW  03
024D:  BTFSS  03.0
024E:  GOTO   25B
....................       lcd_send_byte(0,LCD_INIT_STRING[i]); 
024F:  MOVLW  2E
0250:  ADDWF  2D,W
0251:  MOVWF  04
0252:  BCF    03.7
0253:  MOVF   00,W
0254:  MOVWF  32
0255:  CLRF   3B
0256:  MOVF   32,W
0257:  MOVWF  3C
0258:  CALL   16E
....................  
....................   #if defined(LCD_EXTENDED_NEWLINE) 
0259:  INCF   2D,F
025A:  GOTO   24B
025B:  BCF    0A.3
025C:  BCF    0A.4
025D:  GOTO   33A (RETURN)
....................    g_LcdX = 0; 
....................    g_LcdY = 0; 
....................   #endif 
.................... } 
....................  
.................... void lcd_gotoxy(unsigned int8 x, unsigned int8 y) 
.................... { 
....................    unsigned int8 address; 
....................     
....................    if(y!=1) 
025E:  DECFSZ 38,W
025F:  GOTO   261
0260:  GOTO   264
....................       address=LCD_LINE_TWO; 
0261:  MOVLW  40
0262:  MOVWF  39
0263:  GOTO   265
....................    else 
....................       address=0; 
0264:  CLRF   39
....................       
....................    address+=x-1; 
0265:  MOVLW  01
0266:  SUBWF  37,W
0267:  ADDWF  39,F
....................    lcd_send_byte(0,0x80|address); 
0268:  MOVF   39,W
0269:  IORLW  80
026A:  MOVWF  3A
026B:  CLRF   3B
026C:  MOVF   3A,W
026D:  MOVWF  3C
026E:  CALL   16E
....................  
....................   #if defined(LCD_EXTENDED_NEWLINE) 
026F:  RETURN
....................    g_LcdX = x - 1; 
....................    g_LcdY = y - 1; 
....................   #endif 
.................... } 
....................  
.................... void lcd_putc(char c) 
.................... { 
....................    switch (c) 
*
0295:  MOVF   36,W
0296:  XORLW  07
0297:  BTFSC  03.2
0298:  GOTO   2A3
0299:  XORLW  0B
029A:  BTFSC  03.2
029B:  GOTO   2A8
029C:  XORLW  06
029D:  BTFSC  03.2
029E:  GOTO   2B0
029F:  XORLW  02
02A0:  BTFSC  03.2
02A1:  GOTO   2B6
02A2:  GOTO   2BB
....................    { 
....................       case '\a'   :  lcd_gotoxy(1,1);     break; 
02A3:  MOVLW  01
02A4:  MOVWF  37
02A5:  MOVWF  38
02A6:  CALL   25E
02A7:  GOTO   2C0
....................  
....................       case '\f'   :  lcd_send_byte(0,1); 
02A8:  CLRF   3B
02A9:  MOVLW  01
02AA:  MOVWF  3C
02AB:  CALL   16E
....................                      delay_ms(2); 
02AC:  MOVLW  02
02AD:  MOVWF  37
02AE:  CALL   0E9
....................                     #if defined(LCD_EXTENDED_NEWLINE) 
....................                      g_LcdX = 0; 
....................                      g_LcdY = 0; 
....................                     #endif 
....................                      break; 
02AF:  GOTO   2C0
....................  
....................      #if defined(LCD_EXTENDED_NEWLINE) 
....................       case '\r'   :  lcd_gotoxy(1, g_LcdY+1);   break; 
....................       case '\n'   : 
....................          while (g_LcdX++ < LCD_LINE_LENGTH) 
....................          { 
....................             lcd_send_byte(1, ' '); 
....................          } 
....................          lcd_gotoxy(1, g_LcdY+2); 
....................          break; 
....................      #else 
....................       case '\n'   : lcd_gotoxy(1,2);        break; 
02B0:  MOVLW  01
02B1:  MOVWF  37
02B2:  MOVLW  02
02B3:  MOVWF  38
02B4:  CALL   25E
02B5:  GOTO   2C0
....................      #endif 
....................       
....................       case '\b'   : lcd_send_byte(0,0x10);  break; 
02B6:  CLRF   3B
02B7:  MOVLW  10
02B8:  MOVWF  3C
02B9:  CALL   16E
02BA:  GOTO   2C0
....................       
....................      #if defined(LCD_EXTENDED_NEWLINE) 
....................       default     :  
....................          if (g_LcdX < LCD_LINE_LENGTH) 
....................          { 
....................             lcd_send_byte(1, c); 
....................             g_LcdX++; 
....................          } 
....................          break; 
....................      #else 
....................       default     : lcd_send_byte(1,c);     break; 
02BB:  MOVLW  01
02BC:  MOVWF  3B
02BD:  MOVF   36,W
02BE:  MOVWF  3C
02BF:  CALL   16E
....................      #endif 
....................    } 
02C0:  RETURN
.................... } 
....................   
.................... char lcd_getc(unsigned int8 x, unsigned int8 y) 
.................... { 
....................    char value; 
....................  
....................    lcd_gotoxy(x,y); 
....................    while ( bit_test(lcd_read_byte(),7) ); // wait until busy flag is low 
....................    lcd_output_rs(1); 
....................    value = lcd_read_byte(); 
....................    lcd_output_rs(0); 
....................     
....................    return(value); 
.................... } 
....................  
.................... // write a custom character to the ram 
.................... // which is 0-7 and specifies which character array we are modifying. 
.................... // ptr points to an array of 8 bytes, where each byte is the next row of 
.................... //    pixels.  only bits 0-4 are used.  the last row is the cursor row, and 
.................... //    usually you will want to leave this byte 0x00. 
.................... void lcd_set_cgram_char(unsigned int8 which, unsigned int8 *ptr) 
.................... { 
....................    unsigned int i; 
....................  
....................    which <<= 3; 
....................    which &= 0x38; 
....................  
....................    lcd_send_byte(0, 0x40 | which);  //set cgram address 
....................  
....................    for(i=0; i<8; i++) 
....................    { 
....................       lcd_send_byte(1, *ptr++); 
....................    } 
....................    
....................    #if defined(LCD_EXTENDED_NEWLINE) 
....................     lcd_gotoxy(g_LcdX+1, g_LcdY+1);  //set ddram address 
....................    #endif 
.................... } 
....................  
.................... void lcd_cursor_on(int1 on) 
.................... { 
....................    if (on) 
....................    { 
....................       lcd_send_byte(0,0x0F);           //turn LCD cursor ON 
....................    } 
....................    else 
....................    { 
....................       lcd_send_byte(0,0x0C);           //turn LCD cursor OFF 
....................    } 
.................... } 
....................  
.................... #endif 
....................  
....................  
.................... #define trigger_B1 PIN_B1 
.................... #define trigger_B2 PIN_B2 
.................... #define trigger_B3 PIN_B3 
.................... #define trigger_A0 PIN_A0 
.................... #define trigger_A1 PIN_A1 
.................... #define echo PIN_B4 
.................... int1 flag_B0 = 0; 
.................... int1 flag_B4 = 0; 
.................... int1 flag_B5 = 0; 
.................... int1 flag_B6 = 0; 
.................... int1 flag_B7 = 0; 
.................... int16 BW_echo; 
.................... int16 distancia = 0; 
....................  
.................... #INT_RB 
.................... void isr_RB(void) 
*
0036:  MOVLW  FF
0037:  BSF    03.5
0038:  MOVWF  06
0039:  BCF    03.5
003A:  MOVF   06,W
003B:  MOVWF  41
.................... { 
....................     int8 dummy = input_b(); // Lectura obligatoria para limpiar el mismatch 
....................     if(((input(PIN_B4)==1)&& flag_B4==0)||((input(PIN_B4)==0)&& flag_B4==1)) 
003C:  BSF    03.5
003D:  BSF    06.4
003E:  BCF    03.5
003F:  BTFSS  06.4
0040:  GOTO   043
0041:  BTFSS  28.1
0042:  GOTO   04A
0043:  BSF    03.5
0044:  BSF    06.4
0045:  BCF    03.5
0046:  BTFSC  06.4
0047:  GOTO   05E
0048:  BTFSS  28.1
0049:  GOTO   05E
....................     { 
....................         if(flag_B4==0) 
004A:  BTFSC  28.1
004B:  GOTO   051
....................         { 
....................             set_timer1(0); 
004C:  CLRF   0E
004D:  CLRF   0F
004E:  CLRF   0E
....................             flag_B4= 1; 
004F:  BSF    28.1
....................         } 
0050:  GOTO   05E
....................         else 
....................         { 
....................             BW_echo = get_timer1(); 
0051:  MOVF   0F,W
0052:  MOVWF  7A
0053:  MOVF   0E,W
0054:  MOVWF  77
0055:  MOVF   0F,W
0056:  SUBWF  7A,W
0057:  BTFSS  03.2
0058:  GOTO   051
0059:  MOVF   77,W
005A:  MOVWF  29
005B:  MOVF   7A,W
005C:  MOVWF  2A
....................             flag_B4= 0; 
005D:  BCF    28.1
....................         } 
....................     } 
....................     if(((input(PIN_B5)==1)&& flag_B5==0)||((input(PIN_B5)==0)&& flag_B5==1)) 
005E:  BSF    03.5
005F:  BSF    06.5
0060:  BCF    03.5
0061:  BTFSS  06.5
0062:  GOTO   065
0063:  BTFSS  28.2
0064:  GOTO   06C
0065:  BSF    03.5
0066:  BSF    06.5
0067:  BCF    03.5
0068:  BTFSC  06.5
0069:  GOTO   080
006A:  BTFSS  28.2
006B:  GOTO   080
....................     { 
....................         if(flag_B5==0) 
006C:  BTFSC  28.2
006D:  GOTO   073
....................         { 
....................             set_timer1(0); 
006E:  CLRF   0E
006F:  CLRF   0F
0070:  CLRF   0E
....................             flag_B5= 1; 
0071:  BSF    28.2
....................         } 
0072:  GOTO   080
....................         else 
....................         { 
....................             BW_echo = get_timer1(); 
0073:  MOVF   0F,W
0074:  MOVWF  7A
0075:  MOVF   0E,W
0076:  MOVWF  77
0077:  MOVF   0F,W
0078:  SUBWF  7A,W
0079:  BTFSS  03.2
007A:  GOTO   073
007B:  MOVF   77,W
007C:  MOVWF  29
007D:  MOVF   7A,W
007E:  MOVWF  2A
....................             flag_B5= 0; 
007F:  BCF    28.2
....................         } 
....................     } 
....................     if(((input(PIN_B6)==1)&& flag_B6==0)||((input(PIN_B6)==0)&& flag_B6==1)) 
0080:  BSF    03.5
0081:  BSF    06.6
0082:  BCF    03.5
0083:  BTFSS  06.6
0084:  GOTO   087
0085:  BTFSS  28.3
0086:  GOTO   08E
0087:  BSF    03.5
0088:  BSF    06.6
0089:  BCF    03.5
008A:  BTFSC  06.6
008B:  GOTO   0A2
008C:  BTFSS  28.3
008D:  GOTO   0A2
....................     { 
....................         if(flag_B6==0) 
008E:  BTFSC  28.3
008F:  GOTO   095
....................         { 
....................             set_timer1(0); 
0090:  CLRF   0E
0091:  CLRF   0F
0092:  CLRF   0E
....................             flag_B6= 1; 
0093:  BSF    28.3
....................         } 
0094:  GOTO   0A2
....................         else 
....................         { 
....................             BW_echo = get_timer1(); 
0095:  MOVF   0F,W
0096:  MOVWF  7A
0097:  MOVF   0E,W
0098:  MOVWF  77
0099:  MOVF   0F,W
009A:  SUBWF  7A,W
009B:  BTFSS  03.2
009C:  GOTO   095
009D:  MOVF   77,W
009E:  MOVWF  29
009F:  MOVF   7A,W
00A0:  MOVWF  2A
....................             flag_B6= 0; 
00A1:  BCF    28.3
....................         } 
....................     } 
....................     if(((input(PIN_B7)==1)&& flag_B7==0)||((input(PIN_B7)==0)&& flag_B7==1)) 
00A2:  BSF    03.5
00A3:  BSF    06.7
00A4:  BCF    03.5
00A5:  BTFSS  06.7
00A6:  GOTO   0A9
00A7:  BTFSS  28.4
00A8:  GOTO   0B0
00A9:  BSF    03.5
00AA:  BSF    06.7
00AB:  BCF    03.5
00AC:  BTFSC  06.7
00AD:  GOTO   0C4
00AE:  BTFSS  28.4
00AF:  GOTO   0C4
....................     { 
....................         if(flag_B7==0) 
00B0:  BTFSC  28.4
00B1:  GOTO   0B7
....................         { 
....................             set_timer1(0); 
00B2:  CLRF   0E
00B3:  CLRF   0F
00B4:  CLRF   0E
....................             flag_B7= 1; 
00B5:  BSF    28.4
....................         } 
00B6:  GOTO   0C4
....................         else 
....................         { 
....................             BW_echo = get_timer1(); 
00B7:  MOVF   0F,W
00B8:  MOVWF  7A
00B9:  MOVF   0E,W
00BA:  MOVWF  77
00BB:  MOVF   0F,W
00BC:  SUBWF  7A,W
00BD:  BTFSS  03.2
00BE:  GOTO   0B7
00BF:  MOVF   77,W
00C0:  MOVWF  29
00C1:  MOVF   7A,W
00C2:  MOVWF  2A
....................             flag_B7= 0; 
00C3:  BCF    28.4
....................         } 
....................     } 
....................     clear_interrupt(INT_RB); 
00C4:  BCF    0B.0
.................... } 
....................  
00C5:  BCF    0B.0
00C6:  BCF    0A.3
00C7:  BCF    0A.4
00C8:  GOTO   01F
.................... #INT_EXT 
.................... void isr_RB0(void) 
.................... { 
....................     if(flag_B0==0) 
00C9:  BTFSC  28.0
00CA:  GOTO   0D4
....................     { 
....................         enable_interrupts(INT_EXT_H2L); 
00CB:  BSF    0B.4
00CC:  BSF    03.5
00CD:  BCF    01.6
....................         set_timer1(0); 
00CE:  BCF    03.5
00CF:  CLRF   0E
00D0:  CLRF   0F
00D1:  CLRF   0E
....................         flag_B0= 1; 
00D2:  BSF    28.0
....................     } 
00D3:  GOTO   0E5
....................     else 
....................     { 
....................         enable_interrupts(INT_EXT_L2H); 
00D4:  BSF    0B.4
00D5:  BSF    03.5
00D6:  BSF    01.6
....................         BW_echo = get_timer1(); 
00D7:  BCF    03.5
00D8:  MOVF   0F,W
00D9:  MOVWF  7A
00DA:  MOVF   0E,W
00DB:  MOVWF  77
00DC:  MOVF   0F,W
00DD:  SUBWF  7A,W
00DE:  BTFSS  03.2
00DF:  GOTO   0D8
00E0:  MOVF   77,W
00E1:  MOVWF  29
00E2:  MOVF   7A,W
00E3:  MOVWF  2A
....................         flag_B0= 0; 
00E4:  BCF    28.0
....................     } 
00E5:  BCF    0B.1
00E6:  BCF    0A.3
00E7:  BCF    0A.4
00E8:  GOTO   01F
.................... } 
....................  
.................... void main(void) 
*
0324:  MOVF   03,W
0325:  ANDLW  1F
0326:  MOVWF  03
0327:  MOVLW  FF
0328:  MOVWF  27
0329:  BCF    28.0
032A:  BCF    28.1
032B:  BCF    28.2
032C:  BCF    28.3
032D:  BCF    28.4
032E:  CLRF   2C
032F:  CLRF   2B
0330:  BSF    03.5
0331:  BSF    1F.0
0332:  BSF    1F.1
0333:  BSF    1F.2
0334:  BCF    1F.3
0335:  MOVLW  07
0336:  MOVWF  1C
0337:  BCF    03.7
.................... { 
....................     lcd_init(); 
0338:  BCF    03.5
0339:  GOTO   1F6
....................     setup_timer_1 (T1_INTERNAL | T1_DIV_BY_1); 
033A:  MOVLW  85
033B:  MOVWF  10
....................     enable_interrupts(GLOBAL); 
033C:  MOVLW  C0
033D:  IORWF  0B,F
....................     delay_ms(100); 
033E:  MOVLW  64
033F:  MOVWF  37
0340:  CALL   0E9
....................     clear_interrupt(INT_RB); 
0341:  BCF    0B.0
....................     enable_interrupts(INT_RB); 
0342:  BSF    0B.3
....................     enable_interrupts(INT_EXT_L2H); 
0343:  BSF    0B.4
0344:  BSF    03.5
0345:  BSF    01.6
....................     output_low(trigger_B1); 
0346:  BCF    06.1
0347:  BCF    03.5
0348:  BCF    06.1
....................     output_low(trigger_B2); 
0349:  BSF    03.5
034A:  BCF    06.2
034B:  BCF    03.5
034C:  BCF    06.2
....................     output_low(trigger_B3); 
034D:  BSF    03.5
034E:  BCF    06.3
034F:  BCF    03.5
0350:  BCF    06.3
....................     output_low(trigger_A0); 
0351:  BSF    03.5
0352:  BCF    05.0
0353:  BCF    03.5
0354:  BCF    05.0
....................     output_low(trigger_A1); 
0355:  BSF    03.5
0356:  BCF    05.1
0357:  BCF    03.5
0358:  BCF    05.1
....................     while(1) 
....................     { 
....................         output_high(trigger_B1); 
0359:  BSF    03.5
035A:  BCF    06.1
035B:  BCF    03.5
035C:  BSF    06.1
....................         delay_us(10); 
035D:  MOVLW  02
035E:  MOVWF  77
035F:  DECFSZ 77,F
0360:  GOTO   35F
0361:  GOTO   362
0362:  NOP
....................         output_low(trigger_B1); 
0363:  BSF    03.5
0364:  BCF    06.1
0365:  BCF    03.5
0366:  BCF    06.1
....................         lcd_gotoxy(1,1); 
0367:  MOVLW  01
0368:  MOVWF  37
0369:  MOVWF  38
036A:  CALL   25E
....................         distancia = BW_echo/58; 
036B:  MOVF   2A,W
036C:  MOVWF  2E
036D:  MOVF   29,W
036E:  MOVWF  2D
036F:  CLRF   30
0370:  MOVLW  3A
0371:  MOVWF  2F
0372:  CALL   270
0373:  MOVF   79,W
0374:  MOVWF  2C
0375:  MOVF   78,W
0376:  MOVWF  2B
....................         printf(lcd_putc,"B4:%3Lu",distancia); 
0377:  MOVLW  42
0378:  MOVWF  36
0379:  CALL   295
037A:  MOVLW  34
037B:  MOVWF  36
037C:  CALL   295
037D:  MOVLW  3A
037E:  MOVWF  36
037F:  CALL   295
0380:  MOVLW  02
0381:  MOVWF  04
0382:  MOVF   2C,W
0383:  MOVWF  2E
0384:  MOVF   2B,W
0385:  MOVWF  2D
0386:  CALL   2C1
....................         delay_ms(100); 
0387:  MOVLW  64
0388:  MOVWF  37
0389:  CALL   0E9
....................         output_high(trigger_B2); 
038A:  BSF    03.5
038B:  BCF    06.2
038C:  BCF    03.5
038D:  BSF    06.2
....................         delay_us(10); 
038E:  MOVLW  02
038F:  MOVWF  77
0390:  DECFSZ 77,F
0391:  GOTO   390
0392:  GOTO   393
0393:  NOP
....................         output_low(trigger_B2); 
0394:  BSF    03.5
0395:  BCF    06.2
0396:  BCF    03.5
0397:  BCF    06.2
....................         lcd_gotoxy(8,1); 
0398:  MOVLW  08
0399:  MOVWF  37
039A:  MOVLW  01
039B:  MOVWF  38
039C:  CALL   25E
....................         distancia = BW_echo/58; 
039D:  MOVF   2A,W
039E:  MOVWF  2E
039F:  MOVF   29,W
03A0:  MOVWF  2D
03A1:  CLRF   30
03A2:  MOVLW  3A
03A3:  MOVWF  2F
03A4:  CALL   270
03A5:  MOVF   79,W
03A6:  MOVWF  2C
03A7:  MOVF   78,W
03A8:  MOVWF  2B
....................         printf(lcd_putc,"B5:%3Lu",distancia); 
03A9:  MOVLW  42
03AA:  MOVWF  36
03AB:  CALL   295
03AC:  MOVLW  35
03AD:  MOVWF  36
03AE:  CALL   295
03AF:  MOVLW  3A
03B0:  MOVWF  36
03B1:  CALL   295
03B2:  MOVLW  02
03B3:  MOVWF  04
03B4:  MOVF   2C,W
03B5:  MOVWF  2E
03B6:  MOVF   2B,W
03B7:  MOVWF  2D
03B8:  CALL   2C1
....................         delay_ms(100); 
03B9:  MOVLW  64
03BA:  MOVWF  37
03BB:  CALL   0E9
....................         output_high(trigger_B3); 
03BC:  BSF    03.5
03BD:  BCF    06.3
03BE:  BCF    03.5
03BF:  BSF    06.3
....................         delay_us(10); 
03C0:  MOVLW  02
03C1:  MOVWF  77
03C2:  DECFSZ 77,F
03C3:  GOTO   3C2
03C4:  GOTO   3C5
03C5:  NOP
....................         output_low(trigger_B3); 
03C6:  BSF    03.5
03C7:  BCF    06.3
03C8:  BCF    03.5
03C9:  BCF    06.3
....................         lcd_gotoxy(1,2); 
03CA:  MOVLW  01
03CB:  MOVWF  37
03CC:  MOVLW  02
03CD:  MOVWF  38
03CE:  CALL   25E
....................         distancia = BW_echo/58; 
03CF:  MOVF   2A,W
03D0:  MOVWF  2E
03D1:  MOVF   29,W
03D2:  MOVWF  2D
03D3:  CLRF   30
03D4:  MOVLW  3A
03D5:  MOVWF  2F
03D6:  CALL   270
03D7:  MOVF   79,W
03D8:  MOVWF  2C
03D9:  MOVF   78,W
03DA:  MOVWF  2B
....................         printf(lcd_putc,"B6:%3Lu",distancia); 
03DB:  MOVLW  42
03DC:  MOVWF  36
03DD:  CALL   295
03DE:  MOVLW  36
03DF:  MOVWF  36
03E0:  CALL   295
03E1:  MOVLW  3A
03E2:  MOVWF  36
03E3:  CALL   295
03E4:  MOVLW  02
03E5:  MOVWF  04
03E6:  MOVF   2C,W
03E7:  MOVWF  2E
03E8:  MOVF   2B,W
03E9:  MOVWF  2D
03EA:  CALL   2C1
....................         delay_ms(100); 
03EB:  MOVLW  64
03EC:  MOVWF  37
03ED:  CALL   0E9
....................         output_high(trigger_A0); 
03EE:  BSF    03.5
03EF:  BCF    05.0
03F0:  BCF    03.5
03F1:  BSF    05.0
....................         delay_us(10); 
03F2:  MOVLW  02
03F3:  MOVWF  77
03F4:  DECFSZ 77,F
03F5:  GOTO   3F4
03F6:  GOTO   3F7
03F7:  NOP
....................         output_low(trigger_A0); 
03F8:  BSF    03.5
03F9:  BCF    05.0
03FA:  BCF    03.5
03FB:  BCF    05.0
....................         lcd_gotoxy(8,2); 
03FC:  MOVLW  08
03FD:  MOVWF  37
03FE:  MOVLW  02
03FF:  MOVWF  38
0400:  CALL   25E
....................         distancia = BW_echo/58; 
0401:  MOVF   2A,W
0402:  MOVWF  2E
0403:  MOVF   29,W
0404:  MOVWF  2D
0405:  CLRF   30
0406:  MOVLW  3A
0407:  MOVWF  2F
0408:  CALL   270
0409:  MOVF   79,W
040A:  MOVWF  2C
040B:  MOVF   78,W
040C:  MOVWF  2B
....................         printf(lcd_putc,"B7:%3Lu",distancia); 
040D:  MOVLW  42
040E:  MOVWF  36
040F:  CALL   295
0410:  MOVLW  37
0411:  MOVWF  36
0412:  CALL   295
0413:  MOVLW  3A
0414:  MOVWF  36
0415:  CALL   295
0416:  MOVLW  02
0417:  MOVWF  04
0418:  MOVF   2C,W
0419:  MOVWF  2E
041A:  MOVF   2B,W
041B:  MOVWF  2D
041C:  CALL   2C1
....................         delay_ms(100); 
041D:  MOVLW  64
041E:  MOVWF  37
041F:  CALL   0E9
....................         output_high(trigger_A1); 
0420:  BSF    03.5
0421:  BCF    05.1
0422:  BCF    03.5
0423:  BSF    05.1
....................         delay_us(10); 
0424:  MOVLW  02
0425:  MOVWF  77
0426:  DECFSZ 77,F
0427:  GOTO   426
0428:  GOTO   429
0429:  NOP
....................         output_low(trigger_A1); 
042A:  BSF    03.5
042B:  BCF    05.1
042C:  BCF    03.5
042D:  BCF    05.1
....................         delay_ms(100); 
042E:  MOVLW  64
042F:  MOVWF  37
0430:  CALL   0E9
....................         lcd_gotoxy(1,1); 
0431:  MOVLW  01
0432:  MOVWF  37
0433:  MOVWF  38
0434:  CALL   25E
....................         distancia = BW_echo/58; 
0435:  MOVF   2A,W
0436:  MOVWF  2E
0437:  MOVF   29,W
0438:  MOVWF  2D
0439:  CLRF   30
043A:  MOVLW  3A
043B:  MOVWF  2F
043C:  CALL   270
043D:  MOVF   79,W
043E:  MOVWF  2C
043F:  MOVF   78,W
0440:  MOVWF  2B
....................         printf(lcd_putc,"B0:%3Lu",distancia); 
0441:  MOVLW  42
0442:  MOVWF  36
0443:  CALL   295
0444:  MOVLW  30
0445:  MOVWF  36
0446:  CALL   295
0447:  MOVLW  3A
0448:  MOVWF  36
0449:  CALL   295
044A:  MOVLW  02
044B:  MOVWF  04
044C:  MOVF   2C,W
044D:  MOVWF  2E
044E:  MOVF   2B,W
044F:  MOVWF  2D
0450:  CALL   2C1
....................         delay_ms(10); 
0451:  MOVLW  0A
0452:  MOVWF  37
0453:  CALL   0E9
0454:  GOTO   359
....................     } 
.................... } 
0455:  SLEEP

Configuration Fuses:
   Word  1: 3F71   XT NOWDT PUT BROWNOUT NOLVP NOCPD NOWRT NODEBUG NOPROTECT
